Running 1444 tests in parallel using 2 processes
Run options: --seed 14487

# Running:

..............................................................................................................SS....................................................................................................................................................................................................................................................................................................................................................................................................................................................................................................................................................................................................................................................................................................................................................................................................................................................................................................................................................................................................................................................................................................................................................................................................................................................................................................................................................................................

Finished in 28.304904s, 51.0159 runs/s, 197.2450 assertions/s.
1444 runs, 5583 assertions, 0 failures, 0 errors, 2 skips

You have skipped tests. Run with --verbose for details.
Running 15 tests in a single process (parallelization threshold is 50)
Run options: --seed 17550

# Running:

..F

Failure:
VerifierTest#test_reading_the_usage_is_a_stored_value,_not_a_calculation [/tests/verification_test.rb:50]:
2 instead of 0 matching queries were executed. Queries:

SELECT SUM(byte_size) FROM "active_storage_attachments" INNER JOIN "active_storage_blobs" ON "active_storage_blobs"."id" = "active_storage_attachments"."blob_id" WHERE ("active_storage_attachments"."record_type" = ? AND "active_storage_attachments"."name" = ? AND "active_storage_attachments"."record_id" IN (SELECT "cards"."id" FROM "cards" WHERE "cards"."account_id" = ?) OR "active_storage_attachments"."record_type" = ? AND "active_storage_attachments"."name" = ? AND "active_storage_attachments"."record_id" IN (SELECT "action_text_rich_texts"."id" FROM "action_text_rich_texts" WHERE "action_text_rich_texts"."account_id" = ? AND "action_text_rich_texts"."name" IN (?, ?, ?)))

SELECT SUM(byte_size) FROM "active_storage_attachments" INNER JOIN "active_storage_blobs" ON "active_storage_blobs"."id" = "active_storage_attachments"."blob_id" WHERE ("active_storage_attachments"."record_type" = ? AND "active_storage_attachments"."name" = ? AND "active_storage_attachments"."record_id" IN (SELECT "cards"."id" FROM "cards" WHERE "cards"."board_id" = ?) OR "active_storage_attachments"."record_type" = ? AND "active_storage_attachments"."name" = ? AND "active_storage_attachments"."record_id" IN (SELECT "action_text_rich_texts"."id" FROM "action_text_rich_texts" WHERE ("action_text_rich_texts"."record_type" = ? AND "action_text_rich_texts"."record_id" = ? OR "action_text_rich_texts"."record_type" = ? AND "action_text_rich_texts"."record_id" IN (SELECT "cards"."id" FROM "cards" WHERE "cards"."board_id" = ?) OR "action_text_rich_texts"."record_type" = ? AND "action_text_rich_texts"."record_id" IN (SELECT "comments"."id" FROM "comments" INNER JOIN "cards" ON "comments"."card_id" = "cards"."id" WHERE "cards"."board_id" = ?)))).
Expected: 0
  Actual: 2

bin/rails test /tests/verification_test.rb:49

.......F

Failure:
VerifierTest#test_a_card_image_counts_once_the_background_work_has_run [/tests/verification_test.rb:17]:
Expected: 0
  Actual: 12794

bin/rails test /tests/verification_test.rb:14

....

Finished in 4.237877s, 3.5395 runs/s, 14.6300 assertions/s.
15 runs, 62 assertions, 2 failures, 0 errors, 0 skips
