/usr/local/bundle/gems/mini_magick-4.13.2/lib/mini_magick/shell.rb:2: warning: benchmark was loaded from the standard library, but will no longer be part of the default gems starting from Ruby 3.5.0.
You can add benchmark to your Gemfile or gemspec to silence this warning.
DEPRECATION WARNING: `config.active_support.to_time_preserves_timezone` is deprecated and will be removed in Rails 8.2 (called from block in TSort.tsort_each at /usr/local/bundle/gems/tsort-0.2.0/lib/tsort.rb:231)
Running 179 tests in parallel using 2 processes
Run options: --seed 59259

# Running:

........................................................S...S......................................................................................................................

Finished in 14.825939s, 12.0734 runs/s, 37.2995 assertions/s.
179 runs, 553 assertions, 0 failures, 0 errors, 2 skips

You have skipped tests. Run with --verbose for details.
/usr/local/bundle/gems/mini_magick-4.13.2/lib/mini_magick/shell.rb:2: warning: benchmark was loaded from the standard library, but will no longer be part of the default gems starting from Ruby 3.5.0.
You can add benchmark to your Gemfile or gemspec to silence this warning.
DEPRECATION WARNING: `config.active_support.to_time_preserves_timezone` is deprecated and will be removed in Rails 8.2 (called from block in TSort.tsort_each at /usr/local/bundle/gems/tsort-0.2.0/lib/tsort.rb:231)
Running 3 tests in a single process (parallelization threshold is 50)
Run options: --seed 48702

# Running:

F

Failure:
VerifierTest#test_raising_the_level_quiets_the_progress_on_both,_and_the_warning_still_lands_on_each [/tests/verification_test.rb:32]:
--- expected
+++ actual
@@ -1 +1 @@
-["Library report: Manual has no pages"]
+["Library report: 2 books", "Library report: Manual has no pages", "Library report: Handbook has 4 pages", "Library report: done"]


bin/rails test /tests/verification_test.rb:29

..

Finished in 5.305696s, 0.5654 runs/s, 0.5654 assertions/s.
3 runs, 3 assertions, 1 failures, 0 errors, 0 skips
