Running 1444 tests in parallel using 2 processes
Run options: --seed 25846

# Running:

...........................................................................................................................................................................................................................................................................................................................................................................................................................................................................................................................................................................................................................................S.............................................................................................................S..........................................................................................................................................................................................................................................................................................................................................................................................................................................................................................................................................................................................................................................................................................................................................

Finished in 30.294664s, 47.6652 runs/s, 184.2899 assertions/s.
1444 runs, 5583 assertions, 0 failures, 0 errors, 2 skips

You have skipped tests. Run with --verbose for details.
Running 15 tests in a single process (parallelization threshold is 50)
Run options: --seed 6996

# Running:

.F

Failure:
VerifierTest#test_reading_the_usage_is_a_stored_value,_not_a_calculation [/tests/verification_test.rb:50]:
2 instead of 0 matching queries were executed. Queries:

SELECT "accounts"."bytes_used", "accounts"."bytes_used_version" FROM "accounts" WHERE "accounts"."id" = ? LIMIT ?

SELECT SUM("boards"."bytes_used") FROM "boards" WHERE "boards"."account_id" = ?

SELECT "accounts"."bytes_used_version" FROM "accounts" WHERE "accounts"."id" = ? LIMIT ?

SELECT SUM("active_storage_blobs"."byte_size") FROM "active_storage_attachments" INNER JOIN "active_storage_blobs" ON "active_storage_blobs"."id" = "active_storage_attachments"."blob_id" WHERE "active_storage_attachments"."record_type" = ? AND "active_storage_attachments"."name" = ? AND "active_storage_attachments"."record_id" IN (SELECT "cards"."id" FROM "cards" WHERE "cards"."account_id" = ?)

SELECT SUM("active_storage_blobs"."byte_size") FROM "active_storage_attachments" INNER JOIN "active_storage_blobs" ON "active_storage_blobs"."id" = "active_storage_attachments"."blob_id" WHERE "active_storage_attachments"."record_type" = ? AND "active_storage_attachments"."name" = ? AND "active_storage_attachments"."record_id" IN (SELECT "action_text_rich_texts"."id" FROM "action_text_rich_texts" WHERE "action_text_rich_texts"."account_id" = ? AND ("action_text_rich_texts"."record_type" = ? AND "action_text_rich_texts"."name" = ? AND "action_text_rich_texts"."record_id" IN (SELECT "boards"."id" FROM "boards" WHERE "boards"."account_id" = ?) OR "action_text_rich_texts"."record_type" = ? AND "action_text_rich_texts"."name" = ? AND "action_text_rich_texts"."record_id" IN (SELECT "cards"."id" FROM "cards" WHERE "cards"."account_id" = ?) OR "action_text_rich_texts"."record_type" = ? AND "action_text_rich_texts"."name" = ? AND "action_text_rich_texts"."record_id" IN (SELECT "comments"."id" FROM "comments" WHERE "comments"."card_id" IN (SELECT "cards"."id" FROM "cards" WHERE "cards"."account_id" = ?))))

UPDATE "accounts" SET "bytes_used" = ?, "bytes_used_stale" = ?, "bytes_used_version" = ? WHERE "accounts"."id" = ? AND "accounts"."bytes_used_version" = ?

SELECT "accounts"."bytes_used" FROM "accounts" WHERE "accounts"."id" = ? LIMIT ?

SELECT "boards"."bytes_used", "boards"."bytes_used_version" FROM "boards" WHERE "boards"."id" = ? LIMIT ?

SELECT "boards"."bytes_used_version" FROM "boards" WHERE "boards"."id" = ? LIMIT ?

SELECT SUM("active_storage_blobs"."byte_size") FROM "active_storage_attachments" INNER JOIN "active_storage_blobs" ON "active_storage_blobs"."id" = "active_storage_attachments"."blob_id" WHERE "active_storage_attachments"."record_type" = ? AND "active_storage_attachments"."name" = ? AND "active_storage_attachments"."record_id" IN (SELECT "cards"."id" FROM "cards" WHERE "cards"."board_id" = ?)

SELECT SUM("active_storage_blobs"."byte_size") FROM "active_storage_attachments" INNER JOIN "active_storage_blobs" ON "active_storage_blobs"."id" = "active_storage_attachments"."blob_id" WHERE "active_storage_attachments"."record_type" = ? AND "active_storage_attachments"."name" = ? AND "active_storage_attachments"."record_id" IN (SELECT "action_text_rich_texts"."id" FROM "action_text_rich_texts" WHERE "action_text_rich_texts"."account_id" = ? AND ("action_text_rich_texts"."record_type" = ? AND "action_text_rich_texts"."name" = ? AND "action_text_rich_texts"."record_id" = ? OR "action_text_rich_texts"."record_type" = ? AND "action_text_rich_texts"."name" = ? AND "action_text_rich_texts"."record_id" IN (SELECT "cards"."id" FROM "cards" WHERE "cards"."board_id" = ?) OR "action_text_rich_texts"."record_type" = ? AND "action_text_rich_texts"."name" = ? AND "action_text_rich_texts"."record_id" IN (SELECT "comments"."id" FROM "comments" WHERE "comments"."card_id" IN (SELECT "cards"."id" FROM "cards" WHERE "cards"."board_id" = ?))))

UPDATE "boards" SET "bytes_used" = ?, "bytes_used_stale" = ?, "bytes_used_version" = ? WHERE "boards"."id" = ? AND "boards"."bytes_used_version" = ?

SELECT "boards"."bytes_used" FROM "boards" WHERE "boards"."id" = ? LIMIT ?.
Expected: 0
  Actual: 2

bin/rails test /tests/verification_test.rb:49

...F

Failure:
VerifierTest#test_an_ordinary_attachment_does_not_recount_every_blob_in_the_account [/tests/verification_test.rb:119]:
6 instead of 0 matching queries were executed. Queries:

SELECT "cards".* FROM "cards" WHERE "cards"."id" = ?

SELECT "users".* FROM "users" WHERE "users"."id" = ?

SELECT "accounts".* FROM "accounts" WHERE "accounts"."id" = ? LIMIT ?

SELECT "action_text_rich_texts".* FROM "action_text_rich_texts" WHERE "action_text_rich_texts"."record_id" = ? AND "action_text_rich_texts"."record_type" = ? AND "action_text_rich_texts"."name" = ? LIMIT ?

SELECT "boards".* FROM "boards" WHERE "boards"."id" = ? LIMIT ?

SELECT "users".* FROM "users" INNER JOIN "accesses" ON "users"."id" = "accesses"."user_id" WHERE "accesses"."board_id" = ?

SELECT "accounts".* FROM "accounts" WHERE "accounts"."id" = ? LIMIT ?

SELECT "events".* FROM "events" WHERE "events"."id" = ?

SELECT "accounts".* FROM "accounts" WHERE "accounts"."id" = ? LIMIT ?

SELECT "cards".* FROM "cards" WHERE "cards"."id" = ? LIMIT ?

SELECT "users".* FROM "users" WHERE "users"."id" = ? LIMIT ?

SELECT "boards".* FROM "boards" WHERE "boards"."id" = ? LIMIT ?

SELECT "action_text_rich_texts".* FROM "action_text_rich_texts" WHERE "action_text_rich_texts"."record_id" = ? AND "action_text_rich_texts"."record_type" = ? AND "action_text_rich_texts"."name" = ? LIMIT ?

SELECT "users".* FROM "users" INNER JOIN "accesses" ON "users"."id" = "accesses"."user_id" WHERE "accesses"."board_id" = ?

SELECT "users".* FROM "users" INNER JOIN "assignments" ON "users"."id" = "assignments"."assignee_id" WHERE "assignments"."card_id" = ?

SELECT "users".* FROM "users" INNER JOIN "accesses" ON "users"."id" = "accesses"."user_id" WHERE "accesses"."board_id" = ? AND "users"."active" = ? AND "users"."role" IN (?, ?, ?) AND "accesses"."involvement" = ? AND "users"."id" != ?

SELECT "events".* FROM "events" WHERE "events"."id" = ?

SELECT "accounts".* FROM "accounts" WHERE "accounts"."id" = ? LIMIT ?

SELECT "boards".* FROM "boards" WHERE "boards"."id" = ? LIMIT ?

SELECT "webhooks".* FROM "webhooks" WHERE "webhooks"."active" = ? AND "webhooks"."board_id" = ? AND (subscribed_actions LIKE ?) ORDER BY "webhooks"."id" ASC LIMIT ?

SELECT "accounts".* FROM "accounts" WHERE "accounts"."id" = ? LIMIT ?

SELECT "accounts".* FROM "accounts" WHERE "accounts"."id" = ? LIMIT ?

SELECT "cards".* FROM "cards" WHERE "cards"."id" = ?

SELECT "users".* FROM "users" WHERE "users"."id" = ?

SELECT "accounts".* FROM "accounts" WHERE "accounts"."id" = ? LIMIT ?

SELECT "action_text_rich_texts".* FROM "action_text_rich_texts" WHERE "action_text_rich_texts"."record_id" = ? AND "action_text_rich_texts"."record_type" = ? AND "action_text_rich_texts"."name" = ? LIMIT ?

SELECT "boards".* FROM "boards" WHERE "boards"."id" = ? LIMIT ?

SELECT "users".* FROM "users" INNER JOIN "accesses" ON "users"."id" = "accesses"."user_id" WHERE "accesses"."board_id" = ?

SELECT "accounts".* FROM "accounts" WHERE "accounts"."id" = ? LIMIT ?

SELECT "accounts".* FROM "accounts" WHERE "accounts"."id" = ? LIMIT ?

SELECT "accounts".* FROM "accounts" WHERE "accounts"."id" = ? LIMIT ?

SELECT "accounts".* FROM "accounts" WHERE "accounts"."id" = ? LIMIT ?

SELECT "accounts".* FROM "accounts" WHERE "accounts"."id" = ? LIMIT ?

SELECT "accounts".* FROM "accounts" WHERE "accounts"."id" = ? LIMIT ?

SELECT "boards".* FROM "boards" WHERE "boards"."id" = ?

SELECT "accounts".* FROM "accounts" WHERE "accounts"."id" = ? LIMIT ?

SELECT "boards"."bytes_used_version" FROM "boards" WHERE "boards"."id" = ? LIMIT ?

SELECT SUM("active_storage_blobs"."byte_size") FROM "active_storage_attachments" INNER JOIN "active_storage_blobs" ON "active_storage_blobs"."id" = "active_storage_attachments"."blob_id" WHERE "active_storage_attachments"."record_type" = ? AND "active_storage_attachments"."name" = ? AND "active_storage_attachments"."record_id" IN (SELECT "cards"."id" FROM "cards" WHERE "cards"."board_id" = ?)

SELECT SUM("active_storage_blobs"."byte_size") FROM "active_storage_attachments" INNER JOIN "active_storage_blobs" ON "active_storage_blobs"."id" = "active_storage_attachments"."blob_id" WHERE "active_storage_attachments"."record_type" = ? AND "active_storage_attachments"."name" = ? AND "active_storage_attachments"."record_id" IN (SELECT "action_text_rich_texts"."id" FROM "action_text_rich_texts" WHERE "action_text_rich_texts"."account_id" = ? AND ("action_text_rich_texts"."record_type" = ? AND "action_text_rich_texts"."name" = ? AND "action_text_rich_texts"."record_id" = ? OR "action_text_rich_texts"."record_type" = ? AND "action_text_rich_texts"."name" = ? AND "action_text_rich_texts"."record_id" IN (SELECT "cards"."id" FROM "cards" WHERE "cards"."board_id" = ?) OR "action_text_rich_texts"."record_type" = ? AND "action_text_rich_texts"."name" = ? AND "action_text_rich_texts"."record_id" IN (SELECT "comments"."id" FROM "comments" WHERE "comments"."card_id" IN (SELECT "cards"."id" FROM "cards" WHERE "cards"."board_id" = ?))))

UPDATE "boards" SET "bytes_used" = ?, "bytes_used_stale" = ?, "bytes_used_version" = ? WHERE "boards"."id" = ? AND "boards"."bytes_used_version" = ?

SELECT "accounts".* FROM "accounts" WHERE "accounts"."id" = ? LIMIT ?

SELECT "accounts"."bytes_used_version" FROM "accounts" WHERE "accounts"."id" = ? LIMIT ?

SELECT SUM("active_storage_blobs"."byte_size") FROM "active_storage_attachments" INNER JOIN "active_storage_blobs" ON "active_storage_blobs"."id" = "active_storage_attachments"."blob_id" WHERE "active_storage_attachments"."record_type" = ? AND "active_storage_attachments"."name" = ? AND "active_storage_attachments"."record_id" IN (SELECT "cards"."id" FROM "cards" WHERE "cards"."account_id" = ?)

SELECT SUM("active_storage_blobs"."byte_size") FROM "active_storage_attachments" INNER JOIN "active_storage_blobs" ON "active_storage_blobs"."id" = "active_storage_attachments"."blob_id" WHERE "active_storage_attachments"."record_type" = ? AND "active_storage_attachments"."name" = ? AND "active_storage_attachments"."record_id" IN (SELECT "action_text_rich_texts"."id" FROM "action_text_rich_texts" WHERE "action_text_rich_texts"."account_id" = ? AND ("action_text_rich_texts"."record_type" = ? AND "action_text_rich_texts"."name" = ? AND "action_text_rich_texts"."record_id" IN (SELECT "boards"."id" FROM "boards" WHERE "boards"."account_id" = ?) OR "action_text_rich_texts"."record_type" = ? AND "action_text_rich_texts"."name" = ? AND "action_text_rich_texts"."record_id" IN (SELECT "cards"."id" FROM "cards" WHERE "cards"."account_id" = ?) OR "action_text_rich_texts"."record_type" = ? AND "action_text_rich_texts"."name" = ? AND "action_text_rich_texts"."record_id" IN (SELECT "comments"."id" FROM "comments" WHERE "comments"."card_id" IN (SELECT "cards"."id" FROM "cards" WHERE "cards"."account_id" = ?))))

UPDATE "accounts" SET "bytes_used" = ?, "bytes_used_stale" = ?, "bytes_used_version" = ? WHERE "accounts"."id" = ? AND "accounts"."bytes_used_version" = ?

SELECT "accounts".* FROM "accounts" WHERE "accounts"."id" = ?

SELECT "accounts".* FROM "accounts" WHERE "accounts"."id" = ? LIMIT ?

SELECT "accounts"."bytes_used_version" FROM "accounts" WHERE "accounts"."id" = ? LIMIT ?

SELECT SUM("active_storage_blobs"."byte_size") FROM "active_storage_attachments" INNER JOIN "active_storage_blobs" ON "active_storage_blobs"."id" = "active_storage_attachments"."blob_id" WHERE "active_storage_attachments"."record_type" = ? AND "active_storage_attachments"."name" = ? AND "active_storage_attachments"."record_id" IN (SELECT "cards"."id" FROM "cards" WHERE "cards"."account_id" = ?)

SELECT SUM("active_storage_blobs"."byte_size") FROM "active_storage_attachments" INNER JOIN "active_storage_blobs" ON "active_storage_blobs"."id" = "active_storage_attachments"."blob_id" WHERE "active_storage_attachments"."record_type" = ? AND "active_storage_attachments"."name" = ? AND "active_storage_attachments"."record_id" IN (SELECT "action_text_rich_texts"."id" FROM "action_text_rich_texts" WHERE "action_text_rich_texts"."account_id" = ? AND ("action_text_rich_texts"."record_type" = ? AND "action_text_rich_texts"."name" = ? AND "action_text_rich_texts"."record_id" IN (SELECT "boards"."id" FROM "boards" WHERE "boards"."account_id" = ?) OR "action_text_rich_texts"."record_type" = ? AND "action_text_rich_texts"."name" = ? AND "action_text_rich_texts"."record_id" IN (SELECT "cards"."id" FROM "cards" WHERE "cards"."account_id" = ?) OR "action_text_rich_texts"."record_type" = ? AND "action_text_rich_texts"."name" = ? AND "action_text_rich_texts"."record_id" IN (SELECT "comments"."id" FROM "comments" WHERE "comments"."card_id" IN (SELECT "cards"."id" FROM "cards" WHERE "cards"."account_id" = ?))))

UPDATE "accounts" SET "bytes_used" = ?, "bytes_used_stale" = ?, "bytes_used_version" = ? WHERE "accounts"."id" = ? AND "accounts"."bytes_used_version" = ?.
Expected: 0
  Actual: 6

bin/rails test /tests/verification_test.rb:114

.......F

Failure:
VerifierTest#test_a_card_image_counts_once_the_background_work_has_run [/tests/verification_test.rb:17]:
Expected: 0
  Actual: 12794

bin/rails test /tests/verification_test.rb:14

.

Finished in 3.976021s, 3.7726 runs/s, 14.3359 assertions/s.
15 runs, 57 assertions, 3 failures, 0 errors, 0 skips
