Running 1453 tests in parallel using 2 processes
Run options: --seed 57613

# Running:

.................................................................................................................................................................................................................................................................................................................................................................................................................................................................................................................................................................................................................................................................................................................................................................................................................................S.............................................................S.............................................................................................................................................................................................................................................................................................................................................................................................................................................................................................................................................................................................................

Finished in 29.147273s, 49.8503 runs/s, 192.4022 assertions/s.
1453 runs, 5608 assertions, 0 failures, 0 errors, 2 skips

You have skipped tests. Run with --verbose for details.
Running 15 tests in a single process (parallelization threshold is 50)
Run options: --seed 64590

# Running:

.........F

Failure:
VerifierTest#test_an_ordinary_attachment_does_not_recount_every_blob_in_the_account [/tests/verification_test.rb:119]:
2 instead of 0 matching queries were executed. Queries:

SELECT "cards".* FROM "cards" WHERE "cards"."id" = ?

SELECT "users".* FROM "users" WHERE "users"."id" = ?

SELECT "accounts".* FROM "accounts" WHERE "accounts"."id" = ? LIMIT ?

SELECT "action_text_rich_texts".* FROM "action_text_rich_texts" WHERE "action_text_rich_texts"."record_id" = ? AND "action_text_rich_texts"."record_type" = ? AND "action_text_rich_texts"."name" = ? LIMIT ?

SELECT "boards".* FROM "boards" WHERE "boards"."id" = ? LIMIT ?

SELECT "users".* FROM "users" INNER JOIN "accesses" ON "users"."id" = "accesses"."user_id" WHERE "accesses"."board_id" = ?

SELECT "accounts".* FROM "accounts" WHERE "accounts"."id" = ? LIMIT ?

SELECT "events".* FROM "events" WHERE "events"."id" = ?

SELECT "accounts".* FROM "accounts" WHERE "accounts"."id" = ? LIMIT ?

SELECT "cards".* FROM "cards" WHERE "cards"."id" = ? LIMIT ?

SELECT "users".* FROM "users" WHERE "users"."id" = ? LIMIT ?

SELECT "boards".* FROM "boards" WHERE "boards"."id" = ? LIMIT ?

SELECT "action_text_rich_texts".* FROM "action_text_rich_texts" WHERE "action_text_rich_texts"."record_id" = ? AND "action_text_rich_texts"."record_type" = ? AND "action_text_rich_texts"."name" = ? LIMIT ?

SELECT "users".* FROM "users" INNER JOIN "accesses" ON "users"."id" = "accesses"."user_id" WHERE "accesses"."board_id" = ?

SELECT "users".* FROM "users" INNER JOIN "assignments" ON "users"."id" = "assignments"."assignee_id" WHERE "assignments"."card_id" = ?

SELECT "users".* FROM "users" INNER JOIN "accesses" ON "users"."id" = "accesses"."user_id" WHERE "accesses"."board_id" = ? AND "users"."active" = ? AND "users"."role" IN (?, ?, ?) AND "accesses"."involvement" = ? AND "users"."id" != ?

SELECT "events".* FROM "events" WHERE "events"."id" = ?

SELECT "accounts".* FROM "accounts" WHERE "accounts"."id" = ? LIMIT ?

SELECT "boards".* FROM "boards" WHERE "boards"."id" = ? LIMIT ?

SELECT "webhooks".* FROM "webhooks" WHERE "webhooks"."active" = ? AND "webhooks"."board_id" = ? AND (subscribed_actions LIKE ?) ORDER BY "webhooks"."id" ASC LIMIT ?

SELECT "accounts".* FROM "accounts" WHERE "accounts"."id" = ? LIMIT ?

SELECT "accounts".* FROM "accounts" WHERE "accounts"."id" = ? LIMIT ?

SELECT "cards".* FROM "cards" WHERE "cards"."id" = ?

SELECT "users".* FROM "users" WHERE "users"."id" = ?

SELECT "accounts".* FROM "accounts" WHERE "accounts"."id" = ? LIMIT ?

SELECT "action_text_rich_texts".* FROM "action_text_rich_texts" WHERE "action_text_rich_texts"."record_id" = ? AND "action_text_rich_texts"."record_type" = ? AND "action_text_rich_texts"."name" = ? LIMIT ?

SELECT "boards".* FROM "boards" WHERE "boards"."id" = ? LIMIT ?

SELECT "users".* FROM "users" INNER JOIN "accesses" ON "users"."id" = "accesses"."user_id" WHERE "accesses"."board_id" = ?

SELECT "accounts".* FROM "accounts" WHERE "accounts"."id" = ? LIMIT ?

SELECT "accounts".* FROM "accounts" WHERE "accounts"."id" = ? LIMIT ?

SELECT "accounts".* FROM "accounts" WHERE "accounts"."id" = ? LIMIT ?

SELECT "accounts".* FROM "accounts" WHERE "accounts"."id" = ? LIMIT ?

SELECT "accounts".* FROM "accounts" WHERE "accounts"."id" = ? LIMIT ?

SELECT "accounts".* FROM "accounts" WHERE "accounts"."id" = ? LIMIT ?

SELECT "boards".* FROM "boards" WHERE "boards"."id" = ?

SELECT "accounts".* FROM "accounts" WHERE "accounts"."id" = ? LIMIT ?

SELECT "boards"."bytes_used_recalculation_version" FROM "boards" WHERE "boards"."id" = ? LIMIT ?

SELECT SUM("active_storage_blobs"."byte_size") FROM "active_storage_blobs" WHERE "active_storage_blobs"."account_id" = ? AND "active_storage_blobs"."id" IN (SELECT "active_storage_attachments"."blob_id" FROM "active_storage_attachments" WHERE "active_storage_attachments"."account_id" = ? AND ("active_storage_attachments"."record_type" = ? AND "active_storage_attachments"."name" = ? AND "active_storage_attachments"."record_id" IN (SELECT "cards"."id" FROM "cards" WHERE "cards"."account_id" = ? AND "cards"."board_id" IN (SELECT "boards"."id" FROM "boards" WHERE "boards"."id" = ? AND "boards"."account_id" = ?)) OR "active_storage_attachments"."record_type" = ? AND "active_storage_attachments"."name" = ? AND "active_storage_attachments"."record_id" IN (SELECT "action_text_rich_texts"."id" FROM "action_text_rich_texts" WHERE "action_text_rich_texts"."account_id" = ? AND ((record_type = ? AND name = ? AND record_id IN (SELECT "boards"."id" FROM "boards" WHERE "boards"."id" = x'018cdc78f97e7000bc6393771ee3048a' AND "boards"."account_id" = x'018ce3dbc29c7000ad99a35ea098c15d')) OR (record_type = ? AND name = ? AND record_id IN (SELECT "cards"."id" FROM "cards" WHERE "cards"."account_id" = x'018ce3dbc29c7000ad99a35ea098c15d' AND "cards"."board_id" IN (SELECT "boards"."id" FROM "boards" WHERE "boards"."id" = x'018cdc78f97e7000bc6393771ee3048a' AND "boards"."account_id" = x'018ce3dbc29c7000ad99a35ea098c15d'))) OR (record_type = ? AND name = ? AND record_id IN (SELECT "comments"."id" FROM "comments" WHERE "comments"."account_id" = x'018ce3dbc29c7000ad99a35ea098c15d' AND "comments"."card_id" IN (SELECT "cards"."id" FROM "cards" WHERE "cards"."account_id" = x'018ce3dbc29c7000ad99a35ea098c15d' AND "cards"."board_id" IN (SELECT "boards"."id" FROM "boards" WHERE "boards"."id" = x'018cdc78f97e7000bc6393771ee3048a' AND "boards"."account_id" = x'018ce3dbc29c7000ad99a35ea098c15d'))))))))

SAVEPOINT active_record_1

SELECT "boards".* FROM "boards" WHERE "boards"."id" = ? LIMIT ? 

UPDATE "boards" SET "bytes_used" = ?, "bytes_used_calculated_at" = ?, "bytes_used_recalculation_queued" = ? WHERE "boards"."id" = ?

RELEASE SAVEPOINT active_record_1

SELECT "accounts".* FROM "accounts" WHERE "accounts"."id" = ?

SELECT "accounts".* FROM "accounts" WHERE "accounts"."id" = ? LIMIT ?

SELECT "accounts"."bytes_used_recalculation_version" FROM "accounts" WHERE "accounts"."id" = ? LIMIT ?

SELECT SUM("active_storage_blobs"."byte_size") FROM "active_storage_blobs" WHERE "active_storage_blobs"."account_id" = ? AND "active_storage_blobs"."id" IN (SELECT "active_storage_attachments"."blob_id" FROM "active_storage_attachments" WHERE "active_storage_attachments"."account_id" = ? AND ("active_storage_attachments"."record_type" = ? AND "active_storage_attachments"."name" = ? AND "active_storage_attachments"."record_id" IN (SELECT "cards"."id" FROM "cards" WHERE "cards"."account_id" = ? AND "cards"."board_id" IN (SELECT "boards"."id" FROM "boards" WHERE "boards"."account_id" = ?)) OR "active_storage_attachments"."record_type" = ? AND "active_storage_attachments"."name" = ? AND "active_storage_attachments"."record_id" IN (SELECT "action_text_rich_texts"."id" FROM "action_text_rich_texts" WHERE "action_text_rich_texts"."account_id" = ? AND ((record_type = ? AND name = ? AND record_id IN (SELECT "boards"."id" FROM "boards" WHERE "boards"."account_id" = x'018ce3dbc29c7000ad99a35ea098c15d')) OR (record_type = ? AND name = ? AND record_id IN (SELECT "cards"."id" FROM "cards" WHERE "cards"."account_id" = x'018ce3dbc29c7000ad99a35ea098c15d' AND "cards"."board_id" IN (SELECT "boards"."id" FROM "boards" WHERE "boards"."account_id" = x'018ce3dbc29c7000ad99a35ea098c15d'))) OR (record_type = ? AND name = ? AND record_id IN (SELECT "comments"."id" FROM "comments" WHERE "comments"."account_id" = x'018ce3dbc29c7000ad99a35ea098c15d' AND "comments"."card_id" IN (SELECT "cards"."id" FROM "cards" WHERE "cards"."account_id" = x'018ce3dbc29c7000ad99a35ea098c15d' AND "cards"."board_id" IN (SELECT "boards"."id" FROM "boards" WHERE "boards"."account_id" = x'018ce3dbc29c7000ad99a35ea098c15d'))))))))

SAVEPOINT active_record_1

SELECT "accounts".* FROM "accounts" WHERE "accounts"."id" = ? LIMIT ? 

UPDATE "accounts" SET "bytes_used" = ?, "bytes_used_calculated_at" = ?, "bytes_used_recalculation_queued" = ? WHERE "accounts"."id" = ?

RELEASE SAVEPOINT active_record_1.
Expected: 0
  Actual: 2

bin/rails test /tests/verification_test.rb:114

.....

Finished in 4.268209s, 3.5144 runs/s, 14.5260 assertions/s.
15 runs, 62 assertions, 1 failures, 0 errors, 0 skips
