Running 1484 tests in parallel using 2 processes
Run options: --seed 61565

# Running:

.......................................................................................................................................................................................................................................................................................................................................................................................................................................................................................................................................................................................................................................E

Error:
ImportJobTest#test_importing_runs_the_whole_flow:_new_account,_completion,_email:
ActiveRecord::RecordNotSaved: Failed to save the new associated file_attachment.
    test/jobs/import_job_test.rb:15:in 'block (2 levels) in <class:ImportJobTest>'
    test/test_helper.rb:61:in 'ActiveSupport::TestCase#perform_enqueued_jobs'
    test/jobs/import_job_test.rb:14:in 'block in <class:ImportJobTest>'

bin/rails test test/jobs/import_job_test.rb:9

...................................................................................................................................................................................................................................................................................................................................................................................................................................E

Error:
ExportJobTest#test_exporting_runs_the_whole_flow:_zip,_completion,_email:
ActiveRecord::RecordNotSaved: Failed to save the new associated file_attachment.
    app/models/export.rb:36:in 'Export#process_now'
    app/jobs/export_job.rb:5:in 'ExportJob#perform'
    app/jobs/concerns/account_tenanted.rb:36:in 'AccountTenanted#with_account_context'
    app/models/export.rb:27:in 'Export#process_later'
    test/jobs/export_job_test.rb:12:in 'block (2 levels) in <class:ExportJobTest>'
    test/test_helper.rb:61:in 'ActiveSupport::TestCase#perform_enqueued_jobs'
    test/jobs/export_job_test.rb:11:in 'block in <class:ExportJobTest>'

bin/rails test test/jobs/export_job_test.rb:8

.............................................................................................................................................................................................................................................S.S................................................................................................................................................................................................................

Finished in 33.193753s, 44.7072 runs/s, 170.3031 assertions/s.
1484 runs, 5653 assertions, 0 failures, 2 errors, 2 skips

You have skipped tests. Run with --verbose for details.
