Running 1509 tests in parallel using 2 processes
Run options: --seed 4883

# Running:

...............................................................................................................................................................................................................................................................................................................................................................................................................................................................................................................................................................................................................................................................................................................................................................................................................SS....................................................................................................................................................................................................................................................................................................................................................................................................................................................................................................................................................................................................................................................................................................................................................

Finished in 29.343893s, 51.4247 runs/s, 193.1577 assertions/s.
1509 runs, 5668 assertions, 0 failures, 0 errors, 2 skips

You have skipped tests. Run with --verbose for details.
Running 7 tests in a single process (parallelization threshold is 50)
Run options: --seed 15270

# Running:

Capybara starting Puma...
* Version 7.2.1, codename: On The Corner
* Min threads: 0, max threads: 4
* Listening on http://127.0.0.1:37975
2026-09-08 16:30:18 INFO Selenium [:logger_info] Details on how to use and modify Selenium logger:
  https://selenium.dev/documentation/webdriver/troubleshooting/logging

2026-09-08 16:30:18 WARN Selenium [:selenium_manager] Exception managing chrome: error sending request for url (https://googlechromelabs.github.io/chrome-for-testing/known-good-versions-with-downloads.json) 
2026-09-08 16:30:18 WARN Selenium [:selenium_manager] Error sending stats to Plausible: error sending request for url (https://plausible.io/api/event) 
.....2026-09-08 16:30:30 WARN Selenium [:selenium_manager] Exception managing chrome: error sending request for url (https://googlechromelabs.github.io/chrome-for-testing/known-good-versions-with-downloads.json) 
2026-09-08 16:30:37 WARN Selenium [:selenium_manager] Exception managing chrome: error sending request for url (https://googlechromelabs.github.io/chrome-for-testing/known-good-versions-with-downloads.json) 
.2026-09-08 16:30:44 WARN Selenium [:selenium_manager] Exception managing chrome: error sending request for url (https://googlechromelabs.github.io/chrome-for-testing/known-good-versions-with-downloads.json) 
2026-09-08 16:30:51 WARN Selenium [:selenium_manager] Exception managing chrome: error sending request for url (https://googlechromelabs.github.io/chrome-for-testing/known-good-versions-with-downloads.json) 
2026-09-08 16:30:54 +0000 Rack app ("PUT /897362094/my/timezone" - (127.0.0.1)): #<NoMethodError: undefined method 'update!' for nil>
2026-09-08 16:30:59 WARN Selenium [:selenium_manager] Exception managing chrome: error sending request for url (https://googlechromelabs.github.io/chrome-for-testing/known-good-versions-with-downloads.json) 
[Screenshot Image]: /app/tmp/screenshots/failures_test_a_code_is_only_good_on_the_device_that_asked_for_it.png 
F

Failure:
VerifierTest#test_a_code_is_only_good_on_the_device_that_asked_for_it:
Expected "0000000000000000149087659" to not be equal to # encoding: US-ASCII
#    valid: true
"0000000000000000149087659".

Error:
VerifierTest#test_a_code_is_only_good_on_the_device_that_asked_for_it:
NoMethodError: undefined method 'update!' for nil
    app/controllers/my/timezones_controller.rb:3:in 'My::TimezonesController#update'
    app/controllers/concerns/current_timezone.rb:15:in 'CurrentTimezone#set_current_timezone'
    config/initializers/tenanting/account_slug.rb:31:in 'block in AccountSlug::Extractor#call'
    app/models/current.rb:22:in 'Current#with_account'
    config/initializers/tenanting/account_slug.rb:30:in 'AccountSlug::Extractor#call'

bin/rails test /tests/verification_test.rb:48



Finished in 47.928259s, 0.1461 runs/s, 0.6468 assertions/s.
7 runs, 31 assertions, 1 failures, 0 errors, 0 skips
