Running 1537 tests in parallel using 2 processes
Run options: --seed 63324

# Running:

....................................................................................................................................................................................................................................................................................................................................................................................................................................................................................................................................................................................................................................................................................................................................................................................................................................................................................................................................................................................................................................................................................................................................................................................................................................................................................................................................................................................................................................S....S.......................................................................................................................................................

Finished in 28.152061s, 54.5964 runs/s, 203.3244 assertions/s.
1537 runs, 5724 assertions, 0 failures, 0 errors, 2 skips

You have skipped tests. Run with --verbose for details.
Running 5 tests in a single process (parallelization threshold is 50)
Run options: --seed 2081

# Running:

E

Error:
VerifierTest#test_everything_the_account_owned_goes_with_it,_and_nothing_of_anyone_else's:
NoMethodError: undefined method 'byte_size' for nil
    app/models/storage/attachment_tracking.rb:33:in 'Storage::AttachmentTracking#record_storage_detach'
    app/models/account/incineratable.rb:15:in 'Account::Incineratable#incinerate'
    app/jobs/account/incinerate_due_job.rb:5:in 'Account::IncinerateDueJob#perform'
    app/models/current.rb:22:in 'Current#with_account'
    app/jobs/concerns/account_tenanted.rb:34:in 'AccountTenanted#with_account_context'
    test/test_helper.rb:61:in 'ActiveSupport::TestCase#perform_enqueued_jobs'

bin/rails test /tests/verification_test.rb:29

....

Finished in 1.372353s, 3.6434 runs/s, 12.3875 assertions/s.
5 runs, 17 assertions, 0 failures, 1 errors, 0 skips
