/usr/local/bundle/gems/mini_magick-4.13.2/lib/mini_magick/shell.rb:2: warning: benchmark was loaded from the standard library, but will no longer be part of the default gems starting from Ruby 3.5.0.
You can add benchmark to your Gemfile or gemspec to silence this warning.
DEPRECATION WARNING: `config.active_support.to_time_preserves_timezone` is deprecated and will be removed in Rails 8.2 (called from block in TSort.tsort_each at /usr/local/bundle/gems/tsort-0.2.0/lib/tsort.rb:231)

Run options: --seed 45763

# Running:

.................................................S........S........................................................................................................................

Finished in 25.478992s, 7.0254 runs/s, 21.7042 assertions/s.
179 runs, 553 assertions, 0 failures, 0 errors, 2 skips

You have skipped tests. Run with --verbose for details.
/usr/local/bundle/gems/mini_magick-4.13.2/lib/mini_magick/shell.rb:2: warning: benchmark was loaded from the standard library, but will no longer be part of the default gems starting from Ruby 3.5.0.
You can add benchmark to your Gemfile or gemspec to silence this warning.
DEPRECATION WARNING: `config.active_support.to_time_preserves_timezone` is deprecated and will be removed in Rails 8.2 (called from block in TSort.tsort_each at /usr/local/bundle/gems/tsort-0.2.0/lib/tsort.rb:231)

Run options: --seed 41342

# Running:

......F

Failure:
VerifierTest#test_a_conflicting_roster_reports_the_first_conflicting_grant's_position_and_returns_no_records [/tests/verify.rb:66]:
a grant the book already holds, ahead of a level nobody knows.
Expected: 0
  Actual: 1

bin/rails test /tests/verify.rb:54

..

Finished in 0.961210s, 9.3632 runs/s, 32.2510 assertions/s.
9 runs, 31 assertions, 1 failures, 0 errors, 0 skips
