Running 1542 tests in parallel using 2 processes
Run options: --seed 45668

# Running:

......................................................................................................................................................................................................................................................................................................................................................................................................................................................................................................................................................................................................................................................................................................................................................................................................................................................................................................................................................................................................................................................................................................................................................................S..................................................................S............................................................................................................................................................................................................................................................................................................................................................

Finished in 30.371774s, 50.7708 runs/s, 191.9216 assertions/s.
1542 runs, 5829 assertions, 0 failures, 0 errors, 2 skips

You have skipped tests. Run with --verbose for details.
Running 6 tests in a single process (parallelization threshold is 50)
Run options: --seed 51981

# Running:

Capybara starting Puma...
* Version 7.2.1, codename: On The Corner
* Min threads: 0, max threads: 4
* Listening on http://127.0.0.1:36927
2026-09-08 16:08:56 INFO Selenium [:logger_info] Details on how to use and modify Selenium logger:
  https://selenium.dev/documentation/webdriver/troubleshooting/logging

2026-09-08 16:08:56 WARN Selenium [:selenium_manager] Exception managing chrome: error sending request for url (https://googlechromelabs.github.io/chrome-for-testing/known-good-versions-with-downloads.json) 
2026-09-08 16:08:56 WARN Selenium [:selenium_manager] Error sending stats to Plausible: error sending request for url (https://plausible.io/api/event) 
......

Finished in 20.017557s, 0.2997 runs/s, 0.7493 assertions/s.
6 runs, 15 assertions, 0 failures, 0 errors, 0 skips
