Running 1542 tests in parallel using 2 processes
Run options: --seed 45414

# Running:

............................................................................................................................................................................................................................................................................................................................................................................................................................................................................................................................................................................................................................................S...S.....................................................................................................................................................................................................................................................................................................................................................................................................................................................................................................................................................................................................................................................................................................................................................................................................................................................................................................................................................

Finished in 31.366320s, 49.1610 runs/s, 185.8363 assertions/s.
1542 runs, 5829 assertions, 0 failures, 0 errors, 2 skips

You have skipped tests. Run with --verbose for details.
Running 12 tests in a single process (parallelization threshold is 50)
Run options: --seed 1251

# Running:

.F

Failure:
VerifierTest#test_a_piece_rendered_in_one_language_is_never_delivered_to_a_person_reading_another [/tests/verification_test.rb:151]:
Expected {"card page after an English visit" => ["person will be notified when someone comments on"]} to be empty.

bin/rails test /tests/verification_test.rb:142

.F

Failure:
VerifierTest#test_every_screen_renders_in_Japanese [/tests/verification_test.rb:73]:
Expected {"/897362094/cards/1" => ["person will be notified when someone comments on"], "/897362094/my/passkeys" => ["Your browser will prompt you to create a passkey using your device's biometrics, PIN, or security"]} to be empty.

bin/rails test /tests/verification_test.rb:70

.......F

Failure:
VerifierTest#test_every_screen's_text_and_attributes_come_from_the_translations [/tests/verification_test.rb:42]:
Expected {"/897362094/cards/1" => ["By", "Updated", "be", "comments", "notified", "people", "reacted", "someone", "this", "when", "will"], "/897362094/my/passkeys" => ["Your", "biometrics", "browser", "create", "device's", "key", "or", "passkey", "prompt", "security", "using", "will", "you", "your"], "/897362094/public/boards/922WQ9PV2ym2s1ZNcqyUsMqB/cards/1" => ["By", "Updated"], "/897362094/public/boards/922WQ9PV2ym2s1ZNcqyUsMqB/columns/closed" => ["By", "Updated"], "/897362094/public/boards/922WQ9PV2ym2s1ZNcqyUsMqB/columns/stream" => ["By", "Updated"]} to be empty.

bin/rails test /tests/verification_test.rb:38



Finished in 6.471616s, 1.8543 runs/s, 29.5135 assertions/s.
12 runs, 191 assertions, 3 failures, 0 errors, 0 skips
