/usr/local/bundle/gems/mini_magick-4.13.2/lib/mini_magick/shell.rb:2: warning: benchmark was loaded from the standard library, but will no longer be part of the default gems starting from Ruby 3.5.0.
You can add benchmark to your Gemfile or gemspec to silence this warning.
DEPRECATION WARNING: `config.active_support.to_time_preserves_timezone` is deprecated and will be removed in Rails 8.2 (called from block in TSort.tsort_each at /usr/local/bundle/gems/tsort-0.2.0/lib/tsort.rb:231)

Run options: --seed 61331

# Running:

.........................................S......S..................................................................................................................................

Finished in 26.296459s, 6.8070 runs/s, 21.0294 assertions/s.
179 runs, 553 assertions, 0 failures, 0 errors, 2 skips

You have skipped tests. Run with --verbose for details.
/usr/local/bundle/gems/mini_magick-4.13.2/lib/mini_magick/shell.rb:2: warning: benchmark was loaded from the standard library, but will no longer be part of the default gems starting from Ruby 3.5.0.
You can add benchmark to your Gemfile or gemspec to silence this warning.
DEPRECATION WARNING: `config.active_support.to_time_preserves_timezone` is deprecated and will be removed in Rails 8.2 (called from block in TSort.tsort_each at /usr/local/bundle/gems/tsort-0.2.0/lib/tsort.rb:231)

Run options: --seed 4785

# Running:

F

Failure:
VerifierTest#test_no_value_of_the_parameter_takes_the_reader_to_another_host [/tests/verify.rb:62]:
return_to="///evil.example" was answered 500

bin/rails test /tests/verify.rb:35

...

Finished in 3.331311s, 1.2007 runs/s, 6.9042 assertions/s.
4 runs, 23 assertions, 1 failures, 0 errors, 0 skips
