Running 1656 tests in parallel using 2 processes
Run options: --seed 65043

# Running:

.......................................................................................................................................................................................................................................................................................................................................................................................................................................................................................S..S.............................................................................................................................................................................................................................................................................................................................................................................................................................................................................................................................................................................................................................................................................................................................................................................................................................................................................................................................................................................................................................................................................................................................................................................................................................

Finished in 34.036952s, 48.6530 runs/s, 181.4792 assertions/s.
1656 runs, 6177 assertions, 0 failures, 0 errors, 2 skips

You have skipped tests. Run with --verbose for details.
Running 8 tests in a single process (parallelization threshold is 50)
Run options: --seed 9106

# Running:

....F

Failure:
VerifierTest#test_overridden_billed_numbers_stand_in_for_the_real_ones_until_the_override_is_dropped [/tests/verification_test.rb:80]:
`Card.count` didn't change by 1, but by 0.
Expected: 1007
  Actual: 1006

bin/rails test /tests/verification_test.rb:72

...

Finished in 2.032367s, 3.9363 runs/s, 22.1417 assertions/s.
8 runs, 45 assertions, 1 failures, 0 errors, 0 skips
