Running 1542 tests in parallel using 2 processes
Run options: --seed 47413

# Running:

........................................................................................................................................................................................................................................................................................................................................................................................................................................................................................................................S.S..........................................................................................................................................................................................................................................................................................................................................................................................................................................................................................................................................................................................................................................................................................................................................................E

Error:
Notification::BundleMailerTest#test_shows_multiple_cards_under_same_board_header:
ActionView::Template::Error: missing interpolation argument :url in "You have <a href=\"%{url}\">%{count_link}</a>%{account}." ({count: 2, account: ""} given)
    app/views/mailers/notification/bundle_mailer/notification.html.erb:5
    app/mailers/notification/bundle_mailer.rb:15:in 'Notification::BundleMailer#notification'
    test/mailers/notification/bundle_mailer_test.rb:81:in 'block in <class:BundleMailerTest>'

bin/rails test test/mailers/notification/bundle_mailer_test.rb:77

..E

Error:
Notification::BundleMailerTest#test_renders_avatar_with_external_image_URL_when_avatar_is_attached:
ActionView::Template::Error: missing interpolation argument :url in "You have <a href=\"%{url}\">%{count_link}</a>%{account}." ({count: 1, account: ""} given)
    app/views/mailers/notification/bundle_mailer/notification.html.erb:5
    app/mailers/notification/bundle_mailer.rb:15:in 'Notification::BundleMailer#notification'
    test/mailers/notification/bundle_mailer_test.rb:35:in 'block in <class:BundleMailerTest>'

bin/rails test test/mailers/notification/bundle_mailer_test.rb:26

E

Error:
Notification::BundleMailerTest#test_groups_notifications_by_board,_sorted_alphabetically:
ActionView::Template::Error: missing interpolation argument :url in "You have <a href=\"%{url}\">%{count_link}</a>%{account}." ({count: 3, account: ""} given)
    app/views/mailers/notification/bundle_mailer/notification.html.erb:5
    app/mailers/notification/bundle_mailer.rb:15:in 'Notification::BundleMailer#notification'
    test/mailers/notification/bundle_mailer_test.rb:59:in 'block in <class:BundleMailerTest>'

bin/rails test test/mailers/notification/bundle_mailer_test.rb:43

E

Error:
Notification::BundleMailerTest#test_renders_inline_code_in_card_title:
ActionView::Template::Error: missing interpolation argument :url in "You have <a href=\"%{url}\">%{count_link}</a>%{account}." ({count: 1, account: ""} given)
    app/views/mailers/notification/bundle_mailer/notification.html.erb:5
    app/mailers/notification/bundle_mailer.rb:15:in 'Notification::BundleMailer#notification'
    test/mailers/notification/bundle_mailer_test.rb:94:in 'block in <class:BundleMailerTest>'

bin/rails test test/mailers/notification/bundle_mailer_test.rb:90

................................................................F

Failure:
SearchesControllerTest#test_search [test/controllers/searches_controller_test.rb:46]:
Expected: "No matches"
  Actual: "No Matches".
Expected 0 to be >= 1.

bin/rails test test/controllers/searches_controller_test.rb:17

..................................................................................................................E

Error:
Notification::BundleMailerTest#test_renders_avatar_with_initials_in_span_when_avatar_is_not_attached:
ActionView::Template::Error: missing interpolation argument :url in "You have <a href=\"%{url}\">%{count_link}</a>%{account}." ({count: 1, account: ""} given)
    app/views/mailers/notification/bundle_mailer/notification.html.erb:5
    app/mailers/notification/bundle_mailer.rb:15:in 'Notification::BundleMailer#notification'
    test/mailers/notification/bundle_mailer_test.rb:18:in 'block in <class:BundleMailerTest>'

bin/rails test test/mailers/notification/bundle_mailer_test.rb:15

E

Error:
Notification::BundleMailerTest#test_board_header_links_to_the_board:
ActionView::Template::Error: missing interpolation argument :url in "You have <a href=\"%{url}\">%{count_link}</a>%{account}." ({count: 1, account: ""} given)
    app/views/mailers/notification/bundle_mailer/notification.html.erb:5
    app/mailers/notification/bundle_mailer.rb:15:in 'Notification::BundleMailer#notification'
    test/mailers/notification/bundle_mailer_test.rb:69:in 'block in <class:BundleMailerTest>'

bin/rails test test/mailers/notification/bundle_mailer_test.rb:66

.E

Error:
Notification::BundleMailerTest#test_deliver_later_works_with_account_context:
ActionView::Template::Error: missing interpolation argument :url in "You have <a href=\"%{url}\">%{count_link}</a>%{account}." ({count: 1, account: " in 37signals"} given)
    app/views/mailers/notification/bundle_mailer/notification.html.erb:5
    app/mailers/notification/bundle_mailer.rb:15:in 'Notification::BundleMailer#notification'
    app/models/current.rb:22:in 'Current#with_account'
    app/jobs/concerns/account_tenanted.rb:34:in 'AccountTenanted#with_account_context'
    test/test_helper.rb:61:in 'ActiveSupport::TestCase#perform_enqueued_jobs'
    test/mailers/notification/bundle_mailer_test.rb:117:in 'block in <class:BundleMailerTest>'

bin/rails test test/mailers/notification/bundle_mailer_test.rb:109

.................E

Error:
Notification::BundleTest#test_deliver_sends_email_with_time_in_user's_time_zone:
ActionView::Template::Error: missing interpolation argument :url in "You have <a href=\"%{url}\">%{count_link}</a>%{account}." ({count: 1, account: ""} given)
    app/views/mailers/notification/bundle_mailer/notification.html.erb:5
    app/mailers/notification/bundle_mailer.rb:15:in 'Notification::BundleMailer#notification'
    app/models/notification/bundle.rb:44:in 'block (2 levels) in Notification::Bundle#deliver'
    app/models/current.rb:22:in 'Current#with_account'
    app/models/notification/bundle.rb:41:in 'block in Notification::Bundle#deliver'
    app/models/user/configurable.rb:14:in 'User::Configurable#in_time_zone'
    app/models/notification/bundle.rb:40:in 'Notification::Bundle#deliver'
    test/models/notification/bundle_test.rb:142:in 'block (2 levels) in <class:BundleTest>'
    test/models/notification/bundle_test.rb:139:in 'block in <class:BundleTest>'

bin/rails test test/models/notification/bundle_test.rb:136

..................................................................................................

Finished in 31.586731s, 48.8180 runs/s, 183.8430 assertions/s.
1542 runs, 5807 assertions, 1 failures, 8 errors, 2 skips

You have skipped tests. Run with --verbose for details.
