Running 1542 tests in parallel using 2 processes
Run options: --seed 36792

# Running:

........................................................................................................................................................................................................................................................................................................................................................................................................................................................................................................................................................................................................................................................................................................................................................................................................................................................................................................................................................S.......................................................................................................................................................................................................................................................S.....................................................................................................................................................................................................................................................................................................................................................................................

Finished in 27.712973s, 55.6418 runs/s, 210.3347 assertions/s.
1542 runs, 5829 assertions, 0 failures, 0 errors, 2 skips

You have skipped tests. Run with --verbose for details.
Running 7 tests in a single process (parallelization threshold is 50)
Run options: --seed 48740

# Running:

.....Dropped database 'tmp/legacy.sqlite3'
== 20260710000000 AddAccountIdToRemainingTables: migrating ====================
-- column_exists?("accesses", :account_id)
   -> 0.0006s
-- add_reference("accesses", :account, {type: :uuid})
   -> 0.0013s
-- column_exists?("active_storage_attachments", :account_id)
   -> 0.0007s
-- add_reference("active_storage_attachments", :account, {type: :uuid})
   -> 0.0008s
-- column_exists?("active_storage_blobs", :account_id)
   -> 0.0004s
-- add_reference("active_storage_blobs", :account, {type: :uuid})
   -> 0.0008s
-- column_exists?("active_storage_variant_records", :account_id)
   -> 0.0002s
-- add_reference("active_storage_variant_records", :account, {type: :uuid})
   -> 0.0007s
-- column_exists?("action_text_rich_texts", :account_id)
   -> 0.0003s
-- add_reference("action_text_rich_texts", :account, {type: :uuid})
   -> 0.0008s
-- column_exists?("assignments", :account_id)
   -> 0.0003s
-- add_reference("assignments", :account, {type: :uuid})
   -> 0.0007s
-- column_exists?("board_publications", :account_id)
   -> 0.0008s
-- add_reference("board_publications", :account, {type: :uuid})
   -> 0.0008s
-- column_exists?("card_activity_spikes", :account_id)
   -> 0.0002s
-- add_reference("card_activity_spikes", :account, {type: :uuid})
   -> 0.0008s
-- column_exists?("card_goldnesses", :account_id)
   -> 0.0002s
-- add_reference("card_goldnesses", :account, {type: :uuid})
   -> 0.0008s
-- column_exists?("card_not_nows", :account_id)
   -> 0.0002s
-- add_reference("card_not_nows", :account, {type: :uuid})
   -> 0.0008s
-- column_exists?("closures", :account_id)
   -> 0.0002s
-- add_reference("closures", :account, {type: :uuid})
   -> 0.0008s
-- column_exists?("entropies", :account_id)
   -> 0.0003s
-- add_reference("entropies", :account, {type: :uuid})
   -> 0.0008s
-- column_exists?("mentions", :account_id)
   -> 0.0003s
-- add_reference("mentions", :account, {type: :uuid})
   -> 0.0008s
-- column_exists?("pins", :account_id)
   -> 0.0002s
-- add_reference("pins", :account, {type: :uuid})
   -> 0.0008s
-- column_exists?("reactions", :account_id)
   -> 0.0006s
-- add_reference("reactions", :account, {type: :uuid})
   -> 0.0008s
-- column_exists?("search_queries", :account_id)
   -> 0.0003s
-- add_reference("search_queries", :account, {type: :uuid})
   -> 0.0008s
-- column_exists?("taggings", :account_id)
   -> 0.0002s
-- add_reference("taggings", :account, {type: :uuid})
   -> 0.0008s
-- column_exists?("user_settings", :account_id)
   -> 0.0003s
-- add_reference("user_settings", :account, {type: :uuid})
   -> 0.0008s
-- column_exists?("watches", :account_id)
   -> 0.0003s
-- add_reference("watches", :account, {type: :uuid})
   -> 0.0008s
-- column_exists?("webhook_delinquency_trackers", :account_id)
   -> 0.0003s
-- add_reference("webhook_delinquency_trackers", :account, {type: :uuid})
   -> 0.0008s
-- column_exists?("webhook_deliveries", :account_id)
   -> 0.0003s
-- add_reference("webhook_deliveries", :account, {type: :uuid})
   -> 0.0008s
-- execute("UPDATE boards SET account_id = (SELECT account_id FROM users WHERE users.id = boards.creator_id) WHERE account_id IS NULL")
   -> 0.0001s
-- execute("UPDATE cards SET account_id = (SELECT account_id FROM boards WHERE boards.id = cards.board_id) WHERE account_id IS NULL")
   -> 0.0001s
-- execute("UPDATE columns SET account_id = (SELECT account_id FROM boards WHERE boards.id = columns.board_id) WHERE account_id IS NULL")
   -> 0.0001s
-- execute("UPDATE comments SET account_id = (SELECT account_id FROM cards WHERE cards.id = comments.card_id) WHERE account_id IS NULL")
   -> 0.0001s
-- execute("UPDATE events SET account_id = (SELECT account_id FROM boards WHERE boards.id = events.board_id) WHERE account_id IS NULL")
   -> 0.0001s
-- execute("UPDATE filters SET account_id = (SELECT account_id FROM users WHERE users.id = filters.creator_id) WHERE account_id IS NULL")
   -> 0.0001s
-- execute("UPDATE notification_bundles SET account_id = (SELECT account_id FROM users WHERE users.id = notification_bundles.user_id) WHERE account_id IS NULL")
   -> 0.0001s
-- execute("UPDATE notifications SET account_id = (SELECT account_id FROM users WHERE users.id = notifications.user_id) WHERE account_id IS NULL")
   -> 0.0001s
-- execute("UPDATE push_subscriptions SET account_id = (SELECT account_id FROM users WHERE users.id = push_subscriptions.user_id) WHERE account_id IS NULL")
   -> 0.0001s
-- execute("UPDATE steps SET account_id = (SELECT account_id FROM cards WHERE cards.id = steps.card_id) WHERE account_id IS NULL")
   -> 0.0001s
-- execute("UPDATE webhooks SET account_id = (SELECT account_id FROM boards WHERE boards.id = webhooks.board_id) WHERE account_id IS NULL")
   -> 0.0001s
-- execute("UPDATE accesses SET account_id = (SELECT account_id FROM boards WHERE boards.id = accesses.board_id) WHERE account_id IS NULL")
   -> 0.0001s
-- execute("UPDATE assignments SET account_id = (SELECT account_id FROM cards WHERE cards.id = assignments.card_id) WHERE account_id IS NULL")
   -> 0.0001s
-- execute("UPDATE board_publications SET account_id = (SELECT account_id FROM boards WHERE boards.id = board_publications.board_id) WHERE account_id IS NULL")
   -> 0.0001s
-- execute("UPDATE card_activity_spikes SET account_id = (SELECT account_id FROM cards WHERE cards.id = card_activity_spikes.card_id) WHERE account_id IS NULL")
   -> 0.0001s
-- execute("UPDATE card_goldnesses SET account_id = (SELECT account_id FROM cards WHERE cards.id = card_goldnesses.card_id) WHERE account_id IS NULL")
   -> 0.0001s
-- execute("UPDATE card_not_nows SET account_id = (SELECT account_id FROM cards WHERE cards.id = card_not_nows.card_id) WHERE account_id IS NULL")
   -> 0.0001s
-- execute("UPDATE closures SET account_id = (SELECT account_id FROM cards WHERE cards.id = closures.card_id) WHERE account_id IS NULL")
   -> 0.0001s
-- execute("UPDATE entropies SET account_id = container_id WHERE account_id IS NULL AND container_type = 'Account'")
   -> 0.0001s
-- execute("UPDATE entropies SET account_id = (SELECT account_id FROM boards WHERE boards.id = entropies.container_id) WHERE account_id IS NULL AND container_type = 'Board'")
   -> 0.0001s
-- execute("UPDATE mentions SET account_id = (SELECT account_id FROM cards WHERE cards.id = mentions.source_id) WHERE account_id IS NULL AND source_type = 'Card'")
   -> 0.0001s
-- execute("UPDATE mentions SET account_id = (SELECT account_id FROM comments WHERE comments.id = mentions.source_id) WHERE account_id IS NULL AND source_type = 'Comment'")
   -> 0.0001s
-- execute("UPDATE pins SET account_id = (SELECT account_id FROM cards WHERE cards.id = pins.card_id) WHERE account_id IS NULL")
   -> 0.0001s
-- execute("UPDATE reactions SET account_id = (SELECT account_id FROM cards WHERE cards.id = reactions.reactable_id) WHERE account_id IS NULL AND reactable_type = 'Card'")
   -> 0.0001s
-- execute("UPDATE reactions SET account_id = (SELECT account_id FROM comments WHERE comments.id = reactions.reactable_id) WHERE account_id IS NULL AND reactable_type = 'Comment'")
   -> 0.0001s
-- execute("UPDATE search_queries SET account_id = (SELECT account_id FROM users WHERE users.id = search_queries.user_id) WHERE account_id IS NULL")
   -> 0.0001s
-- execute("UPDATE taggings SET account_id = (SELECT account_id FROM cards WHERE cards.id = taggings.card_id) WHERE account_id IS NULL")
   -> 0.0001s
-- execute("UPDATE user_settings SET account_id = (SELECT account_id FROM users WHERE users.id = user_settings.user_id) WHERE account_id IS NULL")
   -> 0.0001s
-- execute("UPDATE watches SET account_id = (SELECT account_id FROM cards WHERE cards.id = watches.card_id) WHERE account_id IS NULL")
   -> 0.0001s
-- execute("UPDATE webhook_delinquency_trackers SET account_id = (SELECT account_id FROM webhooks WHERE webhooks.id = webhook_delinquency_trackers.webhook_id) WHERE account_id IS NULL")
   -> 0.0001s
-- execute("UPDATE webhook_deliveries SET account_id = (SELECT account_id FROM webhooks WHERE webhooks.id = webhook_deliveries.webhook_id) WHERE account_id IS NULL")
   -> 0.0001s
-- execute("UPDATE action_text_rich_texts SET account_id = (SELECT account_id FROM cards WHERE cards.id = action_text_rich_texts.record_id) WHERE account_id IS NULL AND record_type = 'Card'")
   -> 0.0001s
-- execute("UPDATE action_text_rich_texts SET account_id = (SELECT account_id FROM comments WHERE comments.id = action_text_rich_texts.record_id) WHERE account_id IS NULL AND record_type = 'Comment'")
   -> 0.0001s
-- execute("UPDATE action_text_rich_texts SET account_id = (SELECT account_id FROM boards WHERE boards.id = action_text_rich_texts.record_id) WHERE account_id IS NULL AND record_type = 'Board'")
   -> 0.0001s
-- execute("UPDATE active_storage_attachments SET account_id = (SELECT account_id FROM cards WHERE cards.id = active_storage_attachments.record_id) WHERE account_id IS NULL AND record_type = 'Card'")
   -> 0.0001s
-- execute("UPDATE active_storage_attachments SET account_id = (SELECT account_id FROM comments WHERE comments.id = active_storage_attachments.record_id) WHERE account_id IS NULL AND record_type = 'Comment'")
   -> 0.0001s
-- execute("UPDATE active_storage_attachments SET account_id = (SELECT account_id FROM boards WHERE boards.id = active_storage_attachments.record_id) WHERE account_id IS NULL AND record_type = 'Board'")
   -> 0.0001s
-- execute("UPDATE active_storage_attachments SET account_id = (SELECT account_id FROM users WHERE users.id = active_storage_attachments.record_id) WHERE account_id IS NULL AND record_type = 'User'")
   -> 0.0001s
-- execute("UPDATE active_storage_attachments SET account_id = (SELECT account_id FROM exports WHERE exports.id = active_storage_attachments.record_id) WHERE account_id IS NULL AND record_type = 'Export'")
   -> 0.0001s
-- execute("UPDATE active_storage_attachments SET account_id = (SELECT account_id FROM account_imports WHERE account_imports.id = active_storage_attachments.record_id) WHERE account_id IS NULL AND record_type = 'Account::Import'")
   -> 0.0001s
-- execute("UPDATE active_storage_attachments SET account_id = (SELECT account_id FROM action_text_rich_texts WHERE action_text_rich_texts.id = active_storage_attachments.record_id) WHERE account_id IS NULL AND record_type = 'ActionText::RichText'")
   -> 0.0001s
-- execute("UPDATE active_storage_blobs SET account_id = (SELECT account_id FROM active_storage_attachments WHERE active_storage_attachments.blob_id = active_storage_blobs.id AND active_storage_attachments.account_id IS NOT NULL LIMIT 1) WHERE account_id IS NULL")
   -> 0.0001s
-- execute("UPDATE active_storage_variant_records SET account_id = (SELECT account_id FROM active_storage_blobs WHERE active_storage_blobs.id = active_storage_variant_records.blob_id) WHERE account_id IS NULL")
   -> 0.0001s
-- execute("DELETE FROM \"accesses\" WHERE account_id IS NULL")
   -> 0.0001s
-- execute("DELETE FROM \"active_storage_attachments\" WHERE account_id IS NULL")
   -> 0.0001s
-- execute("DELETE FROM \"active_storage_blobs\" WHERE account_id IS NULL")
   -> 0.0001s
-- execute("DELETE FROM \"active_storage_variant_records\" WHERE account_id IS NULL")
   -> 0.0001s
-- execute("DELETE FROM \"action_text_rich_texts\" WHERE account_id IS NULL")
   -> 0.0001s
-- execute("DELETE FROM \"assignments\" WHERE account_id IS NULL")
   -> 0.0001s
-- execute("DELETE FROM \"board_publications\" WHERE account_id IS NULL")
   -> 0.0001s
-- execute("DELETE FROM \"card_activity_spikes\" WHERE account_id IS NULL")
   -> 0.0001s
-- execute("DELETE FROM \"card_goldnesses\" WHERE account_id IS NULL")
   -> 0.0001s
-- execute("DELETE FROM \"card_not_nows\" WHERE account_id IS NULL")
   -> 0.0001s
-- execute("DELETE FROM \"closures\" WHERE account_id IS NULL")
   -> 0.0001s
-- execute("DELETE FROM \"entropies\" WHERE account_id IS NULL")
   -> 0.0001s
-- execute("DELETE FROM \"mentions\" WHERE account_id IS NULL")
   -> 0.0001s
-- execute("DELETE FROM \"pins\" WHERE account_id IS NULL")
   -> 0.0001s
-- execute("DELETE FROM \"reactions\" WHERE account_id IS NULL")
   -> 0.0001s
-- execute("DELETE FROM \"search_queries\" WHERE account_id IS NULL")
   -> 0.0001s
-- execute("DELETE FROM \"taggings\" WHERE account_id IS NULL")
   -> 0.0001s
-- execute("DELETE FROM \"user_settings\" WHERE account_id IS NULL")
   -> 0.0001s
-- execute("DELETE FROM \"watches\" WHERE account_id IS NULL")
   -> 0.0001s
-- execute("DELETE FROM \"webhook_delinquency_trackers\" WHERE account_id IS NULL")
   -> 0.0001s
-- execute("DELETE FROM \"webhook_deliveries\" WHERE account_id IS NULL")
   -> 0.0001s
-- execute("DELETE FROM \"account_imports\" WHERE account_id IS NULL")
   -> 0.0001s
-- execute("DELETE FROM \"account_join_codes\" WHERE account_id IS NULL")
   -> 0.0001s
-- execute("DELETE FROM \"boards\" WHERE account_id IS NULL")
   -> 0.0001s
-- execute("DELETE FROM \"cards\" WHERE account_id IS NULL")
   -> 0.0001s
-- execute("DELETE FROM \"columns\" WHERE account_id IS NULL")
   -> 0.0001s
-- execute("DELETE FROM \"comments\" WHERE account_id IS NULL")
   -> 0.0001s
-- execute("DELETE FROM \"events\" WHERE account_id IS NULL")
   -> 0.0001s
-- execute("DELETE FROM \"filters\" WHERE account_id IS NULL")
   -> 0.0001s
-- execute("DELETE FROM \"notification_bundles\" WHERE account_id IS NULL")
   -> 0.0001s
-- execute("DELETE FROM \"notifications\" WHERE account_id IS NULL")
   -> 0.0001s
-- execute("DELETE FROM \"push_subscriptions\" WHERE account_id IS NULL")
   -> 0.0001s
-- execute("DELETE FROM \"steps\" WHERE account_id IS NULL")
   -> 0.0001s
-- execute("DELETE FROM \"tags\" WHERE account_id IS NULL")
   -> 0.0001s
-- execute("DELETE FROM \"users\" WHERE account_id IS NULL")
   -> 0.0001s
-- execute("DELETE FROM \"webhooks\" WHERE account_id IS NULL")
   -> 0.0001s
-- execute("DELETE FROM accesses WHERE board_id NOT IN (SELECT id FROM boards) OR user_id NOT IN (SELECT id FROM users)")
   -> 0.0001s
-- execute("DELETE FROM assignments WHERE card_id NOT IN (SELECT id FROM cards)")
   -> 0.0001s
-- execute("DELETE FROM board_publications WHERE board_id NOT IN (SELECT id FROM boards)")
   -> 0.0001s
-- execute("DELETE FROM card_activity_spikes WHERE card_id NOT IN (SELECT id FROM cards)")
   -> 0.0001s
-- execute("DELETE FROM card_goldnesses WHERE card_id NOT IN (SELECT id FROM cards)")
   -> 0.0001s
-- execute("DELETE FROM card_not_nows WHERE card_id NOT IN (SELECT id FROM cards)")
   -> 0.0001s
-- execute("DELETE FROM closures WHERE card_id NOT IN (SELECT id FROM cards)")
   -> 0.0001s
-- execute("DELETE FROM entropies WHERE (container_type = 'Account' AND container_id NOT IN (SELECT id FROM accounts)) OR (container_type = 'Board' AND container_id NOT IN (SELECT id FROM boards))")
   -> 0.0001s
-- execute("DELETE FROM mentions WHERE (source_type = 'Card' AND source_id NOT IN (SELECT id FROM cards)) OR (source_type = 'Comment' AND source_id NOT IN (SELECT id FROM comments))")
   -> 0.0001s
-- execute("DELETE FROM pins WHERE card_id NOT IN (SELECT id FROM cards) OR user_id NOT IN (SELECT id FROM users)")
   -> 0.0001s
-- execute("DELETE FROM reactions WHERE (reactable_type = 'Card' AND reactable_id NOT IN (SELECT id FROM cards)) OR (reactable_type = 'Comment' AND reactable_id NOT IN (SELECT id FROM comments))")
   -> 0.0001s
-- execute("DELETE FROM search_queries WHERE user_id NOT IN (SELECT id FROM users)")
   -> 0.0001s
-- execute("DELETE FROM taggings WHERE card_id NOT IN (SELECT id FROM cards) OR tag_id NOT IN (SELECT id FROM tags)")
   -> 0.0001s
-- execute("DELETE FROM user_settings WHERE user_id NOT IN (SELECT id FROM users)")
   -> 0.0001s
-- execute("DELETE FROM watches WHERE card_id NOT IN (SELECT id FROM cards) OR user_id NOT IN (SELECT id FROM users)")
   -> 0.0001s
-- execute("DELETE FROM webhook_delinquency_trackers WHERE webhook_id NOT IN (SELECT id FROM webhooks)")
   -> 0.0001s
-- execute("DELETE FROM webhook_deliveries WHERE webhook_id NOT IN (SELECT id FROM webhooks) OR event_id NOT IN (SELECT id FROM events)")
   -> 0.0001s
-- execute("DELETE FROM active_storage_variant_records WHERE blob_id NOT IN (SELECT id FROM active_storage_blobs)")
   -> 0.0001s
-- execute("DELETE FROM active_storage_blobs WHERE id NOT IN (SELECT blob_id FROM active_storage_attachments)")
   -> 0.0001s
-- execute("DELETE FROM boards WHERE creator_id NOT IN (SELECT id FROM users)")
   -> 0.0001s
-- execute("DELETE FROM cards WHERE board_id NOT IN (SELECT id FROM boards)")
   -> 0.0001s
-- execute("DELETE FROM columns WHERE board_id NOT IN (SELECT id FROM boards)")
   -> 0.0001s
-- execute("DELETE FROM comments WHERE card_id NOT IN (SELECT id FROM cards)")
   -> 0.0001s
-- execute("DELETE FROM events WHERE board_id NOT IN (SELECT id FROM boards)")
   -> 0.0001s
-- execute("DELETE FROM filters WHERE creator_id NOT IN (SELECT id FROM users)")
   -> 0.0001s
-- execute("DELETE FROM notification_bundles WHERE user_id NOT IN (SELECT id FROM users)")
   -> 0.0001s
-- execute("DELETE FROM notifications WHERE user_id NOT IN (SELECT id FROM users)")
   -> 0.0001s
-- execute("DELETE FROM push_subscriptions WHERE user_id NOT IN (SELECT id FROM users)")
   -> 0.0001s
-- execute("DELETE FROM steps WHERE card_id NOT IN (SELECT id FROM cards)")
   -> 0.0001s
-- execute("DELETE FROM webhooks WHERE board_id NOT IN (SELECT id FROM boards)")
   -> 0.0001s
-- change_column_null("accesses", :account_id, false)
   -> 0.0087s
-- change_column_null("active_storage_attachments", :account_id, false)
   -> 0.0059s
-- change_column_null("active_storage_blobs", :account_id, false)
   -> 0.0055s
-- change_column_null("active_storage_variant_records", :account_id, false)
   -> 0.0045s
-- change_column_null("action_text_rich_texts", :account_id, false)
   -> 0.0054s
-- change_column_null("assignments", :account_id, false)
   -> 0.0065s
-- change_column_null("board_publications", :account_id, false)
   -> 0.0062s
-- change_column_null("card_activity_spikes", :account_id, false)
   -> 0.0048s
-- change_column_null("card_goldnesses", :account_id, false)
   -> 0.0049s
-- change_column_null("card_not_nows", :account_id, false)
   -> 0.0061s
-- change_column_null("closures", :account_id, false)
   -> 0.0310s
-- change_column_null("entropies", :account_id, false)
   -> 0.0075s
-- change_column_null("mentions", :account_id, false)
   -> 0.0080s
-- change_column_null("pins", :account_id, false)
   -> 0.0073s
-- change_column_null("reactions", :account_id, false)
   -> 0.0068s
-- change_column_null("search_queries", :account_id, false)
   -> 0.0072s
-- change_column_null("taggings", :account_id, false)
   -> 0.0062s
-- change_column_null("user_settings", :account_id, false)
   -> 0.0062s
-- change_column_null("watches", :account_id, false)
   -> 0.0072s
-- change_column_null("webhook_delinquency_trackers", :account_id, false)
   -> 0.0054s
-- change_column_null("webhook_deliveries", :account_id, false)
   -> 0.0080s
-- change_column_null("account_imports", :account_id, false)
   -> 0.0052s
-- change_column_null("account_join_codes", :account_id, false)
   -> 0.0039s
-- change_column_null("boards", :account_id, false)
   -> 0.0039s
-- change_column_null("cards", :account_id, false)
   -> 0.0095s
-- change_column_null("columns", :account_id, false)
   -> 0.0241s
-- change_column_null("comments", :account_id, false)
   -> 0.0048s
-- change_column_null("events", :account_id, false)
   -> 0.0095s
-- change_column_null("filters", :account_id, false)
   -> 0.0047s
-- change_column_null("notification_bundles", :account_id, false)
   -> 0.0061s
-- change_column_null("notifications", :account_id, false)
   -> 0.0094s
-- change_column_null("push_subscriptions", :account_id, false)
   -> 0.0045s
-- change_column_null("steps", :account_id, false)
   -> 0.0051s
-- change_column_null("tags", :account_id, false)
   -> 0.0036s
-- change_column_null("users", :account_id, false)
   -> 0.0066s
-- change_column_null("webhooks", :account_id, false)
   -> 0.0048s
-- index_exists?("accesses", :account_id)
   -> 0.0004s
-- index_exists?("active_storage_attachments", :account_id)
   -> 0.0009s
-- index_exists?("active_storage_blobs", :account_id)
   -> 0.0002s
-- index_exists?("active_storage_variant_records", :account_id)
   -> 0.0002s
-- index_exists?("action_text_rich_texts", :account_id)
   -> 0.0002s
-- index_exists?("assignments", :account_id)
   -> 0.0002s
-- index_exists?("board_publications", :account_id)
   -> 0.0002s
-- index_exists?("card_activity_spikes", :account_id)
   -> 0.0002s
-- index_exists?("card_goldnesses", :account_id)
   -> 0.0002s
-- index_exists?("card_not_nows", :account_id)
   -> 0.0002s
-- index_exists?("closures", :account_id)
   -> 0.0003s
-- index_exists?("entropies", :account_id)
   -> 0.0002s
-- index_exists?("mentions", :account_id)
   -> 0.0003s
-- index_exists?("pins", :account_id)
   -> 0.0003s
-- index_exists?("reactions", :account_id)
   -> 0.0002s
-- index_exists?("search_queries", :account_id)
   -> 0.0003s
-- index_exists?("taggings", :account_id)
   -> 0.0002s
-- index_exists?("user_settings", :account_id)
   -> 0.0002s
-- index_exists?("watches", :account_id)
   -> 0.0003s
-- index_exists?("webhook_delinquency_trackers", :account_id)
   -> 0.0001s
-- index_exists?("webhook_deliveries", :account_id)
   -> 0.0003s
-- index_exists?("account_imports", :account_id)
   -> 0.0001s
-- index_exists?("account_join_codes", :account_id)
   -> 0.0001s
-- add_index("account_join_codes", :account_id, {if_not_exists: true})
   -> 0.0002s
-- index_exists?("boards", :account_id)
   -> 0.0001s
-- add_index("boards", :account_id, {if_not_exists: true})
   -> 0.0001s
-- index_exists?("cards", :account_id)
   -> 0.0004s
-- add_index("cards", :account_id, {if_not_exists: true})
   -> 0.0001s
-- index_exists?("columns", :account_id)
   -> 0.0002s
-- add_index("columns", :account_id, {if_not_exists: true})
   -> 0.0001s
-- index_exists?("comments", :account_id)
   -> 0.0001s
-- add_index("comments", :account_id, {if_not_exists: true})
   -> 0.0001s
-- index_exists?("events", :account_id)
   -> 0.0004s
-- add_index("events", :account_id, {if_not_exists: true})
   -> 0.0001s
-- index_exists?("filters", :account_id)
   -> 0.0001s
-- add_index("filters", :account_id, {if_not_exists: true})
   -> 0.0001s
-- index_exists?("notification_bundles", :account_id)
   -> 0.0003s
-- add_index("notification_bundles", :account_id, {if_not_exists: true})
   -> 0.0001s
-- index_exists?("notifications", :account_id)
   -> 0.0004s
-- add_index("notifications", :account_id, {if_not_exists: true})
   -> 0.0001s
-- index_exists?("push_subscriptions", :account_id)
   -> 0.0001s
-- add_index("push_subscriptions", :account_id, {if_not_exists: true})
   -> 0.0001s
-- index_exists?("steps", :account_id)
   -> 0.0002s
-- add_index("steps", :account_id, {if_not_exists: true})
   -> 0.0001s
-- index_exists?("tags", :account_id)
   -> 0.0001s
-- add_index("tags", :account_id, {if_not_exists: true})
   -> 0.0001s
-- index_exists?("users", :account_id)
   -> 0.0003s
-- add_index("users", :account_id, {if_not_exists: true})
   -> 0.0001s
-- index_exists?("webhooks", :account_id)
   -> 0.0001s
-- add_index("webhooks", :account_id, {if_not_exists: true})
   -> 0.0001s
== 20260710000000 AddAccountIdToRemainingTables: migrated (0.3093s) ===========

== 20260711000000 FixTagsUniqueIndex: migrating ===============================
-- index_exists?(:tags, :title, {name: "index_tags_on_title"})
   -> 0.0003s
-- remove_index(:tags, {name: "index_tags_on_title"})
   -> 0.0002s
-- add_index(:tags, [:account_id, :title], {unique: true, if_not_exists: true})
   -> 0.0002s
== 20260711000000 FixTagsUniqueIndex: migrated (0.0007s) ======================

== 20260711000000 FixTagsUniqueIndex: reverting ===============================
-- index_exists?(:tags, [:account_id, :title])
   -> 0.0010s
-- remove_index(:tags, {column: [:account_id, :title]})
   -> 0.0013s
-- add_index(:tags, :title, {unique: true, if_not_exists: true})
   -> 0.0008s
== 20260711000000 FixTagsUniqueIndex: reverted (0.0032s) ======================

== 20260710000000 AddAccountIdToRemainingTables: reverting ====================
-- index_exists?("accesses", :account_id)
   -> 0.0011s
-- remove_index("accesses", :account_id)
   -> 0.0020s
-- index_exists?("active_storage_attachments", :account_id)
   -> 0.0003s
-- remove_index("active_storage_attachments", :account_id)
   -> 0.0005s
-- index_exists?("active_storage_blobs", :account_id)
   -> 0.0011s
-- remove_index("active_storage_blobs", :account_id)
   -> 0.0015s
-- index_exists?("active_storage_variant_records", :account_id)
   -> 0.0009s
-- remove_index("active_storage_variant_records", :account_id)
   -> 0.0010s
-- index_exists?("action_text_rich_texts", :account_id)
   -> 0.0002s
-- remove_index("action_text_rich_texts", :account_id)
   -> 0.0008s
-- index_exists?("assignments", :account_id)
   -> 0.0015s
-- remove_index("assignments", :account_id)
   -> 0.0012s
-- index_exists?("board_publications", :account_id)
   -> 0.0016s
-- remove_index("board_publications", :account_id)
   -> 0.0004s
-- index_exists?("card_activity_spikes", :account_id)
   -> 0.0002s
-- remove_index("card_activity_spikes", :account_id)
   -> 0.0016s
-- index_exists?("card_goldnesses", :account_id)
   -> 0.0008s
-- remove_index("card_goldnesses", :account_id)
   -> 0.0009s
-- index_exists?("card_not_nows", :account_id)
   -> 0.0003s
-- remove_index("card_not_nows", :account_id)
   -> 0.0010s
-- index_exists?("closures", :account_id)
   -> 0.0016s
-- remove_index("closures", :account_id)
   -> 0.0012s
-- index_exists?("entropies", :account_id)
   -> 0.0003s
-- remove_index("entropies", :account_id)
   -> 0.0018s
-- index_exists?("mentions", :account_id)
   -> 0.0015s
-- remove_index("mentions", :account_id)
   -> 0.0006s
-- index_exists?("pins", :account_id)
   -> 0.0010s
-- remove_index("pins", :account_id)
   -> 0.0010s
-- index_exists?("reactions", :account_id)
   -> 0.0010s
-- remove_index("reactions", :account_id)
   -> 0.0007s
-- index_exists?("search_queries", :account_id)
   -> 0.0006s
-- remove_index("search_queries", :account_id)
   -> 0.0008s
-- index_exists?("taggings", :account_id)
   -> 0.0006s
-- remove_index("taggings", :account_id)
   -> 0.0010s
-- index_exists?("user_settings", :account_id)
   -> 0.0008s
-- remove_index("user_settings", :account_id)
   -> 0.0008s
-- index_exists?("watches", :account_id)
   -> 0.0007s
-- remove_index("watches", :account_id)
   -> 0.0017s
-- index_exists?("webhook_delinquency_trackers", :account_id)
   -> 0.0003s
-- remove_index("webhook_delinquency_trackers", :account_id)
   -> 0.0008s
-- index_exists?("webhook_deliveries", :account_id)
   -> 0.0015s
-- remove_index("webhook_deliveries", :account_id)
   -> 0.0019s
-- index_exists?("account_imports", :account_id)
   -> 0.0008s
-- index_exists?("account_join_codes", :account_id)
   -> 0.0015s
-- index_exists?("boards", :account_id)
   -> 0.0009s
-- index_exists?("cards", :account_id)
   -> 0.0015s
-- index_exists?("columns", :account_id)
   -> 0.0006s
-- index_exists?("comments", :account_id)
   -> 0.0004s
-- index_exists?("events", :account_id)
   -> 0.0011s
-- index_exists?("filters", :account_id)
   -> 0.0004s
-- index_exists?("notification_bundles", :account_id)
   -> 0.0022s
-- index_exists?("notifications", :account_id)
   -> 0.0005s
-- index_exists?("push_subscriptions", :account_id)
   -> 0.0002s
-- index_exists?("steps", :account_id)
   -> 0.0002s
-- index_exists?("tags", :account_id)
   -> 0.0002s
-- index_exists?("users", :account_id)
   -> 0.0003s
-- index_exists?("webhooks", :account_id)
   -> 0.0002s
-- change_column_null("accesses", :account_id, true)
   -> 0.0098s
-- change_column_null("active_storage_attachments", :account_id, true)
   -> 0.0056s
-- change_column_null("active_storage_blobs", :account_id, true)
   -> 0.0048s
-- change_column_null("active_storage_variant_records", :account_id, true)
   -> 0.0038s
-- change_column_null("action_text_rich_texts", :account_id, true)
   -> 0.0044s
-- change_column_null("assignments", :account_id, true)
   -> 0.0053s
-- change_column_null("board_publications", :account_id, true)
   -> 0.0054s
-- change_column_null("card_activity_spikes", :account_id, true)
   -> 0.0050s
-- change_column_null("card_goldnesses", :account_id, true)
   -> 0.0047s
-- change_column_null("card_not_nows", :account_id, true)
   -> 0.0056s
-- change_column_null("closures", :account_id, true)
   -> 0.0055s
-- change_column_null("entropies", :account_id, true)
   -> 0.0050s
-- change_column_null("mentions", :account_id, true)
   -> 0.0063s
-- change_column_null("pins", :account_id, true)
   -> 0.0058s
-- change_column_null("reactions", :account_id, true)
   -> 0.0055s
-- change_column_null("search_queries", :account_id, true)
   -> 0.0060s
-- change_column_null("taggings", :account_id, true)
   -> 0.0050s
-- change_column_null("user_settings", :account_id, true)
   -> 0.0068s
-- change_column_null("watches", :account_id, true)
   -> 0.0073s
-- change_column_null("webhook_delinquency_trackers", :account_id, true)
   -> 0.0043s
-- change_column_null("webhook_deliveries", :account_id, true)
   -> 0.0069s
-- change_column_null("account_imports", :account_id, true)
   -> 0.0055s
-- change_column_null("account_join_codes", :account_id, true)
   -> 0.0053s
-- change_column_null("boards", :account_id, true)
   -> 0.0053s
-- change_column_null("cards", :account_id, true)
   -> 0.0318s
-- change_column_null("columns", :account_id, true)
   -> 0.0071s
-- change_column_null("comments", :account_id, true)
   -> 0.0050s
-- change_column_null("events", :account_id, true)
   -> 0.0106s
-- change_column_null("filters", :account_id, true)
   -> 0.0053s
-- change_column_null("notification_bundles", :account_id, true)
   -> 0.0070s
-- change_column_null("notifications", :account_id, true)
   -> 0.0107s
-- change_column_null("push_subscriptions", :account_id, true)
   -> 0.0056s
-- change_column_null("steps", :account_id, true)
   -> 0.0060s
-- change_column_null("tags", :account_id, true)
   -> 0.0046s
-- change_column_null("users", :account_id, true)
   -> 0.0078s
-- change_column_null("webhooks", :account_id, true)
   -> 0.0056s
-- column_exists?("accesses", :account_id)
   -> 0.0003s
-- remove_reference("accesses", :account)
   -> 0.0069s
-- column_exists?("active_storage_attachments", :account_id)
   -> 0.0003s
-- remove_reference("active_storage_attachments", :account)
   -> 0.0049s
-- column_exists?("active_storage_blobs", :account_id)
   -> 0.0003s
-- remove_reference("active_storage_blobs", :account)
   -> 0.0044s
-- column_exists?("active_storage_variant_records", :account_id)
   -> 0.0002s
-- remove_reference("active_storage_variant_records", :account)
   -> 0.0035s
-- column_exists?("action_text_rich_texts", :account_id)
   -> 0.0003s
-- remove_reference("action_text_rich_texts", :account)
   -> 0.0041s
-- column_exists?("assignments", :account_id)
   -> 0.0003s
-- remove_reference("assignments", :account)
   -> 0.0049s
-- column_exists?("board_publications", :account_id)
   -> 0.0003s
-- remove_reference("board_publications", :account)
   -> 0.0047s
-- column_exists?("card_activity_spikes", :account_id)
   -> 0.0002s
-- remove_reference("card_activity_spikes", :account)
   -> 0.0193s
-- column_exists?("card_goldnesses", :account_id)
   -> 0.0002s
-- remove_reference("card_goldnesses", :account)
   -> 0.0043s
-- column_exists?("card_not_nows", :account_id)
   -> 0.0002s
-- remove_reference("card_not_nows", :account)
   -> 0.0049s
-- column_exists?("closures", :account_id)
   -> 0.0007s
-- remove_reference("closures", :account)
   -> 0.0060s
-- column_exists?("entropies", :account_id)
   -> 0.0003s
-- remove_reference("entropies", :account)
   -> 0.0058s
-- column_exists?("mentions", :account_id)
   -> 0.0003s
-- remove_reference("mentions", :account)
   -> 0.0064s
-- column_exists?("pins", :account_id)
   -> 0.0003s
-- remove_reference("pins", :account)
   -> 0.0056s
-- column_exists?("reactions", :account_id)
   -> 0.0003s
-- remove_reference("reactions", :account)
   -> 0.0052s
-- column_exists?("search_queries", :account_id)
   -> 0.0002s
-- remove_reference("search_queries", :account)
   -> 0.0059s
-- column_exists?("taggings", :account_id)
   -> 0.0002s
-- remove_reference("taggings", :account)
   -> 0.0048s
-- column_exists?("user_settings", :account_id)
   -> 0.0003s
-- remove_reference("user_settings", :account)
   -> 0.0056s
-- column_exists?("watches", :account_id)
   -> 0.0003s
-- remove_reference("watches", :account)
   -> 0.0062s
-- column_exists?("webhook_delinquency_trackers", :account_id)
   -> 0.0003s
-- remove_reference("webhook_delinquency_trackers", :account)
   -> 0.0040s
-- column_exists?("webhook_deliveries", :account_id)
   -> 0.0005s
-- remove_reference("webhook_deliveries", :account)
   -> 0.0065s
== 20260710000000 AddAccountIdToRemainingTables: reverted (0.4286s) ===========

== 20260710000000 AddAccountIdToRemainingTables: migrating ====================
-- column_exists?("accesses", :account_id)
   -> 0.0018s
-- add_reference("accesses", :account, {type: :uuid})
   -> 0.0024s
-- column_exists?("active_storage_attachments", :account_id)
   -> 0.0015s
-- add_reference("active_storage_attachments", :account, {type: :uuid})
   -> 0.0009s
-- column_exists?("active_storage_blobs", :account_id)
   -> 0.0015s
-- add_reference("active_storage_blobs", :account, {type: :uuid})
   -> 0.0015s
-- column_exists?("active_storage_variant_records", :account_id)
   -> 0.0008s
-- add_reference("active_storage_variant_records", :account, {type: :uuid})
   -> 0.0008s
-- column_exists?("action_text_rich_texts", :account_id)
   -> 0.0009s
-- add_reference("action_text_rich_texts", :account, {type: :uuid})
   -> 0.0013s
-- column_exists?("assignments", :account_id)
   -> 0.0008s
-- add_reference("assignments", :account, {type: :uuid})
   -> 0.0013s
-- column_exists?("board_publications", :account_id)
   -> 0.0012s
-- add_reference("board_publications", :account, {type: :uuid})
   -> 0.0009s
-- column_exists?("card_activity_spikes", :account_id)
   -> 0.0005s
-- add_reference("card_activity_spikes", :account, {type: :uuid})
   -> 0.0009s
-- column_exists?("card_goldnesses", :account_id)
   -> 0.0008s
-- add_reference("card_goldnesses", :account, {type: :uuid})
   -> 0.0013s
-- column_exists?("card_not_nows", :account_id)
   -> 0.0009s
-- add_reference("card_not_nows", :account, {type: :uuid})
   -> 0.0015s
-- column_exists?("closures", :account_id)
   -> 0.0013s
-- add_reference("closures", :account, {type: :uuid})
   -> 0.0008s
-- column_exists?("entropies", :account_id)
   -> 0.0013s
-- add_reference("entropies", :account, {type: :uuid})
   -> 0.0009s
-- column_exists?("mentions", :account_id)
   -> 0.0013s
-- add_reference("mentions", :account, {type: :uuid})
   -> 0.0011s
-- column_exists?("pins", :account_id)
   -> 0.0008s
-- add_reference("pins", :account, {type: :uuid})
   -> 0.0018s
-- column_exists?("reactions", :account_id)
   -> 0.0009s
-- add_reference("reactions", :account, {type: :uuid})
   -> 0.0009s
-- column_exists?("search_queries", :account_id)
   -> 0.0013s
-- add_reference("search_queries", :account, {type: :uuid})
   -> 0.0015s
-- column_exists?("taggings", :account_id)
   -> 0.0009s
-- add_reference("taggings", :account, {type: :uuid})
   -> 0.0015s
-- column_exists?("user_settings", :account_id)
   -> 0.0003s
-- add_reference("user_settings", :account, {type: :uuid})
   -> 0.0022s
-- column_exists?("watches", :account_id)
   -> 0.0015s
-- add_reference("watches", :account, {type: :uuid})
   -> 0.0016s
-- column_exists?("webhook_delinquency_trackers", :account_id)
   -> 0.0009s
-- add_reference("webhook_delinquency_trackers", :account, {type: :uuid})
   -> 0.0009s
-- column_exists?("webhook_deliveries", :account_id)
   -> 0.0030s
-- add_reference("webhook_deliveries", :account, {type: :uuid})
   -> 0.0017s
-- execute("UPDATE boards SET account_id = (SELECT account_id FROM users WHERE users.id = boards.creator_id) WHERE account_id IS NULL")
   -> 0.0001s
-- execute("UPDATE cards SET account_id = (SELECT account_id FROM boards WHERE boards.id = cards.board_id) WHERE account_id IS NULL")
   -> 0.0001s
-- execute("UPDATE columns SET account_id = (SELECT account_id FROM boards WHERE boards.id = columns.board_id) WHERE account_id IS NULL")
   -> 0.0001s
-- execute("UPDATE comments SET account_id = (SELECT account_id FROM cards WHERE cards.id = comments.card_id) WHERE account_id IS NULL")
   -> 0.0001s
-- execute("UPDATE events SET account_id = (SELECT account_id FROM boards WHERE boards.id = events.board_id) WHERE account_id IS NULL")
   -> 0.0005s
-- execute("UPDATE filters SET account_id = (SELECT account_id FROM users WHERE users.id = filters.creator_id) WHERE account_id IS NULL")
   -> 0.0002s
-- execute("UPDATE notification_bundles SET account_id = (SELECT account_id FROM users WHERE users.id = notification_bundles.user_id) WHERE account_id IS NULL")
   -> 0.0001s
-- execute("UPDATE notifications SET account_id = (SELECT account_id FROM users WHERE users.id = notifications.user_id) WHERE account_id IS NULL")
   -> 0.0001s
-- execute("UPDATE push_subscriptions SET account_id = (SELECT account_id FROM users WHERE users.id = push_subscriptions.user_id) WHERE account_id IS NULL")
   -> 0.0001s
-- execute("UPDATE steps SET account_id = (SELECT account_id FROM cards WHERE cards.id = steps.card_id) WHERE account_id IS NULL")
   -> 0.0005s
-- execute("UPDATE webhooks SET account_id = (SELECT account_id FROM boards WHERE boards.id = webhooks.board_id) WHERE account_id IS NULL")
   -> 0.0007s
-- execute("UPDATE accesses SET account_id = (SELECT account_id FROM boards WHERE boards.id = accesses.board_id) WHERE account_id IS NULL")
   -> 0.0007s
-- execute("UPDATE assignments SET account_id = (SELECT account_id FROM cards WHERE cards.id = assignments.card_id) WHERE account_id IS NULL")
   -> 0.0001s
-- execute("UPDATE board_publications SET account_id = (SELECT account_id FROM boards WHERE boards.id = board_publications.board_id) WHERE account_id IS NULL")
   -> 0.0001s
-- execute("UPDATE card_activity_spikes SET account_id = (SELECT account_id FROM cards WHERE cards.id = card_activity_spikes.card_id) WHERE account_id IS NULL")
   -> 0.0001s
-- execute("UPDATE card_goldnesses SET account_id = (SELECT account_id FROM cards WHERE cards.id = card_goldnesses.card_id) WHERE account_id IS NULL")
   -> 0.0001s
-- execute("UPDATE card_not_nows SET account_id = (SELECT account_id FROM cards WHERE cards.id = card_not_nows.card_id) WHERE account_id IS NULL")
   -> 0.0004s
-- execute("UPDATE closures SET account_id = (SELECT account_id FROM cards WHERE cards.id = closures.card_id) WHERE account_id IS NULL")
   -> 0.0001s
-- execute("UPDATE entropies SET account_id = container_id WHERE account_id IS NULL AND container_type = 'Account'")
   -> 0.0001s
-- execute("UPDATE entropies SET account_id = (SELECT account_id FROM boards WHERE boards.id = entropies.container_id) WHERE account_id IS NULL AND container_type = 'Board'")
   -> 0.0001s
-- execute("UPDATE mentions SET account_id = (SELECT account_id FROM cards WHERE cards.id = mentions.source_id) WHERE account_id IS NULL AND source_type = 'Card'")
   -> 0.0001s
-- execute("UPDATE mentions SET account_id = (SELECT account_id FROM comments WHERE comments.id = mentions.source_id) WHERE account_id IS NULL AND source_type = 'Comment'")
   -> 0.0001s
-- execute("UPDATE pins SET account_id = (SELECT account_id FROM cards WHERE cards.id = pins.card_id) WHERE account_id IS NULL")
   -> 0.0004s
-- execute("UPDATE reactions SET account_id = (SELECT account_id FROM cards WHERE cards.id = reactions.reactable_id) WHERE account_id IS NULL AND reactable_type = 'Card'")
   -> 0.0001s
-- execute("UPDATE reactions SET account_id = (SELECT account_id FROM comments WHERE comments.id = reactions.reactable_id) WHERE account_id IS NULL AND reactable_type = 'Comment'")
   -> 0.0001s
-- execute("UPDATE search_queries SET account_id = (SELECT account_id FROM users WHERE users.id = search_queries.user_id) WHERE account_id IS NULL")
   -> 0.0001s
-- execute("UPDATE taggings SET account_id = (SELECT account_id FROM cards WHERE cards.id = taggings.card_id) WHERE account_id IS NULL")
   -> 0.0004s
-- execute("UPDATE user_settings SET account_id = (SELECT account_id FROM users WHERE users.id = user_settings.user_id) WHERE account_id IS NULL")
   -> 0.0001s
-- execute("UPDATE watches SET account_id = (SELECT account_id FROM cards WHERE cards.id = watches.card_id) WHERE account_id IS NULL")
   -> 0.0001s
-- execute("UPDATE webhook_delinquency_trackers SET account_id = (SELECT account_id FROM webhooks WHERE webhooks.id = webhook_delinquency_trackers.webhook_id) WHERE account_id IS NULL")
   -> 0.0001s
-- execute("UPDATE webhook_deliveries SET account_id = (SELECT account_id FROM webhooks WHERE webhooks.id = webhook_deliveries.webhook_id) WHERE account_id IS NULL")
   -> 0.0001s
-- execute("UPDATE action_text_rich_texts SET account_id = (SELECT account_id FROM cards WHERE cards.id = action_text_rich_texts.record_id) WHERE account_id IS NULL AND record_type = 'Card'")
   -> 0.0001s
-- execute("UPDATE action_text_rich_texts SET account_id = (SELECT account_id FROM comments WHERE comments.id = action_text_rich_texts.record_id) WHERE account_id IS NULL AND record_type = 'Comment'")
   -> 0.0001s
-- execute("UPDATE action_text_rich_texts SET account_id = (SELECT account_id FROM boards WHERE boards.id = action_text_rich_texts.record_id) WHERE account_id IS NULL AND record_type = 'Board'")
   -> 0.0001s
-- execute("UPDATE active_storage_attachments SET account_id = (SELECT account_id FROM cards WHERE cards.id = active_storage_attachments.record_id) WHERE account_id IS NULL AND record_type = 'Card'")
   -> 0.0001s
-- execute("UPDATE active_storage_attachments SET account_id = (SELECT account_id FROM comments WHERE comments.id = active_storage_attachments.record_id) WHERE account_id IS NULL AND record_type = 'Comment'")
   -> 0.0001s
-- execute("UPDATE active_storage_attachments SET account_id = (SELECT account_id FROM boards WHERE boards.id = active_storage_attachments.record_id) WHERE account_id IS NULL AND record_type = 'Board'")
   -> 0.0005s
-- execute("UPDATE active_storage_attachments SET account_id = (SELECT account_id FROM users WHERE users.id = active_storage_attachments.record_id) WHERE account_id IS NULL AND record_type = 'User'")
   -> 0.0003s
-- execute("UPDATE active_storage_attachments SET account_id = (SELECT account_id FROM exports WHERE exports.id = active_storage_attachments.record_id) WHERE account_id IS NULL AND record_type = 'Export'")
   -> 0.0001s
-- execute("UPDATE active_storage_attachments SET account_id = (SELECT account_id FROM account_imports WHERE account_imports.id = active_storage_attachments.record_id) WHERE account_id IS NULL AND record_type = 'Account::Import'")
   -> 0.0003s
-- execute("UPDATE active_storage_attachments SET account_id = (SELECT account_id FROM action_text_rich_texts WHERE action_text_rich_texts.id = active_storage_attachments.record_id) WHERE account_id IS NULL AND record_type = 'ActionText::RichText'")
   -> 0.0001s
-- execute("UPDATE active_storage_blobs SET account_id = (SELECT account_id FROM active_storage_attachments WHERE active_storage_attachments.blob_id = active_storage_blobs.id AND active_storage_attachments.account_id IS NOT NULL LIMIT 1) WHERE account_id IS NULL")
   -> 0.0001s
-- execute("UPDATE active_storage_variant_records SET account_id = (SELECT account_id FROM active_storage_blobs WHERE active_storage_blobs.id = active_storage_variant_records.blob_id) WHERE account_id IS NULL")
   -> 0.0001s
-- execute("DELETE FROM \"accesses\" WHERE account_id IS NULL")
   -> 0.0001s
-- execute("DELETE FROM \"active_storage_attachments\" WHERE account_id IS NULL")
   -> 0.0003s
-- execute("DELETE FROM \"active_storage_blobs\" WHERE account_id IS NULL")
   -> 0.0001s
-- execute("DELETE FROM \"active_storage_variant_records\" WHERE account_id IS NULL")
   -> 0.0001s
-- execute("DELETE FROM \"action_text_rich_texts\" WHERE account_id IS NULL")
   -> 0.0001s
-- execute("DELETE FROM \"assignments\" WHERE account_id IS NULL")
   -> 0.0004s
-- execute("DELETE FROM \"board_publications\" WHERE account_id IS NULL")
   -> 0.0001s
-- execute("DELETE FROM \"card_activity_spikes\" WHERE account_id IS NULL")
   -> 0.0001s
-- execute("DELETE FROM \"card_goldnesses\" WHERE account_id IS NULL")
   -> 0.0001s
-- execute("DELETE FROM \"card_not_nows\" WHERE account_id IS NULL")
   -> 0.0001s
-- execute("DELETE FROM \"closures\" WHERE account_id IS NULL")
   -> 0.0004s
-- execute("DELETE FROM \"entropies\" WHERE account_id IS NULL")
   -> 0.0001s
-- execute("DELETE FROM \"mentions\" WHERE account_id IS NULL")
   -> 0.0005s
-- execute("DELETE FROM \"pins\" WHERE account_id IS NULL")
   -> 0.0001s
-- execute("DELETE FROM \"reactions\" WHERE account_id IS NULL")
   -> 0.0001s
-- execute("DELETE FROM \"search_queries\" WHERE account_id IS NULL")
   -> 0.0004s
-- execute("DELETE FROM \"taggings\" WHERE account_id IS NULL")
   -> 0.0001s
-- execute("DELETE FROM \"user_settings\" WHERE account_id IS NULL")
   -> 0.0001s
-- execute("DELETE FROM \"watches\" WHERE account_id IS NULL")
   -> 0.0001s
-- execute("DELETE FROM \"webhook_delinquency_trackers\" WHERE account_id IS NULL")
   -> 0.0001s
-- execute("DELETE FROM \"webhook_deliveries\" WHERE account_id IS NULL")
   -> 0.0004s
-- execute("DELETE FROM \"account_imports\" WHERE account_id IS NULL")
   -> 0.0001s
-- execute("DELETE FROM \"account_join_codes\" WHERE account_id IS NULL")
   -> 0.0001s
-- execute("DELETE FROM \"boards\" WHERE account_id IS NULL")
   -> 0.0001s
-- execute("DELETE FROM \"cards\" WHERE account_id IS NULL")
   -> 0.0001s
-- execute("DELETE FROM \"columns\" WHERE account_id IS NULL")
   -> 0.0001s
-- execute("DELETE FROM \"comments\" WHERE account_id IS NULL")
   -> 0.0001s
-- execute("DELETE FROM \"events\" WHERE account_id IS NULL")
   -> 0.0001s
-- execute("DELETE FROM \"filters\" WHERE account_id IS NULL")
   -> 0.0001s
-- execute("DELETE FROM \"notification_bundles\" WHERE account_id IS NULL")
   -> 0.0001s
-- execute("DELETE FROM \"notifications\" WHERE account_id IS NULL")
   -> 0.0005s
-- execute("DELETE FROM \"push_subscriptions\" WHERE account_id IS NULL")
   -> 0.0009s
-- execute("DELETE FROM \"steps\" WHERE account_id IS NULL")
   -> 0.0001s
-- execute("DELETE FROM \"tags\" WHERE account_id IS NULL")
   -> 0.0001s
-- execute("DELETE FROM \"users\" WHERE account_id IS NULL")
   -> 0.0001s
-- execute("DELETE FROM \"webhooks\" WHERE account_id IS NULL")
   -> 0.0001s
-- execute("DELETE FROM accesses WHERE board_id NOT IN (SELECT id FROM boards) OR user_id NOT IN (SELECT id FROM users)")
   -> 0.0006s
-- execute("DELETE FROM assignments WHERE card_id NOT IN (SELECT id FROM cards)")
   -> 0.0001s
-- execute("DELETE FROM board_publications WHERE board_id NOT IN (SELECT id FROM boards)")
   -> 0.0001s
-- execute("DELETE FROM card_activity_spikes WHERE card_id NOT IN (SELECT id FROM cards)")
   -> 0.0007s
-- execute("DELETE FROM card_goldnesses WHERE card_id NOT IN (SELECT id FROM cards)")
   -> 0.0001s
-- execute("DELETE FROM card_not_nows WHERE card_id NOT IN (SELECT id FROM cards)")
   -> 0.0007s
-- execute("DELETE FROM closures WHERE card_id NOT IN (SELECT id FROM cards)")
   -> 0.0001s
-- execute("DELETE FROM entropies WHERE (container_type = 'Account' AND container_id NOT IN (SELECT id FROM accounts)) OR (container_type = 'Board' AND container_id NOT IN (SELECT id FROM boards))")
   -> 0.0001s
-- execute("DELETE FROM mentions WHERE (source_type = 'Card' AND source_id NOT IN (SELECT id FROM cards)) OR (source_type = 'Comment' AND source_id NOT IN (SELECT id FROM comments))")
   -> 0.0001s
-- execute("DELETE FROM pins WHERE card_id NOT IN (SELECT id FROM cards) OR user_id NOT IN (SELECT id FROM users)")
   -> 0.0001s
-- execute("DELETE FROM reactions WHERE (reactable_type = 'Card' AND reactable_id NOT IN (SELECT id FROM cards)) OR (reactable_type = 'Comment' AND reactable_id NOT IN (SELECT id FROM comments))")
   -> 0.0001s
-- execute("DELETE FROM search_queries WHERE user_id NOT IN (SELECT id FROM users)")
   -> 0.0001s
-- execute("DELETE FROM taggings WHERE card_id NOT IN (SELECT id FROM cards) OR tag_id NOT IN (SELECT id FROM tags)")
   -> 0.0006s
-- execute("DELETE FROM user_settings WHERE user_id NOT IN (SELECT id FROM users)")
   -> 0.0001s
-- execute("DELETE FROM watches WHERE card_id NOT IN (SELECT id FROM cards) OR user_id NOT IN (SELECT id FROM users)")
   -> 0.0001s
-- execute("DELETE FROM webhook_delinquency_trackers WHERE webhook_id NOT IN (SELECT id FROM webhooks)")
   -> 0.0001s
-- execute("DELETE FROM webhook_deliveries WHERE webhook_id NOT IN (SELECT id FROM webhooks) OR event_id NOT IN (SELECT id FROM events)")
   -> 0.0001s
-- execute("DELETE FROM active_storage_variant_records WHERE blob_id NOT IN (SELECT id FROM active_storage_blobs)")
   -> 0.0013s
-- execute("DELETE FROM active_storage_blobs WHERE id NOT IN (SELECT blob_id FROM active_storage_attachments)")
   -> 0.0001s
-- execute("DELETE FROM boards WHERE creator_id NOT IN (SELECT id FROM users)")
   -> 0.0001s
-- execute("DELETE FROM cards WHERE board_id NOT IN (SELECT id FROM boards)")
   -> 0.0001s
-- execute("DELETE FROM columns WHERE board_id NOT IN (SELECT id FROM boards)")
   -> 0.0008s
-- execute("DELETE FROM comments WHERE card_id NOT IN (SELECT id FROM cards)")
   -> 0.0001s
-- execute("DELETE FROM events WHERE board_id NOT IN (SELECT id FROM boards)")
   -> 0.0001s
-- execute("DELETE FROM filters WHERE creator_id NOT IN (SELECT id FROM users)")
   -> 0.0001s
-- execute("DELETE FROM notification_bundles WHERE user_id NOT IN (SELECT id FROM users)")
   -> 0.0001s
-- execute("DELETE FROM notifications WHERE user_id NOT IN (SELECT id FROM users)")
   -> 0.0007s
-- execute("DELETE FROM push_subscriptions WHERE user_id NOT IN (SELECT id FROM users)")
   -> 0.0001s
-- execute("DELETE FROM steps WHERE card_id NOT IN (SELECT id FROM cards)")
   -> 0.0001s
-- execute("DELETE FROM webhooks WHERE board_id NOT IN (SELECT id FROM boards)")
   -> 0.0001s
-- change_column_null("accesses", :account_id, false)
   -> 0.0144s
-- change_column_null("active_storage_attachments", :account_id, false)
   -> 0.0074s
-- change_column_null("active_storage_blobs", :account_id, false)
   -> 0.0066s
-- change_column_null("active_storage_variant_records", :account_id, false)
   -> 0.0049s
-- change_column_null("action_text_rich_texts", :account_id, false)
   -> 0.0054s
-- change_column_null("assignments", :account_id, false)
   -> 0.0065s
-- change_column_null("board_publications", :account_id, false)
   -> 0.0069s
-- change_column_null("card_activity_spikes", :account_id, false)
   -> 0.0061s
-- change_column_null("card_goldnesses", :account_id, false)
   -> 0.0062s
-- change_column_null("card_not_nows", :account_id, false)
   -> 0.0058s
-- change_column_null("closures", :account_id, false)
   -> 0.0068s
-- change_column_null("entropies", :account_id, false)
   -> 0.0063s
-- change_column_null("mentions", :account_id, false)
   -> 0.0075s
-- change_column_null("pins", :account_id, false)
   -> 0.0071s
-- change_column_null("reactions", :account_id, false)
   -> 0.0066s
-- change_column_null("search_queries", :account_id, false)
   -> 0.0070s
-- change_column_null("taggings", :account_id, false)
   -> 0.0061s
-- change_column_null("user_settings", :account_id, false)
   -> 0.0066s
-- change_column_null("watches", :account_id, false)
   -> 0.0074s
-- change_column_null("webhook_delinquency_trackers", :account_id, false)
   -> 0.0054s
-- change_column_null("webhook_deliveries", :account_id, false)
   -> 0.0099s
-- change_column_null("account_imports", :account_id, false)
   -> 0.0277s
-- change_column_null("account_join_codes", :account_id, false)
   -> 0.0060s
-- change_column_null("boards", :account_id, false)
   -> 0.0055s
-- change_column_null("cards", :account_id, false)
   -> 0.0123s
-- change_column_null("columns", :account_id, false)
   -> 0.0067s
-- change_column_null("comments", :account_id, false)
   -> 0.0048s
-- change_column_null("events", :account_id, false)
   -> 0.0107s
-- change_column_null("filters", :account_id, false)
   -> 0.0056s
-- change_column_null("notification_bundles", :account_id, false)
   -> 0.0072s
-- change_column_null("notifications", :account_id, false)
   -> 0.0108s
-- change_column_null("push_subscriptions", :account_id, false)
   -> 0.0059s
-- change_column_null("steps", :account_id, false)
   -> 0.0061s
-- change_column_null("tags", :account_id, false)
   -> 0.0045s
-- change_column_null("users", :account_id, false)
   -> 0.0073s
-- change_column_null("webhooks", :account_id, false)
   -> 0.0057s
-- index_exists?("accesses", :account_id)
   -> 0.0004s
-- index_exists?("active_storage_attachments", :account_id)
   -> 0.0003s
-- index_exists?("active_storage_blobs", :account_id)
   -> 0.0002s
-- index_exists?("active_storage_variant_records", :account_id)
   -> 0.0002s
-- index_exists?("action_text_rich_texts", :account_id)
   -> 0.0002s
-- index_exists?("assignments", :account_id)
   -> 0.0002s
-- index_exists?("board_publications", :account_id)
   -> 0.0002s
-- index_exists?("card_activity_spikes", :account_id)
   -> 0.0002s
-- index_exists?("card_goldnesses", :account_id)
   -> 0.0002s
-- index_exists?("card_not_nows", :account_id)
   -> 0.0002s
-- index_exists?("closures", :account_id)
   -> 0.0003s
-- index_exists?("entropies", :account_id)
   -> 0.0002s
-- index_exists?("mentions", :account_id)
   -> 0.0003s
-- index_exists?("pins", :account_id)
   -> 0.0003s
-- index_exists?("reactions", :account_id)
   -> 0.0002s
-- index_exists?("search_queries", :account_id)
   -> 0.0003s
-- index_exists?("taggings", :account_id)
   -> 0.0002s
-- index_exists?("user_settings", :account_id)
   -> 0.0002s
-- index_exists?("watches", :account_id)
   -> 0.0003s
-- index_exists?("webhook_delinquency_trackers", :account_id)
   -> 0.0002s
-- index_exists?("webhook_deliveries", :account_id)
   -> 0.0003s
-- index_exists?("account_imports", :account_id)
   -> 0.0002s
-- index_exists?("account_join_codes", :account_id)
   -> 0.0002s
-- index_exists?("boards", :account_id)
   -> 0.0002s
-- index_exists?("cards", :account_id)
   -> 0.0004s
-- index_exists?("columns", :account_id)
   -> 0.0002s
-- index_exists?("comments", :account_id)
   -> 0.0002s
-- index_exists?("events", :account_id)
   -> 0.0005s
-- index_exists?("filters", :account_id)
   -> 0.0002s
-- index_exists?("notification_bundles", :account_id)
   -> 0.0003s
-- index_exists?("notifications", :account_id)
   -> 0.0004s
-- index_exists?("push_subscriptions", :account_id)
   -> 0.0002s
-- index_exists?("steps", :account_id)
   -> 0.0002s
-- index_exists?("tags", :account_id)
   -> 0.0002s
-- index_exists?("users", :account_id)
   -> 0.0003s
-- index_exists?("webhooks", :account_id)
   -> 0.0002s
== 20260710000000 AddAccountIdToRemainingTables: migrated (0.3598s) ===========

== 20260711000000 FixTagsUniqueIndex: migrating ===============================
-- index_exists?(:tags, :title, {name: "index_tags_on_title"})
   -> 0.0003s
-- remove_index(:tags, {name: "index_tags_on_title"})
   -> 0.0002s
-- add_index(:tags, [:account_id, :title], {unique: true, if_not_exists: true})
   -> 0.0002s
== 20260711000000 FixTagsUniqueIndex: migrated (0.0008s) ======================

F

Failure:
VerifierTest#test_every_row_gets_its_account_when_the_rollout_runs_on_a_live_database,_and_keeps_it_through_a_rollback [/tests/verification_test.rb:81]:
Expected ["active_storage_blobs 03gtyy2go7900hfjwsvzltauc: gone, expected 03gtyy2gggbtc7zbo6ht3blup", "active_storage_attachments 03gtyy2go764ivvaklaa8i85n: gone, expected 03gtyy2gggbtc7zbo6ht3blup", "active_storage_blobs 03gtyy2gsb450spfrktrqxmte: gone, expected 03gtyy2goyprg94rgjo3tr299", "active_storage_attachments 03gtyy2gsgd6a70etljptejjm: gone, expected 03gtyy2goyprg94rgjo3tr299"] to be empty.

bin/rails test /tests/verification_test.rb:63

.

Finished in 8.506285s, 0.8229 runs/s, 1.2932 assertions/s.
7 runs, 11 assertions, 1 failures, 0 errors, 0 skips
