/usr/local/bundle/gems/mini_magick-4.13.2/lib/mini_magick/shell.rb:2: warning: benchmark was loaded from the standard library, but will no longer be part of the default gems starting from Ruby 3.5.0.
You can add benchmark to your Gemfile or gemspec to silence this warning.
DEPRECATION WARNING: `config.active_support.to_time_preserves_timezone` is deprecated and will be removed in Rails 8.2 (called from block in TSort.tsort_each at /usr/local/bundle/gems/tsort-0.2.0/lib/tsort.rb:231)
Running 190 tests in parallel using 2 processes
Run options: --seed 7806

# Running:

................................................................................................................SS............................................................................

Finished in 15.628216s, 12.1575 runs/s, 38.5201 assertions/s.
190 runs, 602 assertions, 0 failures, 0 errors, 2 skips

You have skipped tests. Run with --verbose for details.
/usr/local/bundle/gems/mini_magick-4.13.2/lib/mini_magick/shell.rb:2: warning: benchmark was loaded from the standard library, but will no longer be part of the default gems starting from Ruby 3.5.0.
You can add benchmark to your Gemfile or gemspec to silence this warning.
DEPRECATION WARNING: `config.active_support.to_time_preserves_timezone` is deprecated and will be removed in Rails 8.2 (called from block in TSort.tsort_each at /usr/local/bundle/gems/tsort-0.2.0/lib/tsort.rb:231)
Running 8 tests in a single process (parallelization threshold is 50)
Run options: --seed 39752

# Running:

F

Failure:
VerifierTest#test_the_payload_for_one_page_does_not_land_in_another_page's_editor [/tests/verification_test.rb:57]:
Expected no broadcasts on "user:712064548:being_edited", but there were 1

bin/rails test /tests/verification_test.rb:50

.......

Finished in 7.419032s, 1.0783 runs/s, 6.8742 assertions/s.
8 runs, 51 assertions, 1 failures, 0 errors, 0 skips
