Running 1542 tests in parallel using 2 processes
Run options: --seed 9097

# Running:

............................................................................................................................................................................................................................................................................................................................................................................................................................................................................................................................................................................................................................................................................................................................................................................................................................................................................................................................................................................................................................................................................................................................................................................................................................................................................................................................S..S......................................................................................................................................................................................................................................................................

Finished in 30.411541s, 50.7044 runs/s, 191.6707 assertions/s.
1542 runs, 5829 assertions, 0 failures, 0 errors, 2 skips

You have skipped tests. Run with --verbose for details.
Running 7 tests in a single process (parallelization threshold is 50)
Run options: --seed 18486

# Running:

.Dropped database 'tmp/legacy.sqlite3'
== 20260911120000 AddAccountIdToRemainingTables: migrating ====================
-- add_column(:accesses, :account_id, :uuid)
   -> 0.0016s
-- add_column(:action_text_rich_texts, :account_id, :uuid)
   -> 0.0006s
-- add_column(:active_storage_attachments, :account_id, :uuid)
   -> 0.0006s
-- add_column(:active_storage_blobs, :account_id, :uuid)
   -> 0.0006s
-- add_column(:active_storage_variant_records, :account_id, :uuid)
   -> 0.0012s
-- add_column(:assignments, :account_id, :uuid)
   -> 0.0006s
-- add_column(:board_publications, :account_id, :uuid)
   -> 0.0012s
-- add_column(:card_activity_spikes, :account_id, :uuid)
   -> 0.0011s
-- add_column(:card_goldnesses, :account_id, :uuid)
   -> 0.0006s
-- add_column(:card_not_nows, :account_id, :uuid)
   -> 0.0012s
-- add_column(:closures, :account_id, :uuid)
   -> 0.0006s
-- add_column(:entropies, :account_id, :uuid)
   -> 0.0007s
-- add_column(:mentions, :account_id, :uuid)
   -> 0.0011s
-- add_column(:pins, :account_id, :uuid)
   -> 0.0007s
-- add_column(:reactions, :account_id, :uuid)
   -> 0.0006s
-- add_column(:search_queries, :account_id, :uuid)
   -> 0.0012s
-- add_column(:taggings, :account_id, :uuid)
   -> 0.0006s
-- add_column(:user_settings, :account_id, :uuid)
   -> 0.0006s
-- add_column(:watches, :account_id, :uuid)
   -> 0.0012s
-- add_column(:webhook_delinquency_trackers, :account_id, :uuid)
   -> 0.0006s
-- add_column(:webhook_deliveries, :account_id, :uuid)
   -> 0.0006s
-- execute("UPDATE boards SET account_id = (SELECT account_id FROM users WHERE users.id = boards.creator_id) WHERE account_id IS NULL")
   -> 0.0007s
-- execute("UPDATE cards SET account_id = (SELECT account_id FROM boards WHERE boards.id = cards.board_id) WHERE account_id IS NULL")
   -> 0.0002s
-- execute("UPDATE columns SET account_id = (SELECT account_id FROM boards WHERE boards.id = columns.board_id) WHERE account_id IS NULL")
   -> 0.0001s
-- execute("UPDATE comments SET account_id = (SELECT account_id FROM cards WHERE cards.id = comments.card_id) WHERE account_id IS NULL")
   -> 0.0001s
-- execute("UPDATE events SET account_id = (SELECT account_id FROM boards WHERE boards.id = events.board_id) WHERE account_id IS NULL")
   -> 0.0007s
-- execute("UPDATE filters SET account_id = (SELECT account_id FROM users WHERE users.id = filters.creator_id) WHERE account_id IS NULL")
   -> 0.0007s
-- execute("UPDATE notification_bundles SET account_id = (SELECT account_id FROM users WHERE users.id = notification_bundles.user_id) WHERE account_id IS NULL")
   -> 0.0001s
-- execute("UPDATE notifications SET account_id = (SELECT account_id FROM users WHERE users.id = notifications.user_id) WHERE account_id IS NULL")
   -> 0.0001s
-- execute("UPDATE push_subscriptions SET account_id = (SELECT account_id FROM users WHERE users.id = push_subscriptions.user_id) WHERE account_id IS NULL")
   -> 0.0007s
-- execute("UPDATE steps SET account_id = (SELECT account_id FROM cards WHERE cards.id = steps.card_id) WHERE account_id IS NULL")
   -> 0.0007s
-- execute("UPDATE webhooks SET account_id = (SELECT account_id FROM boards WHERE boards.id = webhooks.board_id) WHERE account_id IS NULL")
   -> 0.0001s
-- execute("UPDATE accesses SET account_id = (SELECT account_id FROM boards WHERE boards.id = accesses.board_id) WHERE account_id IS NULL")
   -> 0.0001s
-- execute("UPDATE accesses SET account_id = (SELECT account_id FROM users WHERE users.id = accesses.user_id) WHERE account_id IS NULL")
   -> 0.0001s
-- execute("UPDATE board_publications SET account_id = (SELECT account_id FROM boards WHERE boards.id = board_publications.board_id) WHERE account_id IS NULL")
   -> 0.0001s
-- execute("UPDATE entropies SET account_id = container_id WHERE container_type = 'Account' AND account_id IS NULL")
   -> 0.0007s
-- execute("UPDATE entropies SET account_id = (SELECT account_id FROM boards WHERE boards.id = entropies.container_id) WHERE container_type = 'Board' AND account_id IS NULL")
   -> 0.0001s
-- execute("UPDATE search_queries SET account_id = (SELECT account_id FROM users WHERE users.id = search_queries.user_id) WHERE account_id IS NULL")
   -> 0.0002s
-- execute("UPDATE user_settings SET account_id = (SELECT account_id FROM users WHERE users.id = user_settings.user_id) WHERE account_id IS NULL")
   -> 0.0001s
-- execute("UPDATE assignments SET account_id = (SELECT account_id FROM cards WHERE cards.id = assignments.card_id) WHERE account_id IS NULL")
   -> 0.0004s
-- execute("UPDATE taggings SET account_id = (SELECT account_id FROM cards WHERE cards.id = taggings.card_id) WHERE account_id IS NULL")
   -> 0.0001s
-- execute("UPDATE taggings SET account_id = (SELECT account_id FROM tags WHERE tags.id = taggings.tag_id) WHERE account_id IS NULL")
   -> 0.0001s
-- execute("UPDATE closures SET account_id = (SELECT account_id FROM cards WHERE cards.id = closures.card_id) WHERE account_id IS NULL")
   -> 0.0001s
-- execute("UPDATE card_goldnesses SET account_id = (SELECT account_id FROM cards WHERE cards.id = card_goldnesses.card_id) WHERE account_id IS NULL")
   -> 0.0006s
-- execute("UPDATE card_not_nows SET account_id = (SELECT account_id FROM cards WHERE cards.id = card_not_nows.card_id) WHERE account_id IS NULL")
   -> 0.0001s
-- execute("UPDATE card_activity_spikes SET account_id = (SELECT account_id FROM cards WHERE cards.id = card_activity_spikes.card_id) WHERE account_id IS NULL")
   -> 0.0006s
-- execute("UPDATE watches SET account_id = (SELECT account_id FROM cards WHERE cards.id = watches.card_id) WHERE account_id IS NULL")
   -> 0.0001s
-- execute("UPDATE watches SET account_id = (SELECT account_id FROM users WHERE users.id = watches.user_id) WHERE account_id IS NULL")
   -> 0.0001s
-- execute("UPDATE pins SET account_id = (SELECT account_id FROM cards WHERE cards.id = pins.card_id) WHERE account_id IS NULL")
   -> 0.0001s
-- execute("UPDATE pins SET account_id = (SELECT account_id FROM users WHERE users.id = pins.user_id) WHERE account_id IS NULL")
   -> 0.0001s
-- execute("UPDATE reactions SET account_id = (SELECT account_id FROM cards WHERE cards.id = reactions.reactable_id) WHERE reactable_type = 'Card' AND account_id IS NULL")
   -> 0.0007s
-- execute("UPDATE reactions SET account_id = (SELECT account_id FROM comments WHERE comments.id = reactions.reactable_id) WHERE reactable_type = 'Comment' AND account_id IS NULL")
   -> 0.0001s
-- execute("UPDATE reactions SET account_id = (SELECT account_id FROM users WHERE users.id = reactions.reacter_id) WHERE account_id IS NULL")
   -> 0.0001s
-- execute("UPDATE mentions SET account_id = (SELECT account_id FROM cards WHERE cards.id = mentions.source_id) WHERE source_type = 'Card' AND account_id IS NULL")
   -> 0.0001s
-- execute("UPDATE mentions SET account_id = (SELECT account_id FROM comments WHERE comments.id = mentions.source_id) WHERE source_type = 'Comment' AND account_id IS NULL")
   -> 0.0001s
-- execute("UPDATE mentions SET account_id = (SELECT account_id FROM users WHERE users.id = mentions.mentioner_id) WHERE account_id IS NULL")
   -> 0.0007s
-- execute("UPDATE webhook_delinquency_trackers SET account_id = (SELECT account_id FROM webhooks WHERE webhooks.id = webhook_delinquency_trackers.webhook_id) WHERE account_id IS NULL")
   -> 0.0001s
-- execute("UPDATE webhook_deliveries SET account_id = (SELECT account_id FROM webhooks WHERE webhooks.id = webhook_deliveries.webhook_id) WHERE account_id IS NULL")
   -> 0.0001s
-- execute("UPDATE webhook_deliveries SET account_id = (SELECT account_id FROM events WHERE events.id = webhook_deliveries.event_id) WHERE account_id IS NULL")
   -> 0.0007s
-- execute("UPDATE action_text_rich_texts SET account_id = (SELECT account_id FROM cards WHERE cards.id = action_text_rich_texts.record_id) WHERE record_type = 'Card' AND account_id IS NULL")
   -> 0.0001s
-- execute("UPDATE action_text_rich_texts SET account_id = (SELECT account_id FROM comments WHERE comments.id = action_text_rich_texts.record_id) WHERE record_type = 'Comment' AND account_id IS NULL")
   -> 0.0001s
-- execute("UPDATE action_text_rich_texts SET account_id = (SELECT account_id FROM boards WHERE boards.id = action_text_rich_texts.record_id) WHERE record_type = 'Board' AND account_id IS NULL")
   -> 0.0001s
-- execute("UPDATE active_storage_blobs SET account_id = (SELECT cards.account_id FROM active_storage_attachments JOIN cards ON cards.id = active_storage_attachments.record_id WHERE active_storage_attachments.blob_id = active_storage_blobs.id AND active_storage_attachments.record_type = 'Card' LIMIT 1) WHERE account_id IS NULL")
   -> 0.0001s
-- execute("UPDATE active_storage_blobs SET account_id = (SELECT comments.account_id FROM active_storage_attachments JOIN comments ON comments.id = active_storage_attachments.record_id WHERE active_storage_attachments.blob_id = active_storage_blobs.id AND active_storage_attachments.record_type = 'Comment' LIMIT 1) WHERE account_id IS NULL")
   -> 0.0001s
-- execute("UPDATE active_storage_blobs SET account_id = (SELECT boards.account_id FROM active_storage_attachments JOIN boards ON boards.id = active_storage_attachments.record_id WHERE active_storage_attachments.blob_id = active_storage_blobs.id AND active_storage_attachments.record_type = 'Board' LIMIT 1) WHERE account_id IS NULL")
   -> 0.0007s
-- execute("UPDATE active_storage_blobs SET account_id = (SELECT users.account_id FROM active_storage_attachments JOIN users ON users.id = active_storage_attachments.record_id WHERE active_storage_attachments.blob_id = active_storage_blobs.id AND active_storage_attachments.record_type = 'User' LIMIT 1) WHERE account_id IS NULL")
   -> 0.0001s
-- execute("UPDATE active_storage_blobs SET account_id = (SELECT exports.account_id FROM active_storage_attachments JOIN exports ON exports.id = active_storage_attachments.record_id WHERE active_storage_attachments.blob_id = active_storage_blobs.id AND active_storage_attachments.record_type = 'Export' LIMIT 1) WHERE account_id IS NULL")
   -> 0.0001s
-- execute("UPDATE active_storage_blobs SET account_id = (SELECT account_imports.account_id FROM active_storage_attachments JOIN account_imports ON account_imports.id = active_storage_attachments.record_id WHERE active_storage_attachments.blob_id = active_storage_blobs.id AND active_storage_attachments.record_type = 'Account::Import' LIMIT 1) WHERE account_id IS NULL")
   -> 0.0001s
-- execute("UPDATE active_storage_blobs SET account_id = (SELECT action_text_rich_texts.account_id FROM active_storage_attachments JOIN action_text_rich_texts ON action_text_rich_texts.id = active_storage_attachments.record_id WHERE active_storage_attachments.blob_id = active_storage_blobs.id AND active_storage_attachments.record_type = 'ActionText::RichText' LIMIT 1) WHERE account_id IS NULL")
   -> 0.0007s
-- execute("UPDATE active_storage_variant_records SET account_id = (SELECT account_id FROM active_storage_blobs WHERE active_storage_blobs.id = active_storage_variant_records.blob_id) WHERE account_id IS NULL")
   -> 0.0001s
-- execute("UPDATE active_storage_blobs SET account_id = (SELECT active_storage_variant_records.account_id FROM active_storage_attachments JOIN active_storage_variant_records ON active_storage_variant_records.id = active_storage_attachments.record_id WHERE active_storage_attachments.blob_id = active_storage_blobs.id AND active_storage_attachments.record_type = 'ActiveStorage::VariantRecord' LIMIT 1) WHERE account_id IS NULL")
   -> 0.0001s
-- execute("UPDATE active_storage_attachments SET account_id = (SELECT account_id FROM cards WHERE cards.id = active_storage_attachments.record_id) WHERE record_type = 'Card' AND account_id IS NULL")
   -> 0.0001s
-- execute("UPDATE active_storage_attachments SET account_id = (SELECT account_id FROM comments WHERE comments.id = active_storage_attachments.record_id) WHERE record_type = 'Comment' AND account_id IS NULL")
   -> 0.0001s
-- execute("UPDATE active_storage_attachments SET account_id = (SELECT account_id FROM boards WHERE boards.id = active_storage_attachments.record_id) WHERE record_type = 'Board' AND account_id IS NULL")
   -> 0.0001s
-- execute("UPDATE active_storage_attachments SET account_id = (SELECT account_id FROM users WHERE users.id = active_storage_attachments.record_id) WHERE record_type = 'User' AND account_id IS NULL")
   -> 0.0001s
-- execute("UPDATE active_storage_attachments SET account_id = (SELECT account_id FROM exports WHERE exports.id = active_storage_attachments.record_id) WHERE record_type = 'Export' AND account_id IS NULL")
   -> 0.0001s
-- execute("UPDATE active_storage_attachments SET account_id = (SELECT account_id FROM account_imports WHERE account_imports.id = active_storage_attachments.record_id) WHERE record_type = 'Account::Import' AND account_id IS NULL")
   -> 0.0001s
-- execute("UPDATE active_storage_attachments SET account_id = (SELECT account_id FROM action_text_rich_texts WHERE action_text_rich_texts.id = active_storage_attachments.record_id) WHERE record_type = 'ActionText::RichText' AND account_id IS NULL")
   -> 0.0006s
-- execute("UPDATE active_storage_attachments SET account_id = (SELECT account_id FROM active_storage_variant_records WHERE active_storage_variant_records.id = active_storage_attachments.record_id) WHERE record_type = 'ActiveStorage::VariantRecord' AND account_id IS NULL")
   -> 0.0001s
-- execute("DELETE FROM accesses WHERE account_id IS NULL")
   -> 0.0001s
-- execute("DELETE FROM action_text_rich_texts WHERE account_id IS NULL")
   -> 0.0001s
-- execute("DELETE FROM active_storage_attachments WHERE account_id IS NULL")
   -> 0.0001s
-- execute("DELETE FROM active_storage_blobs WHERE account_id IS NULL")
   -> 0.0007s
-- execute("DELETE FROM active_storage_variant_records WHERE account_id IS NULL")
   -> 0.0006s
-- execute("DELETE FROM assignments WHERE account_id IS NULL")
   -> 0.0008s
-- execute("DELETE FROM board_publications WHERE account_id IS NULL")
   -> 0.0001s
-- execute("DELETE FROM boards WHERE account_id IS NULL")
   -> 0.0001s
-- execute("DELETE FROM card_activity_spikes WHERE account_id IS NULL")
   -> 0.0001s
-- execute("DELETE FROM card_goldnesses WHERE account_id IS NULL")
   -> 0.0001s
-- execute("DELETE FROM card_not_nows WHERE account_id IS NULL")
   -> 0.0004s
-- execute("DELETE FROM cards WHERE account_id IS NULL")
   -> 0.0001s
-- execute("DELETE FROM closures WHERE account_id IS NULL")
   -> 0.0007s
-- execute("DELETE FROM columns WHERE account_id IS NULL")
   -> 0.0001s
-- execute("DELETE FROM comments WHERE account_id IS NULL")
   -> 0.0001s
-- execute("DELETE FROM entropies WHERE account_id IS NULL")
   -> 0.0001s
-- execute("DELETE FROM events WHERE account_id IS NULL")
   -> 0.0001s
-- execute("DELETE FROM filters WHERE account_id IS NULL")
   -> 0.0007s
-- execute("DELETE FROM mentions WHERE account_id IS NULL")
   -> 0.0001s
-- execute("DELETE FROM notification_bundles WHERE account_id IS NULL")
   -> 0.0007s
-- execute("DELETE FROM notifications WHERE account_id IS NULL")
   -> 0.0001s
-- execute("DELETE FROM pins WHERE account_id IS NULL")
   -> 0.0001s
-- execute("DELETE FROM push_subscriptions WHERE account_id IS NULL")
   -> 0.0001s
-- execute("DELETE FROM reactions WHERE account_id IS NULL")
   -> 0.0001s
-- execute("DELETE FROM search_queries WHERE account_id IS NULL")
   -> 0.0008s
-- execute("DELETE FROM steps WHERE account_id IS NULL")
   -> 0.0001s
-- execute("DELETE FROM taggings WHERE account_id IS NULL")
   -> 0.0001s
-- execute("DELETE FROM tags WHERE account_id IS NULL")
   -> 0.0001s
-- execute("DELETE FROM user_settings WHERE account_id IS NULL")
   -> 0.0001s
-- execute("DELETE FROM users WHERE account_id IS NULL")
   -> 0.0001s
-- execute("DELETE FROM watches WHERE account_id IS NULL")
   -> 0.0001s
-- execute("DELETE FROM webhook_delinquency_trackers WHERE account_id IS NULL")
   -> 0.0007s
-- execute("DELETE FROM webhook_deliveries WHERE account_id IS NULL")
   -> 0.0007s
-- execute("DELETE FROM webhooks WHERE account_id IS NULL")
   -> 0.0007s
-- execute("DELETE FROM account_imports WHERE account_id IS NULL")
   -> 0.0001s
-- execute("DELETE FROM account_join_codes WHERE account_id IS NULL")
   -> 0.0001s
-- index_exists?(:accesses, :account_id)
   -> 0.0018s
-- add_index(:accesses, :account_id)
   -> 0.0003s
-- index_exists?(:action_text_rich_texts, :account_id)
   -> 0.0002s
-- add_index(:action_text_rich_texts, :account_id)
   -> 0.0003s
-- index_exists?(:active_storage_attachments, :account_id)
   -> 0.0004s
-- add_index(:active_storage_attachments, :account_id)
   -> 0.0007s
-- index_exists?(:active_storage_blobs, :account_id)
   -> 0.0001s
-- add_index(:active_storage_blobs, :account_id)
   -> 0.0007s
-- index_exists?(:active_storage_variant_records, :account_id)
   -> 0.0002s
-- add_index(:active_storage_variant_records, :account_id)
   -> 0.0002s
-- index_exists?(:assignments, :account_id)
   -> 0.0010s
-- add_index(:assignments, :account_id)
   -> 0.0002s
-- index_exists?(:board_publications, :account_id)
   -> 0.0002s
-- add_index(:board_publications, :account_id)
   -> 0.0005s
-- index_exists?(:boards, :account_id)
   -> 0.0002s
-- add_index(:boards, :account_id)
   -> 0.0002s
-- index_exists?(:card_activity_spikes, :account_id)
   -> 0.0005s
-- add_index(:card_activity_spikes, :account_id)
   -> 0.0006s
-- index_exists?(:card_goldnesses, :account_id)
   -> 0.0002s
-- add_index(:card_goldnesses, :account_id)
   -> 0.0002s
-- index_exists?(:card_not_nows, :account_id)
   -> 0.0008s
-- add_index(:card_not_nows, :account_id)
   -> 0.0007s
-- index_exists?(:closures, :account_id)
   -> 0.0009s
-- add_index(:closures, :account_id)
   -> 0.0005s
-- index_exists?(:columns, :account_id)
   -> 0.0003s
-- add_index(:columns, :account_id)
   -> 0.0005s
-- index_exists?(:comments, :account_id)
   -> 0.0002s
-- add_index(:comments, :account_id)
   -> 0.0002s
-- index_exists?(:entropies, :account_id)
   -> 0.0007s
-- add_index(:entropies, :account_id)
   -> 0.0002s
-- index_exists?(:events, :account_id)
   -> 0.0011s
-- add_index(:events, :account_id)
   -> 0.0002s
-- index_exists?(:filters, :account_id)
   -> 0.0002s
-- add_index(:filters, :account_id)
   -> 0.0007s
-- index_exists?(:mentions, :account_id)
   -> 0.0015s
-- add_index(:mentions, :account_id)
   -> 0.0002s
-- index_exists?(:notification_bundles, :account_id)
   -> 0.0005s
-- add_index(:notification_bundles, :account_id)
   -> 0.0002s
-- index_exists?(:notifications, :account_id)
   -> 0.0007s
-- add_index(:notifications, :account_id)
   -> 0.0007s
-- index_exists?(:pins, :account_id)
   -> 0.0004s
-- add_index(:pins, :account_id)
   -> 0.0021s
-- index_exists?(:push_subscriptions, :account_id)
   -> 0.0010s
-- add_index(:push_subscriptions, :account_id)
   -> 0.0002s
-- index_exists?(:reactions, :account_id)
   -> 0.0003s
-- add_index(:reactions, :account_id)
   -> 0.0010s
-- index_exists?(:search_queries, :account_id)
   -> 0.0011s
-- add_index(:search_queries, :account_id)
   -> 0.0002s
-- index_exists?(:steps, :account_id)
   -> 0.0002s
-- add_index(:steps, :account_id)
   -> 0.0002s
-- index_exists?(:taggings, :account_id)
   -> 0.0002s
-- add_index(:taggings, :account_id)
   -> 0.0007s
-- index_exists?(:tags, :account_id)
   -> 0.0002s
-- add_index(:tags, :account_id)
   -> 0.0002s
-- index_exists?(:user_settings, :account_id)
   -> 0.0010s
-- add_index(:user_settings, :account_id)
   -> 0.0002s
-- index_exists?(:watches, :account_id)
   -> 0.0017s
-- add_index(:watches, :account_id)
   -> 0.0002s
-- index_exists?(:webhook_delinquency_trackers, :account_id)
   -> 0.0001s
-- add_index(:webhook_delinquency_trackers, :account_id)
   -> 0.0002s
-- index_exists?(:webhook_deliveries, :account_id)
   -> 0.0008s
-- add_index(:webhook_deliveries, :account_id)
   -> 0.0013s
-- index_exists?(:webhooks, :account_id)
   -> 0.0002s
-- add_index(:webhooks, :account_id)
   -> 0.0002s
-- index_exists?(:account_join_codes, :account_id)
   -> 0.0001s
-- add_index(:account_join_codes, :account_id)
   -> 0.0004s
-- change_column_null(:accesses, :account_id, false)
   -> 0.0138s
-- change_column_null(:action_text_rich_texts, :account_id, false)
   -> 0.0059s
-- change_column_null(:active_storage_attachments, :account_id, false)
   -> 0.0071s
-- change_column_null(:active_storage_blobs, :account_id, false)
   -> 0.0060s
-- change_column_null(:active_storage_variant_records, :account_id, false)
   -> 0.0050s
-- change_column_null(:assignments, :account_id, false)
   -> 0.0068s
-- change_column_null(:board_publications, :account_id, false)
   -> 0.0080s
-- change_column_null(:boards, :account_id, false)
   -> 0.0075s
-- change_column_null(:card_activity_spikes, :account_id, false)
   -> 0.0047s
-- change_column_null(:card_goldnesses, :account_id, false)
   -> 0.0047s
-- change_column_null(:card_not_nows, :account_id, false)
   -> 0.0069s
-- change_column_null(:cards, :account_id, false)
   -> 0.0125s
-- change_column_null(:closures, :account_id, false)
   -> 0.0072s
-- change_column_null(:columns, :account_id, false)
   -> 0.0066s
-- change_column_null(:comments, :account_id, false)
   -> 0.0051s
-- change_column_null(:entropies, :account_id, false)
   -> 0.0063s
-- change_column_null(:events, :account_id, false)
   -> 0.0109s
-- change_column_null(:filters, :account_id, false)
   -> 0.0053s
-- change_column_null(:mentions, :account_id, false)
   -> 0.0078s
-- change_column_null(:notification_bundles, :account_id, false)
   -> 0.0081s
-- change_column_null(:notifications, :account_id, false)
   -> 0.0384s
-- change_column_null(:pins, :account_id, false)
   -> 0.0080s
-- change_column_null(:push_subscriptions, :account_id, false)
   -> 0.0060s
-- change_column_null(:reactions, :account_id, false)
   -> 0.0068s
-- change_column_null(:search_queries, :account_id, false)
   -> 0.0085s
-- change_column_null(:steps, :account_id, false)
   -> 0.0080s
-- change_column_null(:taggings, :account_id, false)
   -> 0.0071s
-- change_column_null(:tags, :account_id, false)
   -> 0.0052s
-- change_column_null(:user_settings, :account_id, false)
   -> 0.0067s
-- change_column_null(:users, :account_id, false)
   -> 0.0081s
-- change_column_null(:watches, :account_id, false)
   -> 0.0075s
-- change_column_null(:webhook_delinquency_trackers, :account_id, false)
   -> 0.0058s
-- change_column_null(:webhook_deliveries, :account_id, false)
   -> 0.0084s
-- change_column_null(:webhooks, :account_id, false)
   -> 0.0074s
-- change_column_null(:account_imports, :account_id, false)
   -> 0.0065s
-- change_column_null(:account_join_codes, :account_id, false)
   -> 0.0051s
== 20260911120000 AddAccountIdToRemainingTables: migrated (0.3711s) ===========

== 20260911130000 FixTagsUniquenessForMultitenancy: migrating =================
-- index_exists?(:tags, :title, {name: "index_tags_on_title"})
   -> 0.0003s
-- remove_index(:tags, {name: "index_tags_on_title"})
   -> 0.0002s
-- index_exists?(:tags, [:account_id, :title])
   -> 0.0001s
-- add_index(:tags, [:account_id, :title], {unique: true})
   -> 0.0002s
== 20260911130000 FixTagsUniquenessForMultitenancy: migrated (0.0009s) ========

== 20260911130000 FixTagsUniquenessForMultitenancy: reverting =================
-- index_exists?(:tags, [:account_id, :title])
   -> 0.0011s
-- remove_index(:tags, [:account_id, :title])
   -> 0.0016s
-- index_exists?(:tags, :title)
   -> 0.0002s
-- add_index(:tags, :title, {unique: true})
   -> 0.0003s
== 20260911130000 FixTagsUniquenessForMultitenancy: reverted (0.0039s) ========

== 20260911120000 AddAccountIdToRemainingTables: reverting ====================
-- change_column_null(:accesses, :account_id, true)
   -> 0.0364s
-- change_column_null(:action_text_rich_texts, :account_id, true)
   -> 0.0202s
-- change_column_null(:active_storage_attachments, :account_id, true)
   -> 0.0144s
-- change_column_null(:active_storage_blobs, :account_id, true)
   -> 0.0077s
-- change_column_null(:active_storage_variant_records, :account_id, true)
   -> 0.0053s
-- change_column_null(:assignments, :account_id, true)
   -> 0.0073s
-- change_column_null(:board_publications, :account_id, true)
   -> 0.0064s
-- change_column_null(:boards, :account_id, true)
   -> 0.0058s
-- change_column_null(:card_activity_spikes, :account_id, true)
   -> 0.0048s
-- change_column_null(:card_goldnesses, :account_id, true)
   -> 0.0056s
-- change_column_null(:card_not_nows, :account_id, true)
   -> 0.0082s
-- change_column_null(:cards, :account_id, true)
   -> 0.0110s
-- change_column_null(:closures, :account_id, true)
   -> 0.0068s
-- change_column_null(:columns, :account_id, true)
   -> 0.0066s
-- change_column_null(:comments, :account_id, true)
   -> 0.0053s
-- change_column_null(:entropies, :account_id, true)
   -> 0.0066s
-- change_column_null(:events, :account_id, true)
   -> 0.0109s
-- change_column_null(:filters, :account_id, true)
   -> 0.0055s
-- change_column_null(:mentions, :account_id, true)
   -> 0.0080s
-- change_column_null(:notification_bundles, :account_id, true)
   -> 0.0077s
-- change_column_null(:notifications, :account_id, true)
   -> 0.0113s
-- change_column_null(:pins, :account_id, true)
   -> 0.0317s
-- change_column_null(:push_subscriptions, :account_id, true)
   -> 0.0072s
-- change_column_null(:reactions, :account_id, true)
   -> 0.0073s
-- change_column_null(:search_queries, :account_id, true)
   -> 0.0091s
-- change_column_null(:steps, :account_id, true)
   -> 0.0071s
-- change_column_null(:taggings, :account_id, true)
   -> 0.0061s
-- change_column_null(:tags, :account_id, true)
   -> 0.0051s
-- change_column_null(:user_settings, :account_id, true)
   -> 0.0070s
-- change_column_null(:users, :account_id, true)
   -> 0.0082s
-- change_column_null(:watches, :account_id, true)
   -> 0.0094s
-- change_column_null(:webhook_delinquency_trackers, :account_id, true)
   -> 0.0069s
-- change_column_null(:webhook_deliveries, :account_id, true)
   -> 0.0088s
-- change_column_null(:webhooks, :account_id, true)
   -> 0.0064s
-- change_column_null(:account_imports, :account_id, true)
   -> 0.0059s
-- change_column_null(:account_join_codes, :account_id, true)
   -> 0.0056s
-- index_exists?(:accesses, :account_id)
   -> 0.0005s
-- remove_index(:accesses, :account_id)
   -> 0.0005s
-- index_exists?(:action_text_rich_texts, :account_id)
   -> 0.0002s
-- remove_index(:action_text_rich_texts, :account_id)
   -> 0.0004s
-- index_exists?(:active_storage_attachments, :account_id)
   -> 0.0003s
-- remove_index(:active_storage_attachments, :account_id)
   -> 0.0004s
-- index_exists?(:active_storage_blobs, :account_id)
   -> 0.0002s
-- remove_index(:active_storage_blobs, :account_id)
   -> 0.0003s
-- index_exists?(:active_storage_variant_records, :account_id)
   -> 0.0002s
-- remove_index(:active_storage_variant_records, :account_id)
   -> 0.0004s
-- index_exists?(:assignments, :account_id)
   -> 0.0004s
-- remove_index(:assignments, :account_id)
   -> 0.0005s
-- index_exists?(:board_publications, :account_id)
   -> 0.0004s
-- remove_index(:board_publications, :account_id)
   -> 0.0005s
-- index_exists?(:boards, :account_id)
   -> 0.0003s
-- remove_index(:boards, :account_id)
   -> 0.0004s
-- index_exists?(:card_activity_spikes, :account_id)
   -> 0.0002s
-- remove_index(:card_activity_spikes, :account_id)
   -> 0.0003s
-- index_exists?(:card_goldnesses, :account_id)
   -> 0.0002s
-- remove_index(:card_goldnesses, :account_id)
   -> 0.0003s
-- index_exists?(:card_not_nows, :account_id)
   -> 0.0003s
-- remove_index(:card_not_nows, :account_id)
   -> 0.0004s
-- index_exists?(:closures, :account_id)
   -> 0.0003s
-- remove_index(:closures, :account_id)
   -> 0.0004s
-- index_exists?(:columns, :account_id)
   -> 0.0003s
-- remove_index(:columns, :account_id)
   -> 0.0004s
-- index_exists?(:comments, :account_id)
   -> 0.0002s
-- remove_index(:comments, :account_id)
   -> 0.0003s
-- index_exists?(:entropies, :account_id)
   -> 0.0003s
-- remove_index(:entropies, :account_id)
   -> 0.0005s
-- index_exists?(:events, :account_id)
   -> 0.0005s
-- remove_index(:events, :account_id)
   -> 0.0007s
-- index_exists?(:filters, :account_id)
   -> 0.0003s
-- remove_index(:filters, :account_id)
   -> 0.0004s
-- index_exists?(:mentions, :account_id)
   -> 0.0004s
-- remove_index(:mentions, :account_id)
   -> 0.0004s
-- index_exists?(:notification_bundles, :account_id)
   -> 0.0003s
-- remove_index(:notification_bundles, :account_id)
   -> 0.0005s
-- index_exists?(:notifications, :account_id)
   -> 0.0006s
-- remove_index(:notifications, :account_id)
   -> 0.0008s
-- index_exists?(:pins, :account_id)
   -> 0.0004s
-- remove_index(:pins, :account_id)
   -> 0.0006s
-- index_exists?(:push_subscriptions, :account_id)
   -> 0.0003s
-- remove_index(:push_subscriptions, :account_id)
   -> 0.0003s
-- index_exists?(:reactions, :account_id)
   -> 0.0003s
-- remove_index(:reactions, :account_id)
   -> 0.0005s
-- index_exists?(:search_queries, :account_id)
   -> 0.0004s
-- remove_index(:search_queries, :account_id)
   -> 0.0004s
-- index_exists?(:steps, :account_id)
   -> 0.0003s
-- remove_index(:steps, :account_id)
   -> 0.0004s
-- index_exists?(:taggings, :account_id)
   -> 0.0004s
-- remove_index(:taggings, :account_id)
   -> 0.0004s
-- index_exists?(:tags, :account_id)
   -> 0.0002s
-- remove_index(:tags, :account_id)
   -> 0.0003s
-- index_exists?(:user_settings, :account_id)
   -> 0.0003s
-- remove_index(:user_settings, :account_id)
   -> 0.0004s
-- index_exists?(:watches, :account_id)
   -> 0.0003s
-- remove_index(:watches, :account_id)
   -> 0.0004s
-- index_exists?(:webhook_delinquency_trackers, :account_id)
   -> 0.0002s
-- remove_index(:webhook_delinquency_trackers, :account_id)
   -> 0.0003s
-- index_exists?(:webhook_deliveries, :account_id)
   -> 0.0003s
-- remove_index(:webhook_deliveries, :account_id)
   -> 0.0004s
-- index_exists?(:webhooks, :account_id)
   -> 0.0002s
-- remove_index(:webhooks, :account_id)
   -> 0.0003s
-- index_exists?(:account_join_codes, :account_id)
   -> 0.0002s
-- remove_index(:account_join_codes, :account_id)
   -> 0.0004s
-- remove_column(:accesses, :account_id)
   -> 0.0092s
-- remove_column(:action_text_rich_texts, :account_id)
   -> 0.0051s
-- remove_column(:active_storage_attachments, :account_id)
   -> 0.0052s
-- remove_column(:active_storage_blobs, :account_id)
   -> 0.0049s
-- remove_column(:active_storage_variant_records, :account_id)
   -> 0.0232s
-- remove_column(:assignments, :account_id)
   -> 0.0070s
-- remove_column(:board_publications, :account_id)
   -> 0.0058s
-- remove_column(:card_activity_spikes, :account_id)
   -> 0.0046s
-- remove_column(:card_goldnesses, :account_id)
   -> 0.0053s
-- remove_column(:card_not_nows, :account_id)
   -> 0.0070s
-- remove_column(:closures, :account_id)
   -> 0.0076s
-- remove_column(:entropies, :account_id)
   -> 0.0053s
-- remove_column(:mentions, :account_id)
   -> 0.0064s
-- remove_column(:pins, :account_id)
   -> 0.0062s
-- remove_column(:reactions, :account_id)
   -> 0.0059s
-- remove_column(:search_queries, :account_id)
   -> 0.0061s
-- remove_column(:taggings, :account_id)
   -> 0.0051s
-- remove_column(:user_settings, :account_id)
   -> 0.0053s
-- remove_column(:watches, :account_id)
   -> 0.0063s
-- remove_column(:webhook_delinquency_trackers, :account_id)
   -> 0.0042s
-- remove_column(:webhook_deliveries, :account_id)
   -> 0.0072s
== 20260911120000 AddAccountIdToRemainingTables: reverted (0.5013s) ===========

== 20260911120000 AddAccountIdToRemainingTables: migrating ====================
-- add_column(:accesses, :account_id, :uuid)
   -> 0.0023s
-- add_column(:action_text_rich_texts, :account_id, :uuid)
   -> 0.0007s
-- add_column(:active_storage_attachments, :account_id, :uuid)
   -> 0.0012s
-- add_column(:active_storage_blobs, :account_id, :uuid)
   -> 0.0006s
-- add_column(:active_storage_variant_records, :account_id, :uuid)
   -> 0.0012s
-- add_column(:assignments, :account_id, :uuid)
   -> 0.0006s
-- add_column(:board_publications, :account_id, :uuid)
   -> 0.0006s
-- add_column(:card_activity_spikes, :account_id, :uuid)
   -> 0.0012s
-- add_column(:card_goldnesses, :account_id, :uuid)
   -> 0.0012s
-- add_column(:card_not_nows, :account_id, :uuid)
   -> 0.0006s
-- add_column(:closures, :account_id, :uuid)
   -> 0.0006s
-- add_column(:entropies, :account_id, :uuid)
   -> 0.0012s
-- add_column(:mentions, :account_id, :uuid)
   -> 0.0006s
-- add_column(:pins, :account_id, :uuid)
   -> 0.0006s
-- add_column(:reactions, :account_id, :uuid)
   -> 0.0012s
-- add_column(:search_queries, :account_id, :uuid)
   -> 0.0006s
-- add_column(:taggings, :account_id, :uuid)
   -> 0.0006s
-- add_column(:user_settings, :account_id, :uuid)
   -> 0.0012s
-- add_column(:watches, :account_id, :uuid)
   -> 0.0012s
-- add_column(:webhook_delinquency_trackers, :account_id, :uuid)
   -> 0.0006s
-- add_column(:webhook_deliveries, :account_id, :uuid)
   -> 0.0006s
-- execute("UPDATE boards SET account_id = (SELECT account_id FROM users WHERE users.id = boards.creator_id) WHERE account_id IS NULL")
   -> 0.0007s
-- execute("UPDATE cards SET account_id = (SELECT account_id FROM boards WHERE boards.id = cards.board_id) WHERE account_id IS NULL")
   -> 0.0001s
-- execute("UPDATE columns SET account_id = (SELECT account_id FROM boards WHERE boards.id = columns.board_id) WHERE account_id IS NULL")
   -> 0.0001s
-- execute("UPDATE comments SET account_id = (SELECT account_id FROM cards WHERE cards.id = comments.card_id) WHERE account_id IS NULL")
   -> 0.0001s
-- execute("UPDATE events SET account_id = (SELECT account_id FROM boards WHERE boards.id = events.board_id) WHERE account_id IS NULL")
   -> 0.0001s
-- execute("UPDATE filters SET account_id = (SELECT account_id FROM users WHERE users.id = filters.creator_id) WHERE account_id IS NULL")
   -> 0.0001s
-- execute("UPDATE notification_bundles SET account_id = (SELECT account_id FROM users WHERE users.id = notification_bundles.user_id) WHERE account_id IS NULL")
   -> 0.0012s
-- execute("UPDATE notifications SET account_id = (SELECT account_id FROM users WHERE users.id = notifications.user_id) WHERE account_id IS NULL")
   -> 0.0011s
-- execute("UPDATE push_subscriptions SET account_id = (SELECT account_id FROM users WHERE users.id = push_subscriptions.user_id) WHERE account_id IS NULL")
   -> 0.0001s
-- execute("UPDATE steps SET account_id = (SELECT account_id FROM cards WHERE cards.id = steps.card_id) WHERE account_id IS NULL")
   -> 0.0001s
-- execute("UPDATE webhooks SET account_id = (SELECT account_id FROM boards WHERE boards.id = webhooks.board_id) WHERE account_id IS NULL")
   -> 0.0006s
-- execute("UPDATE accesses SET account_id = (SELECT account_id FROM boards WHERE boards.id = accesses.board_id) WHERE account_id IS NULL")
   -> 0.0001s
-- execute("UPDATE accesses SET account_id = (SELECT account_id FROM users WHERE users.id = accesses.user_id) WHERE account_id IS NULL")
   -> 0.0001s
-- execute("UPDATE board_publications SET account_id = (SELECT account_id FROM boards WHERE boards.id = board_publications.board_id) WHERE account_id IS NULL")
   -> 0.0001s
-- execute("UPDATE entropies SET account_id = container_id WHERE container_type = 'Account' AND account_id IS NULL")
   -> 0.0001s
-- execute("UPDATE entropies SET account_id = (SELECT account_id FROM boards WHERE boards.id = entropies.container_id) WHERE container_type = 'Board' AND account_id IS NULL")
   -> 0.0001s
-- execute("UPDATE search_queries SET account_id = (SELECT account_id FROM users WHERE users.id = search_queries.user_id) WHERE account_id IS NULL")
   -> 0.0002s
-- execute("UPDATE user_settings SET account_id = (SELECT account_id FROM users WHERE users.id = user_settings.user_id) WHERE account_id IS NULL")
   -> 0.0001s
-- execute("UPDATE assignments SET account_id = (SELECT account_id FROM cards WHERE cards.id = assignments.card_id) WHERE account_id IS NULL")
   -> 0.0004s
-- execute("UPDATE taggings SET account_id = (SELECT account_id FROM cards WHERE cards.id = taggings.card_id) WHERE account_id IS NULL")
   -> 0.0001s
-- execute("UPDATE taggings SET account_id = (SELECT account_id FROM tags WHERE tags.id = taggings.tag_id) WHERE account_id IS NULL")
   -> 0.0001s
-- execute("UPDATE closures SET account_id = (SELECT account_id FROM cards WHERE cards.id = closures.card_id) WHERE account_id IS NULL")
   -> 0.0001s
-- execute("UPDATE card_goldnesses SET account_id = (SELECT account_id FROM cards WHERE cards.id = card_goldnesses.card_id) WHERE account_id IS NULL")
   -> 0.0007s
-- execute("UPDATE card_not_nows SET account_id = (SELECT account_id FROM cards WHERE cards.id = card_not_nows.card_id) WHERE account_id IS NULL")
   -> 0.0001s
-- execute("UPDATE card_activity_spikes SET account_id = (SELECT account_id FROM cards WHERE cards.id = card_activity_spikes.card_id) WHERE account_id IS NULL")
   -> 0.0001s
-- execute("UPDATE watches SET account_id = (SELECT account_id FROM cards WHERE cards.id = watches.card_id) WHERE account_id IS NULL")
   -> 0.0001s
-- execute("UPDATE watches SET account_id = (SELECT account_id FROM users WHERE users.id = watches.user_id) WHERE account_id IS NULL")
   -> 0.0001s
-- execute("UPDATE pins SET account_id = (SELECT account_id FROM cards WHERE cards.id = pins.card_id) WHERE account_id IS NULL")
   -> 0.0001s
-- execute("UPDATE pins SET account_id = (SELECT account_id FROM users WHERE users.id = pins.user_id) WHERE account_id IS NULL")
   -> 0.0001s
-- execute("UPDATE reactions SET account_id = (SELECT account_id FROM cards WHERE cards.id = reactions.reactable_id) WHERE reactable_type = 'Card' AND account_id IS NULL")
   -> 0.0001s
-- execute("UPDATE reactions SET account_id = (SELECT account_id FROM comments WHERE comments.id = reactions.reactable_id) WHERE reactable_type = 'Comment' AND account_id IS NULL")
   -> 0.0001s
-- execute("UPDATE reactions SET account_id = (SELECT account_id FROM users WHERE users.id = reactions.reacter_id) WHERE account_id IS NULL")
   -> 0.0001s
-- execute("UPDATE mentions SET account_id = (SELECT account_id FROM cards WHERE cards.id = mentions.source_id) WHERE source_type = 'Card' AND account_id IS NULL")
   -> 0.0007s
-- execute("UPDATE mentions SET account_id = (SELECT account_id FROM comments WHERE comments.id = mentions.source_id) WHERE source_type = 'Comment' AND account_id IS NULL")
   -> 0.0001s
-- execute("UPDATE mentions SET account_id = (SELECT account_id FROM users WHERE users.id = mentions.mentioner_id) WHERE account_id IS NULL")
   -> 0.0001s
-- execute("UPDATE webhook_delinquency_trackers SET account_id = (SELECT account_id FROM webhooks WHERE webhooks.id = webhook_delinquency_trackers.webhook_id) WHERE account_id IS NULL")
   -> 0.0001s
-- execute("UPDATE webhook_deliveries SET account_id = (SELECT account_id FROM webhooks WHERE webhooks.id = webhook_deliveries.webhook_id) WHERE account_id IS NULL")
   -> 0.0001s
-- execute("UPDATE webhook_deliveries SET account_id = (SELECT account_id FROM events WHERE events.id = webhook_deliveries.event_id) WHERE account_id IS NULL")
   -> 0.0015s
-- execute("UPDATE action_text_rich_texts SET account_id = (SELECT account_id FROM cards WHERE cards.id = action_text_rich_texts.record_id) WHERE record_type = 'Card' AND account_id IS NULL")
   -> 0.0001s
-- execute("UPDATE action_text_rich_texts SET account_id = (SELECT account_id FROM comments WHERE comments.id = action_text_rich_texts.record_id) WHERE record_type = 'Comment' AND account_id IS NULL")
   -> 0.0001s
-- execute("UPDATE action_text_rich_texts SET account_id = (SELECT account_id FROM boards WHERE boards.id = action_text_rich_texts.record_id) WHERE record_type = 'Board' AND account_id IS NULL")
   -> 0.0001s
-- execute("UPDATE active_storage_blobs SET account_id = (SELECT cards.account_id FROM active_storage_attachments JOIN cards ON cards.id = active_storage_attachments.record_id WHERE active_storage_attachments.blob_id = active_storage_blobs.id AND active_storage_attachments.record_type = 'Card' LIMIT 1) WHERE account_id IS NULL")
   -> 0.0001s
-- execute("UPDATE active_storage_blobs SET account_id = (SELECT comments.account_id FROM active_storage_attachments JOIN comments ON comments.id = active_storage_attachments.record_id WHERE active_storage_attachments.blob_id = active_storage_blobs.id AND active_storage_attachments.record_type = 'Comment' LIMIT 1) WHERE account_id IS NULL")
   -> 0.0001s
-- execute("UPDATE active_storage_blobs SET account_id = (SELECT boards.account_id FROM active_storage_attachments JOIN boards ON boards.id = active_storage_attachments.record_id WHERE active_storage_attachments.blob_id = active_storage_blobs.id AND active_storage_attachments.record_type = 'Board' LIMIT 1) WHERE account_id IS NULL")
   -> 0.0001s
-- execute("UPDATE active_storage_blobs SET account_id = (SELECT users.account_id FROM active_storage_attachments JOIN users ON users.id = active_storage_attachments.record_id WHERE active_storage_attachments.blob_id = active_storage_blobs.id AND active_storage_attachments.record_type = 'User' LIMIT 1) WHERE account_id IS NULL")
   -> 0.0005s
-- execute("UPDATE active_storage_blobs SET account_id = (SELECT exports.account_id FROM active_storage_attachments JOIN exports ON exports.id = active_storage_attachments.record_id WHERE active_storage_attachments.blob_id = active_storage_blobs.id AND active_storage_attachments.record_type = 'Export' LIMIT 1) WHERE account_id IS NULL")
   -> 0.0001s
-- execute("UPDATE active_storage_blobs SET account_id = (SELECT account_imports.account_id FROM active_storage_attachments JOIN account_imports ON account_imports.id = active_storage_attachments.record_id WHERE active_storage_attachments.blob_id = active_storage_blobs.id AND active_storage_attachments.record_type = 'Account::Import' LIMIT 1) WHERE account_id IS NULL")
   -> 0.0007s
-- execute("UPDATE active_storage_blobs SET account_id = (SELECT action_text_rich_texts.account_id FROM active_storage_attachments JOIN action_text_rich_texts ON action_text_rich_texts.id = active_storage_attachments.record_id WHERE active_storage_attachments.blob_id = active_storage_blobs.id AND active_storage_attachments.record_type = 'ActionText::RichText' LIMIT 1) WHERE account_id IS NULL")
   -> 0.0008s
-- execute("UPDATE active_storage_variant_records SET account_id = (SELECT account_id FROM active_storage_blobs WHERE active_storage_blobs.id = active_storage_variant_records.blob_id) WHERE account_id IS NULL")
   -> 0.0001s
-- execute("UPDATE active_storage_blobs SET account_id = (SELECT active_storage_variant_records.account_id FROM active_storage_attachments JOIN active_storage_variant_records ON active_storage_variant_records.id = active_storage_attachments.record_id WHERE active_storage_attachments.blob_id = active_storage_blobs.id AND active_storage_attachments.record_type = 'ActiveStorage::VariantRecord' LIMIT 1) WHERE account_id IS NULL")
   -> 0.0001s
-- execute("UPDATE active_storage_attachments SET account_id = (SELECT account_id FROM cards WHERE cards.id = active_storage_attachments.record_id) WHERE record_type = 'Card' AND account_id IS NULL")
   -> 0.0001s
-- execute("UPDATE active_storage_attachments SET account_id = (SELECT account_id FROM comments WHERE comments.id = active_storage_attachments.record_id) WHERE record_type = 'Comment' AND account_id IS NULL")
   -> 0.0001s
-- execute("UPDATE active_storage_attachments SET account_id = (SELECT account_id FROM boards WHERE boards.id = active_storage_attachments.record_id) WHERE record_type = 'Board' AND account_id IS NULL")
   -> 0.0005s
-- execute("UPDATE active_storage_attachments SET account_id = (SELECT account_id FROM users WHERE users.id = active_storage_attachments.record_id) WHERE record_type = 'User' AND account_id IS NULL")
   -> 0.0001s
-- execute("UPDATE active_storage_attachments SET account_id = (SELECT account_id FROM exports WHERE exports.id = active_storage_attachments.record_id) WHERE record_type = 'Export' AND account_id IS NULL")
   -> 0.0006s
-- execute("UPDATE active_storage_attachments SET account_id = (SELECT account_id FROM account_imports WHERE account_imports.id = active_storage_attachments.record_id) WHERE record_type = 'Account::Import' AND account_id IS NULL")
   -> 0.0001s
-- execute("UPDATE active_storage_attachments SET account_id = (SELECT account_id FROM action_text_rich_texts WHERE action_text_rich_texts.id = active_storage_attachments.record_id) WHERE record_type = 'ActionText::RichText' AND account_id IS NULL")
   -> 0.0001s
-- execute("UPDATE active_storage_attachments SET account_id = (SELECT account_id FROM active_storage_variant_records WHERE active_storage_variant_records.id = active_storage_attachments.record_id) WHERE record_type = 'ActiveStorage::VariantRecord' AND account_id IS NULL")
   -> 0.0004s
-- execute("DELETE FROM accesses WHERE account_id IS NULL")
   -> 0.0001s
-- execute("DELETE FROM action_text_rich_texts WHERE account_id IS NULL")
   -> 0.0001s
-- execute("DELETE FROM active_storage_attachments WHERE account_id IS NULL")
   -> 0.0001s
-- execute("DELETE FROM active_storage_blobs WHERE account_id IS NULL")
   -> 0.0001s
-- execute("DELETE FROM active_storage_variant_records WHERE account_id IS NULL")
   -> 0.0001s
-- execute("DELETE FROM assignments WHERE account_id IS NULL")
   -> 0.0001s
-- execute("DELETE FROM board_publications WHERE account_id IS NULL")
   -> 0.0001s
-- execute("DELETE FROM boards WHERE account_id IS NULL")
   -> 0.0001s
-- execute("DELETE FROM card_activity_spikes WHERE account_id IS NULL")
   -> 0.0001s
-- execute("DELETE FROM card_goldnesses WHERE account_id IS NULL")
   -> 0.0001s
-- execute("DELETE FROM card_not_nows WHERE account_id IS NULL")
   -> 0.0001s
-- execute("DELETE FROM cards WHERE account_id IS NULL")
   -> 0.0001s
-- execute("DELETE FROM closures WHERE account_id IS NULL")
   -> 0.0001s
-- execute("DELETE FROM columns WHERE account_id IS NULL")
   -> 0.0001s
-- execute("DELETE FROM comments WHERE account_id IS NULL")
   -> 0.0001s
-- execute("DELETE FROM entropies WHERE account_id IS NULL")
   -> 0.0007s
-- execute("DELETE FROM events WHERE account_id IS NULL")
   -> 0.0005s
-- execute("DELETE FROM filters WHERE account_id IS NULL")
   -> 0.0001s
-- execute("DELETE FROM mentions WHERE account_id IS NULL")
   -> 0.0001s
-- execute("DELETE FROM notification_bundles WHERE account_id IS NULL")
   -> 0.0001s
-- execute("DELETE FROM notifications WHERE account_id IS NULL")
   -> 0.0001s
-- execute("DELETE FROM pins WHERE account_id IS NULL")
   -> 0.0007s
-- execute("DELETE FROM push_subscriptions WHERE account_id IS NULL")
   -> 0.0001s
-- execute("DELETE FROM reactions WHERE account_id IS NULL")
   -> 0.0007s
-- execute("DELETE FROM search_queries WHERE account_id IS NULL")
   -> 0.0001s
-- execute("DELETE FROM steps WHERE account_id IS NULL")
   -> 0.0008s
-- execute("DELETE FROM taggings WHERE account_id IS NULL")
   -> 0.0007s
-- execute("DELETE FROM tags WHERE account_id IS NULL")
   -> 0.0001s
-- execute("DELETE FROM user_settings WHERE account_id IS NULL")
   -> 0.0001s
-- execute("DELETE FROM users WHERE account_id IS NULL")
   -> 0.0001s
-- execute("DELETE FROM watches WHERE account_id IS NULL")
   -> 0.0001s
-- execute("DELETE FROM webhook_delinquency_trackers WHERE account_id IS NULL")
   -> 0.0007s
-- execute("DELETE FROM webhook_deliveries WHERE account_id IS NULL")
   -> 0.0008s
-- execute("DELETE FROM webhooks WHERE account_id IS NULL")
   -> 0.0001s
-- execute("DELETE FROM account_imports WHERE account_id IS NULL")
   -> 0.0001s
-- execute("DELETE FROM account_join_codes WHERE account_id IS NULL")
   -> 0.0001s
-- index_exists?(:accesses, :account_id)
   -> 0.0018s
-- add_index(:accesses, :account_id)
   -> 0.0002s
-- index_exists?(:action_text_rich_texts, :account_id)
   -> 0.0015s
-- add_index(:action_text_rich_texts, :account_id)
   -> 0.0002s
-- index_exists?(:active_storage_attachments, :account_id)
   -> 0.0009s
-- add_index(:active_storage_attachments, :account_id)
   -> 0.0002s
-- index_exists?(:active_storage_blobs, :account_id)
   -> 0.0001s
-- add_index(:active_storage_blobs, :account_id)
   -> 0.0008s
-- index_exists?(:active_storage_variant_records, :account_id)
   -> 0.0001s
-- add_index(:active_storage_variant_records, :account_id)
   -> 0.0002s
-- index_exists?(:assignments, :account_id)
   -> 0.0009s
-- add_index(:assignments, :account_id)
   -> 0.0008s
-- index_exists?(:board_publications, :account_id)
   -> 0.0008s
-- add_index(:board_publications, :account_id)
   -> 0.0008s
-- index_exists?(:boards, :account_id)
   -> 0.0001s
-- add_index(:boards, :account_id)
   -> 0.0003s
-- index_exists?(:card_activity_spikes, :account_id)
   -> 0.0001s
-- add_index(:card_activity_spikes, :account_id)
   -> 0.0002s
-- index_exists?(:card_goldnesses, :account_id)
   -> 0.0003s
-- add_index(:card_goldnesses, :account_id)
   -> 0.0002s
-- index_exists?(:card_not_nows, :account_id)
   -> 0.0002s
-- add_index(:card_not_nows, :account_id)
   -> 0.0007s
-- index_exists?(:closures, :account_id)
   -> 0.0009s
-- add_index(:closures, :account_id)
   -> 0.0002s
-- index_exists?(:columns, :account_id)
   -> 0.0010s
-- add_index(:columns, :account_id)
   -> 0.0002s
-- index_exists?(:comments, :account_id)
   -> 0.0001s
-- add_index(:comments, :account_id)
   -> 0.0006s
-- index_exists?(:entropies, :account_id)
   -> 0.0005s
-- add_index(:entropies, :account_id)
   -> 0.0002s
-- index_exists?(:events, :account_id)
   -> 0.0011s
-- add_index(:events, :account_id)
   -> 0.0005s
-- index_exists?(:filters, :account_id)
   -> 0.0001s
-- add_index(:filters, :account_id)
   -> 0.0005s
-- index_exists?(:mentions, :account_id)
   -> 0.0005s
-- add_index(:mentions, :account_id)
   -> 0.0006s
-- index_exists?(:notification_bundles, :account_id)
   -> 0.0003s
-- add_index(:notification_bundles, :account_id)
   -> 0.0006s
-- index_exists?(:notifications, :account_id)
   -> 0.0008s
-- add_index(:notifications, :account_id)
   -> 0.0002s
-- index_exists?(:pins, :account_id)
   -> 0.0003s
-- add_index(:pins, :account_id)
   -> 0.0002s
-- index_exists?(:push_subscriptions, :account_id)
   -> 0.0005s
-- add_index(:push_subscriptions, :account_id)
   -> 0.0002s
-- index_exists?(:reactions, :account_id)
   -> 0.0005s
-- add_index(:reactions, :account_id)
   -> 0.0002s
-- index_exists?(:search_queries, :account_id)
   -> 0.0003s
-- add_index(:search_queries, :account_id)
   -> 0.0002s
-- index_exists?(:steps, :account_id)
   -> 0.0014s
-- add_index(:steps, :account_id)
   -> 0.0007s
-- index_exists?(:taggings, :account_id)
   -> 0.0002s
-- add_index(:taggings, :account_id)
   -> 0.0002s
-- index_exists?(:tags, :account_id)
   -> 0.0007s
-- add_index(:tags, :account_id)
   -> 0.0002s
-- index_exists?(:user_settings, :account_id)
   -> 0.0002s
-- add_index(:user_settings, :account_id)
   -> 0.0014s
-- index_exists?(:watches, :account_id)
   -> 0.0003s
-- add_index(:watches, :account_id)
   -> 0.0007s
-- index_exists?(:webhook_delinquency_trackers, :account_id)
   -> 0.0001s
-- add_index(:webhook_delinquency_trackers, :account_id)
   -> 0.0002s
-- index_exists?(:webhook_deliveries, :account_id)
   -> 0.0008s
-- add_index(:webhook_deliveries, :account_id)
   -> 0.0009s
-- index_exists?(:webhooks, :account_id)
   -> 0.0001s
-- add_index(:webhooks, :account_id)
   -> 0.0002s
-- index_exists?(:account_join_codes, :account_id)
   -> 0.0009s
-- add_index(:account_join_codes, :account_id)
   -> 0.0008s
-- change_column_null(:accesses, :account_id, false)
   -> 0.0175s
-- change_column_null(:action_text_rich_texts, :account_id, false)
   -> 0.0069s
-- change_column_null(:active_storage_attachments, :account_id, false)
   -> 0.0077s
-- change_column_null(:active_storage_blobs, :account_id, false)
   -> 0.0063s
-- change_column_null(:active_storage_variant_records, :account_id, false)
   -> 0.0050s
-- change_column_null(:assignments, :account_id, false)
   -> 0.0065s
-- change_column_null(:board_publications, :account_id, false)
   -> 0.0078s
-- change_column_null(:boards, :account_id, false)
   -> 0.0069s
-- change_column_null(:card_activity_spikes, :account_id, false)
   -> 0.0055s
-- change_column_null(:card_goldnesses, :account_id, false)
   -> 0.0045s
-- change_column_null(:card_not_nows, :account_id, false)
   -> 0.0058s
-- change_column_null(:cards, :account_id, false)
   -> 0.0099s
-- change_column_null(:closures, :account_id, false)
   -> 0.0070s
-- change_column_null(:columns, :account_id, false)
   -> 0.0067s
-- change_column_null(:comments, :account_id, false)
   -> 0.0051s
-- change_column_null(:entropies, :account_id, false)
   -> 0.0063s
-- change_column_null(:events, :account_id, false)
   -> 0.0111s
-- change_column_null(:filters, :account_id, false)
   -> 0.0056s
-- change_column_null(:mentions, :account_id, false)
   -> 0.0078s
-- change_column_null(:notification_bundles, :account_id, false)
   -> 0.0079s
-- change_column_null(:notifications, :account_id, false)
   -> 0.0340s
-- change_column_null(:pins, :account_id, false)
   -> 0.0081s
-- change_column_null(:push_subscriptions, :account_id, false)
   -> 0.0065s
-- change_column_null(:reactions, :account_id, false)
   -> 0.0067s
-- change_column_null(:search_queries, :account_id, false)
   -> 0.0073s
-- change_column_null(:steps, :account_id, false)
   -> 0.0065s
-- change_column_null(:taggings, :account_id, false)
   -> 0.0062s
-- change_column_null(:tags, :account_id, false)
   -> 0.0053s
-- change_column_null(:user_settings, :account_id, false)
   -> 0.0068s
-- change_column_null(:users, :account_id, false)
   -> 0.0074s
-- change_column_null(:watches, :account_id, false)
   -> 0.0074s
-- change_column_null(:webhook_delinquency_trackers, :account_id, false)
   -> 0.0055s
-- change_column_null(:webhook_deliveries, :account_id, false)
   -> 0.0080s
-- change_column_null(:webhooks, :account_id, false)
   -> 0.0055s
-- change_column_null(:account_imports, :account_id, false)
   -> 0.0051s
-- change_column_null(:account_join_codes, :account_id, false)
   -> 0.0050s
== 20260911120000 AddAccountIdToRemainingTables: migrated (0.3584s) ===========

== 20260911130000 FixTagsUniquenessForMultitenancy: migrating =================
-- index_exists?(:tags, :title, {name: "index_tags_on_title"})
   -> 0.0003s
-- remove_index(:tags, {name: "index_tags_on_title"})
   -> 0.0002s
-- index_exists?(:tags, [:account_id, :title])
   -> 0.0001s
-- add_index(:tags, [:account_id, :title], {unique: true})
   -> 0.0002s
== 20260911130000 FixTagsUniquenessForMultitenancy: migrated (0.0009s) ========

F

Failure:
VerifierTest#test_every_row_gets_its_account_when_the_rollout_runs_on_a_live_database,_and_keeps_it_through_a_rollback [/tests/verification_test.rb:81]:
Expected ["taggings 03gul5zujg72eotaoaidnbi8v: has no owner left, yet survived", "taggings 03gul5zuowvy7oqnw6rtalqgv: has no owner left, yet survived"] to be empty.

bin/rails test /tests/verification_test.rb:63

.....

Finished in 9.031967s, 0.7750 runs/s, 1.2179 assertions/s.
7 runs, 11 assertions, 1 failures, 0 errors, 0 skips
