Running 1488 tests in parallel using 2 processes
Run options: --seed 53755

# Running:

.................................................................................................................................................................................................................................................................S......S...........................................................................................................................................................................................................................................................................................................................................................................................E

Error:
Notifier::EventNotifierTest#test_updates_source_type_correctly_even_when_a_concurrent_job_modifies_it_between_load_and_save:
NoMethodError: undefined method 'unread?' for an instance of Notification
    app/models/notification.rb:25:in 'block in <class:Notification>'
    app/models/notifier.rb:32:in 'block in Notifier#notify'
    app/models/notifier.rb:18:in 'Array#map'
    app/models/notifier.rb:18:in 'Notifier#notify'
    test/models/notifier/mention_notifier_test.rb:57:in 'block in <class:EventNotifierTest>'

bin/rails test test/models/notifier/mention_notifier_test.rb:28

E

Error:
Notifier::EventNotifierTest#test_notify_the_mentionee:
NoMethodError: undefined method 'unread?' for an instance of Notification
    app/models/notification.rb:25:in 'block in <class:Notification>'
    app/models/notifier.rb:32:in 'block in Notifier#notify'
    app/models/notifier.rb:18:in 'Array#map'
    app/models/notifier.rb:18:in 'Notifier#notify'
    test/models/notifier/mention_notifier_test.rb:12:in 'block (2 levels) in <class:EventNotifierTest>'
    test/models/notifier/mention_notifier_test.rb:11:in 'block in <class:EventNotifierTest>'

bin/rails test test/models/notifier/mention_notifier_test.rb:8

...............................................................E

Error:
Notifier::EventNotifierTest#test_links_to_the_card:
NoMethodError: undefined method 'unread?' for an instance of Notification
    app/models/notification.rb:25:in 'block in <class:Notification>'
    app/models/notifier.rb:32:in 'block in Notifier#notify'
    app/models/notifier.rb:18:in 'Array#map'
    app/models/notifier.rb:18:in 'Notifier#notify'
    test/models/notifier/event_notifier_test.rb:40:in 'block in <class:EventNotifierTest>'

bin/rails test test/models/notifier/event_notifier_test.rb:37

..E

Error:
Notifier::EventNotifierTest#test_create_notifications_on_publish_for_mentionees_that_are_not_watching:
NoMethodError: undefined method 'unread?' for an instance of Notification
    app/models/notification.rb:25:in 'block in <class:Notification>'
    app/models/notifier.rb:32:in 'block in Notifier#notify'
    app/models/notifier.rb:18:in 'Array#map'
    app/models/notifier.rb:18:in 'Notifier#notify'
    test/models/notifier/event_notifier_test.rb:83:in 'block in <class:EventNotifierTest>'

bin/rails test test/models/notifier/event_notifier_test.rb:79

.......E

Error:
Notifier::EventNotifierTest#test_create_notifications_on_publish_for_mentionees:
NoMethodError: undefined method 'unread?' for an instance of Notification
    app/models/notification.rb:25:in 'block in <class:Notification>'
    app/models/notifier.rb:32:in 'block in Notifier#notify'
    app/models/notifier.rb:18:in 'Array#map'
    app/models/notifier.rb:18:in 'Notifier#notify'
    test/models/notifier/event_notifier_test.rb:74:in 'block in <class:EventNotifierTest>'

bin/rails test test/models/notifier/event_notifier_test.rb:71

...............................................................................................................................................................................................................................................................................................................................................................................................................................................................................................................................................................................................................................................................................................................................................................................................

Finished in 28.605530s, 52.0179 runs/s, 198.4581 assertions/s.
1488 runs, 5677 assertions, 0 failures, 5 errors, 2 skips

You have skipped tests. Run with --verbose for details.
