/usr/local/bundle/gems/mini_magick-4.13.2/lib/mini_magick/shell.rb:2: warning: benchmark was loaded from the standard library, but will no longer be part of the default gems starting from Ruby 3.5.0.
You can add benchmark to your Gemfile or gemspec to silence this warning.
DEPRECATION WARNING: `config.active_support.to_time_preserves_timezone` is deprecated and will be removed in Rails 8.2 (called from block in TSort.tsort_each at /usr/local/bundle/gems/tsort-0.2.0/lib/tsort.rb:231)

Run options: --seed 9795

# Running:

...................................................................S..S............................................................................................................

Finished in 25.378661s, 7.0532 runs/s, 21.7900 assertions/s.
179 runs, 553 assertions, 0 failures, 0 errors, 2 skips

You have skipped tests. Run with --verbose for details.
/usr/local/bundle/gems/mini_magick-4.13.2/lib/mini_magick/shell.rb:2: warning: benchmark was loaded from the standard library, but will no longer be part of the default gems starting from Ruby 3.5.0.
You can add benchmark to your Gemfile or gemspec to silence this warning.
DEPRECATION WARNING: `config.active_support.to_time_preserves_timezone` is deprecated and will be removed in Rails 8.2 (called from block in TSort.tsort_each at /usr/local/bundle/gems/tsort-0.2.0/lib/tsort.rb:231)

Run options: --seed 17556

# Running:

...F

Failure:
VerifierTest#test_a_book_taken_live_again_after_a_spell_as_a_draft_is_announced_again [/tests/verify.rb:59]:
1 jobs expected, but 0 were enqueued.
Expected: 1
  Actual: 0

bin/rails test /tests/verify.rb:55

......

Finished in 3.348795s, 2.9861 runs/s, 14.0349 assertions/s.
10 runs, 47 assertions, 1 failures, 0 errors, 0 skips
