Running 1542 tests in parallel using 2 processes
Run options: --seed 44715

# Running:

........................................................................................................................S....S........................................................................................................................................................................................................................................................................................................................................................................................................................................................................................................................................................................................................................................................................................................................................................................................................................................................................................................................................................................................................................................................................................................................................................................................................................................................................................................................................................................................................................................................................

Finished in 29.923476s, 51.5314 runs/s, 194.7969 assertions/s.
1542 runs, 5829 assertions, 0 failures, 0 errors, 2 skips

You have skipped tests. Run with --verbose for details.
Running 6 tests in a single process (parallelization threshold is 50)
Run options: --seed 62555

# Running:

Capybara starting Puma...
* Version 7.2.1, codename: On The Corner
* Min threads: 0, max threads: 4
* Listening on http://127.0.0.1:41257
2026-09-10 15:14:11 INFO Selenium [:logger_info] Details on how to use and modify Selenium logger:
  https://selenium.dev/documentation/webdriver/troubleshooting/logging

2026-09-10 15:14:11 WARN Selenium [:selenium_manager] Exception managing chrome: error sending request for url (https://googlechromelabs.github.io/chrome-for-testing/known-good-versions-with-downloads.json) 
......

Finished in 19.885286s, 0.3017 runs/s, 0.7543 assertions/s.
6 runs, 15 assertions, 0 failures, 0 errors, 0 skips
