Running 1450 tests in parallel using 2 processes
Run options: --seed 9393

# Running:

.............................S.................................................S..........................................................................................................................................................................................................................................................................................................................................................................................................................................................................................................................................................................................................................................................................................................................................................................................................................................................................................................................................................................................................................................................................................................................................................................................................................................................................................................................................................................................................................

Finished in 27.381241s, 52.9560 runs/s, 204.5561 assertions/s.
1450 runs, 5601 assertions, 0 failures, 0 errors, 2 skips

You have skipped tests. Run with --verbose for details.
Running 15 tests in a single process (parallelization threshold is 50)
Run options: --seed 23274

# Running:

......F

Failure:
VerifierTest#test_an_ordinary_attachment_does_not_recount_every_blob_in_the_account [/tests/verification_test.rb:119]:
2 instead of 0 matching queries were executed. Queries:

SELECT "cards".* FROM "cards" WHERE "cards"."id" = ?

SELECT "users".* FROM "users" WHERE "users"."id" = ?

SELECT "accounts".* FROM "accounts" WHERE "accounts"."id" = ? LIMIT ?

SELECT "action_text_rich_texts".* FROM "action_text_rich_texts" WHERE "action_text_rich_texts"."record_id" = ? AND "action_text_rich_texts"."record_type" = ? AND "action_text_rich_texts"."name" = ? LIMIT ?

SELECT "boards".* FROM "boards" WHERE "boards"."id" = ? LIMIT ?

SELECT "users".* FROM "users" INNER JOIN "accesses" ON "users"."id" = "accesses"."user_id" WHERE "accesses"."board_id" = ?

SELECT "accounts".* FROM "accounts" WHERE "accounts"."id" = ? LIMIT ?

SELECT "events".* FROM "events" WHERE "events"."id" = ?

SELECT "accounts".* FROM "accounts" WHERE "accounts"."id" = ? LIMIT ?

SELECT "cards".* FROM "cards" WHERE "cards"."id" = ? LIMIT ?

SELECT "users".* FROM "users" WHERE "users"."id" = ? LIMIT ?

SELECT "boards".* FROM "boards" WHERE "boards"."id" = ? LIMIT ?

SELECT "action_text_rich_texts".* FROM "action_text_rich_texts" WHERE "action_text_rich_texts"."record_id" = ? AND "action_text_rich_texts"."record_type" = ? AND "action_text_rich_texts"."name" = ? LIMIT ?

SELECT "users".* FROM "users" INNER JOIN "accesses" ON "users"."id" = "accesses"."user_id" WHERE "accesses"."board_id" = ?

SELECT "users".* FROM "users" INNER JOIN "assignments" ON "users"."id" = "assignments"."assignee_id" WHERE "assignments"."card_id" = ?

SELECT "users".* FROM "users" INNER JOIN "accesses" ON "users"."id" = "accesses"."user_id" WHERE "accesses"."board_id" = ? AND "users"."active" = ? AND "users"."role" IN (?, ?, ?) AND "accesses"."involvement" = ? AND "users"."id" != ?

SELECT "events".* FROM "events" WHERE "events"."id" = ?

SELECT "accounts".* FROM "accounts" WHERE "accounts"."id" = ? LIMIT ?

SELECT "boards".* FROM "boards" WHERE "boards"."id" = ? LIMIT ?

SELECT "webhooks".* FROM "webhooks" WHERE "webhooks"."active" = ? AND "webhooks"."board_id" = ? AND (subscribed_actions LIKE ?) ORDER BY "webhooks"."id" ASC LIMIT ?

SELECT "accounts".* FROM "accounts" WHERE "accounts"."id" = ? LIMIT ?

SELECT "accounts".* FROM "accounts" WHERE "accounts"."id" = ? LIMIT ?

SELECT "cards".* FROM "cards" WHERE "cards"."id" = ?

SELECT "users".* FROM "users" WHERE "users"."id" = ?

SELECT "accounts".* FROM "accounts" WHERE "accounts"."id" = ? LIMIT ?

SELECT "action_text_rich_texts".* FROM "action_text_rich_texts" WHERE "action_text_rich_texts"."record_id" = ? AND "action_text_rich_texts"."record_type" = ? AND "action_text_rich_texts"."name" = ? LIMIT ?

SELECT "boards".* FROM "boards" WHERE "boards"."id" = ? LIMIT ?

SELECT "users".* FROM "users" INNER JOIN "accesses" ON "users"."id" = "accesses"."user_id" WHERE "accesses"."board_id" = ?

SELECT "accounts".* FROM "accounts" WHERE "accounts"."id" = ? LIMIT ?

SELECT "accounts".* FROM "accounts" WHERE "accounts"."id" = ? LIMIT ?

SELECT "accounts".* FROM "accounts" WHERE "accounts"."id" = ? LIMIT ?

SELECT "accounts".* FROM "accounts" WHERE "accounts"."id" = ? LIMIT ?

SELECT "accounts".* FROM "accounts" WHERE "accounts"."id" = ? LIMIT ?

SAVEPOINT active_record_1

SELECT "accounts".* FROM "accounts" WHERE "accounts"."id" = ? LIMIT ? 

SELECT SUM("active_storage_blobs"."byte_size") FROM "active_storage_attachments" INNER JOIN "active_storage_blobs" ON "active_storage_blobs"."id" = "active_storage_attachments"."blob_id" LEFT JOIN action_text_rich_texts ON active_storage_attachments.record_type = 'ActionText::RichText' AND active_storage_attachments.record_id = action_text_rich_texts.id LEFT JOIN comments ON action_text_rich_texts.record_type = 'Comment' AND action_text_rich_texts.record_id = comments.id LEFT JOIN cards ON (active_storage_attachments.record_type = 'Card' AND active_storage_attachments.record_id = cards.id) OR (action_text_rich_texts.record_type = 'Card' AND action_text_rich_texts.record_id = cards.id) OR comments.card_id = cards.id WHERE "active_storage_attachments"."account_id" = ? AND ((active_storage_attachments.record_type = 'Card' AND active_storage_attachments.name = 'image') OR (active_storage_attachments.record_type = 'ActionText::RichText' AND active_storage_attachments.name = 'embeds' AND action_text_rich_texts.record_type IN ('Board', 'Card', 'Comment')))

UPDATE "accounts" SET "bytes_used" = ?, "bytes_used_calculated_at" = ?, "bytes_used_refresh_requested_at" = ? WHERE "accounts"."id" = ?

RELEASE SAVEPOINT active_record_1

SELECT "boards".* FROM "boards" WHERE "boards"."id" = ? LIMIT ?

SAVEPOINT active_record_1

SELECT "boards".* FROM "boards" WHERE "boards"."id" = ? LIMIT ? 

SELECT "accounts".* FROM "accounts" WHERE "accounts"."id" = ? LIMIT ?

SELECT SUM("active_storage_blobs"."byte_size") FROM "active_storage_attachments" INNER JOIN "active_storage_blobs" ON "active_storage_blobs"."id" = "active_storage_attachments"."blob_id" LEFT JOIN action_text_rich_texts ON active_storage_attachments.record_type = 'ActionText::RichText' AND active_storage_attachments.record_id = action_text_rich_texts.id LEFT JOIN comments ON action_text_rich_texts.record_type = 'Comment' AND action_text_rich_texts.record_id = comments.id LEFT JOIN cards ON (active_storage_attachments.record_type = 'Card' AND active_storage_attachments.record_id = cards.id) OR (action_text_rich_texts.record_type = 'Card' AND action_text_rich_texts.record_id = cards.id) OR comments.card_id = cards.id WHERE "active_storage_attachments"."account_id" = ? AND ((active_storage_attachments.record_type = 'Card' AND active_storage_attachments.name = 'image') OR (active_storage_attachments.record_type = 'ActionText::RichText' AND active_storage_attachments.name = 'embeds' AND action_text_rich_texts.record_type IN ('Board', 'Card', 'Comment'))) AND ((active_storage_attachments.record_type = 'Card' AND active_storage_attachments.name = 'image' AND cards.board_id = x'018cdc78f97e7000bc6393771ee3048a') OR (active_storage_attachments.record_type = 'ActionText::RichText' AND active_storage_attachments.name = 'embeds' AND ((action_text_rich_texts.record_type = 'Board' AND action_text_rich_texts.record_id = x'018cdc78f97e7000bc6393771ee3048a') OR (action_text_rich_texts.record_type IN ('Card', 'Comment') AND cards.board_id = x'018cdc78f97e7000bc6393771ee3048a'))))

UPDATE "boards" SET "bytes_used" = ?, "bytes_used_calculated_at" = ?, "bytes_used_refresh_requested_at" = ? WHERE "boards"."id" = ?

RELEASE SAVEPOINT active_record_1

SELECT "accounts".* FROM "accounts" WHERE "accounts"."id" = ? LIMIT ?

SELECT "accounts".* FROM "accounts" WHERE "accounts"."id" = ? LIMIT ?.
Expected: 0
  Actual: 2

bin/rails test /tests/verification_test.rb:114

F

Failure:
VerifierTest#test_replacing_and_removing_a_card_image_settles_on_the_current_image [/tests/verification_test.rb:66]:
Expected: 0
  Actual: 347501

bin/rails test /tests/verification_test.rb:58

.......

Finished in 4.116301s, 3.6440 runs/s, 14.8191 assertions/s.
15 runs, 61 assertions, 2 failures, 0 errors, 0 skips
