Running 1542 tests in parallel using 2 processes
Run options: --seed 20755

# Running:

.....E

Error:
Cards::PinsControllerTest#test_create:
ActionView::Template::Error: undefined method 'local_time_tag' for an instance of #<Class:0x00007b7772c70780>
    app/views/cards/display/preview/_meta.html.erb:7
    app/views/cards/display/_preview.html.erb:49
    app/helpers/cards_helper.rb:12:in 'CardsHelper#card_article_tag'
    app/views/cards/display/_preview.html.erb:17
    app/views/my/pins/_pin.html.erb:2
    config/initializers/tenanting/turbo.rb:7:in 'TurboStreamsJobExtensions::ClassMethods#render_format'
    app/controllers/cards/pins_controller.rb:32:in 'Cards::PinsController#broadcast_add_pin_to_tray'
    app/controllers/cards/pins_controller.rb:11:in 'Cards::PinsController#create'
    app/controllers/concerns/current_timezone.rb:15:in 'CurrentTimezone#set_current_timezone'
    config/initializers/tenanting/account_slug.rb:31:in 'block in AccountSlug::Extractor#call'
    app/models/current.rb:22:in 'Current#with_account'
    config/initializers/tenanting/account_slug.rb:30:in 'AccountSlug::Extractor#call'
    test/controllers/cards/pins_controller_test.rb:12:in 'block (4 levels) in <class:PinsControllerTest>'
    test/controllers/cards/pins_controller_test.rb:11:in 'block (3 levels) in <class:PinsControllerTest>'
    test/test_helper.rb:61:in 'ActiveSupport::TestCase#perform_enqueued_jobs'
    test/controllers/cards/pins_controller_test.rb:10:in 'block (2 levels) in <class:PinsControllerTest>'
    test/controllers/cards/pins_controller_test.rb:9:in 'block in <class:PinsControllerTest>'

bin/rails test test/controllers/cards/pins_controller_test.rb:8

E

Error:
Cards::PinsControllerTest#test_create_as_JSON:
ActionView::Template::Error: undefined method 'local_time_tag' for an instance of #<Class:0x00007b7772db1900>
    app/views/cards/display/preview/_meta.html.erb:7
    app/views/cards/display/_preview.html.erb:49
    app/helpers/cards_helper.rb:12:in 'CardsHelper#card_article_tag'
    app/views/cards/display/_preview.html.erb:17
    app/views/my/pins/_pin.html.erb:2
    config/initializers/tenanting/turbo.rb:7:in 'TurboStreamsJobExtensions::ClassMethods#render_format'
    app/controllers/cards/pins_controller.rb:32:in 'Cards::PinsController#broadcast_add_pin_to_tray'
    app/controllers/cards/pins_controller.rb:11:in 'Cards::PinsController#create'
    app/controllers/concerns/current_timezone.rb:15:in 'CurrentTimezone#set_current_timezone'
    config/initializers/tenanting/account_slug.rb:31:in 'block in AccountSlug::Extractor#call'
    app/models/current.rb:22:in 'Current#with_account'
    config/initializers/tenanting/account_slug.rb:30:in 'AccountSlug::Extractor#call'
    test/controllers/cards/pins_controller_test.rb:25:in 'block in <class:PinsControllerTest>'

bin/rails test test/controllers/cards/pins_controller_test.rb:20

...........E

Error:
Cards::NotNowsControllerTest#test_create:
ActionView::Template::Error: undefined method 'local_time_tag' for an instance of #<Class:0x00007b7772c70780>
    app/views/cards/display/common/_stamp.html.erb:9
    app/views/cards/display/common/_stamp.html.erb:2
    app/views/cards/_container.html.erb:25
    app/helpers/cards_helper.rb:12:in 'CardsHelper#card_article_tag'
    app/views/cards/_container.html.erb:9
    app/views/cards/_container.html.erb:2
    app/views/cards/not_nows/create.turbo_stream.erb:9
    app/controllers/concerns/current_timezone.rb:15:in 'CurrentTimezone#set_current_timezone'
    config/initializers/tenanting/account_slug.rb:31:in 'block in AccountSlug::Extractor#call'
    app/models/current.rb:22:in 'Current#with_account'
    config/initializers/tenanting/account_slug.rb:30:in 'AccountSlug::Extractor#call'
    test/controllers/cards/not_nows_controller_test.rb:12:in 'block (2 levels) in <class:NotNowsControllerTest>'
    test/controllers/cards/not_nows_controller_test.rb:11:in 'block in <class:NotNowsControllerTest>'

bin/rails test test/controllers/cards/not_nows_controller_test.rb:8

............E

Error:
Boards::Columns::StreamsControllerTest#test_show:
ActionView::Template::Error: undefined method 'local_time_tag' for an instance of #<Class:0x00007b7772db1900>
    app/views/cards/display/preview/_meta.html.erb:7
    app/views/cards/display/_preview.html.erb:49
    app/helpers/cards_helper.rb:12:in 'CardsHelper#card_article_tag'
    app/views/cards/display/_preview.html.erb:17
    app/views/cards/display/_previews.html.erb:1
    app/views/boards/columns/streams/show.html.erb:18
    app/helpers/pagination_helper.rb:43:in 'block (2 levels) in PaginationHelper#with_automatic_pagination'
    app/helpers/pagination_helper.rb:3:in 'PaginationHelper#pagination_frame_tag'
    app/helpers/pagination_helper.rb:42:in 'block in PaginationHelper#with_automatic_pagination'
    app/helpers/pagination_helper.rb:68:in 'Kernel#public_send'
    app/helpers/pagination_helper.rb:68:in 'PaginationHelper#pagination_list'
    app/helpers/pagination_helper.rb:41:in 'PaginationHelper#with_automatic_pagination'
    app/views/boards/columns/streams/show.html.erb:17
    app/views/boards/columns/streams/show.html.erb:14
    app/controllers/concerns/current_timezone.rb:15:in 'CurrentTimezone#set_current_timezone'
    config/initializers/tenanting/account_slug.rb:31:in 'block in AccountSlug::Extractor#call'
    app/models/current.rb:22:in 'Current#with_account'
    config/initializers/tenanting/account_slug.rb:30:in 'AccountSlug::Extractor#call'
    test/controllers/boards/columns/streams_controller_test.rb:9:in 'block in <class:StreamsControllerTest>'

bin/rails test test/controllers/boards/columns/streams_controller_test.rb:8

...E

Error:
ControllerAuthenticationTest#test_access_with_an_account_slug_and_a_session_allows_functional_access:
ActionView::Template::Error: undefined method 'local_time_tag' for an instance of #<Class:0x00007b7772db1900>
    app/views/cards/display/preview/_meta.html.erb:7
    app/views/cards/display/_preview.html.erb:49
    app/helpers/cards_helper.rb:12:in 'CardsHelper#card_article_tag'
    app/views/cards/display/_preview.html.erb:17
    app/views/cards/display/_previews.html.erb:1
    app/views/cards/index.html.erb:24
    app/helpers/pagination_helper.rb:43:in 'block (2 levels) in PaginationHelper#with_automatic_pagination'
    app/helpers/pagination_helper.rb:3:in 'PaginationHelper#pagination_frame_tag'
    app/helpers/pagination_helper.rb:42:in 'block in PaginationHelper#with_automatic_pagination'
    app/helpers/pagination_helper.rb:68:in 'Kernel#public_send'
    app/helpers/pagination_helper.rb:68:in 'PaginationHelper#pagination_list'
    app/helpers/pagination_helper.rb:41:in 'PaginationHelper#with_automatic_pagination'
    app/views/cards/index.html.erb:23
    app/views/cards/index.html.erb:20
    app/controllers/concerns/current_timezone.rb:15:in 'CurrentTimezone#set_current_timezone'
    config/initializers/tenanting/account_slug.rb:31:in 'block in AccountSlug::Extractor#call'
    app/models/current.rb:22:in 'Current#with_account'
    config/initializers/tenanting/account_slug.rb:30:in 'AccountSlug::Extractor#call'
    test/controllers/controller_authentication_test.rb:22:in 'block in <class:ControllerAuthenticationTest>'

bin/rails test test/controllers/controller_authentication_test.rb:19

.....E

Error:
Public::Boards::ColumnsControllerTest#test_show:
ActionView::Template::Error: undefined method 'local_time_tag' for an instance of #<Class:0x00007b7772c70780>
    app/views/cards/display/public_preview/_meta.html.erb:7
    app/views/cards/display/_public_preview.html.erb:30
    app/helpers/cards_helper.rb:12:in 'CardsHelper#card_article_tag'
    app/views/cards/display/_public_preview.html.erb:1
    app/views/cards/display/_public_previews.html.erb:1
    app/views/public/boards/columns/show.html.erb:18
    app/helpers/pagination_helper.rb:43:in 'block (2 levels) in PaginationHelper#with_automatic_pagination'
    app/helpers/pagination_helper.rb:3:in 'PaginationHelper#pagination_frame_tag'
    app/helpers/pagination_helper.rb:42:in 'block in PaginationHelper#with_automatic_pagination'
    app/helpers/pagination_helper.rb:68:in 'Kernel#public_send'
    app/helpers/pagination_helper.rb:68:in 'PaginationHelper#pagination_list'
    app/helpers/pagination_helper.rb:41:in 'PaginationHelper#with_automatic_pagination'
    app/views/public/boards/columns/show.html.erb:17
    app/views/public/boards/columns/show.html.erb:14
    app/controllers/concerns/current_timezone.rb:15:in 'CurrentTimezone#set_current_timezone'
    config/initializers/tenanting/account_slug.rb:31:in 'block in AccountSlug::Extractor#call'
    app/models/current.rb:22:in 'Current#with_account'
    config/initializers/tenanting/account_slug.rb:30:in 'AccountSlug::Extractor#call'
    test/controllers/public/boards/columns_controller_test.rb:10:in 'block in <class:ColumnsControllerTest>'

bin/rails test test/controllers/public/boards/columns_controller_test.rb:8

E

Error:
Cards::SelfAssignmentsControllerTest#test_create_assigns_to_current_user:
ActionView::Template::Error: undefined method 'local_time_tag' for an instance of #<Class:0x00007b7772db1900>
    app/views/cards/display/common/_meta.html.erb:7
    app/views/cards/display/perma/_meta.html.erb:1
    app/views/cards/assignments/create.turbo_stream.erb:1
    app/controllers/cards/self_assignments_controller.rb:7:in 'block (2 levels) in Cards::SelfAssignmentsController#create'
    app/controllers/cards/self_assignments_controller.rb:6:in 'Cards::SelfAssignmentsController#create'
    app/controllers/concerns/current_timezone.rb:15:in 'CurrentTimezone#set_current_timezone'
    config/initializers/tenanting/account_slug.rb:31:in 'block in AccountSlug::Extractor#call'
    app/models/current.rb:22:in 'Current#with_account'
    config/initializers/tenanting/account_slug.rb:30:in 'AccountSlug::Extractor#call'
    test/controllers/cards/self_assignments_controller_test.rb:13:in 'block in <class:SelfAssignmentsControllerTest>'

bin/rails test test/controllers/cards/self_assignments_controller_test.rb:8

..E

Error:
Cards::SelfAssignmentsControllerTest#test_create_toggles_off_when_already_assigned:
ActionView::Template::Error: undefined method 'local_time_tag' for an instance of #<Class:0x00007b7772db1900>
    app/views/cards/display/common/_meta.html.erb:7
    app/views/cards/display/perma/_meta.html.erb:1
    app/views/cards/assignments/create.turbo_stream.erb:1
    app/controllers/cards/self_assignments_controller.rb:7:in 'block (2 levels) in Cards::SelfAssignmentsController#create'
    app/controllers/cards/self_assignments_controller.rb:6:in 'Cards::SelfAssignmentsController#create'
    app/controllers/concerns/current_timezone.rb:15:in 'CurrentTimezone#set_current_timezone'
    config/initializers/tenanting/account_slug.rb:31:in 'block in AccountSlug::Extractor#call'
    app/models/current.rb:22:in 'Current#with_account'
    config/initializers/tenanting/account_slug.rb:30:in 'AccountSlug::Extractor#call'
    test/controllers/cards/self_assignments_controller_test.rb:24:in 'block in <class:SelfAssignmentsControllerTest>'

bin/rails test test/controllers/cards/self_assignments_controller_test.rb:19

....................................................................................E

Error:
Cards::CommentsControllerTest#test_update:
ActionView::Template::Error: undefined method 'local_time_tag' for an instance of #<Class:0x00007b7772db1900>
    app/views/cards/comments/_comment.html.erb:18
    app/views/cards/comments/_comment.html.erb:17
    app/views/cards/comments/_comment.html.erb:3
    app/views/cards/comments/_comment.html.erb:1
    app/views/cards/comments/update.turbo_stream.erb:1
    app/controllers/concerns/current_timezone.rb:15:in 'CurrentTimezone#set_current_timezone'
    config/initializers/tenanting/account_slug.rb:31:in 'block in AccountSlug::Extractor#call'
    app/models/current.rb:22:in 'Current#with_account'
    config/initializers/tenanting/account_slug.rb:30:in 'AccountSlug::Extractor#call'
    test/controllers/cards/comments_controller_test.rb:27:in 'block in <class:CommentsControllerTest>'

bin/rails test test/controllers/cards/comments_controller_test.rb:26

...E

Error:
Cards::CommentsControllerTest#test_create:
ActionView::Template::Error: undefined method 'local_time_tag' for an instance of #<Class:0x00007b7772db1900>
    app/views/cards/comments/_comment.html.erb:18
    app/views/cards/comments/_comment.html.erb:17
    app/views/cards/comments/_comment.html.erb:3
    app/views/cards/comments/_comment.html.erb:1
    app/views/cards/comments/create.turbo_stream.erb:1
    app/controllers/concerns/current_timezone.rb:15:in 'CurrentTimezone#set_current_timezone'
    config/initializers/tenanting/account_slug.rb:31:in 'block in AccountSlug::Extractor#call'
    app/models/current.rb:22:in 'Current#with_account'
    config/initializers/tenanting/account_slug.rb:30:in 'AccountSlug::Extractor#call'
    test/controllers/cards/comments_controller_test.rb:10:in 'block (2 levels) in <class:CommentsControllerTest>'
    test/controllers/cards/comments_controller_test.rb:9:in 'block in <class:CommentsControllerTest>'

bin/rails test test/controllers/cards/comments_controller_test.rb:8

.E

Error:
BlockSearchEngineIndexingTest#test_sets_X-Robots-Tag_header_to_none_on_authenticated_requests:
ActionView::Template::Error: undefined method 'local_time_tag' for an instance of #<Class:0x00007b7772c70780>
    app/views/cards/display/preview/_meta.html.erb:7
    app/views/cards/display/_preview.html.erb:49
    app/helpers/cards_helper.rb:12:in 'CardsHelper#card_article_tag'
    app/views/cards/display/_preview.html.erb:17
    app/views/cards/display/_previews.html.erb:1
    app/views/boards/show/_stream.html.erb:16
    app/helpers/pagination_helper.rb:43:in 'block (2 levels) in PaginationHelper#with_automatic_pagination'
    app/helpers/pagination_helper.rb:3:in 'PaginationHelper#pagination_frame_tag'
    app/helpers/pagination_helper.rb:42:in 'block in PaginationHelper#with_automatic_pagination'
    app/helpers/pagination_helper.rb:68:in 'Kernel#public_send'
    app/helpers/pagination_helper.rb:68:in 'PaginationHelper#pagination_list'
    app/helpers/pagination_helper.rb:41:in 'PaginationHelper#with_automatic_pagination'
    app/views/boards/show/_stream.html.erb:15
    app/helpers/columns_helper.rb:34:in 'block in ColumnsHelper#column_tag'
    app/helpers/columns_helper.rb:33:in 'ColumnsHelper#column_tag'
    app/views/boards/show/_stream.html.erb:1
    app/views/boards/show/_columns.html.erb:31
    app/views/boards/show/_columns.html.erb:1
    app/views/boards/show.html.erb:30
    app/views/boards/show.html.erb:25
    app/controllers/concerns/current_timezone.rb:15:in 'CurrentTimezone#set_current_timezone'
    config/initializers/tenanting/account_slug.rb:31:in 'block in AccountSlug::Extractor#call'
    app/models/current.rb:22:in 'Current#with_account'
    config/initializers/tenanting/account_slug.rb:30:in 'AccountSlug::Extractor#call'
    test/controllers/concerns/block_search_engine_indexing_test.rb:7:in 'block in <class:BlockSearchEngineIndexingTest>'

bin/rails test test/controllers/concerns/block_search_engine_indexing_test.rb:4

...................E

Error:
My::PinsControllerTest#test_index:
ActionView::Template::Error: undefined method 'local_time_tag' for an instance of #<Class:0x00007b7772c70780>
    app/views/cards/display/preview/_meta.html.erb:7
    app/views/cards/display/_preview.html.erb:49
    app/helpers/cards_helper.rb:12:in 'CardsHelper#card_article_tag'
    app/views/cards/display/_preview.html.erb:17
    app/views/my/pins/_pin.html.erb:2
    app/views/my/pins/index.html.erb:13
    app/views/my/pins/index.html.erb:12
    app/controllers/concerns/current_timezone.rb:15:in 'CurrentTimezone#set_current_timezone'
    config/initializers/tenanting/account_slug.rb:31:in 'block in AccountSlug::Extractor#call'
    app/models/current.rb:22:in 'Current#with_account'
    config/initializers/tenanting/account_slug.rb:30:in 'AccountSlug::Extractor#call'
    test/controllers/my/pins_controller_test.rb:9:in 'block in <class:PinsControllerTest>'

bin/rails test test/controllers/my/pins_controller_test.rb:8

................E

Error:
Columns::Cards::Drops::StreamsControllerTest#test_create:
ActionView::Template::Error: undefined method 'local_time_tag' for an instance of #<Class:0x00007b7772db1900>
    app/views/cards/display/preview/_meta.html.erb:7
    app/views/cards/display/_preview.html.erb:49
    app/helpers/cards_helper.rb:12:in 'CardsHelper#card_article_tag'
    app/views/cards/display/_preview.html.erb:17
    app/views/cards/display/_previews.html.erb:1
    app/views/boards/show/_stream.html.erb:16
    app/helpers/pagination_helper.rb:43:in 'block (2 levels) in PaginationHelper#with_automatic_pagination'
    app/helpers/pagination_helper.rb:3:in 'PaginationHelper#pagination_frame_tag'
    app/helpers/pagination_helper.rb:42:in 'block in PaginationHelper#with_automatic_pagination'
    app/helpers/pagination_helper.rb:68:in 'Kernel#public_send'
    app/helpers/pagination_helper.rb:68:in 'PaginationHelper#pagination_list'
    app/helpers/pagination_helper.rb:41:in 'PaginationHelper#with_automatic_pagination'
    app/views/boards/show/_stream.html.erb:15
    app/helpers/columns_helper.rb:34:in 'block in ColumnsHelper#column_tag'
    app/helpers/columns_helper.rb:33:in 'ColumnsHelper#column_tag'
    app/views/boards/show/_stream.html.erb:1
    app/views/columns/cards/drops/streams/create.turbo_stream.erb:1
    app/controllers/concerns/current_timezone.rb:15:in 'CurrentTimezone#set_current_timezone'
    config/initializers/tenanting/account_slug.rb:31:in 'block in AccountSlug::Extractor#call'
    app/models/current.rb:22:in 'Current#with_account'
    config/initializers/tenanting/account_slug.rb:30:in 'AccountSlug::Extractor#call'
    test/controllers/columns/cards/drops/streams_controller_test.rb:12:in 'block (2 levels) in <class:StreamsControllerTest>'
    test/controllers/columns/cards/drops/streams_controller_test.rb:11:in 'block in <class:StreamsControllerTest>'

bin/rails test test/controllers/columns/cards/drops/streams_controller_test.rb:8

......E

Error:
Boards::ColumnsControllerTest#test_show:
ActionView::Template::Error: undefined method 'local_time_tag' for an instance of #<Class:0x00007b7772c70780>
    app/views/cards/display/preview/_meta.html.erb:7
    app/views/cards/display/_preview.html.erb:49
    app/helpers/cards_helper.rb:12:in 'CardsHelper#card_article_tag'
    app/views/cards/display/_preview.html.erb:17
    app/views/cards/display/_previews.html.erb:1
    app/views/boards/columns/show.html.erb:18
    app/helpers/pagination_helper.rb:43:in 'block (2 levels) in PaginationHelper#with_automatic_pagination'
    app/helpers/pagination_helper.rb:3:in 'PaginationHelper#pagination_frame_tag'
    app/helpers/pagination_helper.rb:42:in 'block in PaginationHelper#with_automatic_pagination'
    app/helpers/pagination_helper.rb:68:in 'Kernel#public_send'
    app/helpers/pagination_helper.rb:68:in 'PaginationHelper#pagination_list'
    app/helpers/pagination_helper.rb:41:in 'PaginationHelper#with_automatic_pagination'
    app/views/boards/columns/show.html.erb:17
    app/views/boards/columns/show.html.erb:14
    app/controllers/concerns/current_timezone.rb:15:in 'CurrentTimezone#set_current_timezone'
    config/initializers/tenanting/account_slug.rb:31:in 'block in AccountSlug::Extractor#call'
    app/models/current.rb:22:in 'Current#with_account'
    config/initializers/tenanting/account_slug.rb:30:in 'AccountSlug::Extractor#call'
    test/controllers/boards/columns_controller_test.rb:9:in 'block in <class:ColumnsControllerTest>'

bin/rails test test/controllers/boards/columns_controller_test.rb:8

...............................................................................................................................................................................................................................................................................E

Error:
MentionsTest#test_notify_new_mentionees_when_editing_a_comment_to_add_a_mention:
ActionView::Template::Error: undefined method 'local_time_tag' for an instance of #<Class:0x00007b7772c70780>
    app/views/notifications/notification/_header.html.erb:17
    app/views/notifications/_notification.html.erb:4
    app/helpers/notifications_helper.rb:34:in 'block in NotificationsHelper#notification_tag'
    app/helpers/notifications_helper.rb:30:in 'NotificationsHelper#notification_tag'
    app/views/notifications/_notification.html.erb:3
    app/views/notifications/_notification.html.erb:1
    config/initializers/tenanting/turbo.rb:9:in 'TurboStreamsJobExtensions::ClassMethods#render_format'
    app/jobs/concerns/account_tenanted.rb:36:in 'AccountTenanted#with_account_context'
    app/models/notification.rb:25:in 'block in <class:Notification>'
    app/models/notifier.rb:19:in 'block in Notifier#notify'
    app/models/notifier.rb:18:in 'Array#map'
    app/models/notifier.rb:18:in 'Notifier#notify'
    app/models/concerns/notifiable.rb:11:in 'Notifiable#notify_recipients'
    app/jobs/notify_recipients_job.rb:5:in 'NotifyRecipientsJob#perform'
    app/jobs/concerns/account_tenanted.rb:36:in 'AccountTenanted#with_account_context'
    app/models/concerns/notifiable.rb:20:in 'Notifiable#notify_recipients_later'
    app/models/user/mentionable.rb:18:in 'User::Mentionable#mentioned_by'
    app/models/concerns/mentions.rb:12:in 'block in Mentions#create_mentions'
    app/models/concerns/mentions.rb:11:in 'Array#each'
    app/models/concerns/mentions.rb:11:in 'Mentions#create_mentions'
    app/jobs/mention/create_job.rb:5:in 'Mention::CreateJob#perform'
    app/jobs/concerns/account_tenanted.rb:36:in 'AccountTenanted#with_account_context'
    app/models/concerns/mentions.rb:46:in 'Mentions#create_mentions_later'
    test/models/concerns/mentions_test.rb:91:in 'block (3 levels) in <class:MentionsTest>'
    test/models/concerns/mentions_test.rb:90:in 'block (2 levels) in <class:MentionsTest>'
    test/test_helper.rb:61:in 'ActiveSupport::TestCase#perform_enqueued_jobs'
    test/models/concerns/mentions_test.rb:87:in 'block in <class:MentionsTest>'

bin/rails test test/models/concerns/mentions_test.rb:84

E

Error:
CardPreviewBoostCountTest#test_card_preview_does_not_display_boost_count_when_card_has_no_reactions:
ActionView::Template::Error: undefined method 'local_time_tag' for an instance of #<Class:0x00007b7772db1900>
    app/views/cards/display/preview/_meta.html.erb:7
    app/views/cards/display/_preview.html.erb:49
    app/helpers/cards_helper.rb:12:in 'CardsHelper#card_article_tag'
    app/views/cards/display/_preview.html.erb:17
    app/views/cards/display/_previews.html.erb:1
    app/views/boards/columns/show.html.erb:18
    app/helpers/pagination_helper.rb:43:in 'block (2 levels) in PaginationHelper#with_automatic_pagination'
    app/helpers/pagination_helper.rb:3:in 'PaginationHelper#pagination_frame_tag'
    app/helpers/pagination_helper.rb:42:in 'block in PaginationHelper#with_automatic_pagination'
    app/helpers/pagination_helper.rb:68:in 'Kernel#public_send'
    app/helpers/pagination_helper.rb:68:in 'PaginationHelper#pagination_list'
    app/helpers/pagination_helper.rb:41:in 'PaginationHelper#with_automatic_pagination'
    app/views/boards/columns/show.html.erb:17
    app/views/boards/columns/show.html.erb:14
    app/controllers/concerns/current_timezone.rb:15:in 'CurrentTimezone#set_current_timezone'
    config/initializers/tenanting/account_slug.rb:31:in 'block in AccountSlug::Extractor#call'
    app/models/current.rb:22:in 'Current#with_account'
    config/initializers/tenanting/account_slug.rb:30:in 'AccountSlug::Extractor#call'
    test/integration/card_preview_boost_count_test.rb:23:in 'block in <class:CardPreviewBoostCountTest>'

bin/rails test test/integration/card_preview_boost_count_test.rb:19

............................E

Error:
CardPreviewBoostCountTest#test_card_preview_displays_boost_count_when_card_has_reactions:
ActionView::Template::Error: undefined method 'local_time_tag' for an instance of #<Class:0x00007b7772c70780>
    app/views/cards/display/preview/_meta.html.erb:7
    app/views/cards/display/_preview.html.erb:49
    app/helpers/cards_helper.rb:12:in 'CardsHelper#card_article_tag'
    app/views/cards/display/_preview.html.erb:17
    app/views/cards/display/_previews.html.erb:1
    app/views/boards/columns/show.html.erb:18
    app/helpers/pagination_helper.rb:43:in 'block (2 levels) in PaginationHelper#with_automatic_pagination'
    app/helpers/pagination_helper.rb:3:in 'PaginationHelper#pagination_frame_tag'
    app/helpers/pagination_helper.rb:42:in 'block in PaginationHelper#with_automatic_pagination'
    app/helpers/pagination_helper.rb:68:in 'Kernel#public_send'
    app/helpers/pagination_helper.rb:68:in 'PaginationHelper#pagination_list'
    app/helpers/pagination_helper.rb:41:in 'PaginationHelper#with_automatic_pagination'
    app/views/boards/columns/show.html.erb:17
    app/views/boards/columns/show.html.erb:14
    app/controllers/concerns/current_timezone.rb:15:in 'CurrentTimezone#set_current_timezone'
    config/initializers/tenanting/account_slug.rb:31:in 'block in AccountSlug::Extractor#call'
    app/models/current.rb:22:in 'Current#with_account'
    config/initializers/tenanting/account_slug.rb:30:in 'AccountSlug::Extractor#call'
    test/integration/card_preview_boost_count_test.rb:12:in 'block in <class:CardPreviewBoostCountTest>'

bin/rails test test/integration/card_preview_boost_count_test.rb:11

.......................S.S...E

Error:
Public::Boards::Columns::StreamsControllerTest#test_show:
ActionView::Template::Error: undefined method 'local_time_tag' for an instance of #<Class:0x00007b7772c70780>
    app/views/cards/display/public_preview/_meta.html.erb:7
    app/views/cards/display/_public_preview.html.erb:30
    app/helpers/cards_helper.rb:12:in 'CardsHelper#card_article_tag'
    app/views/cards/display/_public_preview.html.erb:1
    app/views/cards/display/_public_previews.html.erb:1
    app/views/public/boards/columns/streams/show.html.erb:18
    app/helpers/pagination_helper.rb:43:in 'block (2 levels) in PaginationHelper#with_automatic_pagination'
    app/helpers/pagination_helper.rb:3:in 'PaginationHelper#pagination_frame_tag'
    app/helpers/pagination_helper.rb:42:in 'block in PaginationHelper#with_automatic_pagination'
    app/helpers/pagination_helper.rb:68:in 'Kernel#public_send'
    app/helpers/pagination_helper.rb:68:in 'PaginationHelper#pagination_list'
    app/helpers/pagination_helper.rb:41:in 'PaginationHelper#with_automatic_pagination'
    app/views/public/boards/columns/streams/show.html.erb:17
    app/views/public/boards/columns/streams/show.html.erb:14
    app/controllers/concerns/current_timezone.rb:15:in 'CurrentTimezone#set_current_timezone'
    config/initializers/tenanting/account_slug.rb:31:in 'block in AccountSlug::Extractor#call'
    app/models/current.rb:22:in 'Current#with_account'
    config/initializers/tenanting/account_slug.rb:30:in 'AccountSlug::Extractor#call'
    test/controllers/public/boards/columns/streams_controller_test.rb:9:in 'block in <class:StreamsControllerTest>'

bin/rails test test/controllers/public/boards/columns/streams_controller_test.rb:8

.......................................E

Error:
Cards::AssignmentsControllerTest#test_create:
ActionView::Template::Error: undefined method 'local_time_tag' for an instance of #<Class:0x00007b7772db1900>
    app/views/cards/display/common/_meta.html.erb:7
    app/views/cards/display/perma/_meta.html.erb:1
    app/views/cards/assignments/create.turbo_stream.erb:1
    app/controllers/concerns/current_timezone.rb:15:in 'CurrentTimezone#set_current_timezone'
    config/initializers/tenanting/account_slug.rb:31:in 'block in AccountSlug::Extractor#call'
    app/models/current.rb:22:in 'Current#with_account'
    config/initializers/tenanting/account_slug.rb:30:in 'AccountSlug::Extractor#call'
    test/controllers/cards/assignments_controller_test.rb:15:in 'block (2 levels) in <class:AssignmentsControllerTest>'
    test/controllers/cards/assignments_controller_test.rb:14:in 'block in <class:AssignmentsControllerTest>'

bin/rails test test/controllers/cards/assignments_controller_test.rb:13

................E

Error:
CardsControllerTest#test_card_creators_can_see_delete_button_on_their_own_cards:
ActionView::Template::Error: undefined method 'local_time_tag' for an instance of #<Class:0x00007b7772c70780>
    app/views/cards/container/_closure.html.erb:16
    app/views/cards/container/_content.html.erb:5
    app/views/cards/container/_content.html.erb:4
    app/views/cards/container/_content.html.erb:2
    app/views/cards/_container.html.erb:17
    app/helpers/cards_helper.rb:12:in 'CardsHelper#card_article_tag'
    app/views/cards/_container.html.erb:9
    app/views/cards/_container.html.erb:2
    app/views/cards/show.html.erb:18
    app/controllers/concerns/current_timezone.rb:15:in 'CurrentTimezone#set_current_timezone'
    config/initializers/tenanting/account_slug.rb:31:in 'block in AccountSlug::Extractor#call'
    app/models/current.rb:22:in 'Current#with_account'
    config/initializers/tenanting/account_slug.rb:30:in 'AccountSlug::Extractor#call'
    test/controllers/cards_controller_test.rb:146:in 'block in <class:CardsControllerTest>'

bin/rails test test/controllers/cards_controller_test.rb:143

....E

Error:
CardsControllerTest#test_show_renders_assign-to-me_hotkey_using_self_assignment_path:
ActionView::Template::Error: undefined method 'local_time_tag' for an instance of #<Class:0x00007b7772c70780>
    app/views/cards/container/_closure.html.erb:16
    app/views/cards/container/_content.html.erb:5
    app/views/cards/container/_content.html.erb:4
    app/views/cards/container/_content.html.erb:2
    app/views/cards/_container.html.erb:17
    app/helpers/cards_helper.rb:12:in 'CardsHelper#card_article_tag'
    app/views/cards/_container.html.erb:9
    app/views/cards/_container.html.erb:2
    app/views/cards/show.html.erb:18
    app/controllers/concerns/current_timezone.rb:15:in 'CurrentTimezone#set_current_timezone'
    config/initializers/tenanting/account_slug.rb:31:in 'block in AccountSlug::Extractor#call'
    app/models/current.rb:22:in 'Current#with_account'
    config/initializers/tenanting/account_slug.rb:30:in 'AccountSlug::Extractor#call'
    test/controllers/cards_controller_test.rb:69:in 'block in <class:CardsControllerTest>'

bin/rails test test/controllers/cards_controller_test.rb:66

........E

Error:
CardsControllerTest#test_update:
ActionView::Template::Error: undefined method 'local_time_tag' for an instance of #<Class:0x00007b7772c70780>
    app/views/cards/container/_closure.html.erb:16
    app/views/cards/container/_content.html.erb:5
    app/views/cards/container/_content.html.erb:4
    app/views/cards/container/_content.html.erb:2
    app/views/cards/_container.html.erb:17
    app/helpers/cards_helper.rb:12:in 'CardsHelper#card_article_tag'
    app/views/cards/_container.html.erb:9
    app/views/cards/_container.html.erb:2
    app/views/cards/update.turbo_stream.erb:2
    app/controllers/concerns/current_timezone.rb:15:in 'CurrentTimezone#set_current_timezone'
    config/initializers/tenanting/account_slug.rb:31:in 'block in AccountSlug::Extractor#call'
    app/models/current.rb:22:in 'Current#with_account'
    config/initializers/tenanting/account_slug.rb:30:in 'AccountSlug::Extractor#call'
    test/controllers/cards_controller_test.rb:101:in 'block in <class:CardsControllerTest>'

bin/rails test test/controllers/cards_controller_test.rb:100

E

Error:
CardsControllerTest#test_admins_can_see_delete_button_on_any_card:
ActionView::Template::Error: undefined method 'local_time_tag' for an instance of #<Class:0x00007b7772db1900>
    app/views/cards/container/_closure.html.erb:16
    app/views/cards/container/_content.html.erb:5
    app/views/cards/container/_content.html.erb:4
    app/views/cards/container/_content.html.erb:2
    app/views/cards/_container.html.erb:17
    app/helpers/cards_helper.rb:12:in 'CardsHelper#card_article_tag'
    app/views/cards/_container.html.erb:9
    app/views/cards/_container.html.erb:2
    app/views/cards/show.html.erb:18
    app/controllers/concerns/current_timezone.rb:15:in 'CurrentTimezone#set_current_timezone'
    config/initializers/tenanting/account_slug.rb:31:in 'block in AccountSlug::Extractor#call'
    app/models/current.rb:22:in 'Current#with_account'
    config/initializers/tenanting/account_slug.rb:30:in 'AccountSlug::Extractor#call'
    test/controllers/cards_controller_test.rb:137:in 'block in <class:CardsControllerTest>'

bin/rails test test/controllers/cards_controller_test.rb:136

E

Error:
CardsControllerTest#test_users_can_only_see_cards_in_boards_they_have_access_to:
ActionView::Template::Error: undefined method 'local_time_tag' for an instance of #<Class:0x00007b7772c70780>
    app/views/cards/container/_closure.html.erb:16
    app/views/cards/container/_content.html.erb:5
    app/views/cards/container/_content.html.erb:4
    app/views/cards/container/_content.html.erb:2
    app/views/cards/_container.html.erb:17
    app/helpers/cards_helper.rb:12:in 'CardsHelper#card_article_tag'
    app/views/cards/_container.html.erb:9
    app/views/cards/_container.html.erb:2
    app/views/cards/show.html.erb:18
    app/controllers/concerns/current_timezone.rb:15:in 'CurrentTimezone#set_current_timezone'
    config/initializers/tenanting/account_slug.rb:31:in 'block in AccountSlug::Extractor#call'
    app/models/current.rb:22:in 'Current#with_account'
    config/initializers/tenanting/account_slug.rb:30:in 'AccountSlug::Extractor#call'
    test/controllers/cards_controller_test.rb:126:in 'block in <class:CardsControllerTest>'

bin/rails test test/controllers/cards_controller_test.rb:125

....E

Error:
CardsControllerTest#test_index:
ActionView::Template::Error: undefined method 'local_time_tag' for an instance of #<Class:0x00007b7772c70780>
    app/views/cards/display/preview/_meta.html.erb:7
    app/views/cards/display/_preview.html.erb:49
    app/helpers/cards_helper.rb:12:in 'CardsHelper#card_article_tag'
    app/views/cards/display/_preview.html.erb:17
    app/views/cards/display/_previews.html.erb:1
    app/views/cards/index.html.erb:24
    app/helpers/pagination_helper.rb:43:in 'block (2 levels) in PaginationHelper#with_automatic_pagination'
    app/helpers/pagination_helper.rb:3:in 'PaginationHelper#pagination_frame_tag'
    app/helpers/pagination_helper.rb:42:in 'block in PaginationHelper#with_automatic_pagination'
    app/helpers/pagination_helper.rb:68:in 'Kernel#public_send'
    app/helpers/pagination_helper.rb:68:in 'PaginationHelper#pagination_list'
    app/helpers/pagination_helper.rb:41:in 'PaginationHelper#with_automatic_pagination'
    app/views/cards/index.html.erb:23
    app/views/cards/index.html.erb:20
    app/controllers/concerns/current_timezone.rb:15:in 'CurrentTimezone#set_current_timezone'
    config/initializers/tenanting/account_slug.rb:31:in 'block in AccountSlug::Extractor#call'
    app/models/current.rb:22:in 'Current#with_account'
    config/initializers/tenanting/account_slug.rb:30:in 'AccountSlug::Extractor#call'
    test/controllers/cards_controller_test.rb:9:in 'block in <class:CardsControllerTest>'

bin/rails test test/controllers/cards_controller_test.rb:8

E

Error:
CardsControllerTest#test_non-admins_cannot_see_delete_button_on_cards_they_did_not_create:
ActionView::Template::Error: undefined method 'local_time_tag' for an instance of #<Class:0x00007b7772db1900>
    app/views/cards/container/_closure.html.erb:16
    app/views/cards/container/_content.html.erb:5
    app/views/cards/container/_content.html.erb:4
    app/views/cards/container/_content.html.erb:2
    app/views/cards/_container.html.erb:17
    app/helpers/cards_helper.rb:12:in 'CardsHelper#card_article_tag'
    app/views/cards/_container.html.erb:9
    app/views/cards/_container.html.erb:2
    app/views/cards/show.html.erb:18
    app/controllers/concerns/current_timezone.rb:15:in 'CurrentTimezone#set_current_timezone'
    config/initializers/tenanting/account_slug.rb:31:in 'block in AccountSlug::Extractor#call'
    app/models/current.rb:22:in 'Current#with_account'
    config/initializers/tenanting/account_slug.rb:30:in 'AccountSlug::Extractor#call'
    test/controllers/cards_controller_test.rb:155:in 'block in <class:CardsControllerTest>'

bin/rails test test/controllers/cards_controller_test.rb:152

..E

Error:
CardsControllerTest#test_show_card_with_comment_containing_malformed_remote_image_attachment:
ActionView::Template::Error: undefined method 'local_time_tag' for an instance of #<Class:0x00007b7772c70780>
    app/views/cards/container/_closure.html.erb:16
    app/views/cards/container/_content.html.erb:5
    app/views/cards/container/_content.html.erb:4
    app/views/cards/container/_content.html.erb:2
    app/views/cards/_container.html.erb:17
    app/helpers/cards_helper.rb:12:in 'CardsHelper#card_article_tag'
    app/views/cards/_container.html.erb:9
    app/views/cards/_container.html.erb:2
    app/views/cards/show.html.erb:18
    app/controllers/concerns/current_timezone.rb:15:in 'CurrentTimezone#set_current_timezone'
    config/initializers/tenanting/account_slug.rb:31:in 'block in AccountSlug::Extractor#call'
    app/models/current.rb:22:in 'Current#with_account'
    config/initializers/tenanting/account_slug.rb:30:in 'AccountSlug::Extractor#call'
    test/controllers/cards_controller_test.rb:195:in 'block in <class:CardsControllerTest>'

bin/rails test test/controllers/cards_controller_test.rb:189

..E

Error:
CardsControllerTest#test_update_draft_card_does_not_render_reactions:
ActionView::Template::Error: undefined method 'local_time_tag' for an instance of #<Class:0x00007b7772c70780>
    app/views/cards/display/common/_meta.html.erb:7
    app/views/cards/display/perma/_meta.html.erb:1
    app/views/cards/drafts/_container.html.erb:22
    app/helpers/cards_helper.rb:12:in 'CardsHelper#card_article_tag'
    app/views/cards/drafts/_container.html.erb:8
    app/views/cards/drafts/_container.html.erb:2
    app/views/cards/update.turbo_stream.erb:2
    app/controllers/concerns/current_timezone.rb:15:in 'CurrentTimezone#set_current_timezone'
    config/initializers/tenanting/account_slug.rb:31:in 'block in AccountSlug::Extractor#call'
    app/models/current.rb:22:in 'Current#with_account'
    config/initializers/tenanting/account_slug.rb:30:in 'AccountSlug::Extractor#call'
    test/controllers/cards_controller_test.rb:117:in 'block in <class:CardsControllerTest>'

bin/rails test test/controllers/cards_controller_test.rb:114

...E

Error:
CardsControllerTest#test_filtered_index:
ActionView::Template::Error: undefined method 'local_time_tag' for an instance of #<Class:0x00007b7772db1900>
    app/views/cards/display/preview/_meta.html.erb:7
    app/views/cards/display/_preview.html.erb:49
    app/helpers/cards_helper.rb:12:in 'CardsHelper#card_article_tag'
    app/views/cards/display/_preview.html.erb:17
    app/views/cards/display/_previews.html.erb:1
    app/views/cards/index.html.erb:24
    app/helpers/pagination_helper.rb:43:in 'block (2 levels) in PaginationHelper#with_automatic_pagination'
    app/helpers/pagination_helper.rb:3:in 'PaginationHelper#pagination_frame_tag'
    app/helpers/pagination_helper.rb:42:in 'block in PaginationHelper#with_automatic_pagination'
    app/helpers/pagination_helper.rb:68:in 'Kernel#public_send'
    app/helpers/pagination_helper.rb:68:in 'PaginationHelper#pagination_list'
    app/helpers/pagination_helper.rb:41:in 'PaginationHelper#with_automatic_pagination'
    app/views/cards/index.html.erb:23
    app/views/cards/index.html.erb:20
    app/controllers/concerns/current_timezone.rb:15:in 'CurrentTimezone#set_current_timezone'
    config/initializers/tenanting/account_slug.rb:31:in 'block in AccountSlug::Extractor#call'
    app/models/current.rb:22:in 'Current#with_account'
    config/initializers/tenanting/account_slug.rb:30:in 'AccountSlug::Extractor#call'
    test/controllers/cards_controller_test.rb:14:in 'block in <class:CardsControllerTest>'

bin/rails test test/controllers/cards_controller_test.rb:13

.E

Error:
CardsControllerTest#test_show_renders_inline_code_in_title:
ActionView::Template::Error: undefined method 'local_time_tag' for an instance of #<Class:0x00007b7772db1900>
    app/views/cards/container/_closure.html.erb:16
    app/views/cards/container/_content.html.erb:5
    app/views/cards/container/_content.html.erb:4
    app/views/cards/container/_content.html.erb:2
    app/views/cards/_container.html.erb:17
    app/helpers/cards_helper.rb:12:in 'CardsHelper#card_article_tag'
    app/views/cards/_container.html.erb:9
    app/views/cards/_container.html.erb:2
    app/views/cards/show.html.erb:18
    app/controllers/concerns/current_timezone.rb:15:in 'CurrentTimezone#set_current_timezone'
    config/initializers/tenanting/account_slug.rb:31:in 'block in AccountSlug::Extractor#call'
    app/models/current.rb:22:in 'Current#with_account'
    config/initializers/tenanting/account_slug.rb:30:in 'AccountSlug::Extractor#call'
    test/controllers/cards_controller_test.rb:79:in 'block in <class:CardsControllerTest>'

bin/rails test test/controllers/cards_controller_test.rb:75

............................E

Error:
NotificationTest#test_broadcasting_on_create_prepends:
ActionView::Template::Error: undefined method 'local_time_tag' for an instance of #<Class:0x00007b7772c70780>
    app/views/notifications/notification/_header.html.erb:17
    app/views/notifications/_notification.html.erb:4
    app/helpers/notifications_helper.rb:34:in 'block in NotificationsHelper#notification_tag'
    app/helpers/notifications_helper.rb:30:in 'NotificationsHelper#notification_tag'
    app/views/notifications/_notification.html.erb:3
    app/views/notifications/_notification.html.erb:1
    config/initializers/tenanting/turbo.rb:9:in 'TurboStreamsJobExtensions::ClassMethods#render_format'
    app/jobs/concerns/account_tenanted.rb:36:in 'AccountTenanted#with_account_context'
    app/models/notification.rb:25:in 'block in <class:Notification>'
    test/models/notification_test.rb:47:in 'block (2 levels) in <class:NotificationTest>'
    test/test_helper.rb:61:in 'ActiveSupport::TestCase#perform_enqueued_jobs'
    test/models/notification_test.rb:46:in 'block in <class:NotificationTest>'

bin/rails test test/models/notification_test.rb:40

.....E

Error:
NotificationTest#test_broadcast_job_renders_account-scoped_URLs:
ActionView::Template::Error: undefined method 'local_time_tag' for an instance of #<Class:0x00007b7772db1900>
    app/views/notifications/notification/_header.html.erb:17
    app/views/notifications/_notification.html.erb:4
    app/helpers/notifications_helper.rb:34:in 'block in NotificationsHelper#notification_tag'
    app/helpers/notifications_helper.rb:30:in 'NotificationsHelper#notification_tag'
    app/views/notifications/_notification.html.erb:3
    app/views/notifications/_notification.html.erb:1
    config/initializers/tenanting/turbo.rb:7:in 'TurboStreamsJobExtensions::ClassMethods#render_format'
    app/models/current.rb:22:in 'Current#with_account'
    app/jobs/concerns/account_tenanted.rb:34:in 'AccountTenanted#with_account_context'
    test/test_helper.rb:61:in 'ActiveSupport::TestCase#perform_enqueued_jobs'
    test/models/notification_test.rb:62:in 'block (2 levels) in <class:NotificationTest>'
    test/models/notification_test.rb:61:in 'block in <class:NotificationTest>'

bin/rails test test/models/notification_test.rb:53

........................................................E

Error:
BoardsControllerTest#test_show:
ActionView::Template::Error: undefined method 'local_time_tag' for an instance of #<Class:0x00007b7772db1900>
    app/views/cards/display/preview/_meta.html.erb:7
    app/views/cards/display/_preview.html.erb:49
    app/helpers/cards_helper.rb:12:in 'CardsHelper#card_article_tag'
    app/views/cards/display/_preview.html.erb:17
    app/views/cards/display/_previews.html.erb:1
    app/views/boards/show/_stream.html.erb:16
    app/helpers/pagination_helper.rb:43:in 'block (2 levels) in PaginationHelper#with_automatic_pagination'
    app/helpers/pagination_helper.rb:3:in 'PaginationHelper#pagination_frame_tag'
    app/helpers/pagination_helper.rb:42:in 'block in PaginationHelper#with_automatic_pagination'
    app/helpers/pagination_helper.rb:68:in 'Kernel#public_send'
    app/helpers/pagination_helper.rb:68:in 'PaginationHelper#pagination_list'
    app/helpers/pagination_helper.rb:41:in 'PaginationHelper#with_automatic_pagination'
    app/views/boards/show/_stream.html.erb:15
    app/helpers/columns_helper.rb:34:in 'block in ColumnsHelper#column_tag'
    app/helpers/columns_helper.rb:33:in 'ColumnsHelper#column_tag'
    app/views/boards/show/_stream.html.erb:1
    app/views/boards/show/_columns.html.erb:31
    app/views/boards/show/_columns.html.erb:1
    app/views/boards/show.html.erb:30
    app/views/boards/show.html.erb:25
    app/controllers/concerns/current_timezone.rb:15:in 'CurrentTimezone#set_current_timezone'
    config/initializers/tenanting/account_slug.rb:31:in 'block in AccountSlug::Extractor#call'
    app/models/current.rb:22:in 'Current#with_account'
    config/initializers/tenanting/account_slug.rb:30:in 'AccountSlug::Extractor#call'
    test/controllers/boards_controller_test.rb:14:in 'block in <class:BoardsControllerTest>'

bin/rails test test/controllers/boards_controller_test.rb:13

....................E

Error:
Notifications::ReadingsControllerTest#test_destroy:
ActionView::Template::Error: undefined method 'local_time_tag' for an instance of #<Class:0x00007b7772db1900>
    app/views/notifications/notification/_header.html.erb:17
    app/views/notifications/_notification.html.erb:4
    app/helpers/notifications_helper.rb:34:in 'block in NotificationsHelper#notification_tag'
    app/helpers/notifications_helper.rb:30:in 'NotificationsHelper#notification_tag'
    app/views/notifications/_notification.html.erb:3
    app/views/notifications/_notification.html.erb:1
    app/views/notifications/readings/destroy.turbo_stream.erb:2
    app/controllers/concerns/current_timezone.rb:15:in 'CurrentTimezone#set_current_timezone'
    config/initializers/tenanting/account_slug.rb:31:in 'block in AccountSlug::Extractor#call'
    app/models/current.rb:22:in 'Current#with_account'
    config/initializers/tenanting/account_slug.rb:30:in 'AccountSlug::Extractor#call'
    test/controllers/notifications/readings_controller_test.rb:20:in 'block (2 levels) in <class:ReadingsControllerTest>'
    test/controllers/notifications/readings_controller_test.rb:19:in 'block in <class:ReadingsControllerTest>'

bin/rails test test/controllers/notifications/readings_controller_test.rb:16

..............................................................E

Error:
BoardsControllerTest#test_invalidates_page_title_cache_when_account_updates:
ActionView::Template::Error: undefined method 'local_time_tag' for an instance of #<Class:0x00007b7772c70780>
    app/views/cards/display/preview/_meta.html.erb:7
    app/views/cards/display/_preview.html.erb:49
    app/helpers/cards_helper.rb:12:in 'CardsHelper#card_article_tag'
    app/views/cards/display/_preview.html.erb:17
    app/views/cards/display/_previews.html.erb:1
    app/views/boards/show/_stream.html.erb:16
    app/helpers/pagination_helper.rb:43:in 'block (2 levels) in PaginationHelper#with_automatic_pagination'
    app/helpers/pagination_helper.rb:3:in 'PaginationHelper#pagination_frame_tag'
    app/helpers/pagination_helper.rb:42:in 'block in PaginationHelper#with_automatic_pagination'
    app/helpers/pagination_helper.rb:68:in 'Kernel#public_send'
    app/helpers/pagination_helper.rb:68:in 'PaginationHelper#pagination_list'
    app/helpers/pagination_helper.rb:41:in 'PaginationHelper#with_automatic_pagination'
    app/views/boards/show/_stream.html.erb:15
    app/helpers/columns_helper.rb:34:in 'block in ColumnsHelper#column_tag'
    app/helpers/columns_helper.rb:33:in 'ColumnsHelper#column_tag'
    app/views/boards/show/_stream.html.erb:1
    app/views/boards/show/_columns.html.erb:31
    app/views/boards/show/_columns.html.erb:1
    app/views/boards/show.html.erb:30
    app/views/boards/show.html.erb:25
    app/controllers/concerns/current_timezone.rb:15:in 'CurrentTimezone#set_current_timezone'
    config/initializers/tenanting/account_slug.rb:31:in 'block in AccountSlug::Extractor#call'
    app/models/current.rb:22:in 'Current#with_account'
    config/initializers/tenanting/account_slug.rb:30:in 'AccountSlug::Extractor#call'
    test/controllers/boards_controller_test.rb:19:in 'block in <class:BoardsControllerTest>'

bin/rails test test/controllers/boards_controller_test.rb:18

............E

Error:
Notifications::ReadingsControllerTest#test_create:
ActionView::Template::Error: undefined method 'local_time_tag' for an instance of #<Class:0x00007b7772c70780>
    app/views/notifications/notification/_header.html.erb:17
    app/views/notifications/_notification.html.erb:4
    app/helpers/notifications_helper.rb:34:in 'block in NotificationsHelper#notification_tag'
    app/helpers/notifications_helper.rb:30:in 'NotificationsHelper#notification_tag'
    app/views/notifications/_notification.html.erb:3
    app/views/notifications/_notification.html.erb:1
    app/views/notifications/readings/create.turbo_stream.erb:2
    app/controllers/concerns/current_timezone.rb:15:in 'CurrentTimezone#set_current_timezone'
    config/initializers/tenanting/account_slug.rb:31:in 'block in AccountSlug::Extractor#call'
    app/models/current.rb:22:in 'Current#with_account'
    config/initializers/tenanting/account_slug.rb:30:in 'AccountSlug::Extractor#call'
    test/controllers/notifications/readings_controller_test.rb:11:in 'block (2 levels) in <class:ReadingsControllerTest>'
    test/controllers/notifications/readings_controller_test.rb:10:in 'block in <class:ReadingsControllerTest>'

bin/rails test test/controllers/notifications/readings_controller_test.rb:9

.........E

Error:
WebhooksControllerTest#test_show:
ActionView::Template::Error: undefined method 'local_time_tag' for an instance of #<Class:0x00007b7772c70780>
    app/views/webhooks/_delivery.html.erb:6
    app/views/webhooks/_delivery.html.erb:1
    app/views/webhooks/show.html.erb:58
    app/controllers/concerns/current_timezone.rb:15:in 'CurrentTimezone#set_current_timezone'
    config/initializers/tenanting/account_slug.rb:31:in 'block in AccountSlug::Extractor#call'
    app/models/current.rb:22:in 'Current#with_account'
    config/initializers/tenanting/account_slug.rb:30:in 'AccountSlug::Extractor#call'
    test/controllers/webhooks_controller_test.rb:15:in 'block in <class:WebhooksControllerTest>'

bin/rails test test/controllers/webhooks_controller_test.rb:13

.................................................................................................E

Error:
Cards::GoldnessesControllerTest#test_destroy:
ActionView::Template::Error: undefined method 'local_time_tag' for an instance of #<Class:0x00007b7772db1900>
    app/views/cards/container/_closure.html.erb:16
    app/views/cards/container/_content.html.erb:5
    app/views/cards/container/_content.html.erb:4
    app/views/cards/container/_content.html.erb:2
    app/views/cards/_container.html.erb:17
    app/helpers/cards_helper.rb:12:in 'CardsHelper#card_article_tag'
    app/views/cards/_container.html.erb:9
    app/views/cards/_container.html.erb:2
    app/controllers/concerns/card_scoped.rb:18:in 'CardScoped#render_card_replacement'
    app/controllers/cards/goldnesses_controller.rb:17:in 'block (2 levels) in Cards::GoldnessesController#destroy'
    app/controllers/cards/goldnesses_controller.rb:16:in 'Cards::GoldnessesController#destroy'
    app/controllers/concerns/current_timezone.rb:15:in 'CurrentTimezone#set_current_timezone'
    config/initializers/tenanting/account_slug.rb:31:in 'block in AccountSlug::Extractor#call'
    app/models/current.rb:22:in 'Current#with_account'
    config/initializers/tenanting/account_slug.rb:30:in 'AccountSlug::Extractor#call'
    test/controllers/cards/goldnesses_controller_test.rb:17:in 'block (2 levels) in <class:GoldnessesControllerTest>'
    test/controllers/cards/goldnesses_controller_test.rb:16:in 'block in <class:GoldnessesControllerTest>'

bin/rails test test/controllers/cards/goldnesses_controller_test.rb:15

.........................................E

Error:
AllowBrowserTest#test_nonsense_user_agent_with_bot_in_name_is_allowed:
ActionView::Template::Error: undefined method 'local_time_tag' for an instance of #<Class:0x00007b7772db1900>
    app/views/cards/display/preview/_meta.html.erb:7
    app/views/cards/display/_preview.html.erb:49
    app/helpers/cards_helper.rb:12:in 'CardsHelper#card_article_tag'
    app/views/cards/display/_preview.html.erb:17
    app/views/cards/display/_previews.html.erb:1
    app/views/cards/index.html.erb:24
    app/helpers/pagination_helper.rb:43:in 'block (2 levels) in PaginationHelper#with_automatic_pagination'
    app/helpers/pagination_helper.rb:3:in 'PaginationHelper#pagination_frame_tag'
    app/helpers/pagination_helper.rb:42:in 'block in PaginationHelper#with_automatic_pagination'
    app/helpers/pagination_helper.rb:68:in 'Kernel#public_send'
    app/helpers/pagination_helper.rb:68:in 'PaginationHelper#pagination_list'
    app/helpers/pagination_helper.rb:41:in 'PaginationHelper#with_automatic_pagination'
    app/views/cards/index.html.erb:23
    app/views/cards/index.html.erb:20
    app/controllers/concerns/current_timezone.rb:15:in 'CurrentTimezone#set_current_timezone'
    config/initializers/tenanting/account_slug.rb:31:in 'block in AccountSlug::Extractor#call'
    app/models/current.rb:22:in 'Current#with_account'
    config/initializers/tenanting/account_slug.rb:30:in 'AccountSlug::Extractor#call'
    test/controllers/allow_browser_test.rb:17:in 'block in <class:AllowBrowserTest>'

bin/rails test test/controllers/allow_browser_test.rb:14

.E

Error:
AllowBrowserTest#test_nonsense_user_agent_is_allowed:
ActionView::Template::Error: undefined method 'local_time_tag' for an instance of #<Class:0x00007b7772db1900>
    app/views/cards/display/preview/_meta.html.erb:7
    app/views/cards/display/_preview.html.erb:49
    app/helpers/cards_helper.rb:12:in 'CardsHelper#card_article_tag'
    app/views/cards/display/_preview.html.erb:17
    app/views/cards/display/_previews.html.erb:1
    app/views/cards/index.html.erb:24
    app/helpers/pagination_helper.rb:43:in 'block (2 levels) in PaginationHelper#with_automatic_pagination'
    app/helpers/pagination_helper.rb:3:in 'PaginationHelper#pagination_frame_tag'
    app/helpers/pagination_helper.rb:42:in 'block in PaginationHelper#with_automatic_pagination'
    app/helpers/pagination_helper.rb:68:in 'Kernel#public_send'
    app/helpers/pagination_helper.rb:68:in 'PaginationHelper#pagination_list'
    app/helpers/pagination_helper.rb:41:in 'PaginationHelper#with_automatic_pagination'
    app/views/cards/index.html.erb:23
    app/views/cards/index.html.erb:20
    app/controllers/concerns/current_timezone.rb:15:in 'CurrentTimezone#set_current_timezone'
    config/initializers/tenanting/account_slug.rb:31:in 'block in AccountSlug::Extractor#call'
    app/models/current.rb:22:in 'Current#with_account'
    config/initializers/tenanting/account_slug.rb:30:in 'AccountSlug::Extractor#call'
    test/controllers/allow_browser_test.rb:27:in 'block in <class:AllowBrowserTest>'

bin/rails test test/controllers/allow_browser_test.rb:24

E

Error:
AllowBrowserTest#test_Google_Image_Proxy_is_allowed:
ActionView::Template::Error: undefined method 'local_time_tag' for an instance of #<Class:0x00007b7772db1900>
    app/views/cards/display/preview/_meta.html.erb:7
    app/views/cards/display/_preview.html.erb:49
    app/helpers/cards_helper.rb:12:in 'CardsHelper#card_article_tag'
    app/views/cards/display/_preview.html.erb:17
    app/views/cards/display/_previews.html.erb:1
    app/views/cards/index.html.erb:24
    app/helpers/pagination_helper.rb:43:in 'block (2 levels) in PaginationHelper#with_automatic_pagination'
    app/helpers/pagination_helper.rb:3:in 'PaginationHelper#pagination_frame_tag'
    app/helpers/pagination_helper.rb:42:in 'block in PaginationHelper#with_automatic_pagination'
    app/helpers/pagination_helper.rb:68:in 'Kernel#public_send'
    app/helpers/pagination_helper.rb:68:in 'PaginationHelper#pagination_list'
    app/helpers/pagination_helper.rb:41:in 'PaginationHelper#with_automatic_pagination'
    app/views/cards/index.html.erb:23
    app/views/cards/index.html.erb:20
    app/controllers/concerns/current_timezone.rb:15:in 'CurrentTimezone#set_current_timezone'
    config/initializers/tenanting/account_slug.rb:31:in 'block in AccountSlug::Extractor#call'
    app/models/current.rb:22:in 'Current#with_account'
    config/initializers/tenanting/account_slug.rb:30:in 'AccountSlug::Extractor#call'
    test/controllers/allow_browser_test.rb:48:in 'block in <class:AllowBrowserTest>'

bin/rails test test/controllers/allow_browser_test.rb:45

.......................................E

Error:
Boards::Columns::ClosedsControllerTest#test_show:
ActionView::Template::Error: undefined method 'local_time_tag' for an instance of #<Class:0x00007b7772c70780>
    app/views/cards/display/common/_stamp.html.erb:22
    app/views/cards/display/common/_stamp.html.erb:15
    app/views/cards/display/_preview.html.erb:44
    app/helpers/cards_helper.rb:12:in 'CardsHelper#card_article_tag'
    app/views/cards/display/_preview.html.erb:17
    app/views/cards/display/_previews.html.erb:1
    app/views/boards/columns/closeds/show.html.erb:18
    app/helpers/pagination_helper.rb:43:in 'block (2 levels) in PaginationHelper#with_automatic_pagination'
    app/helpers/pagination_helper.rb:3:in 'PaginationHelper#pagination_frame_tag'
    app/helpers/pagination_helper.rb:42:in 'block in PaginationHelper#with_automatic_pagination'
    app/helpers/pagination_helper.rb:68:in 'Kernel#public_send'
    app/helpers/pagination_helper.rb:68:in 'PaginationHelper#pagination_list'
    app/helpers/pagination_helper.rb:41:in 'PaginationHelper#with_automatic_pagination'
    app/views/boards/columns/closeds/show.html.erb:17
    app/views/boards/columns/closeds/show.html.erb:14
    app/controllers/concerns/current_timezone.rb:15:in 'CurrentTimezone#set_current_timezone'
    config/initializers/tenanting/account_slug.rb:31:in 'block in AccountSlug::Extractor#call'
    app/models/current.rb:22:in 'Current#with_account'
    config/initializers/tenanting/account_slug.rb:30:in 'AccountSlug::Extractor#call'
    test/controllers/boards/columns/closeds_controller_test.rb:9:in 'block in <class:ClosedsControllerTest>'

bin/rails test test/controllers/boards/columns/closeds_controller_test.rb:8

...E

Error:
SearchesControllerTest#test_search_highlights_matched_terms_with_proper_HTML_marks:
ActionView::Template::Error: undefined method 'local_time_tag' for an instance of #<Class:0x00007b7772db1900>
    app/views/searches/_result.html.erb:18
    app/views/searches/_result.html.erb:2
    app/views/searches/_results.html.erb:11
    app/helpers/pagination_helper.rb:43:in 'block (2 levels) in PaginationHelper#with_automatic_pagination'
    app/helpers/pagination_helper.rb:3:in 'PaginationHelper#pagination_frame_tag'
    app/helpers/pagination_helper.rb:42:in 'block in PaginationHelper#with_automatic_pagination'
    app/helpers/pagination_helper.rb:68:in 'Kernel#public_send'
    app/helpers/pagination_helper.rb:68:in 'PaginationHelper#pagination_list'
    app/helpers/pagination_helper.rb:41:in 'PaginationHelper#with_automatic_pagination'
    app/views/searches/_results.html.erb:10
    app/views/searches/show.html.erb:17
    app/views/searches/show.html.erb:13
    app/controllers/concerns/current_timezone.rb:15:in 'CurrentTimezone#set_current_timezone'
    config/initializers/tenanting/account_slug.rb:31:in 'block in AccountSlug::Extractor#call'
    app/models/current.rb:22:in 'Current#with_account'
    config/initializers/tenanting/account_slug.rb:30:in 'AccountSlug::Extractor#call'
    test/controllers/searches_controller_test.rb:82:in 'block in <class:SearchesControllerTest>'

bin/rails test test/controllers/searches_controller_test.rb:79

..............................................E

Error:
Public::Boards::Columns::ClosedsControllerTest#test_show:
ActionView::Template::Error: undefined method 'local_time_tag' for an instance of #<Class:0x00007b7772db1900>
    app/views/cards/display/common/_stamp.html.erb:22
    app/views/cards/display/common/_stamp.html.erb:15
    app/views/cards/display/_public_preview.html.erb:25
    app/helpers/cards_helper.rb:12:in 'CardsHelper#card_article_tag'
    app/views/cards/display/_public_preview.html.erb:1
    app/views/cards/display/_public_previews.html.erb:1
    app/views/public/boards/columns/closeds/show.html.erb:18
    app/helpers/pagination_helper.rb:43:in 'block (2 levels) in PaginationHelper#with_automatic_pagination'
    app/helpers/pagination_helper.rb:3:in 'PaginationHelper#pagination_frame_tag'
    app/helpers/pagination_helper.rb:42:in 'block in PaginationHelper#with_automatic_pagination'
    app/helpers/pagination_helper.rb:68:in 'Kernel#public_send'
    app/helpers/pagination_helper.rb:68:in 'PaginationHelper#pagination_list'
    app/helpers/pagination_helper.rb:41:in 'PaginationHelper#with_automatic_pagination'
    app/views/public/boards/columns/closeds/show.html.erb:17
    app/views/public/boards/columns/closeds/show.html.erb:14
    app/controllers/concerns/current_timezone.rb:15:in 'CurrentTimezone#set_current_timezone'
    config/initializers/tenanting/account_slug.rb:31:in 'block in AccountSlug::Extractor#call'
    app/models/current.rb:22:in 'Current#with_account'
    config/initializers/tenanting/account_slug.rb:30:in 'AccountSlug::Extractor#call'
    test/controllers/public/boards/columns/closeds_controller_test.rb:9:in 'block in <class:ClosedsControllerTest>'

bin/rails test test/controllers/public/boards/columns/closeds_controller_test.rb:8

...........E

Error:
Cards::GoldnessesControllerTest#test_create:
ActionView::Template::Error: undefined method 'local_time_tag' for an instance of #<Class:0x00007b7772c70780>
    app/views/cards/container/_closure.html.erb:16
    app/views/cards/container/_content.html.erb:5
    app/views/cards/container/_content.html.erb:4
    app/views/cards/container/_content.html.erb:2
    app/views/cards/_container.html.erb:17
    app/helpers/cards_helper.rb:12:in 'CardsHelper#card_article_tag'
    app/views/cards/_container.html.erb:9
    app/views/cards/_container.html.erb:2
    app/controllers/concerns/card_scoped.rb:18:in 'CardScoped#render_card_replacement'
    app/controllers/cards/goldnesses_controller.rb:8:in 'block (2 levels) in Cards::GoldnessesController#create'
    app/controllers/cards/goldnesses_controller.rb:7:in 'Cards::GoldnessesController#create'
    app/controllers/concerns/current_timezone.rb:15:in 'CurrentTimezone#set_current_timezone'
    config/initializers/tenanting/account_slug.rb:31:in 'block in AccountSlug::Extractor#call'
    app/models/current.rb:22:in 'Current#with_account'
    config/initializers/tenanting/account_slug.rb:30:in 'AccountSlug::Extractor#call'
    test/controllers/cards/goldnesses_controller_test.rb:10:in 'block (2 levels) in <class:GoldnessesControllerTest>'
    test/controllers/cards/goldnesses_controller_test.rb:9:in 'block in <class:GoldnessesControllerTest>'

bin/rails test test/controllers/cards/goldnesses_controller_test.rb:8

...E

Error:
Public::CardsControllerTest#test_show:
ActionView::Template::Error: undefined method 'local_time_tag' for an instance of #<Class:0x00007b7772db1900>
    app/views/cards/display/public_preview/_meta.html.erb:7
    app/views/public/cards/show.html.erb:39
    app/helpers/cards_helper.rb:12:in 'CardsHelper#card_article_tag'
    app/views/public/cards/show.html.erb:24
    app/controllers/concerns/current_timezone.rb:15:in 'CurrentTimezone#set_current_timezone'
    config/initializers/tenanting/account_slug.rb:31:in 'block in AccountSlug::Extractor#call'
    app/models/current.rb:22:in 'Current#with_account'
    config/initializers/tenanting/account_slug.rb:30:in 'AccountSlug::Extractor#call'
    test/controllers/public/cards_controller_test.rb:12:in 'block in <class:CardsControllerTest>'

bin/rails test test/controllers/public/cards_controller_test.rb:11

...E

Error:
Cards::ClosuresControllerTest#test_destroy:
ActionView::Template::Error: undefined method 'local_time_tag' for an instance of #<Class:0x00007b7772db1900>
    app/views/cards/container/_closure.html.erb:16
    app/views/cards/container/_content.html.erb:5
    app/views/cards/container/_content.html.erb:4
    app/views/cards/container/_content.html.erb:2
    app/views/cards/_container.html.erb:17
    app/helpers/cards_helper.rb:12:in 'CardsHelper#card_article_tag'
    app/views/cards/_container.html.erb:9
    app/views/cards/_container.html.erb:2
    app/views/cards/closures/destroy.turbo_stream.erb:9
    app/controllers/concerns/current_timezone.rb:15:in 'CurrentTimezone#set_current_timezone'
    config/initializers/tenanting/account_slug.rb:31:in 'block in AccountSlug::Extractor#call'
    app/models/current.rb:22:in 'Current#with_account'
    config/initializers/tenanting/account_slug.rb:30:in 'AccountSlug::Extractor#call'
    test/controllers/cards/closures_controller_test.rb:21:in 'block (2 levels) in <class:ClosuresControllerTest>'
    test/controllers/cards/closures_controller_test.rb:20:in 'block in <class:ClosuresControllerTest>'

bin/rails test test/controllers/cards/closures_controller_test.rb:17

...................E

Error:
Account::IncineratableTest#test_incinerate_destroys_all_associated_records:
ActionView::Template::Error: undefined method 'local_time_tag' for an instance of #<Class:0x00007b7772db1900>
    app/views/notifications/notification/_header.html.erb:17
    app/views/notifications/_notification.html.erb:4
    app/helpers/notifications_helper.rb:34:in 'block in NotificationsHelper#notification_tag'
    app/helpers/notifications_helper.rb:30:in 'NotificationsHelper#notification_tag'
    app/views/notifications/_notification.html.erb:3
    app/views/notifications/_notification.html.erb:1
    config/initializers/tenanting/turbo.rb:7:in 'TurboStreamsJobExtensions::ClassMethods#render_format'
    app/models/current.rb:22:in 'Current#with_account'
    app/jobs/concerns/account_tenanted.rb:34:in 'AccountTenanted#with_account_context'
    test/test_helper.rb:61:in 'ActiveSupport::TestCase#perform_enqueued_jobs'
    test/models/account/incineratable_test.rb:117:in 'block in <class:IncineratableTest>'

bin/rails test test/models/account/incineratable_test.rb:27

.............E

Error:
AllowBrowserTest#test_Facebook/Twitter_bot_is_allowed:
ActionView::Template::Error: undefined method 'local_time_tag' for an instance of #<Class:0x00007b7772c70780>
    app/views/cards/display/preview/_meta.html.erb:7
    app/views/cards/display/_preview.html.erb:49
    app/helpers/cards_helper.rb:12:in 'CardsHelper#card_article_tag'
    app/views/cards/display/_preview.html.erb:17
    app/views/cards/display/_previews.html.erb:1
    app/views/cards/index.html.erb:24
    app/helpers/pagination_helper.rb:43:in 'block (2 levels) in PaginationHelper#with_automatic_pagination'
    app/helpers/pagination_helper.rb:3:in 'PaginationHelper#pagination_frame_tag'
    app/helpers/pagination_helper.rb:42:in 'block in PaginationHelper#with_automatic_pagination'
    app/helpers/pagination_helper.rb:68:in 'Kernel#public_send'
    app/helpers/pagination_helper.rb:68:in 'PaginationHelper#pagination_list'
    app/helpers/pagination_helper.rb:41:in 'PaginationHelper#with_automatic_pagination'
    app/views/cards/index.html.erb:23
    app/views/cards/index.html.erb:20
    app/controllers/concerns/current_timezone.rb:15:in 'CurrentTimezone#set_current_timezone'
    config/initializers/tenanting/account_slug.rb:31:in 'block in AccountSlug::Extractor#call'
    app/models/current.rb:22:in 'Current#with_account'
    config/initializers/tenanting/account_slug.rb:30:in 'AccountSlug::Extractor#call'
    test/controllers/allow_browser_test.rb:58:in 'block in <class:AllowBrowserTest>'

bin/rails test test/controllers/allow_browser_test.rb:55

....E

Error:
AllowBrowserTest#test_Baidu_browser_is_allowed:
ActionView::Template::Error: undefined method 'local_time_tag' for an instance of #<Class:0x00007b7772c70780>
    app/views/cards/display/preview/_meta.html.erb:7
    app/views/cards/display/_preview.html.erb:49
    app/helpers/cards_helper.rb:12:in 'CardsHelper#card_article_tag'
    app/views/cards/display/_preview.html.erb:17
    app/views/cards/display/_previews.html.erb:1
    app/views/cards/index.html.erb:24
    app/helpers/pagination_helper.rb:43:in 'block (2 levels) in PaginationHelper#with_automatic_pagination'
    app/helpers/pagination_helper.rb:3:in 'PaginationHelper#pagination_frame_tag'
    app/helpers/pagination_helper.rb:42:in 'block in PaginationHelper#with_automatic_pagination'
    app/helpers/pagination_helper.rb:68:in 'Kernel#public_send'
    app/helpers/pagination_helper.rb:68:in 'PaginationHelper#pagination_list'
    app/helpers/pagination_helper.rb:41:in 'PaginationHelper#with_automatic_pagination'
    app/views/cards/index.html.erb:23
    app/views/cards/index.html.erb:20
    app/controllers/concerns/current_timezone.rb:15:in 'CurrentTimezone#set_current_timezone'
    config/initializers/tenanting/account_slug.rb:31:in 'block in AccountSlug::Extractor#call'
    app/models/current.rb:22:in 'Current#with_account'
    config/initializers/tenanting/account_slug.rb:30:in 'AccountSlug::Extractor#call'
    test/controllers/allow_browser_test.rb:7:in 'block in <class:AllowBrowserTest>'

bin/rails test test/controllers/allow_browser_test.rb:4

.....................................................E

Error:
SearchesControllerTest#test_search:
ActionView::Template::Error: undefined method 'local_time_tag' for an instance of #<Class:0x00007b7772c70780>
    app/views/searches/_result.html.erb:18
    app/views/searches/_result.html.erb:2
    app/views/searches/_results.html.erb:11
    app/helpers/pagination_helper.rb:43:in 'block (2 levels) in PaginationHelper#with_automatic_pagination'
    app/helpers/pagination_helper.rb:3:in 'PaginationHelper#pagination_frame_tag'
    app/helpers/pagination_helper.rb:42:in 'block in PaginationHelper#with_automatic_pagination'
    app/helpers/pagination_helper.rb:68:in 'Kernel#public_send'
    app/helpers/pagination_helper.rb:68:in 'PaginationHelper#pagination_list'
    app/helpers/pagination_helper.rb:41:in 'PaginationHelper#with_automatic_pagination'
    app/views/searches/_results.html.erb:10
    app/views/searches/show.html.erb:17
    app/views/searches/show.html.erb:13
    app/controllers/concerns/current_timezone.rb:15:in 'CurrentTimezone#set_current_timezone'
    config/initializers/tenanting/account_slug.rb:31:in 'block in AccountSlug::Extractor#call'
    app/models/current.rb:22:in 'Current#with_account'
    config/initializers/tenanting/account_slug.rb:30:in 'AccountSlug::Extractor#call'
    test/controllers/searches_controller_test.rb:23:in 'block in <class:SearchesControllerTest>'

bin/rails test test/controllers/searches_controller_test.rb:17

...E

Error:
Cards::PreviewsControllerTest#test_index:
ActionView::Template::Error: undefined method 'local_time_tag' for an instance of #<Class:0x00007b7772db1900>
    app/views/cards/display/preview/_meta.html.erb:7
    app/views/cards/display/_preview.html.erb:49
    app/helpers/cards_helper.rb:12:in 'CardsHelper#card_article_tag'
    app/views/cards/display/_preview.html.erb:17
    app/views/cards/previews/index.turbo_stream.erb:4
    app/views/cards/previews/index.turbo_stream.erb:3
    app/controllers/concerns/current_timezone.rb:15:in 'CurrentTimezone#set_current_timezone'
    config/initializers/tenanting/account_slug.rb:31:in 'block in AccountSlug::Extractor#call'
    app/models/current.rb:22:in 'Current#with_account'
    config/initializers/tenanting/account_slug.rb:30:in 'AccountSlug::Extractor#call'
    test/controllers/cards/previews_controller_test.rb:9:in 'block in <class:PreviewsControllerTest>'

bin/rails test test/controllers/cards/previews_controller_test.rb:8

E

Error:
SearchesControllerTest#test_search_preserves_highlight_marks_but_escapes_surrounding_HTML:
ActionView::Template::Error: undefined method 'local_time_tag' for an instance of #<Class:0x00007b7772c70780>
    app/views/searches/_result.html.erb:18
    app/views/searches/_result.html.erb:2
    app/views/searches/_results.html.erb:11
    app/helpers/pagination_helper.rb:43:in 'block (2 levels) in PaginationHelper#with_automatic_pagination'
    app/helpers/pagination_helper.rb:3:in 'PaginationHelper#pagination_frame_tag'
    app/helpers/pagination_helper.rb:42:in 'block in PaginationHelper#with_automatic_pagination'
    app/helpers/pagination_helper.rb:68:in 'Kernel#public_send'
    app/helpers/pagination_helper.rb:68:in 'PaginationHelper#pagination_list'
    app/helpers/pagination_helper.rb:41:in 'PaginationHelper#with_automatic_pagination'
    app/views/searches/_results.html.erb:10
    app/views/searches/show.html.erb:17
    app/views/searches/show.html.erb:13
    app/controllers/concerns/current_timezone.rb:15:in 'CurrentTimezone#set_current_timezone'
    config/initializers/tenanting/account_slug.rb:31:in 'block in AccountSlug::Extractor#call'
    app/models/current.rb:22:in 'Current#with_account'
    config/initializers/tenanting/account_slug.rb:30:in 'AccountSlug::Extractor#call'
    test/controllers/searches_controller_test.rb:93:in 'block in <class:SearchesControllerTest>'

bin/rails test test/controllers/searches_controller_test.rb:86

E

Error:
EventsControllerTest#test_index:
ActionView::Template::Error: undefined method 'local_time_tag' for an instance of #<Class:0x00007b7772db1900>
    app/views/events/day_timeline/_column.html.erb:15
    app/helpers/events_helper.rb:20:in 'EventsHelper#events_at_hour_container'
    app/views/events/day_timeline/_column.html.erb:13
    app/views/events/day_timeline/_column.html.erb:12:in 'Hash#each'
    app/views/events/day_timeline/_column.html.erb:12
    app/views/events/day_timeline/_columns.html.erb:6
    app/views/events/day_timeline/_columns.html.erb:1
    app/views/events/_day.html.erb:2
    app/views/events/index.html.erb:24
    app/helpers/pagination_helper.rb:50:in 'PaginationHelper#day_timeline_pagination_frame_tag'
    app/views/events/index.html.erb:23
    app/views/events/index.html.erb:22
    app/controllers/concerns/current_timezone.rb:15:in 'CurrentTimezone#set_current_timezone'
    config/initializers/tenanting/account_slug.rb:31:in 'block in AccountSlug::Extractor#call'
    app/models/current.rb:22:in 'Current#with_account'
    config/initializers/tenanting/account_slug.rb:30:in 'AccountSlug::Extractor#call'
    test/controllers/events_controller_test.rb:12:in 'block in <class:EventsControllerTest>'

bin/rails test test/controllers/events_controller_test.rb:11

........E

Error:
Card::PinnableTest#test_broadcasts_pin_update_when_column_changes:
ActionView::Template::Error: undefined method 'local_time_tag' for an instance of #<Class:0x00007b7772db1900>
    app/views/cards/display/preview/_meta.html.erb:7
    app/views/cards/display/_preview.html.erb:49
    app/helpers/cards_helper.rb:12:in 'CardsHelper#card_article_tag'
    app/views/cards/display/_preview.html.erb:17
    app/views/my/pins/_pin.html.erb:2
    config/initializers/tenanting/turbo.rb:9:in 'TurboStreamsJobExtensions::ClassMethods#render_format'
    app/jobs/concerns/account_tenanted.rb:36:in 'AccountTenanted#with_account_context'
    app/models/card/pinnable.rb:29:in 'block in Card::Pinnable#broadcast_pin_updates'
    app/models/card/pinnable.rb:28:in 'Card::Pinnable#broadcast_pin_updates'
    test/models/card/pinnable_test.rb:16:in 'block (2 levels) in <class:PinnableTest>'
    test/models/card/pinnable_test.rb:37:in 'block in Card::PinnableTest#assert_broadcasted_pin_update'
    test/test_helper.rb:61:in 'ActiveSupport::TestCase#perform_enqueued_jobs'
    test/models/card/pinnable_test.rb:36:in 'Card::PinnableTest#assert_broadcasted_pin_update'
    test/models/card/pinnable_test.rb:15:in 'block in <class:PinnableTest>'

bin/rails test test/models/card/pinnable_test.rb:14

..E

Error:
Card::PinnableTest#test_broadcasts_pin_update_when_title_changes:
ActionView::Template::Error: undefined method 'local_time_tag' for an instance of #<Class:0x00007b7772db1900>
    app/views/cards/display/preview/_meta.html.erb:7
    app/views/cards/display/_preview.html.erb:49
    app/helpers/cards_helper.rb:12:in 'CardsHelper#card_article_tag'
    app/views/cards/display/_preview.html.erb:17
    app/views/my/pins/_pin.html.erb:2
    config/initializers/tenanting/turbo.rb:9:in 'TurboStreamsJobExtensions::ClassMethods#render_format'
    app/jobs/concerns/account_tenanted.rb:36:in 'AccountTenanted#with_account_context'
    app/models/card/pinnable.rb:29:in 'block in Card::Pinnable#broadcast_pin_updates'
    app/models/card/pinnable.rb:28:in 'Card::Pinnable#broadcast_pin_updates'
    test/models/card/pinnable_test.rb:10:in 'block (2 levels) in <class:PinnableTest>'
    test/models/card/pinnable_test.rb:37:in 'block in Card::PinnableTest#assert_broadcasted_pin_update'
    test/test_helper.rb:61:in 'ActiveSupport::TestCase#perform_enqueued_jobs'
    test/models/card/pinnable_test.rb:36:in 'Card::PinnableTest#assert_broadcasted_pin_update'
    test/models/card/pinnable_test.rb:9:in 'block in <class:PinnableTest>'

bin/rails test test/models/card/pinnable_test.rb:8

.........................E

Error:
Public::Boards::Columns::ClosedsControllerTest#test_show_excludes_draft_cards:
ActionView::Template::Error: undefined method 'local_time_tag' for an instance of #<Class:0x00007b7772c70780>
    app/views/cards/display/common/_stamp.html.erb:22
    app/views/cards/display/common/_stamp.html.erb:15
    app/views/cards/display/_public_preview.html.erb:25
    app/helpers/cards_helper.rb:12:in 'CardsHelper#card_article_tag'
    app/views/cards/display/_public_preview.html.erb:1
    app/views/cards/display/_public_previews.html.erb:1
    app/views/public/boards/columns/closeds/show.html.erb:18
    app/helpers/pagination_helper.rb:43:in 'block (2 levels) in PaginationHelper#with_automatic_pagination'
    app/helpers/pagination_helper.rb:3:in 'PaginationHelper#pagination_frame_tag'
    app/helpers/pagination_helper.rb:42:in 'block in PaginationHelper#with_automatic_pagination'
    app/helpers/pagination_helper.rb:68:in 'Kernel#public_send'
    app/helpers/pagination_helper.rb:68:in 'PaginationHelper#pagination_list'
    app/helpers/pagination_helper.rb:41:in 'PaginationHelper#with_automatic_pagination'
    app/views/public/boards/columns/closeds/show.html.erb:17
    app/views/public/boards/columns/closeds/show.html.erb:14
    app/controllers/concerns/current_timezone.rb:15:in 'CurrentTimezone#set_current_timezone'
    config/initializers/tenanting/account_slug.rb:31:in 'block in AccountSlug::Extractor#call'
    app/models/current.rb:22:in 'Current#with_account'
    config/initializers/tenanting/account_slug.rb:30:in 'AccountSlug::Extractor#call'
    test/controllers/public/boards/columns/closeds_controller_test.rb:18:in 'block in <class:ClosedsControllerTest>'

bin/rails test test/controllers/public/boards/columns/closeds_controller_test.rb:13

............E

Error:
Notification::BundleMailerTest#test_deliver_later_works_with_account_context:
ActionView::Template::Error: undefined method 'local_time_tag' for an instance of #<Class:0x00007b7772db1900>
    app/views/notifications/notification/_header.html.erb:17
    app/views/notifications/_notification.html.erb:4
    app/helpers/notifications_helper.rb:34:in 'block in NotificationsHelper#notification_tag'
    app/helpers/notifications_helper.rb:30:in 'NotificationsHelper#notification_tag'
    app/views/notifications/_notification.html.erb:3
    app/views/notifications/_notification.html.erb:1
    config/initializers/tenanting/turbo.rb:7:in 'TurboStreamsJobExtensions::ClassMethods#render_format'
    app/models/current.rb:22:in 'Current#with_account'
    app/jobs/concerns/account_tenanted.rb:34:in 'AccountTenanted#with_account_context'
    test/test_helper.rb:61:in 'ActiveSupport::TestCase#perform_enqueued_jobs'
    test/mailers/notification/bundle_mailer_test.rb:117:in 'block in <class:BundleMailerTest>'

bin/rails test test/mailers/notification/bundle_mailer_test.rb:109

...................E

Error:
Cards::ClosuresControllerTest#test_create:
ActionView::Template::Error: undefined method 'local_time_tag' for an instance of #<Class:0x00007b7772c70780>
    app/views/cards/container/_closure.html.erb:4
    app/views/cards/container/_content.html.erb:5
    app/views/cards/container/_content.html.erb:4
    app/views/cards/container/_content.html.erb:2
    app/views/cards/_container.html.erb:17
    app/helpers/cards_helper.rb:12:in 'CardsHelper#card_article_tag'
    app/views/cards/_container.html.erb:9
    app/views/cards/_container.html.erb:2
    app/views/cards/closures/create.turbo_stream.erb:9
    app/controllers/concerns/current_timezone.rb:15:in 'CurrentTimezone#set_current_timezone'
    config/initializers/tenanting/account_slug.rb:31:in 'block in AccountSlug::Extractor#call'
    app/models/current.rb:22:in 'Current#with_account'
    config/initializers/tenanting/account_slug.rb:30:in 'AccountSlug::Extractor#call'
    test/controllers/cards/closures_controller_test.rb:12:in 'block (2 levels) in <class:ClosuresControllerTest>'
    test/controllers/cards/closures_controller_test.rb:11:in 'block in <class:ClosuresControllerTest>'

bin/rails test test/controllers/cards/closures_controller_test.rb:8

.............................................................................E

Error:
Users::EventsControllerTest#test_show_self:
ActionView::Template::Error: undefined method 'local_time_tag' for an instance of #<Class:0x00007b7772db1900>
    app/views/events/_empty_days.html.erb:6
    app/views/events/_day.html.erb:3
    app/views/users/events/show.html.erb:6
    app/helpers/pagination_helper.rb:50:in 'PaginationHelper#day_timeline_pagination_frame_tag'
    app/views/users/events/show.html.erb:5
    app/controllers/concerns/current_timezone.rb:15:in 'CurrentTimezone#set_current_timezone'
    config/initializers/tenanting/account_slug.rb:31:in 'block in AccountSlug::Extractor#call'
    app/models/current.rb:22:in 'Current#with_account'
    config/initializers/tenanting/account_slug.rb:30:in 'AccountSlug::Extractor#call'
    test/controllers/users/events_controller_test.rb:9:in 'block in <class:EventsControllerTest>'

bin/rails test test/controllers/users/events_controller_test.rb:8

...E

Error:
SetPlatformTest#test_uses_the_request_user_agent_by_default:
ActionView::Template::Error: undefined method 'local_time_tag' for an instance of #<Class:0x00007b7772db1900>
    app/views/cards/display/preview/_meta.html.erb:7
    app/views/cards/display/_preview.html.erb:49
    app/helpers/cards_helper.rb:12:in 'CardsHelper#card_article_tag'
    app/views/cards/display/_preview.html.erb:17
    app/views/cards/display/_previews.html.erb:1
    app/views/boards/show/_stream.html.erb:16
    app/helpers/pagination_helper.rb:43:in 'block (2 levels) in PaginationHelper#with_automatic_pagination'
    app/helpers/pagination_helper.rb:3:in 'PaginationHelper#pagination_frame_tag'
    app/helpers/pagination_helper.rb:42:in 'block in PaginationHelper#with_automatic_pagination'
    app/helpers/pagination_helper.rb:68:in 'Kernel#public_send'
    app/helpers/pagination_helper.rb:68:in 'PaginationHelper#pagination_list'
    app/helpers/pagination_helper.rb:41:in 'PaginationHelper#with_automatic_pagination'
    app/views/boards/show/_stream.html.erb:15
    app/helpers/columns_helper.rb:34:in 'block in ColumnsHelper#column_tag'
    app/helpers/columns_helper.rb:33:in 'ColumnsHelper#column_tag'
    app/views/boards/show/_stream.html.erb:1
    app/views/boards/show/_columns.html.erb:31
    app/views/boards/show/_columns.html.erb:1
    app/views/boards/show.html.erb:30
    app/views/boards/show.html.erb:25
    app/controllers/concerns/current_timezone.rb:15:in 'CurrentTimezone#set_current_timezone'
    config/initializers/tenanting/account_slug.rb:31:in 'block in AccountSlug::Extractor#call'
    app/models/current.rb:22:in 'Current#with_account'
    config/initializers/tenanting/account_slug.rb:30:in 'AccountSlug::Extractor#call'
    test/controllers/concerns/set_platform_test.rb:10:in 'block in <class:SetPlatformTest>'

bin/rails test test/controllers/concerns/set_platform_test.rb:7

............E

Error:
EventsControllerTest#test_index_with_a_specific_timezone:
ActionView::Template::Error: undefined method 'local_time_tag' for an instance of #<Class:0x00007b7772c70780>
    app/views/events/day_timeline/_column.html.erb:15
    app/helpers/events_helper.rb:20:in 'EventsHelper#events_at_hour_container'
    app/views/events/day_timeline/_column.html.erb:13
    app/views/events/day_timeline/_column.html.erb:12:in 'Hash#each'
    app/views/events/day_timeline/_column.html.erb:12
    app/views/events/day_timeline/_columns.html.erb:6
    app/views/events/day_timeline/_columns.html.erb:1
    app/views/events/_day.html.erb:2
    app/views/events/index.html.erb:24
    app/helpers/pagination_helper.rb:50:in 'PaginationHelper#day_timeline_pagination_frame_tag'
    app/views/events/index.html.erb:23
    app/views/events/index.html.erb:22
    app/controllers/concerns/current_timezone.rb:15:in 'CurrentTimezone#set_current_timezone'
    config/initializers/tenanting/account_slug.rb:31:in 'block in AccountSlug::Extractor#call'
    app/models/current.rb:22:in 'Current#with_account'
    config/initializers/tenanting/account_slug.rb:30:in 'AccountSlug::Extractor#call'
    test/controllers/events_controller_test.rb:22:in 'block in <class:EventsControllerTest>'

bin/rails test test/controllers/events_controller_test.rb:19

..E

Error:
EventsControllerTest#test_only_displays_events_from_filtered_boards:
ActionView::Template::Error: undefined method 'local_time_tag' for an instance of #<Class:0x00007b7772c70780>
    app/views/events/day_timeline/_column.html.erb:15
    app/helpers/events_helper.rb:20:in 'EventsHelper#events_at_hour_container'
    app/views/events/day_timeline/_column.html.erb:13
    app/views/events/day_timeline/_column.html.erb:12:in 'Hash#each'
    app/views/events/day_timeline/_column.html.erb:12
    app/views/events/day_timeline/_columns.html.erb:6
    app/views/events/day_timeline/_columns.html.erb:1
    app/views/events/_day.html.erb:2
    app/views/events/index.html.erb:24
    app/helpers/pagination_helper.rb:50:in 'PaginationHelper#day_timeline_pagination_frame_tag'
    app/views/events/index.html.erb:23
    app/views/events/index.html.erb:22
    app/controllers/concerns/current_timezone.rb:15:in 'CurrentTimezone#set_current_timezone'
    config/initializers/tenanting/account_slug.rb:31:in 'block in AccountSlug::Extractor#call'
    app/models/current.rb:22:in 'Current#with_account'
    config/initializers/tenanting/account_slug.rb:30:in 'AccountSlug::Extractor#call'
    test/controllers/events_controller_test.rb:30:in 'block in <class:EventsControllerTest>'

bin/rails test test/controllers/events_controller_test.rb:29

...E

Error:
Card::PinnableTest#test_broadcasts_pin_update_when_board_changes:
ActionView::Template::Error: undefined method 'local_time_tag' for an instance of #<Class:0x00007b7772c70780>
    app/views/cards/display/preview/_meta.html.erb:7
    app/views/cards/display/_preview.html.erb:49
    app/helpers/cards_helper.rb:12:in 'CardsHelper#card_article_tag'
    app/views/cards/display/_preview.html.erb:17
    app/views/my/pins/_pin.html.erb:2
    config/initializers/tenanting/turbo.rb:9:in 'TurboStreamsJobExtensions::ClassMethods#render_format'
    app/jobs/concerns/account_tenanted.rb:36:in 'AccountTenanted#with_account_context'
    app/models/card/pinnable.rb:29:in 'block in Card::Pinnable#broadcast_pin_updates'
    app/models/card/pinnable.rb:28:in 'Card::Pinnable#broadcast_pin_updates'
    test/models/card/pinnable_test.rb:22:in 'block (2 levels) in <class:PinnableTest>'
    test/models/card/pinnable_test.rb:37:in 'block in Card::PinnableTest#assert_broadcasted_pin_update'
    test/test_helper.rb:61:in 'ActiveSupport::TestCase#perform_enqueued_jobs'
    test/models/card/pinnable_test.rb:36:in 'Card::PinnableTest#assert_broadcasted_pin_update'
    test/models/card/pinnable_test.rb:21:in 'block in <class:PinnableTest>'

bin/rails test test/models/card/pinnable_test.rb:20

............................E

Error:
Notifications::TraysControllerTest#test_show:
ActionView::Template::Error: undefined method 'local_time_tag' for an instance of #<Class:0x00007b7772c70780>
    app/views/notifications/notification/_header.html.erb:17
    app/views/notifications/_notification.html.erb:4
    app/helpers/notifications_helper.rb:34:in 'block in NotificationsHelper#notification_tag'
    app/helpers/notifications_helper.rb:30:in 'NotificationsHelper#notification_tag'
    app/views/notifications/_notification.html.erb:3
    app/views/notifications/_notification.html.erb:1
    app/views/notifications/trays/show.html.erb:2
    app/views/notifications/trays/show.html.erb:1
    app/controllers/concerns/current_timezone.rb:15:in 'CurrentTimezone#set_current_timezone'
    config/initializers/tenanting/account_slug.rb:31:in 'block in AccountSlug::Extractor#call'
    app/models/current.rb:22:in 'Current#with_account'
    config/initializers/tenanting/account_slug.rb:30:in 'AccountSlug::Extractor#call'
    test/controllers/notifications/trays_controller_test.rb:9:in 'block in <class:TraysControllerTest>'

bin/rails test test/controllers/notifications/trays_controller_test.rb:8

.......................................................................................................E

Error:
Users::EventsControllerTest#test_show_other:
ActionView::Template::Error: undefined method 'local_time_tag' for an instance of #<Class:0x00007b7772db1900>
    app/views/events/day_timeline/_column.html.erb:15
    app/helpers/events_helper.rb:20:in 'EventsHelper#events_at_hour_container'
    app/views/events/day_timeline/_column.html.erb:13
    app/views/events/day_timeline/_column.html.erb:12:in 'Hash#each'
    app/views/events/day_timeline/_column.html.erb:12
    app/views/events/day_timeline/_columns.html.erb:6
    app/views/events/day_timeline/_columns.html.erb:1
    app/views/events/_day.html.erb:2
    app/views/users/events/show.html.erb:6
    app/helpers/pagination_helper.rb:50:in 'PaginationHelper#day_timeline_pagination_frame_tag'
    app/views/users/events/show.html.erb:5
    app/controllers/concerns/current_timezone.rb:15:in 'CurrentTimezone#set_current_timezone'
    config/initializers/tenanting/account_slug.rb:31:in 'block in AccountSlug::Extractor#call'
    app/models/current.rb:22:in 'Current#with_account'
    config/initializers/tenanting/account_slug.rb:30:in 'AccountSlug::Extractor#call'
    test/controllers/users/events_controller_test.rb:14:in 'block in <class:EventsControllerTest>'

bin/rails test test/controllers/users/events_controller_test.rb:13

.....E

Error:
SetPlatformTest#test_prefers_x_user_agent_cookie_over_request_user_agent:
ActionView::Template::Error: undefined method 'local_time_tag' for an instance of #<Class:0x00007b7772c70780>
    app/views/cards/display/preview/_meta.html.erb:7
    app/views/cards/display/_preview.html.erb:49
    app/helpers/cards_helper.rb:12:in 'CardsHelper#card_article_tag'
    app/views/cards/display/_preview.html.erb:17
    app/views/cards/display/_previews.html.erb:1
    app/views/boards/show/_stream.html.erb:16
    app/helpers/pagination_helper.rb:43:in 'block (2 levels) in PaginationHelper#with_automatic_pagination'
    app/helpers/pagination_helper.rb:3:in 'PaginationHelper#pagination_frame_tag'
    app/helpers/pagination_helper.rb:42:in 'block in PaginationHelper#with_automatic_pagination'
    app/helpers/pagination_helper.rb:68:in 'Kernel#public_send'
    app/helpers/pagination_helper.rb:68:in 'PaginationHelper#pagination_list'
    app/helpers/pagination_helper.rb:41:in 'PaginationHelper#with_automatic_pagination'
    app/views/boards/show/_stream.html.erb:15
    app/helpers/columns_helper.rb:34:in 'block in ColumnsHelper#column_tag'
    app/helpers/columns_helper.rb:33:in 'ColumnsHelper#column_tag'
    app/views/boards/show/_stream.html.erb:1
    app/views/boards/show/_columns.html.erb:31
    app/views/boards/show/_columns.html.erb:1
    app/views/boards/show.html.erb:30
    app/views/boards/show.html.erb:25
    app/controllers/concerns/current_timezone.rb:15:in 'CurrentTimezone#set_current_timezone'
    config/initializers/tenanting/account_slug.rb:31:in 'block in AccountSlug::Extractor#call'
    app/models/current.rb:22:in 'Current#with_account'
    config/initializers/tenanting/account_slug.rb:30:in 'AccountSlug::Extractor#call'
    test/controllers/concerns/set_platform_test.rb:18:in 'block in <class:SetPlatformTest>'

bin/rails test test/controllers/concerns/set_platform_test.rb:14

....E

Error:
Cards::DraftsControllerTest#test_show:
ActionView::Template::Error: undefined method 'local_time_tag' for an instance of #<Class:0x00007b7772db1900>
    app/views/cards/display/common/_meta.html.erb:7
    app/views/cards/display/perma/_meta.html.erb:1
    app/views/cards/drafts/_container.html.erb:22
    app/helpers/cards_helper.rb:12:in 'CardsHelper#card_article_tag'
    app/views/cards/drafts/_container.html.erb:8
    app/views/cards/drafts/_container.html.erb:2
    app/views/cards/drafts/show.html.erb:11
    app/controllers/concerns/current_timezone.rb:15:in 'CurrentTimezone#set_current_timezone'
    config/initializers/tenanting/account_slug.rb:31:in 'block in AccountSlug::Extractor#call'
    app/models/current.rb:22:in 'Current#with_account'
    config/initializers/tenanting/account_slug.rb:30:in 'AccountSlug::Extractor#call'
    test/controllers/cards/drafts_controller_test.rb:11:in 'block in <class:DraftsControllerTest>'

bin/rails test test/controllers/cards/drafts_controller_test.rb:8

.....................................................................

Finished in 29.127162s, 52.9403 runs/s, 189.9601 assertions/s.
1542 runs, 5533 assertions, 0 failures, 68 errors, 2 skips

You have skipped tests. Run with --verbose for details.
