/usr/local/bundle/gems/mini_magick-4.13.2/lib/mini_magick/shell.rb:2: warning: benchmark was loaded from the standard library, but will no longer be part of the default gems starting from Ruby 3.5.0.
You can add benchmark to your Gemfile or gemspec to silence this warning.
DEPRECATION WARNING: `config.active_support.to_time_preserves_timezone` is deprecated and will be removed in Rails 8.2 (called from block in TSort.tsort_each at /usr/local/bundle/gems/tsort-0.2.0/lib/tsort.rb:231)
Running 187 tests in parallel using 2 processes
Run options: --seed 26941

# Running:

............................................................................................................................................................................S.......S......

Finished in 14.835057s, 12.6053 runs/s, 39.3662 assertions/s.
187 runs, 584 assertions, 0 failures, 0 errors, 2 skips

You have skipped tests. Run with --verbose for details.
/usr/local/bundle/gems/mini_magick-4.13.2/lib/mini_magick/shell.rb:2: warning: benchmark was loaded from the standard library, but will no longer be part of the default gems starting from Ruby 3.5.0.
You can add benchmark to your Gemfile or gemspec to silence this warning.
DEPRECATION WARNING: `config.active_support.to_time_preserves_timezone` is deprecated and will be removed in Rails 8.2 (called from block in TSort.tsort_each at /usr/local/bundle/gems/tsort-0.2.0/lib/tsort.rb:231)
Running 10 tests in a single process (parallelization threshold is 50)
Run options: --seed 20995

# Running:

......F

Failure:
VerifierTest#test_a_sitting_that_takes_the_book_live_and_back_down_again_announces_nothing [/tests/verification_test.rb:44]:
0 jobs expected, but 1 were enqueued.
Expected: 0
  Actual: 1

bin/rails test /tests/verification_test.rb:43

...

Finished in 3.577069s, 2.7956 runs/s, 12.5801 assertions/s.
10 runs, 45 assertions, 1 failures, 0 errors, 0 skips
