Running 1679 tests in parallel using 2 processes
Run options: --seed 12784

# Running:

...........................................................................................................................................................................................................................................................................................................................................................................................................................................................................................................S...............................................S...................................................................................................................................................................................................................................................................................................................................................................................................................................................................................................................................................................................................................................................................................................................................................................................................................................................................................................................................................................................................................................................................................................................................................................................

Finished in 33.302742s, 50.4163 runs/s, 189.2937 assertions/s.
1679 runs, 6304 assertions, 0 failures, 0 errors, 2 skips

You have skipped tests. Run with --verbose for details.
Running 8 tests in a single process (parallelization threshold is 50)
Run options: --seed 17845

# Running:

.E

Error:
VerifierTest#test_a_signed_webhook_is_accepted,_an_unsigned_or_forged_one_is_rejected:
NoMethodError: undefined method 'customer' for #<Stripe::StripeObject:0x000078aa68cb3b68>
    saasmodels/account/subscription.rb:117:in 'Account::Subscription.sync_amount_due'
    saasmodels/account/subscription.rb:77:in 'Account::Subscription.sync_from_event'
    saascontrollers/stripe_webhooks_controller.rb:8:in 'StripeWebhooksController#create'
    app/controllers/concerns/current_timezone.rb:15:in 'CurrentTimezone#set_current_timezone'
    config/initializers/database_role_logging.rb:10:in 'block in DatabaseRoleLogger#call'
    config/initializers/database_role_logging.rb:9:in 'DatabaseRoleLogger#call'
    config/initializers/tenanting/account_slug.rb:35:in 'block in AccountSlug::Extractor#call'
    app/models/current.rb:26:in 'Current#without_account'
    config/initializers/tenanting/account_slug.rb:34:in 'AccountSlug::Extractor#call'
    saas/lib/fizzy/saas/true_client_ip.rb:20:in 'TrackTrueClientIp#call'
    saas/lib/fizzy/saas/gvl_instrumentation.rb:11:in 'Fizzy::Saas::GvlInstrumentation#call'
    test/test_helpers/session_test_helper.rb:57:in 'SessionTestHelper#untenanted'

bin/rails test /tests/verification_test.rb:118

......

Finished in 2.222039s, 3.6003 runs/s, 21.6018 assertions/s.
8 runs, 48 assertions, 0 failures, 1 errors, 0 skips
