Running 1509 tests in parallel using 2 processes
Run options: --seed 3218

# Running:

..............................................................................................................................................................................................S..............................................................................S.......................................................................................................................................................................................................................................................................................................................................................................................................................................................................................................................................................................................................................................................................................................................................................................................................................................................................................................................................................................................................................................................................................................................................................................................................................................................................................

Finished in 27.547599s, 54.7779 runs/s, 205.7530 assertions/s.
1509 runs, 5668 assertions, 0 failures, 0 errors, 2 skips

You have skipped tests. Run with --verbose for details.
Running 7 tests in a single process (parallelization threshold is 50)
Run options: --seed 17004

# Running:

Capybara starting Puma...
* Version 7.2.1, codename: On The Corner
* Min threads: 0, max threads: 4
* Listening on http://127.0.0.1:35117
2026-09-15 10:10:04 INFO Selenium [:logger_info] Details on how to use and modify Selenium logger:
  https://selenium.dev/documentation/webdriver/troubleshooting/logging

2026-09-15 10:10:04 WARN Selenium [:selenium_manager] Exception managing chrome: error sending request for url (https://googlechromelabs.github.io/chrome-for-testing/known-good-versions-with-downloads.json) 
2026-09-15 10:10:04 WARN Selenium [:selenium_manager] Error sending stats to Plausible: error sending request for url (https://plausible.io/api/event) 
2026-09-15 10:10:11 WARN Selenium [:selenium_manager] Exception managing chrome: error sending request for url (https://googlechromelabs.github.io/chrome-for-testing/known-good-versions-with-downloads.json) 
2026-09-15 10:10:20 WARN Selenium [:selenium_manager] Exception managing chrome: error sending request for url (https://googlechromelabs.github.io/chrome-for-testing/known-good-versions-with-downloads.json) 
[Screenshot Image]: /app/tmp/screenshots/failures_test_an_address_with_no_account_gets_exactly_the_answer_an_address_with_one_gets.png 
F

Failure:
VerifierTest#test_an_address_with_no_account_gets_exactly_the_answer_an_address_with_one_gets [test/test_helpers/session_test_helper.rb:61]:
expected not to find visible css "body[data-submitting]", found 1 match: "Get into Fizzy\nEnter your email and we’ll get you signed in.\nLet’s go\nSign in with a passkey\nFizzy™ is designed, built, and backed by 37signals™, makers of Basecamp™ and HEY™. Need help? Send us an email."

bin/rails test /tests/verification_test.rb:40

2026-09-15 10:10:26 WARN Selenium [:selenium_manager] Exception managing chrome: error sending request for url (https://googlechromelabs.github.io/chrome-for-testing/known-good-versions-with-downloads.json) 
2026-09-15 10:10:32 WARN Selenium [:selenium_manager] Exception managing chrome: error sending request for url (https://googlechromelabs.github.io/chrome-for-testing/known-good-versions-with-downloads.json) 
2026-09-15 10:10:40 WARN Selenium [:selenium_manager] Exception managing chrome: error sending request for url (https://googlechromelabs.github.io/chrome-for-testing/known-good-versions-with-downloads.json) 
.2026-09-15 10:10:47 WARN Selenium [:selenium_manager] Exception managing chrome: error sending request for url (https://googlechromelabs.github.io/chrome-for-testing/known-good-versions-with-downloads.json) 
.....

Finished in 59.599182s, 0.1175 runs/s, 0.5537 assertions/s.
7 runs, 33 assertions, 1 failures, 0 errors, 0 skips
