Running 1517 tests in parallel using 2 processes
Run options: --seed 49677

# Running:

.......................................................................................................................................................................................................................................................................................................................................................................................................................................................................................................................................................................................................................................................................................................................................................................................................................................................................................................................................................................................................................................................................................................................................................................................................................................................................................................................................................................................S....................................................................................................................S................................................................

Finished in 28.284823s, 53.6330 runs/s, 201.8043 assertions/s.
1517 runs, 5708 assertions, 0 failures, 0 errors, 2 skips

You have skipped tests. Run with --verbose for details.
Running 6 tests in a single process (parallelization threshold is 50)
Run options: --seed 46255

# Running:

Capybara starting Puma...
* Version 7.2.1, codename: On The Corner
* Min threads: 0, max threads: 4
* Listening on http://127.0.0.1:35277
2026-09-08 16:06:57 INFO Selenium [:logger_info] Details on how to use and modify Selenium logger:
  https://selenium.dev/documentation/webdriver/troubleshooting/logging

2026-09-08 16:06:57 WARN Selenium [:selenium_manager] Exception managing chrome: error sending request for url (https://googlechromelabs.github.io/chrome-for-testing/known-good-versions-with-downloads.json) 
2026-09-08 16:06:57 WARN Selenium [:selenium_manager] Error sending stats to Plausible: error sending request for url (https://plausible.io/api/event) 
2026-09-08 16:07:08 WARN Selenium [:selenium_manager] Exception managing chrome: error sending request for url (https://googlechromelabs.github.io/chrome-for-testing/known-good-versions-with-downloads.json) 
..2026-09-08 16:07:23 WARN Selenium [:selenium_manager] Exception managing chrome: error sending request for url (https://googlechromelabs.github.io/chrome-for-testing/known-good-versions-with-downloads.json) 
..[Screenshot Image]: /app/tmp/screenshots/failures_test_someone_else-s_reaction_landing_does_not_wipe_what_this_viewer_is_typing.png 
E

Error:
VerifierTest#test_someone_else's_reaction_landing_does_not_wipe_what_this_viewer_is_typing:
Capybara::ElementNotFound: Unable to find visible css ".reaction__input" within #<Capybara::Node::Element tag="div" path="/HTML/BODY[1]/DIV[1]/MAIN[1]/DIV[1]/TURBO-FRAME[1]/TURBO-FRAME[2]/DIV[1]">
    /usr/local/bundle/gems/capybara-3.40.0/lib/capybara/node/finders.rb:312:in 'block in Capybara::Node::Finders#synced_resolve'
    /usr/local/bundle/gems/capybara-3.40.0/lib/capybara/node/base.rb:84:in 'Capybara::Node::Base#synchronize'
    /usr/local/bundle/gems/capybara-3.40.0/lib/capybara/node/finders.rb:301:in 'Capybara::Node::Finders#synced_resolve'
    /usr/local/bundle/gems/capybara-3.40.0/lib/capybara/node/finders.rb:60:in 'Capybara::Node::Finders#find'
    /tests/verification_test.rb:87:in 'block in <class:VerifierTest>'

bin/rails test /tests/verification_test.rb:70

.

Finished in 56.182139s, 0.1068 runs/s, 0.6052 assertions/s.
6 runs, 34 assertions, 0 failures, 1 errors, 0 skips
