Running 1509 tests in parallel using 2 processes
Run options: --seed 37877

# Running:

.................................................................................................................................................................................................................................................................................................................................................................................................................................................................................................................................................................................................................................................................................................................................................................................................................................................................................................................................................................................................................................................................................................................................................................................................................................................................................................................................................................................................................S.....S.............................................................................................................................................

Finished in 29.912246s, 50.4476 runs/s, 189.4876 assertions/s.
1509 runs, 5668 assertions, 0 failures, 0 errors, 2 skips

You have skipped tests. Run with --verbose for details.
Running 7 tests in a single process (parallelization threshold is 50)
Run options: --seed 45189

# Running:

Capybara starting Puma...
* Version 7.2.1, codename: On The Corner
* Min threads: 0, max threads: 4
* Listening on http://127.0.0.1:43847
2026-09-08 16:04:48 INFO Selenium [:logger_info] Details on how to use and modify Selenium logger:
  https://selenium.dev/documentation/webdriver/troubleshooting/logging

2026-09-08 16:04:48 WARN Selenium [:selenium_manager] Exception managing chrome: error sending request for url (https://googlechromelabs.github.io/chrome-for-testing/known-good-versions-with-downloads.json) 
2026-09-08 16:04:48 WARN Selenium [:selenium_manager] Error sending stats to Plausible: error sending request for url (https://plausible.io/api/event) 
.2026-09-08 16:04:56 WARN Selenium [:selenium_manager] Exception managing chrome: error sending request for url (https://googlechromelabs.github.io/chrome-for-testing/known-good-versions-with-downloads.json) 
2026-09-08 16:05:02 WARN Selenium [:selenium_manager] Exception managing chrome: error sending request for url (https://googlechromelabs.github.io/chrome-for-testing/known-good-versions-with-downloads.json) 
.2026-09-08 16:05:12 WARN Selenium [:selenium_manager] Exception managing chrome: error sending request for url (https://googlechromelabs.github.io/chrome-for-testing/known-good-versions-with-downloads.json) 
[Screenshot Image]: /app/tmp/screenshots/failures_test_joining_with_a_join_code_gets_you_a_sign-in_code_and_brings_you_into_the_account.png 
E

Error:
VerifierTest#test_joining_with_a_join_code_gets_you_a_sign-in_code_and_brings_you_into_the_account:
Capybara::ElementNotFound: Unable to find css "input[name=code]"
    /usr/local/bundle/gems/capybara-3.40.0/lib/capybara/node/finders.rb:312:in 'block in Capybara::Node::Finders#synced_resolve'
    /usr/local/bundle/gems/capybara-3.40.0/lib/capybara/node/base.rb:84:in 'Capybara::Node::Base#synchronize'
    /usr/local/bundle/gems/capybara-3.40.0/lib/capybara/node/finders.rb:301:in 'Capybara::Node::Finders#synced_resolve'
    /usr/local/bundle/gems/capybara-3.40.0/lib/capybara/node/finders.rb:60:in 'Capybara::Node::Finders#find'
    /usr/local/bundle/gems/capybara-3.40.0/lib/capybara/session.rb:774:in 'Capybara::Session#find'
    /usr/local/bundle/gems/capybara-3.40.0/lib/capybara/dsl.rb:52:in 'Method#call'
    /usr/local/bundle/gems/capybara-3.40.0/lib/capybara/dsl.rb:52:in 'Capybara::DSL#find'
    /tests/verification_test.rb:103:in 'VerifierTest#submit'
    /tests/verification_test.rb:98:in 'block in VerifierTest#type_code'
    /usr/local/bundle/gems/capybara-3.40.0/lib/capybara.rb:374:in 'Capybara.using_session'
    /usr/local/bundle/gems/capybara-3.40.0/lib/capybara/dsl.rb:22:in 'Capybara::DSL#using_session'
    /tests/verification_test.rb:98:in 'VerifierTest#type_code'
    /tests/verification_test.rb:80:in 'block in <class:VerifierTest>'

bin/rails test /tests/verification_test.rb:76

.2026-09-08 16:05:19 WARN Selenium [:selenium_manager] Exception managing chrome: error sending request for url (https://googlechromelabs.github.io/chrome-for-testing/known-good-versions-with-downloads.json) 
2026-09-08 16:05:26 WARN Selenium [:selenium_manager] Exception managing chrome: error sending request for url (https://googlechromelabs.github.io/chrome-for-testing/known-good-versions-with-downloads.json) 
2026-09-08 16:05:34 WARN Selenium [:selenium_manager] Exception managing chrome: error sending request for url (https://googlechromelabs.github.io/chrome-for-testing/known-good-versions-with-downloads.json) 
...

Finished in 61.544126s, 0.1137 runs/s, 0.4712 assertions/s.
7 runs, 29 assertions, 0 failures, 1 errors, 0 skips
