Running 1542 tests in parallel using 2 processes
Run options: --seed 1807

# Running:

.......................................................................................................................................................................................................................................................................................................................S.....S........................................................................................................................................................................................................................................................................................................................................................................................................................................................................................................................................................................................................................................................................................................................................................................................................................................................................................................................................................................................................................................................................................................................................................................................................................................................................

Finished in 32.566765s, 47.3489 runs/s, 178.9862 assertions/s.
1542 runs, 5829 assertions, 0 failures, 0 errors, 2 skips

You have skipped tests. Run with --verbose for details.
Running 12 tests in a single process (parallelization threshold is 50)
Run options: --seed 57533

# Running:

..F

Failure:
VerifierTest#test_every_screen_renders_in_Japanese [/tests/verification_test.rb:73]:
Expected {"/897362094/users/03az2u6zrmf4mugbnuybfvll5/email_addresses/new" => ["Enter your new email address, then check"], "/897362094/account/settings" => ["All your data will be permanently deleted within", "Delete your account and everything", "it, including all boards and"]} to be empty.

bin/rails test /tests/verification_test.rb:70

........F

Failure:
VerifierTest#test_every_screen's_text_and_attributes_come_from_the_translations [/tests/verification_test.rb:42]:
Expected {"/897362094/" => ["everyone"], "/897362094/notifications/settings" => ["Mozilla"], "/897362094/boards/03ayv6mp60xg3aqes0m9sa68w/webhooks/03axxs0r2o406zezj4dqgex9e" => ["HMAC", "SHA", "X-Webhook-Signature"], "/897362094/events" => ["everyone"], "/897362094/users/03az2u6zrmf4mugbnuybfvll5/email_addresses/new" => ["address", "change", "check", "confirm", "email", "then", "your"], "/897362094/account/settings" => ["All", "Delete", "account", "all", "and", "be", "boards", "cards", "data", "days", "deleted", "everything", "including", "permanently", "will", "within", "your"], "/897362094/account/imports/new" => ["everyone"], "/897362094/my/access_tokens/new" => ["Permission"]} to be empty.

bin/rails test /tests/verification_test.rb:38



Finished in 5.719046s, 2.0983 runs/s, 34.2715 assertions/s.
12 runs, 196 assertions, 2 failures, 0 errors, 0 skips
