Running 1493 tests in parallel using 2 processes
Run options: --seed 18124

# Running:

..................................................................................................................................................................................................................................................................................................................................................................................................................................................................................................................................................................................................................................................................................................................................................................................................................................................................................................................................................................................................................................................................................................................................................................................................................................................................................................................................................................................................................SS.................................................................................................................................

Finished in 34.104950s, 43.7766 runs/s, 167.5123 assertions/s.
1493 runs, 5713 assertions, 0 failures, 0 errors, 2 skips

You have skipped tests. Run with --verbose for details.
Running 7 tests in a single process (parallelization threshold is 50)
Run options: --seed 35262

# Running:

F

Failure:
VerifierTest#test_a_device_cannot_point_a_push_at_our_own_network [/tests/verification_test.rb:113]:
Expected [#<WebMock::RequestSignature:0x0000758c3273b3b8 @method=:post, @uri=#<Addressable::URI:0xd570 URI:https://intranet.example.test:443/push/459453e0ffa9c14f>, @body="\x1D\x9B\t\xB3\xD3\x18\x13\v\xD9E\x0E\x16\xB8\xEA\x8A\xAA\x00\x00\x00\xA1A\x04\xD8\xE6\xAC\xE9\xE5f(\xAC^=H(R\x95\x13\xF4\x1E\xDE\xD3^\bmY\x8F\e\xEF\xDF\x02\x86u\x86a\xF4A\x11+\\\x84<\xDFe]\xA6\x1F\x88a\xBB\xC2w8\xBC\x81\xF3\xC2\xD9\xD9t\v\xA5\x03v\xDF\xAB\x97\vf.\x18\xF0\xB6\xE3t_ L.V\x81\x8FH\n^\x96c\xAE\x00\x90\xE0'\xB0\xA9M\xC3\x81{\xAF\xA1\x9F\xB1\x81-\xC6\x8A\xDF^\x19*\xEF\xB9#E+`|@\xB9\x1F@\x92?\xD7\xB9\xBFC \xA6\xEC\x82\xE4\xE3}\xD2j&;4\xA8\x9E@x\xAA4o\x8E\xC3y\xD1\x8E\x04\xCB\xD8\xB5\x9E\xA5\xF0\x0E\x969T\xBDY\xCF\x8F\x10\xD9]\xB9\xF4u\\\xE3m=\"\x9B\xD0!~\xA2\xF4\x05\xBB\x1CY3\\\xDBv\xC8+%\xF2~\x04_~d.\xABW\n\xB3{r\b\xDB\xED\xBD\xD5\xA5\x18Rj\x16wg>\xCA;\xA8\x05~\x12\x009", @headers={"Content-Type" => "application/octet-stream", "Ttl" => "2419200", "Urgency" => "normal", "Content-Encoding" => "aes128gcm", "Content-Length" => "247", "Authorization" => "vapid t=eyJ0eXAiOiJKV1QiLCJhbGciOiJFUzI1NiJ9.eyJhdWQiOiJodHRwczovL2ludHJhbmV0LmV4YW1wbGUudGVzdCIsImV4cCI6MTc5MDE2MzIwNiwic3ViIjoibWFpbHRvOm5vdGlmaWNhdGlvbnNAZml6enkuZG8ifQ.t0M-hPY9dAJQsSg91uW-14Xrp3MjYTdZDuZOhHKXkYMV5GKuFwbqp6b9NjtldZtk6KHl9KfLrlzpJ0EQJKLoTg,k=BK6x-1p7QS6daYjzPKh1a5JuaLD1Inr_1H8wjbrVdIUMHuC9oX6SF-5IjdpiBJd-VyKUTGK1qYxvlDH7MpfA-Q0", "Accept-Encoding" => "gzip;q=1.0,deflate;q=0.6,identity;q=0.3", "Accept" => "*/*", "User-Agent" => "Ruby"}, @ipaddr=nil>] to be empty.

bin/rails test /tests/verification_test.rb:102

..F

Failure:
VerifierTest#test_a_push_says_what_the_tray_says_and_opens_the_card [/tests/verification_test.rb:57]:
Expected "{\"title\":\"The logo isn't big enough\",\"body\":\"David: Ship it after the kerning fix\",\"url\":\"/897362094/cards/03aynn8k9d92o7771nd3ofmxx\"}" to include "RE: The logo isn't big enough".

bin/rails test /tests/verification_test.rb:49

...

Finished in 6.969983s, 1.0043 runs/s, 10.4735 assertions/s.
7 runs, 73 assertions, 2 failures, 0 errors, 0 skips
