Running 1509 tests in parallel using 2 processes
Run options: --seed 31448

# Running:

........................................................................................................................................................................................................................................................................................................................................................................................................................................................................................................................................................................................................................................................................................................................................................................................................................................................................................................................................................................................................................S.........................................................................................S..................................................................................................................................................................................................................................................................................................................................................................................................................................................

Finished in 26.149799s, 57.7060 runs/s, 216.7512 assertions/s.
1509 runs, 5668 assertions, 0 failures, 0 errors, 2 skips

You have skipped tests. Run with --verbose for details.
Running 7 tests in a single process (parallelization threshold is 50)
Run options: --seed 58858

# Running:

Capybara starting Puma...
* Version 7.2.1, codename: On The Corner
* Min threads: 0, max threads: 4
* Listening on http://127.0.0.1:39733
2026-09-10 15:14:44 INFO Selenium [:logger_info] Details on how to use and modify Selenium logger:
  https://selenium.dev/documentation/webdriver/troubleshooting/logging

2026-09-10 15:14:44 WARN Selenium [:selenium_manager] Exception managing chrome: error sending request for url (https://googlechromelabs.github.io/chrome-for-testing/known-good-versions-with-downloads.json) 
2026-09-10 15:14:44 WARN Selenium [:selenium_manager] Error sending stats to Plausible: error sending request for url (https://plausible.io/api/event) 
....2026-09-10 15:14:58 WARN Selenium [:selenium_manager] Exception managing chrome: error sending request for url (https://googlechromelabs.github.io/chrome-for-testing/known-good-versions-with-downloads.json) 
2026-09-10 15:15:05 WARN Selenium [:selenium_manager] Exception managing chrome: error sending request for url (https://googlechromelabs.github.io/chrome-for-testing/known-good-versions-with-downloads.json) 
.2026-09-10 15:15:12 WARN Selenium [:selenium_manager] Exception managing chrome: error sending request for url (https://googlechromelabs.github.io/chrome-for-testing/known-good-versions-with-downloads.json) 
2026-09-10 15:15:19 WARN Selenium [:selenium_manager] Exception managing chrome: error sending request for url (https://googlechromelabs.github.io/chrome-for-testing/known-good-versions-with-downloads.json) 
2026-09-10 15:15:26 WARN Selenium [:selenium_manager] Exception managing chrome: error sending request for url (https://googlechromelabs.github.io/chrome-for-testing/known-good-versions-with-downloads.json) 
..

Finished in 53.390455s, 0.1311 runs/s, 0.6181 assertions/s.
7 runs, 33 assertions, 0 failures, 0 errors, 0 skips
