/usr/local/bundle/gems/mini_magick-4.13.2/lib/mini_magick/shell.rb:2: warning: benchmark was loaded from the standard library, but will no longer be part of the default gems starting from Ruby 3.5.0.
You can add benchmark to your Gemfile or gemspec to silence this warning.
DEPRECATION WARNING: `config.active_support.to_time_preserves_timezone` is deprecated and will be removed in Rails 8.2 (called from block in TSort.tsort_each at /usr/local/bundle/gems/tsort-0.2.0/lib/tsort.rb:231)
Running 180 tests in parallel using 2 processes
Run options: --seed 26180

# Running:

.......................................................................................................S....................S.......................................................

Finished in 14.530277s, 12.3879 runs/s, 38.6090 assertions/s.
180 runs, 561 assertions, 0 failures, 0 errors, 2 skips

You have skipped tests. Run with --verbose for details.
/usr/local/bundle/gems/mini_magick-4.13.2/lib/mini_magick/shell.rb:2: warning: benchmark was loaded from the standard library, but will no longer be part of the default gems starting from Ruby 3.5.0.
You can add benchmark to your Gemfile or gemspec to silence this warning.
DEPRECATION WARNING: `config.active_support.to_time_preserves_timezone` is deprecated and will be removed in Rails 8.2 (called from block in TSort.tsort_each at /usr/local/bundle/gems/tsort-0.2.0/lib/tsort.rb:231)
Running 8 tests in a single process (parallelization threshold is 50)
Run options: --seed 12258

# Running:

..F

Failure:
VerifierTest#test_an_administrator_with_no_access_row_of_their_own_is_told_who_is_editing [/tests/verification_test.rb:47]:
Expected: ["David"]
  Actual: []

bin/rails test /tests/verification_test.rb:38

.....

Finished in 7.384490s, 1.0834 runs/s, 6.9064 assertions/s.
8 runs, 51 assertions, 1 failures, 0 errors, 0 skips
