Running 1542 tests in parallel using 2 processes
Run options: --seed 38463

# Running:

......................................................................................................................F

Failure:
My::AccessTokensControllerTest#test_accessing_new_token_after_reveal_window_redirects_to_index [test/controllers/my/access_tokens_controller_test.rb:94]:
--- expected
+++ actual
@@ -1 +1,3 @@
-"Token is no longer visible"
+"Translation missing. Options considered were:
+- en.my.access_tokens.show.token_no_longer_visible
+- en.my.access_tokens.token_no_longer_visible"


bin/rails test test/controllers/my/access_tokens_controller_test.rb:89

...............E

Error:
Cards::NotNowsControllerTest#test_create:
ActionView::Template::Error: Translation missing: en.date.formats.stamp
    app/views/cards/display/common/_stamp.html.erb:6
    app/views/cards/_container.html.erb:25
    app/helpers/cards_helper.rb:12:in 'CardsHelper#card_article_tag'
    app/views/cards/_container.html.erb:9
    app/views/cards/_container.html.erb:2
    app/views/cards/not_nows/create.turbo_stream.erb:9
    app/controllers/concerns/current_timezone.rb:15:in 'CurrentTimezone#set_current_timezone'
    app/controllers/concerns/set_locale.rb:14:in 'SetLocale#set_locale'
    config/initializers/tenanting/account_slug.rb:31:in 'block in AccountSlug::Extractor#call'
    app/models/current.rb:22:in 'Current#with_account'
    config/initializers/tenanting/account_slug.rb:30:in 'AccountSlug::Extractor#call'
    test/controllers/cards/not_nows_controller_test.rb:12:in 'block (2 levels) in <class:NotNowsControllerTest>'
    test/controllers/cards/not_nows_controller_test.rb:11:in 'block in <class:NotNowsControllerTest>'

bin/rails test test/controllers/cards/not_nows_controller_test.rb:8

.E

Error:
My::PinsControllerTest#test_index:
ActionView::Template::Error: Translation missing: en.date.formats.stamp
    app/views/cards/display/common/_stamp.html.erb:19
    app/views/cards/display/_preview.html.erb:44
    app/helpers/cards_helper.rb:12:in 'CardsHelper#card_article_tag'
    app/views/cards/display/_preview.html.erb:17
    app/views/my/pins/_pin.html.erb:2
    app/views/my/pins/index.html.erb:13
    app/views/my/pins/index.html.erb:12
    app/controllers/concerns/current_timezone.rb:15:in 'CurrentTimezone#set_current_timezone'
    app/controllers/concerns/set_locale.rb:14:in 'SetLocale#set_locale'
    config/initializers/tenanting/account_slug.rb:31:in 'block in AccountSlug::Extractor#call'
    app/models/current.rb:22:in 'Current#with_account'
    config/initializers/tenanting/account_slug.rb:30:in 'AccountSlug::Extractor#call'
    test/controllers/my/pins_controller_test.rb:9:in 'block in <class:PinsControllerTest>'

bin/rails test test/controllers/my/pins_controller_test.rb:8

............................................................................................................................F

Failure:
Events::DayTimeline::ColumnsControllerTest#test_show_added_column [test/controllers/events/day_timeline/columns_controller_test.rb:11]:
--- expected
+++ actual
@@ -1 +1 @@
-/Added/
+"Translation missing: en.day_timeline.added  "
.
Expected 0 to be >= 1.

bin/rails test test/controllers/events/day_timeline/columns_controller_test.rb:8

..F

Failure:
Events::DayTimeline::ColumnsControllerTest#test_show_closed_column [test/controllers/events/day_timeline/columns_controller_test.rb:23]:
--- expected
+++ actual
@@ -1 +1 @@
-/Done/
+"Translation missing: en.day_timeline.done  "
.
Expected 0 to be >= 1.

bin/rails test test/controllers/events/day_timeline/columns_controller_test.rb:20

............................F

Failure:
Events::DayTimeline::ColumnsControllerTest#test_show_updated_column [test/controllers/events/day_timeline/columns_controller_test.rb:17]:
--- expected
+++ actual
@@ -1 +1 @@
-/Updated/
+"Translation missing: en.day_timeline.updated   (1)"
.
Expected 0 to be >= 1.

bin/rails test test/controllers/events/day_timeline/columns_controller_test.rb:14

.....................E

Error:
Public::Boards::Columns::ClosedsControllerTest#test_show:
ActionView::Template::Error: Translation missing: en.date.formats.stamp
    app/views/cards/display/common/_stamp.html.erb:19
    app/views/cards/display/_public_preview.html.erb:25
    app/helpers/cards_helper.rb:12:in 'CardsHelper#card_article_tag'
    app/views/cards/display/_public_preview.html.erb:1
    app/views/cards/display/_public_previews.html.erb:1
    app/views/public/boards/columns/closeds/show.html.erb:18
    app/helpers/pagination_helper.rb:43:in 'block (2 levels) in PaginationHelper#with_automatic_pagination'
    app/helpers/pagination_helper.rb:3:in 'PaginationHelper#pagination_frame_tag'
    app/helpers/pagination_helper.rb:42:in 'block in PaginationHelper#with_automatic_pagination'
    app/helpers/pagination_helper.rb:68:in 'Kernel#public_send'
    app/helpers/pagination_helper.rb:68:in 'PaginationHelper#pagination_list'
    app/helpers/pagination_helper.rb:41:in 'PaginationHelper#with_automatic_pagination'
    app/views/public/boards/columns/closeds/show.html.erb:17
    app/views/public/boards/columns/closeds/show.html.erb:14
    app/controllers/concerns/current_timezone.rb:15:in 'CurrentTimezone#set_current_timezone'
    app/controllers/concerns/set_locale.rb:14:in 'SetLocale#set_locale'
    config/initializers/tenanting/account_slug.rb:31:in 'block in AccountSlug::Extractor#call'
    app/models/current.rb:22:in 'Current#with_account'
    config/initializers/tenanting/account_slug.rb:30:in 'AccountSlug::Extractor#call'
    test/controllers/public/boards/columns/closeds_controller_test.rb:9:in 'block in <class:ClosedsControllerTest>'

bin/rails test test/controllers/public/boards/columns/closeds_controller_test.rb:8

................................E

Error:
Public::Boards::Columns::ClosedsControllerTest#test_show_excludes_draft_cards:
ActionView::Template::Error: Translation missing: en.date.formats.stamp
    app/views/cards/display/common/_stamp.html.erb:19
    app/views/cards/display/_public_preview.html.erb:25
    app/helpers/cards_helper.rb:12:in 'CardsHelper#card_article_tag'
    app/views/cards/display/_public_preview.html.erb:1
    app/views/cards/display/_public_previews.html.erb:1
    app/views/public/boards/columns/closeds/show.html.erb:18
    app/helpers/pagination_helper.rb:43:in 'block (2 levels) in PaginationHelper#with_automatic_pagination'
    app/helpers/pagination_helper.rb:3:in 'PaginationHelper#pagination_frame_tag'
    app/helpers/pagination_helper.rb:42:in 'block in PaginationHelper#with_automatic_pagination'
    app/helpers/pagination_helper.rb:68:in 'Kernel#public_send'
    app/helpers/pagination_helper.rb:68:in 'PaginationHelper#pagination_list'
    app/helpers/pagination_helper.rb:41:in 'PaginationHelper#with_automatic_pagination'
    app/views/public/boards/columns/closeds/show.html.erb:17
    app/views/public/boards/columns/closeds/show.html.erb:14
    app/controllers/concerns/current_timezone.rb:15:in 'CurrentTimezone#set_current_timezone'
    app/controllers/concerns/set_locale.rb:14:in 'SetLocale#set_locale'
    config/initializers/tenanting/account_slug.rb:31:in 'block in AccountSlug::Extractor#call'
    app/models/current.rb:22:in 'Current#with_account'
    config/initializers/tenanting/account_slug.rb:30:in 'AccountSlug::Extractor#call'
    test/controllers/public/boards/columns/closeds_controller_test.rb:18:in 'block in <class:ClosedsControllerTest>'

bin/rails test test/controllers/public/boards/columns/closeds_controller_test.rb:13

.........S...............................S......................................................................................E

Error:
Cards::ClosuresControllerTest#test_create:
ActionView::Template::Error: Translation missing: en.date.formats.stamp
    app/views/cards/display/common/_stamp.html.erb:19
    app/views/cards/_container.html.erb:25
    app/helpers/cards_helper.rb:12:in 'CardsHelper#card_article_tag'
    app/views/cards/_container.html.erb:9
    app/views/cards/_container.html.erb:2
    app/views/cards/closures/create.turbo_stream.erb:9
    app/controllers/concerns/current_timezone.rb:15:in 'CurrentTimezone#set_current_timezone'
    app/controllers/concerns/set_locale.rb:14:in 'SetLocale#set_locale'
    config/initializers/tenanting/account_slug.rb:31:in 'block in AccountSlug::Extractor#call'
    app/models/current.rb:22:in 'Current#with_account'
    config/initializers/tenanting/account_slug.rb:30:in 'AccountSlug::Extractor#call'
    test/controllers/cards/closures_controller_test.rb:12:in 'block (2 levels) in <class:ClosuresControllerTest>'
    test/controllers/cards/closures_controller_test.rb:11:in 'block in <class:ClosuresControllerTest>'

bin/rails test test/controllers/cards/closures_controller_test.rb:8

...................................................................................................................................................................................................................F

Failure:
Event::DescriptionTest#test_to_html_escapes_column_name_in_triaged_description [test/models/event/description_test.rb:125]:
Expected "Translation missing: en.events.description.moved_to_column_html" to include "Tom &amp; Jerry".

bin/rails test test/models/event/description_test.rb:120

F

Failure:
Event::DescriptionTest#test_to_plain_text_escapes_old_title_in_renamed_description [test/models/event/description_test.rb:98]:
Expected "Translation missing: en.events.description.renamed_html" to include "Tom &amp; Jerry".

bin/rails test test/models/event/description_test.rb:93

F

Failure:
Event::DescriptionTest#test_generates_html_description_for_card_published_event [test/models/event/description_test.rb:14]:
Expected "Translation missing: en.events.description.added_html" to include "logo".

bin/rails test test/models/event/description_test.rb:10

F

Failure:
Event::DescriptionTest#test_to_html_escapes_old_title_in_renamed_description [test/models/event/description_test.rb:89]:
Expected "Translation missing: en.events.description.renamed_html" to include "Tom &amp; Jerry".

bin/rails test test/models/event/description_test.rb:84

F

Failure:
Event::DescriptionTest#test_generates_plain_text_description_for_card_published_event [test/models/event/description_test.rb:26]:
Expected "Translation missing: en.events.description.added_html" to include "David added".

bin/rails test test/models/event/description_test.rb:23

F

Failure:
Event::DescriptionTest#test_to_plain_text_escapes_unassigned_names [test/models/event/description_test.rb:80]:
Expected "Translation missing: en.events.description.unassigned_html" to include "Tom &amp; Jerry".

bin/rails test test/models/event/description_test.rb:74

F

Failure:
Event::DescriptionTest#test_to_html_escapes_assignee_names [test/models/event/description_test.rb:52]:
Expected "Translation missing: en.events.description.assigned_html" to include "Tom &amp; Jerry".

bin/rails test test/models/event/description_test.rb:48

F

Failure:
Event::DescriptionTest#test_escapes_html_in_card_titles_in_plain_text_description [test/models/event/description_test.rb:144]:
Expected "Translation missing: en.events.description.added_html" to include "&lt;script&gt;alert(&#39;xss&#39;)&lt;/script&gt;".

bin/rails test test/models/event/description_test.rb:138

F

Failure:
Event::DescriptionTest#test_to_plain_text_escapes_assignee_names [test/models/event/description_test.rb:60]:
Expected "Translation missing: en.events.description.assigned_html" to include "Tom &amp; Jerry".

bin/rails test test/models/event/description_test.rb:56

.......................................................................F

Failure:
Event::DescriptionTest#test_to_html_escapes_unassigned_names [test/models/event/description_test.rb:70]:
Expected "Translation missing: en.events.description.unassigned_html" to include "Tom &amp; Jerry".

bin/rails test test/models/event/description_test.rb:64

F

Failure:
Event::DescriptionTest#test_uses_creator_name_when_event_creator_is_not_the_current_user [test/models/event/description_test.rb:45]:
Expected "Translation missing: en.events.description.added_html" to include "David added".

bin/rails test test/models/event/description_test.rb:42

F

Failure:
Event::DescriptionTest#test_to_plain_text_escapes_board_name_in_moved_description [test/models/event/description_test.rb:116]:
Expected "Translation missing: en.events.description.moved_to_location_html" to include "Tom &amp; Jerry".

bin/rails test test/models/event/description_test.rb:111

F

Failure:
Event::DescriptionTest#test_uses_always_the_name_even_when_the_event_creator_is_the_current_user [test/models/event/description_test.rb:39]:
Expected "Translation missing: en.events.description.added_html" to include "David added".

bin/rails test test/models/event/description_test.rb:36

F

Failure:
Event::DescriptionTest#test_generates_description_for_comment_event [test/models/event/description_test.rb:33]:
Expected "Translation missing: en.events.description.commented_html" to include "David commented on".

bin/rails test test/models/event/description_test.rb:30

F

Failure:
Event::DescriptionTest#test_to_html_escapes_board_name_in_moved_description [test/models/event/description_test.rb:107]:
Expected "Translation missing: en.events.description.moved_to_location_html" to include "Tom &amp; Jerry".

bin/rails test test/models/event/description_test.rb:102

..F

Failure:
Event::DescriptionTest#test_to_plain_text_escapes_column_name_in_triaged_description [test/models/event/description_test.rb:134]:
Expected "Translation missing: en.events.description.moved_to_column_html" to include "Tom &amp; Jerry".

bin/rails test test/models/event/description_test.rb:129

................................................................F

Failure:
Account::CancellationsControllerTest#test_an_owner_can_cancel_the_account [test/controllers/account/cancellations_controller_test.rb:22]:
--- expected
+++ actual
@@ -1 +1,3 @@
-"Account deleted"
+"Translation missing. Options considered were:
+- en.account.cancellations.create.account_deleted
+- en.account.cancellations.account_deleted"


bin/rails test test/controllers/account/cancellations_controller_test.rb:14

........................................................................................................................F

Failure:
EventsControllerTest#test_index [test/controllers/events_controller_test.rb:15]:
--- expected
+++ actual
@@ -1 +1 @@
-/assigned JZ to Layout is broken/
+"Translation missing: en.events.description.assigned_html"
.
Expected 0 to be >= 1.

bin/rails test test/controllers/events_controller_test.rb:11

..F

Failure:
EventsControllerTest#test_index_with_a_specific_timezone [test/controllers/events_controller_test.rb:25]:
--- expected
+++ actual
@@ -1 +1 @@
-/assigned JZ to Layout is broken/
+"Translation missing: en.events.description.assigned_html"
.
Expected 0 to be >= 1.

bin/rails test test/controllers/events_controller_test.rb:19

......................................................................................................................F

Failure:
Webhook::DeliveryTest#test_renders_creator_name_when_event_creator_is_not_current_user [test/models/webhook/delivery_test.rb:400]:
The request POST https://3.basecamp.com/123/integrations/webhook/buckets/456/chats/789/lines with given block was expected to execute 1 time but it executed 0 times

The following requests were made:

POST https://3.basecamp.com/123/integrations/webhook/buckets/456/chats/789/lines with body 'content=Translation+missing%3A+en.events.description.added_html%0A%3Ca+href%3D%22http%3A%2F%2Fexample.org%2F897362094%2Fcards%2F1%22%3E%E2%86%97%EF%B8%8E%3C%2Fa%3E' with headers {'Accept'=>'*/*', 'Accept-Encoding'=>'gzip;q=1.0,deflate;q=0.6,identity;q=0.3', 'Content-Type'=>'application/x-www-form-urlencoded', 'Host'=>'3.basecamp.com', 'User-Agent'=>'fizzy/1.0.0 Webhook', 'X-Webhook-Signature'=>'923ac09212349bd7e5559cb068af2b5e0078c601e4e65aaac56a7c2825dfe90e', 'X-Webhook-Timestamp'=>'2026-09-01T16:05:19Z'} was made 1 time

============================================================

bin/rails test test/models/webhook/delivery_test.rb:383

.............................................................................................................................................................................................................F

Failure:
Webhook::DeliveryTest#test_campfire_webhook_payload_html-escapes_special_characters [test/models/webhook/delivery_test.rb:359]:
--- expected
+++ actual
@@ -1,2 +1,2 @@
-"David added &quot;Tom &amp; Jerry&#39;s &lt;Great&gt; &quot;Adventure&quot;&quot;
+"Translation missing: en.events.description.added_html
 <a href=\"http://example.org/897362094/cards/1\">↗︎</a>"


bin/rails test test/models/webhook/delivery_test.rb:338

.F

Failure:
Webhook::DeliveryTest#test_slack_webhook_payload_html-escapes_special_characters [test/models/webhook/delivery_test.rb:335]:
--- expected
+++ actual
@@ -1 +1 @@
-"David added &quot;Tom &amp; Jerry&#39;s &lt;Great&gt; &quot;Adventure&quot;&quot; <http://example.com/897362094/cards/1|Open in Fizzy>"
+"Translation missing: en.events.description.added_html <http://example.com/897362094/cards/1|Open in Fizzy>"


bin/rails test test/models/webhook/delivery_test.rb:313

....F

Failure:
Webhook::DeliveryTest#test_basecamp_webhook_payload_html-escapes_special_characters [test/models/webhook/delivery_test.rb:310]:
--- expected
+++ actual
@@ -1,2 +1,2 @@
-"David added &quot;Tom &amp; Jerry&#39;s &lt;Great&gt; &quot;Adventure&quot;&quot;
+"Translation missing: en.events.description.added_html
 <a href=\"http://example.org/897362094/cards/1\">↗︎</a>"


bin/rails test test/models/webhook/delivery_test.rb:287

F

Failure:
Webhook::DeliveryTest#test_renders_the_creator_name_when_event_creator_is_current_user [test/models/webhook/delivery_test.rb:284]:
The request POST https://3.basecamp.com/123/integrations/webhook/buckets/456/chats/789/lines with given block was expected to execute 1 time but it executed 0 times

The following requests were made:

POST https://3.basecamp.com/123/integrations/webhook/buckets/456/chats/789/lines with body 'content=Translation+missing%3A+en.events.description.added_html%0A%3Ca+href%3D%22http%3A%2F%2Fexample.org%2F897362094%2Fcards%2F1%22%3E%E2%86%97%EF%B8%8E%3C%2Fa%3E' with headers {'Accept'=>'*/*', 'Accept-Encoding'=>'gzip;q=1.0,deflate;q=0.6,identity;q=0.3', 'Content-Type'=>'application/x-www-form-urlencoded', 'Host'=>'3.basecamp.com', 'User-Agent'=>'fizzy/1.0.0 Webhook', 'X-Webhook-Signature'=>'ade1975572962461158b1ab778a09e84ac83996adfc478f9f80a26b662cd89e7', 'X-Webhook-Timestamp'=>'2026-09-01T16:05:19Z'} was made 1 time

============================================================

bin/rails test test/models/webhook/delivery_test.rb:267

..............................................................................................................................................................E

Error:
Boards::Columns::ClosedsControllerTest#test_show:
ActionView::Template::Error: Translation missing: en.date.formats.stamp
    app/views/cards/display/common/_stamp.html.erb:19
    app/views/cards/display/_preview.html.erb:44
    app/helpers/cards_helper.rb:12:in 'CardsHelper#card_article_tag'
    app/views/cards/display/_preview.html.erb:17
    app/views/cards/display/_previews.html.erb:1
    app/views/boards/columns/closeds/show.html.erb:18
    app/helpers/pagination_helper.rb:43:in 'block (2 levels) in PaginationHelper#with_automatic_pagination'
    app/helpers/pagination_helper.rb:3:in 'PaginationHelper#pagination_frame_tag'
    app/helpers/pagination_helper.rb:42:in 'block in PaginationHelper#with_automatic_pagination'
    app/helpers/pagination_helper.rb:68:in 'Kernel#public_send'
    app/helpers/pagination_helper.rb:68:in 'PaginationHelper#pagination_list'
    app/helpers/pagination_helper.rb:41:in 'PaginationHelper#with_automatic_pagination'
    app/views/boards/columns/closeds/show.html.erb:17
    app/views/boards/columns/closeds/show.html.erb:14
    app/controllers/concerns/current_timezone.rb:15:in 'CurrentTimezone#set_current_timezone'
    app/controllers/concerns/set_locale.rb:14:in 'SetLocale#set_locale'
    config/initializers/tenanting/account_slug.rb:31:in 'block in AccountSlug::Extractor#call'
    app/models/current.rb:22:in 'Current#with_account'
    config/initializers/tenanting/account_slug.rb:30:in 'AccountSlug::Extractor#call'
    test/controllers/boards/columns/closeds_controller_test.rb:9:in 'block in <class:ClosedsControllerTest>'

bin/rails test test/controllers/boards/columns/closeds_controller_test.rb:8

...................................................................................

Finished in 31.491457s, 48.9657 runs/s, 183.5101 assertions/s.
1542 runs, 5779 assertions, 28 failures, 6 errors, 2 skips

You have skipped tests. Run with --verbose for details.
