Running 1517 tests in parallel using 2 processes
Run options: --seed 51290

# Running:

..........................................................................................................................................................................................................................................................................................................................................................................................................................................................................................................................................................................................................................................................................................................................................S.................................................S................................................................................................................................................................................................................................................................................................................................................................................................................................................................................................................................................................................................................................................................................................................................................................................

Finished in 28.153728s, 53.8827 runs/s, 202.7440 assertions/s.
1517 runs, 5708 assertions, 0 failures, 0 errors, 2 skips

You have skipped tests. Run with --verbose for details.
Running 6 tests in a single process (parallelization threshold is 50)
Run options: --seed 23501

# Running:

Capybara starting Puma...
* Version 7.2.1, codename: On The Corner
* Min threads: 0, max threads: 4
* Listening on http://127.0.0.1:42699
2026-09-11 06:00:41 INFO Selenium [:logger_info] Details on how to use and modify Selenium logger:
  https://selenium.dev/documentation/webdriver/troubleshooting/logging

2026-09-11 06:00:41 WARN Selenium [:selenium_manager] Exception managing chrome: error sending request for url (https://googlechromelabs.github.io/chrome-for-testing/known-good-versions-with-downloads.json) 
2026-09-11 06:00:50 WARN Selenium [:selenium_manager] Exception managing chrome: error sending request for url (https://googlechromelabs.github.io/chrome-for-testing/known-good-versions-with-downloads.json) 
.2026-09-11 06:01:02 WARN Selenium [:selenium_manager] Exception managing chrome: error sending request for url (https://googlechromelabs.github.io/chrome-for-testing/known-good-versions-with-downloads.json) 
..[Screenshot Image]: /app/tmp/screenshots/failures_test_confirming_puts_the_reaction_in_the_strip_and_brings_the_button_back-_empty.png 
F

Failure:
VerifierTest#test_confirming_puts_the_reaction_in_the_strip_and_brings_the_button_back,_empty [/tests/verification_test.rb:23]:
Expected: ""
  Actual: "💯"

bin/rails test /tests/verification_test.rb:17

..

Finished in 52.946862s, 0.1133 runs/s, 0.6610 assertions/s.
6 runs, 35 assertions, 1 failures, 0 errors, 0 skips
