/usr/local/bundle/gems/mini_magick-4.13.2/lib/mini_magick/shell.rb:2: warning: benchmark was loaded from the standard library, but will no longer be part of the default gems starting from Ruby 3.5.0.
You can add benchmark to your Gemfile or gemspec to silence this warning.
DEPRECATION WARNING: `config.active_support.to_time_preserves_timezone` is deprecated and will be removed in Rails 8.2 (called from block in TSort.tsort_each at /usr/local/bundle/gems/tsort-0.2.0/lib/tsort.rb:231)
Running 179 tests in parallel using 2 processes
Run options: --seed 35993

# Running:

............................................................S...S..................................................................................................................

Finished in 15.153356s, 11.8126 runs/s, 36.4936 assertions/s.
179 runs, 553 assertions, 0 failures, 0 errors, 2 skips

You have skipped tests. Run with --verbose for details.
/usr/local/bundle/gems/mini_magick-4.13.2/lib/mini_magick/shell.rb:2: warning: benchmark was loaded from the standard library, but will no longer be part of the default gems starting from Ruby 3.5.0.
You can add benchmark to your Gemfile or gemspec to silence this warning.
DEPRECATION WARNING: `config.active_support.to_time_preserves_timezone` is deprecated and will be removed in Rails 8.2 (called from block in TSort.tsort_each at /usr/local/bundle/gems/tsort-0.2.0/lib/tsort.rb:231)
Running 5 tests in a single process (parallelization threshold is 50)
Run options: --seed 40123

# Running:

...F

Failure:
VerifierTest#test_a_page_revised_after_its_image_went_in_frees_the_revision's_image_too [/tests/verification_test.rb:25]:
Expected true to be nil or false

bin/rails test /tests/verification_test.rb:18

.

Finished in 2.794603s, 1.7892 runs/s, 8.9458 assertions/s.
5 runs, 25 assertions, 1 failures, 0 errors, 0 skips
