/usr/local/bundle/gems/mini_magick-4.13.2/lib/mini_magick/shell.rb:2: warning: benchmark was loaded from the standard library, but will no longer be part of the default gems starting from Ruby 3.5.0.
You can add benchmark to your Gemfile or gemspec to silence this warning.
DEPRECATION WARNING: `config.active_support.to_time_preserves_timezone` is deprecated and will be removed in Rails 8.2 (called from block in TSort.tsort_each at /usr/local/bundle/gems/tsort-0.2.0/lib/tsort.rb:231)
Running 184 tests in parallel using 2 processes
Run options: --seed 30315

# Running:

...............................S............S............................................................................................/usr/local/bundle/gems/marcel-1.1.0/lib/marcel/magic.rb:120: warning: literal string will be frozen in the future (run with --debug-frozen-string-literal for more information)
...............................................

Finished in 14.622491s, 12.5834 runs/s, 38.3656 assertions/s.
184 runs, 561 assertions, 0 failures, 0 errors, 2 skips

You have skipped tests. Run with --verbose for details.
/usr/local/bundle/gems/mini_magick-4.13.2/lib/mini_magick/shell.rb:2: warning: benchmark was loaded from the standard library, but will no longer be part of the default gems starting from Ruby 3.5.0.
You can add benchmark to your Gemfile or gemspec to silence this warning.
DEPRECATION WARNING: `config.active_support.to_time_preserves_timezone` is deprecated and will be removed in Rails 8.2 (called from block in TSort.tsort_each at /usr/local/bundle/gems/tsort-0.2.0/lib/tsort.rb:231)
/usr/local/bundle/gems/marcel-1.1.0/lib/marcel/magic.rb:120: warning: literal string will be frozen in the future (run with --debug-frozen-string-literal for more information)
Running 8 tests in a single process (parallelization threshold is 50)
Run options: --seed 13276

# Running:

../usr/local/bundle/gems/marcel-1.1.0/lib/marcel/magic.rb:120: warning: literal string will be frozen in the future (run with --debug-frozen-string-literal for more information)
../usr/local/bundle/gems/marcel-1.1.0/lib/marcel/magic.rb:120: warning: literal string will be frozen in the future (run with --debug-frozen-string-literal for more information)
....

Finished in 3.168582s, 2.5248 runs/s, 9.4680 assertions/s.
8 runs, 30 assertions, 0 failures, 0 errors, 0 skips
