Running 1526 tests in parallel using 2 processes
Run options: --seed 51723

# Running:

..........................................................................................................................................................................................................................................................................................................................................................................................................................................................................................................................................................................................................................................................................................................................................................................................................................................................................................................................................................................................................................................................................................................................................................................................................................................................................................................................................S.S.........................................................................................................................................................................................................................................

Finished in 30.271857s, 50.4099 runs/s, 191.2337 assertions/s.
1526 runs, 5789 assertions, 0 failures, 0 errors, 2 skips

You have skipped tests. Run with --verbose for details.
Running 9 tests in a single process (parallelization threshold is 50)
Run options: --seed 12774

# Running:

F

Failure:
VerifierTest#test_a_worker_restart_in_the_middle_of_sending_does_not_deliver_the_event_twice,_or_not_at_all [/tests/verification_test.rb:89]:
Expected: 1
  Actual: 0

bin/rails test /tests/verification_test.rb:75

..F

Failure:
VerifierTest#test_a_webhook_cannot_reach_our_own_network [/tests/verification_test.rb:111]:
Expected [#<WebMock::RequestSignature:0x00007dbaa7b749d8 @method=:post, @uri=#<Addressable::URI:0x12b50 URI:https://intranet.example.test:443/intranet>, @body="{\"id\":\"03gvg7r7lenyyiyke7tky20jn\",\"action\":\"card_closed\",\"created_at\":\"2026-09-15T12:53:35.689Z\",\"eventable\":{\"id\":\"03aynn8k9d92o7771nd3ofmxx\",\"number\":1,\"title\":\"The logo isn't big enough\",\"status\":\"published\",\"description\":\"\",\"description_html\":\"\",\"image_url\":null,\"has_attachments\":false,\"tags\":[\"web\"],\"closed\":true,\"postponed\":false,\"golden\":true,\"last_active_at\":\"2026-09-15T12:53:35.696Z\",\"created_at\":\"2026-09-08T12:53:33.000Z\",\"url\":\"http://example.org/897362094/cards/1\",\"board\":{\"id\":\"03ayv6mp60xg3aqes0m9sa68w\",\"name\":\"Writebook\",\"all_access\":true,\"created_at\":\"2026-09-15T12:53:33.636Z\",\"auto_postpone_period_in_days\":90,\"url\":\"http://example.org/897362094/boards/03ayv6mp60xg3aqes0m9sa68w\",\"creator\":{\"id\":\"03azfurjljx3onhc5w51s9r6h\",\"name\":\"David\",\"role\":\"member\",\"active\":true,\"email_address\":\"david@37signals.com\",\"created_at\":\"2026-09-15T12:53:33.655Z\",\"url\":\"http://example.org/897362094/users/03azfurjljx3onhc5w51s9r6h\",\"avatar_url\":\"http://example.org/897362094/users/03azfurjljx3onhc5w51s9r6h/avatar\"}},\"column\":{\"id\":\"03axmcferfmbnv4qg816nw6bg\",\"name\":\"Triage\",\"color\":{\"name\":\"Lime\",\"value\":\"var(--color-card-4)\"},\"created_at\":\"2026-09-15T12:53:33.639Z\",\"cards_url\":\"http://example.org/897362094/boards/03ayv6mp60xg3aqes0m9sa68w/columns/03axmcferfmbnv4qg816nw6bg/cards\"},\"creator\":{\"id\":\"03azfurjljx3onhc5w51s9r6h\",\"name\":\"David\",\"role\":\"member\",\"active\":true,\"email_address\":\"david@37signals.com\",\"created_at\":\"2026-09-15T12:53:33.655Z\",\"url\":\"http://example.org/897362094/users/03azfurjljx3onhc5w51s9r6h\",\"avatar_url\":\"http://example.org/897362094/users/03azfurjljx3onhc5w51s9r6h/avatar\"},\"assignees\":[{\"id\":\"03axm5wipv7jz0p6hm7887igt\",\"name\":\"JZ\",\"role\":\"member\",\"active\":true,\"email_address\":\"jz@37signals.com\",\"created_at\":\"2026-09-15T12:53:33.655Z\",\"url\":\"http://example.org/897362094/users/03axm5wipv7jz0p6hm7887igt\",\"avatar_url\":\"http://example.org/897362094/users/03axm5wipv7jz0p6hm7887igt/avatar\"},{\"id\":\"03axmdh9z1hcfmcedk3ir6znh\",\"name\":\"Kevin\",\"role\":\"admin\",\"active\":true,\"email_address\":\"kevin@37signals.com\",\"created_at\":\"2026-09-15T12:53:33.655Z\",\"url\":\"http://example.org/897362094/users/03axmdh9z1hcfmcedk3ir6znh\",\"avatar_url\":\"http://example.org/897362094/users/03axmdh9z1hcfmcedk3ir6znh/avatar\"}],\"has_more_assignees\":false,\"comments_url\":\"http://example.org/897362094/cards/1/comments\",\"reactions_url\":\"http://example.org/897362094/cards/1/reactions\"},\"board\":{\"id\":\"03ayv6mp60xg3aqes0m9sa68w\",\"name\":\"Writebook\",\"all_access\":true,\"created_at\":\"2026-09-15T12:53:33.636Z\",\"auto_postpone_period_in_days\":90,\"url\":\"http://example.org/897362094/boards/03ayv6mp60xg3aqes0m9sa68w\",\"creator\":{\"id\":\"03azfurjljx3onhc5w51s9r6h\",\"name\":\"David\",\"role\":\"member\",\"active\":true,\"email_address\":\"david@37signals.com\",\"created_at\":\"2026-09-15T12:53:33.655Z\",\"url\":\"http://example.org/897362094/users/03azfurjljx3onhc5w51s9r6h\",\"avatar_url\":\"http://example.org/897362094/users/03azfurjljx3onhc5w51s9r6h/avatar\"}},\"creator\":{\"id\":\"03axmdh9z1hcfmcedk3ir6znh\",\"name\":\"Kevin\",\"role\":\"admin\",\"active\":true,\"email_address\":\"kevin@37signals.com\",\"created_at\":\"2026-09-15T12:53:33.655Z\",\"url\":\"http://example.org/897362094/users/03axmdh9z1hcfmcedk3ir6znh\",\"avatar_url\":\"http://example.org/897362094/users/03axmdh9z1hcfmcedk3ir6znh/avatar\"}}", @headers={"User-Agent" => "fizzy/1.0.0 Webhook", "Content-Type" => "application/json", "X-Webhook-Signature" => "8e887983599412bd67b5503ac9a405499bfe6f642e81ea3602182d9d3a0bc010", "X-Webhook-Timestamp" => "2026-09-15T12:53:35.759Z", "Accept-Encoding" => "gzip;q=1.0,deflate;q=0.6,identity;q=0.3", "Accept" => "*/*"}, @ipaddr=nil>] to be empty.

bin/rails test /tests/verification_test.rb:103

.....

Finished in 3.629772s, 2.4795 runs/s, 12.9485 assertions/s.
9 runs, 47 assertions, 2 failures, 0 errors, 0 skips
