Running 1542 tests in parallel using 2 processes
Run options: --seed 45815

# Running:

......................................................................................................................................................................................................................................................................................................................................................................................................................................................................................................................................................................................................................................................................................................................................................................................................................................................................................................................................................................................................................................................................................................................................................................................................................................................................................................................................................................................................................S.....................................................................................................................................................................S.........

Finished in 31.476829s, 48.9884 runs/s, 185.1838 assertions/s.
1542 runs, 5829 assertions, 0 failures, 0 errors, 2 skips

You have skipped tests. Run with --verbose for details.
Running 8 tests in a single process (parallelization threshold is 50)
Run options: --seed 29121

# Running:

E

Error:
VerifierTest#test_databases_and_uploads_live_on_a_volume:
Kamal::ConfigurationError: Secret 'RAILS_MASTER_KEY' not found in .kamal/secrets
    /usr/local/bundle/gems/kamal-2.11.0/lib/kamal/secrets.rb:16:in 'Kamal::Secrets#[]'
    /tests/verification_test.rb:90:in 'block in VerifierTest#secrets'
    /usr/local/bundle/bundler/gems/rails-d0e506f131fa/activesupport/lib/active_support/core_ext/enumerable.rb:78:in 'block in Enumerable#index_with'
    /usr/local/bundle/bundler/gems/rails-d0e506f131fa/activesupport/lib/active_support/core_ext/enumerable.rb:78:in 'Array#each'
    /usr/local/bundle/bundler/gems/rails-d0e506f131fa/activesupport/lib/active_support/core_ext/enumerable.rb:78:in 'Enumerable#index_with'
    /tests/verification_test.rb:90:in 'VerifierTest#secrets'
    /tests/verification_test.rb:97:in 'VerifierTest#deployment_env'
    /tests/verification_test.rb:101:in 'VerifierTest#settings'
    /tests/verification_test.rb:34:in 'block in <class:VerifierTest>'

bin/rails test /tests/verification_test.rb:29

E

Error:
VerifierTest#test_no_secret_value_is_in_the_repo:
Kamal::ConfigurationError: Secret 'RAILS_MASTER_KEY' not found in .kamal/secrets
    /usr/local/bundle/gems/kamal-2.11.0/lib/kamal/secrets.rb:16:in 'Kamal::Secrets#[]'
    /tests/verification_test.rb:90:in 'block in VerifierTest#secrets'
    /usr/local/bundle/bundler/gems/rails-d0e506f131fa/activesupport/lib/active_support/core_ext/enumerable.rb:78:in 'block in Enumerable#index_with'
    /usr/local/bundle/bundler/gems/rails-d0e506f131fa/activesupport/lib/active_support/core_ext/enumerable.rb:78:in 'Array#each'
    /usr/local/bundle/bundler/gems/rails-d0e506f131fa/activesupport/lib/active_support/core_ext/enumerable.rb:78:in 'Enumerable#index_with'
    /tests/verification_test.rb:90:in 'VerifierTest#secrets'
    /tests/verification_test.rb:61:in 'block (2 levels) in <class:VerifierTest>'
    /tests/verification_test.rb:61:in 'Array#select'
    /tests/verification_test.rb:61:in 'block in <class:VerifierTest>'

bin/rails test /tests/verification_test.rb:57

E

Error:
VerifierTest#test_mail_goes_through_the_deployer's_SMTP_server:
Kamal::ConfigurationError: Secret 'RAILS_MASTER_KEY' not found in .kamal/secrets
    /usr/local/bundle/gems/kamal-2.11.0/lib/kamal/secrets.rb:16:in 'Kamal::Secrets#[]'
    /tests/verification_test.rb:90:in 'block in VerifierTest#secrets'
    /usr/local/bundle/bundler/gems/rails-d0e506f131fa/activesupport/lib/active_support/core_ext/enumerable.rb:78:in 'block in Enumerable#index_with'
    /usr/local/bundle/bundler/gems/rails-d0e506f131fa/activesupport/lib/active_support/core_ext/enumerable.rb:78:in 'Array#each'
    /usr/local/bundle/bundler/gems/rails-d0e506f131fa/activesupport/lib/active_support/core_ext/enumerable.rb:78:in 'Enumerable#index_with'
    /tests/verification_test.rb:90:in 'VerifierTest#secrets'
    /tests/verification_test.rb:97:in 'VerifierTest#deployment_env'
    /tests/verification_test.rb:101:in 'VerifierTest#settings'
    /tests/verification_test.rb:42:in 'block in <class:VerifierTest>'

bin/rails test /tests/verification_test.rb:41

E

Error:
VerifierTest#test_secrets_resolve_from_the_deployer's_environment,_and_to_nothing_without_it:
Kamal::ConfigurationError: Secret 'RAILS_MASTER_KEY' not found in .kamal/secrets
    /usr/local/bundle/gems/kamal-2.11.0/lib/kamal/secrets.rb:16:in 'Kamal::Secrets#[]'
    /tests/verification_test.rb:90:in 'block in VerifierTest#secrets'
    /usr/local/bundle/bundler/gems/rails-d0e506f131fa/activesupport/lib/active_support/core_ext/enumerable.rb:78:in 'block in Enumerable#index_with'
    /usr/local/bundle/bundler/gems/rails-d0e506f131fa/activesupport/lib/active_support/core_ext/enumerable.rb:78:in 'Array#each'
    /usr/local/bundle/bundler/gems/rails-d0e506f131fa/activesupport/lib/active_support/core_ext/enumerable.rb:78:in 'Enumerable#index_with'
    /tests/verification_test.rb:90:in 'VerifierTest#secrets'
    /tests/verification_test.rb:66:in 'block in <class:VerifierTest>'

bin/rails test /tests/verification_test.rb:65

E

Error:
VerifierTest#test_the_proxy_serves_the_hostname_over_SSL_and_mail_links_point_there:
Kamal::ConfigurationError: Secret 'RAILS_MASTER_KEY' not found in .kamal/secrets
    /usr/local/bundle/gems/kamal-2.11.0/lib/kamal/secrets.rb:16:in 'Kamal::Secrets#[]'
    /tests/verification_test.rb:90:in 'block in VerifierTest#secrets'
    /usr/local/bundle/bundler/gems/rails-d0e506f131fa/activesupport/lib/active_support/core_ext/enumerable.rb:78:in 'block in Enumerable#index_with'
    /usr/local/bundle/bundler/gems/rails-d0e506f131fa/activesupport/lib/active_support/core_ext/enumerable.rb:78:in 'Array#each'
    /usr/local/bundle/bundler/gems/rails-d0e506f131fa/activesupport/lib/active_support/core_ext/enumerable.rb:78:in 'Enumerable#index_with'
    /tests/verification_test.rb:90:in 'VerifierTest#secrets'
    /tests/verification_test.rb:97:in 'VerifierTest#deployment_env'
    /tests/verification_test.rb:101:in 'VerifierTest#settings'
    /tests/verification_test.rb:26:in 'block in <class:VerifierTest>'

bin/rails test /tests/verification_test.rb:22

.E

Error:
VerifierTest#test_background_jobs_run_on_the_box:
Kamal::ConfigurationError: Secret 'RAILS_MASTER_KEY' not found in .kamal/secrets
    /usr/local/bundle/gems/kamal-2.11.0/lib/kamal/secrets.rb:16:in 'Kamal::Secrets#[]'
    /tests/verification_test.rb:90:in 'block in VerifierTest#secrets'
    /usr/local/bundle/bundler/gems/rails-d0e506f131fa/activesupport/lib/active_support/core_ext/enumerable.rb:78:in 'block in Enumerable#index_with'
    /usr/local/bundle/bundler/gems/rails-d0e506f131fa/activesupport/lib/active_support/core_ext/enumerable.rb:78:in 'Array#each'
    /usr/local/bundle/bundler/gems/rails-d0e506f131fa/activesupport/lib/active_support/core_ext/enumerable.rb:78:in 'Enumerable#index_with'
    /tests/verification_test.rb:90:in 'VerifierTest#secrets'
    /tests/verification_test.rb:97:in 'VerifierTest#deployment_env'
    /tests/verification_test.rb:52:in 'block in <class:VerifierTest>'

bin/rails test /tests/verification_test.rb:50

.

Finished in 3.394526s, 2.3567 runs/s, 5.5972 assertions/s.
8 runs, 19 assertions, 0 failures, 6 errors, 0 skips
