/usr/local/bundle/gems/mini_magick-4.13.2/lib/mini_magick/shell.rb:2: warning: benchmark was loaded from the standard library, but will no longer be part of the default gems starting from Ruby 3.5.0.
You can add benchmark to your Gemfile or gemspec to silence this warning.
DEPRECATION WARNING: `config.active_support.to_time_preserves_timezone` is deprecated and will be removed in Rails 8.2 (called from block in TSort.tsort_each at /usr/local/bundle/gems/tsort-0.2.0/lib/tsort.rb:231)
Running 179 tests in parallel using 2 processes
Run options: --seed 33484

# Running:

.....S.S...........................................................................................................................................................................

Finished in 14.328698s, 12.4924 runs/s, 38.5939 assertions/s.
179 runs, 553 assertions, 0 failures, 0 errors, 2 skips

You have skipped tests. Run with --verbose for details.
/usr/local/bundle/gems/mini_magick-4.13.2/lib/mini_magick/shell.rb:2: warning: benchmark was loaded from the standard library, but will no longer be part of the default gems starting from Ruby 3.5.0.
You can add benchmark to your Gemfile or gemspec to silence this warning.
DEPRECATION WARNING: `config.active_support.to_time_preserves_timezone` is deprecated and will be removed in Rails 8.2 (called from block in TSort.tsort_each at /usr/local/bundle/gems/tsort-0.2.0/lib/tsort.rb:231)
Running 10 tests in a single process (parallelization threshold is 50)
Run options: --seed 57230

# Running:

......== 20240617075643 InitialSchema: migrating ====================================
-- create_table("accesses", {force: :cascade})
   -> 0.0012s
-- create_table("accounts", {force: :cascade})
   -> 0.0003s
-- create_table("action_text_markdowns", {force: :cascade})
   -> 0.0005s
-- create_table("active_storage_attachments", {force: :cascade})
   -> 0.0007s
-- create_table("active_storage_blobs", {force: :cascade})
   -> 0.0004s
-- create_table("active_storage_variant_records", {force: :cascade})
   -> 0.0004s
-- create_table("books", {force: :cascade})
   -> 0.0007s
-- create_table("edits", {force: :cascade})
   -> 0.0005s
-- create_table("leaves", {force: :cascade})
   -> 0.0005s
-- create_table("pages", {force: :cascade})
   -> 0.0002s
-- create_table("pictures", {force: :cascade})
   -> 0.0003s
-- create_table("sections", {force: :cascade})
   -> 0.0003s
-- create_table("sessions", {force: :cascade})
   -> 0.0007s
-- create_table("users", {force: :cascade})
   -> 0.0071s
-- add_foreign_key("accesses", "books")
   -> 0.0220s
-- add_foreign_key("accesses", "users")
   -> 0.0122s
-- add_foreign_key("active_storage_attachments", "active_storage_blobs", {column: "blob_id"})
   -> 0.0117s
-- add_foreign_key("active_storage_variant_records", "active_storage_blobs", {column: "blob_id"})
   -> 0.0033s
-- add_foreign_key("edits", "leaves")
   -> 0.0047s
-- add_foreign_key("leaves", "books")
   -> 0.0057s
-- add_foreign_key("sessions", "users")
   -> 0.0043s
== 20240617075643 InitialSchema: migrated (0.0783s) ===========================

== 20240625084002 AddBodyToSections: migrating ================================
-- change_table(:sections)
   -> 0.0045s
-- execute("update sections set body = l.title from leaves l where l.leafable_id = sections.id and l.leafable_type = 'Section'")
   -> 0.0001s
== 20240625084002 AddBodyToSections: migrated (0.0047s) =======================

-- change_table(:books)
   -> 0.0006s
== 20240625202351 AddThemeToBook: migrating ===================================
== 20240625202351 AddThemeToBook: migrated (0.0000s) ==========================

== 20240625224312 AddCustomStylesToAccount: migrating =========================
-- add_column(:accounts, :custom_styles, :text)
   -> 0.0006s
== 20240625224312 AddCustomStylesToAccount: migrated (0.0007s) ================

== 20240928005927 CreateLeafSearchIndexTable: migrating =======================
-- create_virtual_table("leaf_search_index", "fts5", ["title", "content", "tokenize='porter'"])
   -> 0.0008s
== 20240928005927 CreateLeafSearchIndexTable: migrated (0.0031s) ==============

== 20250617000000 AddTenants: migrating =======================================
-- create_table(:tenants)
   -> 0.0029s
-- add_reference(:users, :tenant, {foreign_key: true})
   -> 0.0089s
-- add_reference(:books, :tenant, {foreign_key: true})
   -> 0.0124s
== 20250617000000 AddTenants: migrated (0.0532s) ==============================

....

Finished in 9.489735s, 1.0538 runs/s, 6.9549 assertions/s.
10 runs, 66 assertions, 0 failures, 0 errors, 0 skips
