Running 1724 tests in parallel using 2 processes
Run options: --seed 49692

# Running:

............................................................................................................................................................................................................................................................................................................................................................................................................................................................................................................................................................................................................................................................................................................................................................................................................................................................................................................................................................................................................................................................................................................................................................................................................................................................................................................................................................S..................................................................................................................................................................................................................S............................................................................................................................................................................................................

Finished in 33.001147s, 52.2406 runs/s, 195.4174 assertions/s.
1724 runs, 6449 assertions, 0 failures, 0 errors, 2 skips

You have skipped tests. Run with --verbose for details.
Running 8 tests in a single process (parallelization threshold is 50)
Run options: --seed 13915

# Running:

F

Failure:
VerifierTest#test_a_signed_webhook_is_accepted,_an_unsigned_or_forged_one_is_rejected [test/test_helpers/session_test_helper.rb:57]:
Expected #<ActionDispatch::TestResponse:0x000074b0699b1e08 @mon_data=#<Monitor:0x000074b0699aa7c0>, @mon_data_owner_object_id=56896, @headers={"x-frame-options" => "SAMEORIGIN", "x-xss-protection" => "0", "x-content-type-options" => "nosniff", "x-permitted-cross-domain-policies" => "none", "referrer-policy" => "strict-origin-when-cross-origin", "x-kamal-target" => nil, "x-robots-tag" => "none", "cache-control" => "no-cache", "content-security-policy" => "default-src 'self'; script-src 'self' 'nonce-Ols1+IrJLTmRWgdxYijxyg=='; connect-src 'self'; frame-src 'self'; style-src 'self' 'unsafe-inline'; img-src 'self' blob: data: https:; font-src 'self' data: https:; media-src 'self' blob: data: https:; worker-src 'self' blob:; object-src 'none'; base-uri 'none'; form-action 'self'; frame-ancestors 'self'", "set-cookie" => "_fizzy_session=VRFAtDD2DoG1NZ6xdlrQEHvzgzQICnM3WPUT0v2EXCbQVysJk%2FTFGtiRu08o32O2lrDdpZ8fOaogQK%2BvnS5BM0EDrkNdKySZiPf%2FckBTxMk4ARXZPQUj9Hd8111V59fyRuP2oaCeaVfVQ7KVrk12hcXzttdd%2FTGfcZHtl%2Bf%2Bb43wkaCz0x5lAbUkHgCdWhWN9xjKWIje84DXla2Z1Zo6wEWJ9a33AYK3ufA%3D--xEqMJPRAdJ%2BqaEl8--5FWd8NhHq6Ufk4e%2BEKzYAA%3D%3D; path=/; httponly; samesite=lax", "x-request-id" => "687099b4-bc04-459d-96df-b4dd62da3966", "x-runtime" => "0.002867"}, @stream=#<ActionDispatch::Response::Buffer:0x000074b0699f55b8 @response=#<ActionDispatch::TestResponse:0x000074b0699b1e08 ...>, @buf=[""], @closed=false, @str_body=nil>, @status=204, @cv=#<MonitorMixin::ConditionVariable:0x000074b0699aa6f8 @monitor=#<Monitor:0x000074b0699aa7c0>, @cond=#<Thread::ConditionVariable:0x000074b0699aa6d0>>, @committed=false, @sending=false, @sent=false, @cache_control={no_cache: true}, @request=#<ActionDispatch::Request POST "http://www.example.com/stripe/webhooks" for 127.0.0.1>> to be client_error?.

bin/rails test /tests/verification_test.rb:118

...F

Failure:
VerifierTest#test_overridden_billed_numbers_stand_in_for_the_real_ones_until_the_override_is_dropped [/tests/verification_test.rb:80]:
`Card.count` didn't change by 1, but by 0.
Expected: 1007
  Actual: 1006

bin/rails test /tests/verification_test.rb:72

...

Finished in 1.967999s, 4.0650 runs/s, 21.8496 assertions/s.
8 runs, 43 assertions, 2 failures, 0 errors, 0 skips
