Running 1488 tests in parallel using 2 processes
Run options: --seed 31069

# Running:

............................................................................................................................................................................................................................................................................................................................................................................................................................................................................................................................................................................................................................................................................................................................................................................................................................................................................................................................................................................................................................S.................................................................................................................................S.................................................................................................................................................................................................................................................................................................................................................................................

Finished in 29.803147s, 49.9276 runs/s, 190.7852 assertions/s.
1488 runs, 5686 assertions, 0 failures, 0 errors, 2 skips

You have skipped tests. Run with --verbose for details.
Running 7 tests in a single process (parallelization threshold is 50)
Run options: --seed 32532

# Running:

..F

Failure:
VerifierTest#test_a_second_thing_on_the_same_card_pushes_again [/tests/verification_test.rb:71]:
Expected: 2
  Actual: 1

bin/rails test /tests/verification_test.rb:62

..F

Failure:
VerifierTest#test_a_device_cannot_point_a_push_at_our_own_network [/tests/verification_test.rb:113]:
Expected [#<WebMock::RequestSignature:0x00007e4ee408dd90 @method=:post, @uri=#<Addressable::URI:0xfc00 URI:https://intranet.example.test:443/push/06bd683b59c840cd>, @body="\xE8\xA7\x84I#\xD5\x1EKb\xD8\x9D@\x9C\x9F\x05\xB8\x00\x00\x00\xC5A\x04\x8E\xED\x0E4\f\a\xA8\xE0\x98\xACyv\xB7\x90\xF3bom\x1F96GUl\x94\xB3\x05\x99\e\xCC\xFAi\xF0\x12\r1,\xEEV\xF1\xC3\xA5\x98\x9F1\xF3\xCB\xA4`k\xA3m\b\x86\x18x\xB1A>?r\x8C\xF8\x9F-T\xE0h\t\x92\x04EN\xBCX\xC0\a?\xA97\x1Ex\x949\xD3\x91\xCB\xA7\x91\xEC\xECho\x9Aq\xBB]'\x0F\xD3\x9B\xCC\x10$\xAA\xB1VG^C\x97\x8A)\x19u\xC9\xB1\xC2]\xEE\xE7\e>.\xD0Gn\x8F\x85$\xA9g\x89\xDB\xE8\x86\x85\x8F}K\x91\xE3\xFF\xFE\xFFK\xD0\x96U\xE52\x04\xE5jS\xE37\xC62\x93B\xF3\xAB\"\xE0\x99\xC2\x1A\xD1Z\xB3V\x9D\xBA*<t\xAF \xDEE'j0\xB5\x92\xFA\x114\xB1'5\xB2:\xD7d\xDA\xA3|\x0F4\xF6\x05\xFC\xD0\x94\xED\xF8\x881~1-\x91mz2\x8D\b8 Qj\xF5\x9FH\x89m\xC2\xE1\xB9\xEC\xA5\xF7\x83x\xD60@K\xDE\xAB\xDA\xF7w!\xB1\xB9\x9D\xB2\x8F:F\x1F\xE2\xB8\xAF\x15\xD3\x8B\xEE", @headers={"Content-Type" => "application/octet-stream", "Ttl" => "2419200", "Urgency" => "high", "Content-Encoding" => "aes128gcm", "Content-Length" => "283", "Authorization" => "vapid t=eyJ0eXAiOiJKV1QiLCJhbGciOiJFUzI1NiJ9.eyJhdWQiOiJodHRwczovL2ludHJhbmV0LmV4YW1wbGUudGVzdCIsImV4cCI6MTc4OTIwNzI0Mywic3ViIjoibWFpbHRvOnN1cHBvcnRAMzdzaWduYWxzLmNvbSJ9.aCrfQHFcV4MfSqh8MRgrKC3dWYSy25z5ijPy9fZMZd3UmArYqjnUhLBHlG4oDbsmA_qo9GQPa98sCd9ctKyzUg,k=BO63RnB0N7Abk1knG1rjTe36_Z25FN_Jiv_6PswXXKzXwY5oUiaovaF3bOwkDqHzhB88oDNJwNPn-NdqVs1bY6I", "Accept-Encoding" => "gzip;q=1.0,deflate;q=0.6,identity;q=0.3", "Accept" => "*/*", "User-Agent" => "Ruby"}, @ipaddr=nil>] to be empty.

bin/rails test /tests/verification_test.rb:102

F

Failure:
VerifierTest#test_a_device_that_is_gone_stops_getting_pushed [/tests/verification_test.rb:98]:
Expected: 2
  Actual: 1

bin/rails test /tests/verification_test.rb:85



Finished in 17.035608s, 0.4109 runs/s, 4.5199 assertions/s.
7 runs, 77 assertions, 3 failures, 0 errors, 0 skips
