Running 1656 tests in parallel using 2 processes
Run options: --seed 28451

# Running:

.............................................................................................................................................................................................................................................................................................................................................................................................................................................................................................................................................................................................................................................................................................................................................................................................................................................................................................................................................................................................................................................................................................................SS...............................................................................................................................................................................................................................................................................................................................................................................................................................................................................................................................................................E

Error:
Account::SettingsControllerTest#test_show:
ActionView::Template::Error: undefined local variable or method 'billing_portal_path' for an instance of #<Class:0x000076f275992b20>
    saasviews/account/settings/_billing.html.erb:4
    app/views/account/settings/show.html.erb:22
    app/controllers/concerns/current_timezone.rb:15:in 'CurrentTimezone#set_current_timezone'
    config/initializers/database_role_logging.rb:10:in 'block in DatabaseRoleLogger#call'
    config/initializers/database_role_logging.rb:9:in 'DatabaseRoleLogger#call'
    config/initializers/tenanting/account_slug.rb:31:in 'block in AccountSlug::Extractor#call'
    app/models/current.rb:22:in 'Current#with_account'
    config/initializers/tenanting/account_slug.rb:30:in 'AccountSlug::Extractor#call'
    saas/lib/fizzy/saas/true_client_ip.rb:20:in 'TrackTrueClientIp#call'
    saas/lib/fizzy/saas/gvl_instrumentation.rb:11:in 'Fizzy::Saas::GvlInstrumentation#call'
    test/controllers/accounts/settings_controller_test.rb:9:in 'block in <class:SettingsControllerTest>'

bin/rails test test/controllers/accounts/settings_controller_test.rb:8

.........................................

Finished in 34.699341s, 47.7242 runs/s, 177.9573 assertions/s.
1656 runs, 6175 assertions, 0 failures, 1 errors, 2 skips

You have skipped tests. Run with --verbose for details.
