/usr/local/bundle/gems/mini_magick-4.13.2/lib/mini_magick/shell.rb:2: warning: benchmark was loaded from the standard library, but will no longer be part of the default gems starting from Ruby 3.5.0.
You can add benchmark to your Gemfile or gemspec to silence this warning.
DEPRECATION WARNING: `config.active_support.to_time_preserves_timezone` is deprecated and will be removed in Rails 8.2 (called from block in TSort.tsort_each at /usr/local/bundle/gems/tsort-0.2.0/lib/tsort.rb:231)
Running 179 tests in parallel using 2 processes
Run options: --seed 11735

# Running:

.S................S................................................................................................................................................................

Finished in 13.729661s, 13.0375 runs/s, 40.2778 assertions/s.
179 runs, 553 assertions, 0 failures, 0 errors, 2 skips

You have skipped tests. Run with --verbose for details.
/usr/local/bundle/gems/mini_magick-4.13.2/lib/mini_magick/shell.rb:2: warning: benchmark was loaded from the standard library, but will no longer be part of the default gems starting from Ruby 3.5.0.
You can add benchmark to your Gemfile or gemspec to silence this warning.
DEPRECATION WARNING: `config.active_support.to_time_preserves_timezone` is deprecated and will be removed in Rails 8.2 (called from block in TSort.tsort_each at /usr/local/bundle/gems/tsort-0.2.0/lib/tsort.rb:231)
Running 10 tests in a single process (parallelization threshold is 50)
Run options: --seed 47596

# Running:

.......F

Failure:
VerifierTest#test_a_sitting_that_saves_the_book_again_after_taking_it_live_is_still_announced_once [/tests/verification_test.rb:21]:
1 jobs expected, but 0 were enqueued.
Expected: 1
  Actual: 0

bin/rails test /tests/verification_test.rb:20

..

Finished in 3.174030s, 3.1506 runs/s, 14.1776 assertions/s.
10 runs, 45 assertions, 1 failures, 0 errors, 0 skips
