/usr/local/bundle/gems/mini_magick-4.13.2/lib/mini_magick/shell.rb:2: warning: benchmark was loaded from the standard library, but will no longer be part of the default gems starting from Ruby 3.5.0.
You can add benchmark to your Gemfile or gemspec to silence this warning.
DEPRECATION WARNING: `config.active_support.to_time_preserves_timezone` is deprecated and will be removed in Rails 8.2 (called from block in TSort.tsort_each at /usr/local/bundle/gems/tsort-0.2.0/lib/tsort.rb:231)
Running 179 tests in parallel using 2 processes
Run options: --seed 50794

# Running:

.............................................S.........................................S...........................................................................................

Finished in 13.726734s, 13.0402 runs/s, 40.2864 assertions/s.
179 runs, 553 assertions, 0 failures, 0 errors, 2 skips

You have skipped tests. Run with --verbose for details.
/usr/local/bundle/gems/mini_magick-4.13.2/lib/mini_magick/shell.rb:2: warning: benchmark was loaded from the standard library, but will no longer be part of the default gems starting from Ruby 3.5.0.
You can add benchmark to your Gemfile or gemspec to silence this warning.
DEPRECATION WARNING: `config.active_support.to_time_preserves_timezone` is deprecated and will be removed in Rails 8.2 (called from block in TSort.tsort_each at /usr/local/bundle/gems/tsort-0.2.0/lib/tsort.rb:231)
Running 8 tests in a single process (parallelization threshold is 50)
Run options: --seed 34206

# Running:

.F

Failure:
VerifierTest#test_an_editor_demoted_to_reader_receives_nothing_once_the_page_is_saved_again [/tests/verification_test.rb:75]:
Expected no broadcasts on "Z2lkOi8vd3JpdGVib29rL0FjY2Vzcy80Mjg1ODQyNzg:Z2lkOi8vd3JpdGVib29rL0xlYWYvMjcxNTgwNDMw:being_edited", but there were 1

bin/rails test /tests/verification_test.rb:69

.F

Failure:
VerifierTest#test_an_administrator_with_no_access_row_of_their_own_is_told_who_is_editing [/tests/verification_test.rb:47]:
Expected: ["David"]
  Actual: []

bin/rails test /tests/verification_test.rb:38

....

Finished in 6.984718s, 1.1454 runs/s, 7.3017 assertions/s.
8 runs, 51 assertions, 2 failures, 0 errors, 0 skips
