Running 1542 tests in parallel using 2 processes
Run options: --seed 13010

# Running:

.........................................................................................................................................................................................................................................................................................................................................................................................................................................SS...........................................................................................................................................................................................................................................................................................................................................................................................................................................................................................................................................................................................................................................................................................................................................................................................................................................................................................................................................................................................................................................................................................................................................................

Finished in 34.377348s, 44.8551 runs/s, 169.5593 assertions/s.
1542 runs, 5829 assertions, 0 failures, 0 errors, 2 skips

You have skipped tests. Run with --verbose for details.
Running 12 tests in a single process (parallelization threshold is 50)
Run options: --seed 2531

# Running:

F

Failure:
VerifierTest#test_every_screen's_text_and_attributes_come_from_the_translations [/tests/verification_test.rb:42]:
Expected {"/897362094/notifications" => ["Notification", "settings"], "/897362094/boards/03ayv6mp60xg3aqes0m9sa68w" => ["Aqua", "Blue", "Golden", "Gray", "Lime", "Not", "Pink", "Purple", "Stalled", "Tan", "Violet", "Yellow", "now"], "/897362094/boards/03ayv6mp60xg3aqes0m9sa68w/webhooks/03axxs0r2o406zezj4dqgex9e" => ["HMAC", "SHA", "X-Webhook-Signature", "completed", "errored", "pending"], "/897362094/cards" => ["Golden", "Not", "Stalled", "now"], "/897362094/account/settings" => ["Member", "Owner"], "/897362094/my/access_tokens" => ["Read"], "/897362094/my/passkeys" => ["Passkey", "Remove", "Something", "Try", "You", "again", "already", "and", "are", "cancelled", "device", "existing", "first", "have", "one", "passkey", "ready", "registered", "registering", "registration", "this", "try", "was", "went", "when", "while", "wrong", "you", "your"], "/session/new" => ["Passkey", "Something", "Try", "again", "are", "cancelled", "passkey", "ready", "sign", "signing", "was", "went", "when", "while", "with", "wrong", "you", "your"]} to be empty.

bin/rails test /tests/verification_test.rb:38

F

Failure:
VerifierTest#test_a_piece_rendered_in_one_language_is_never_delivered_to_a_person_reading_another [/tests/verification_test.rb:151]:
Expected {"card page after an English visit" => ["Add background image", "Add your own reaction", "Delete this reaction", "Demote to normal Add background image Choose a board for this card Add a step Add a", "Edit this comment", "Press enter to delete this reaction"]} to be empty.

bin/rails test /tests/verification_test.rb:142

...F

Failure:
VerifierTest#test_every_screen_renders_in_Japanese [/tests/verification_test.rb:73]:
Expected {"/897362094/boards/03ayv6mp60xg3aqes0m9sa68w" => ["Blue Gray Tan Yellow Lime Aqua Violet Purple Pink"], "/897362094/my/passkeys" => ["Passkey registration was", "Remove the existing one first and try", "Something went wrong while registering your", "Try again when you are", "You already have a passkey registered on this"], "/session/new" => ["Passkey sign in was", "Something went wrong while signing in with your", "Try again when you are"]} to be empty.

bin/rails test /tests/verification_test.rb:70

......

Finished in 7.984645s, 1.5029 runs/s, 23.9209 assertions/s.
12 runs, 191 assertions, 3 failures, 0 errors, 0 skips
