/usr/local/bundle/gems/mini_magick-4.13.2/lib/mini_magick/shell.rb:2: warning: benchmark was loaded from the standard library, but will no longer be part of the default gems starting from Ruby 3.5.0.
You can add benchmark to your Gemfile or gemspec to silence this warning.
DEPRECATION WARNING: `config.active_support.to_time_preserves_timezone` is deprecated and will be removed in Rails 8.2 (called from block in TSort.tsort_each at /usr/local/bundle/gems/tsort-0.2.0/lib/tsort.rb:231)

Run options: --seed 49125

# Running:

.......................................................................................................................................................................S.S.........

Finished in 26.212716s, 6.8287 runs/s, 21.0966 assertions/s.
179 runs, 553 assertions, 0 failures, 0 errors, 2 skips

You have skipped tests. Run with --verbose for details.
/usr/local/bundle/gems/mini_magick-4.13.2/lib/mini_magick/shell.rb:2: warning: benchmark was loaded from the standard library, but will no longer be part of the default gems starting from Ruby 3.5.0.
You can add benchmark to your Gemfile or gemspec to silence this warning.
DEPRECATION WARNING: `config.active_support.to_time_preserves_timezone` is deprecated and will be removed in Rails 8.2 (called from block in TSort.tsort_each at /usr/local/bundle/gems/tsort-0.2.0/lib/tsort.rb:231)
/usr/local/bundle/gems/marcel-1.1.0/lib/marcel/magic.rb:120: warning: literal string will be frozen in the future (run with --debug-frozen-string-literal for more information)

Run options: --seed 56637

# Running:

./usr/local/bundle/gems/marcel-1.1.0/lib/marcel/magic.rb:120: warning: literal string will be frozen in the future (run with --debug-frozen-string-literal for more information)
.F

Failure:
VerifierTest#test_a_cover_and_a_title_changed_in_one_sitting_still_fingerprint_the_cover [/tests/verify.rb:68]:
--- expected
+++ actual
@@ -1,3 +1 @@
-# encoding: US-ASCII
-#    valid: true
-"05eae2be3e7ef6658a2b3fee68cc05c209f8bf3f14354a7af29df87556aa4157"
+nil


bin/rails test /tests/verify.rb:59

/usr/local/bundle/gems/marcel-1.1.0/lib/marcel/magic.rb:120: warning: literal string will be frozen in the future (run with --debug-frozen-string-literal for more information)
.....

Finished in 3.574708s, 2.2379 runs/s, 8.3923 assertions/s.
8 runs, 30 assertions, 1 failures, 0 errors, 0 skips
