Running 1509 tests in parallel using 2 processes
Run options: --seed 31178

# Running:

................................................................................................................................................................................................................................................................................................................................................................................................................................................................................................................................................................................................................................................................................................................................................................................................................................................................................................................................................................................................................................................................................................................................................................................................................................................................................................S.......................................................................................................................................................S............................................................................................................

Finished in 29.667380s, 50.8639 runs/s, 191.0516 assertions/s.
1509 runs, 5668 assertions, 0 failures, 0 errors, 2 skips

You have skipped tests. Run with --verbose for details.
Running 7 tests in a single process (parallelization threshold is 50)
Run options: --seed 61074

# Running:

Capybara starting Puma...
* Version 7.2.1, codename: On The Corner
* Min threads: 0, max threads: 4
* Listening on http://127.0.0.1:44643
2026-09-11 20:52:00 INFO Selenium [:logger_info] Details on how to use and modify Selenium logger:
  https://selenium.dev/documentation/webdriver/troubleshooting/logging

2026-09-11 20:52:00 WARN Selenium [:selenium_manager] Exception managing chrome: error sending request for url (https://googlechromelabs.github.io/chrome-for-testing/known-good-versions-with-downloads.json) 
2026-09-11 20:52:00 WARN Selenium [:selenium_manager] Error sending stats to Plausible: error sending request for url (https://plausible.io/api/event) 
....2026-09-11 20:52:11 WARN Selenium [:selenium_manager] Exception managing chrome: error sending request for url (https://googlechromelabs.github.io/chrome-for-testing/known-good-versions-with-downloads.json) 
2026-09-11 20:52:18 WARN Selenium [:selenium_manager] Exception managing chrome: error sending request for url (https://googlechromelabs.github.io/chrome-for-testing/known-good-versions-with-downloads.json) 
2026-09-11 20:52:25 WARN Selenium [:selenium_manager] Exception managing chrome: error sending request for url (https://googlechromelabs.github.io/chrome-for-testing/known-good-versions-with-downloads.json) 
[Screenshot Image]: /app/tmp/screenshots/failures_test_an_address_with_no_account_gets_exactly_the_answer_an_address_with_one_gets.png 
F

Failure:
VerifierTest#test_an_address_with_no_account_gets_exactly_the_answer_an_address_with_one_gets [test/test_helpers/session_test_helper.rb:61]:
--- expected
+++ actual
@@ -1 +1 @@
-["/session/code", "Check your email We emailed a six-character code to EMAIL. It expires in fifteen minutes. Let’s go Fizzy™ is designed, built, and backed by 37signals™, makers of Basecamp™ and HEY™. Need help? Send us an email."]
+["/session/new", "Get into Fizzy Enter your email and we’ll get you signed in. Let’s go Sign in with a passkey Fizzy™ is designed, built, and backed by 37signals™, makers of Basecamp™ and HEY™. Need help? Send us an email."]


bin/rails test /tests/verification_test.rb:40

.2026-09-11 20:52:32 WARN Selenium [:selenium_manager] Exception managing chrome: error sending request for url (https://googlechromelabs.github.io/chrome-for-testing/known-good-versions-with-downloads.json) 
2026-09-11 20:52:39 WARN Selenium [:selenium_manager] Exception managing chrome: error sending request for url (https://googlechromelabs.github.io/chrome-for-testing/known-good-versions-with-downloads.json) 
2026-09-11 20:52:41 +0000 Rack app ("PUT /897362094/my/timezone" - (127.0.0.1)): #<NoMethodError: undefined method 'update!' for nil>
[Screenshot Image]: /app/tmp/screenshots/failures_test_a_code_is_only_good_on_the_device_that_asked_for_it.png 
F

Failure:
VerifierTest#test_a_code_is_only_good_on_the_device_that_asked_for_it:
Expected "0000000000000000149087659" to not be equal to # encoding: US-ASCII
#    valid: true
"0000000000000000149087659".

Error:
VerifierTest#test_a_code_is_only_good_on_the_device_that_asked_for_it:
NoMethodError: undefined method 'update!' for nil
    app/controllers/my/timezones_controller.rb:3:in 'My::TimezonesController#update'
    app/controllers/concerns/current_timezone.rb:15:in 'CurrentTimezone#set_current_timezone'
    config/initializers/tenanting/account_slug.rb:31:in 'block in AccountSlug::Extractor#call'
    app/models/current.rb:22:in 'Current#with_account'
    config/initializers/tenanting/account_slug.rb:30:in 'AccountSlug::Extractor#call'

bin/rails test /tests/verification_test.rb:48



Finished in 47.198203s, 0.1483 runs/s, 0.6568 assertions/s.
7 runs, 31 assertions, 2 failures, 0 errors, 0 skips
