Running 1535 tests in parallel using 2 processes
Run options: --seed 24955

# Running:

...............................................................................................................................................................................................................................................................................................................................................................................................................................................S......S........................................................................................................................................................................................................................................................................................................................................................................................................................................................................................................................................................................................................................................................................................................................................................................................................................................................................................................................................................................................................................................................................................................................................

Finished in 31.256654s, 49.1095 runs/s, 183.8648 assertions/s.
1535 runs, 5747 assertions, 0 failures, 0 errors, 2 skips

You have skipped tests. Run with --verbose for details.
Running 5 tests in a single process (parallelization threshold is 50)
Run options: --seed 7930

# Running:

....E

Error:
VerifierTest#test_everything_the_account_owned_goes_with_it,_and_nothing_of_anyone_else's:
ActiveRecord::RecordInvalid: Validation failed: Account must exist
    app/models/storage/entry.rb:14:in 'Storage::Entry.record'
    app/models/storage/attachment_tracking.rb:28:in 'Storage::AttachmentTracking#record_storage_detach'
    app/models/account/incineratable.rb:13:in 'Account::Incineratable#incinerate'
    app/models/account/incineratable.rb:8:in 'Account::Incineratable::ClassMethods#incinerate_due'
    app/jobs/account/incinerate_due_job.rb:5:in 'Account::IncinerateDueJob#perform'
    app/models/current.rb:22:in 'Current#with_account'
    app/jobs/concerns/account_tenanted.rb:34:in 'AccountTenanted#with_account_context'
    test/test_helper.rb:61:in 'ActiveSupport::TestCase#perform_enqueued_jobs'

bin/rails test /tests/verification_test.rb:29



Finished in 1.493661s, 3.3475 runs/s, 11.3814 assertions/s.
5 runs, 17 assertions, 0 failures, 1 errors, 0 skips
