Running 1526 tests in parallel using 2 processes
Run options: --seed 4577

# Running:

...............................................................................................................................................................................................................................................................................................................................................................................................................................................................................................................................................................................................................................................S.......................................................................................S..............................................................................................................................................................................................................................................................................................................................................................................................................................................................................................................................................................................................................................................................................................................................................................................................................................................

Finished in 29.783085s, 51.2371 runs/s, 193.2641 assertions/s.
1526 runs, 5756 assertions, 0 failures, 0 errors, 2 skips

You have skipped tests. Run with --verbose for details.
Running 7 tests in a single process (parallelization threshold is 50)
Run options: --seed 33192

# Running:

.....F

Failure:
VerifierTest#test_preview_counts_do_not_cost_a_query_per_card [/tests/verification_test.rb:93]:
8 instead of 0 matching queries were executed. Queries:

SELECT "accounts".* FROM "accounts" WHERE "accounts"."external_account_id" = ? LIMIT ?

SELECT "sessions".* FROM "sessions" WHERE "sessions"."id" = ? LIMIT ?

SELECT "identities".* FROM "identities" WHERE "identities"."id" = ? LIMIT ?

SELECT "users".* FROM "users" WHERE "users"."identity_id" = ? AND "users"."account_id" = ? LIMIT ?

SELECT "account_cancellations".* FROM "account_cancellations" WHERE "account_cancellations"."account_id" = ? LIMIT ?

SELECT 1 AS one FROM "account_imports" WHERE "account_imports"."account_id" = ? AND "account_imports"."status" IN (?, ?, ?) LIMIT ?

SELECT "boards".* FROM "boards" INNER JOIN "accesses" ON "boards"."id" = "accesses"."board_id" WHERE "accesses"."user_id" = ? AND "boards"."id" = ? LIMIT ?

SELECT "columns".* FROM "columns" WHERE "columns"."board_id" = ? AND "columns"."id" = ? LIMIT ?

SELECT COUNT(*) AS "size", MAX(subquery_for_cache_key.collection_cache_key_timestamp) AS timestamp FROM (SELECT "cards"."updated_at" AS collection_cache_key_timestamp FROM "cards" LEFT OUTER JOIN "closures" ON "closures"."card_id" = "cards"."id" LEFT OUTER JOIN "card_not_nows" AS "not_now" ON "not_now"."card_id" = "cards"."id" LEFT OUTER JOIN "card_goldnesses" ON "card_goldnesses"."card_id" = "cards"."id" WHERE "cards"."column_id" = ? AND "closures"."id" IS NULL AND "cards"."status" = ? AND "not_now"."id" IS NULL ORDER BY card_goldnesses.id IS NULL, "cards"."last_active_at" DESC, "cards"."id" DESC LIMIT ? OFFSET ?) AS subquery_for_cache_key

SELECT "cards".* FROM "cards" LEFT OUTER JOIN "closures" ON "closures"."card_id" = "cards"."id" LEFT OUTER JOIN "card_not_nows" AS "not_now" ON "not_now"."card_id" = "cards"."id" LEFT OUTER JOIN "card_goldnesses" ON "card_goldnesses"."card_id" = "cards"."id" WHERE "cards"."column_id" = ? AND "closures"."id" IS NULL AND "cards"."status" = ? AND "not_now"."id" IS NULL ORDER BY card_goldnesses.id IS NULL, "cards"."last_active_at" DESC, "cards"."id" DESC LIMIT ? OFFSET ?

SELECT "card_goldnesses".* FROM "card_goldnesses" WHERE "card_goldnesses"."card_id" IN (?, ?, ?, ?, ?, ?, ?, ?)

SELECT "assignments".* FROM "assignments" WHERE "assignments"."card_id" IN (?, ?, ?, ?, ?, ?, ?, ?)

SELECT "users".* FROM "users" WHERE "users"."id" IN (?, ?, ?)

SELECT "active_storage_attachments".* FROM "active_storage_attachments" WHERE "active_storage_attachments"."record_type" = ? AND "active_storage_attachments"."name" = ? AND "active_storage_attachments"."record_id" IN (?, ?, ?)

SELECT "accounts".* FROM "accounts" WHERE "accounts"."id" = ?

SELECT "taggings".* FROM "taggings" WHERE "taggings"."card_id" IN (?, ?, ?, ?, ?, ?, ?, ?)

SELECT "tags".* FROM "tags" WHERE "tags"."id" IN (?, ?)

SELECT "steps".* FROM "steps" WHERE "steps"."card_id" IN (?, ?, ?, ?, ?, ?, ?, ?)

SELECT "closures".* FROM "closures" WHERE "closures"."card_id" IN (?, ?, ?, ?, ?, ?, ?, ?)

SELECT "card_activity_spikes".* FROM "card_activity_spikes" WHERE "card_activity_spikes"."card_id" IN (?, ?, ?, ?, ?, ?, ?, ?)

SELECT "active_storage_attachments".* FROM "active_storage_attachments" WHERE "active_storage_attachments"."record_type" = ? AND "active_storage_attachments"."name" = ? AND "active_storage_attachments"."record_id" IN (?, ?, ?, ?, ?, ?, ?, ?)

SELECT "boards".* FROM "boards" WHERE "boards"."id" = ?

SELECT "card_not_nows".* FROM "card_not_nows" WHERE "card_not_nows"."card_id" IN (?, ?, ?, ?, ?, ?, ?, ?)

SELECT "entropies".* FROM "entropies" WHERE "entropies"."container_type" = ? AND "entropies"."container_id" = ?

SELECT "columns".* FROM "columns" WHERE "columns"."board_id" = ?

SELECT "action_text_rich_texts".* FROM "action_text_rich_texts" WHERE "action_text_rich_texts"."record_type" = ? AND "action_text_rich_texts"."name" = ? AND "action_text_rich_texts"."record_id" IN (?, ?, ?, ?, ?, ?, ?, ?)

SELECT "active_storage_attachments".* FROM "active_storage_attachments" WHERE "active_storage_attachments"."record_type" = ? AND "active_storage_attachments"."name" = ? AND "active_storage_attachments"."record_id" IN (?, ?, ?, ?, ?, ?)

SELECT 1 AS one FROM "comments" INNER JOIN "users" AS "creator" ON "creator"."id" = "comments"."creator_id" WHERE "comments"."card_id" = ? AND "creator"."role" != ? LIMIT ?

SELECT COUNT(*) FROM "comments" INNER JOIN "users" AS "creator" ON "creator"."id" = "comments"."creator_id" WHERE "comments"."card_id" = ? AND "creator"."role" != ?

SELECT COUNT(*) FROM "reactions" WHERE "reactions"."reactable_id" = ? AND "reactions"."reactable_type" = ?

SELECT 1 AS one FROM "comments" INNER JOIN "users" AS "creator" ON "creator"."id" = "comments"."creator_id" WHERE "comments"."card_id" = ? AND "creator"."role" != ? LIMIT ?

SELECT COUNT(*) FROM "reactions" WHERE "reactions"."reactable_id" = ? AND "reactions"."reactable_type" = ?

SELECT 1 AS one FROM "comments" INNER JOIN "users" AS "creator" ON "creator"."id" = "comments"."creator_id" WHERE "comments"."card_id" = ? AND "creator"."role" != ? LIMIT ?

SELECT COUNT(*) FROM "reactions" WHERE "reactions"."reactable_id" = ? AND "reactions"."reactable_type" = ?

SELECT 1 AS one FROM "comments" INNER JOIN "users" AS "creator" ON "creator"."id" = "comments"."creator_id" WHERE "comments"."card_id" = ? AND "creator"."role" != ? LIMIT ?

SELECT COUNT(*) FROM "reactions" WHERE "reactions"."reactable_id" = ? AND "reactions"."reactable_type" = ?

SELECT 1 AS one FROM "comments" INNER JOIN "users" AS "creator" ON "creator"."id" = "comments"."creator_id" WHERE "comments"."card_id" = ? AND "creator"."role" != ? LIMIT ?

SELECT COUNT(*) FROM "reactions" WHERE "reactions"."reactable_id" = ? AND "reactions"."reactable_type" = ?

SELECT 1 AS one FROM "comments" INNER JOIN "users" AS "creator" ON "creator"."id" = "comments"."creator_id" WHERE "comments"."card_id" = ? AND "creator"."role" != ? LIMIT ?

SELECT COUNT(*) FROM "reactions" WHERE "reactions"."reactable_id" = ? AND "reactions"."reactable_type" = ?

SELECT 1 AS one FROM "comments" INNER JOIN "users" AS "creator" ON "creator"."id" = "comments"."creator_id" WHERE "comments"."card_id" = ? AND "creator"."role" != ? LIMIT ?

SELECT COUNT(*) FROM "comments" INNER JOIN "users" AS "creator" ON "creator"."id" = "comments"."creator_id" WHERE "comments"."card_id" = ? AND "creator"."role" != ?

SELECT COUNT(*) FROM "reactions" WHERE "reactions"."reactable_id" = ? AND "reactions"."reactable_type" = ?

SELECT 1 AS one FROM "comments" INNER JOIN "users" AS "creator" ON "creator"."id" = "comments"."creator_id" WHERE "comments"."card_id" = ? AND "creator"."role" != ? LIMIT ?

SELECT COUNT(*) FROM "comments" INNER JOIN "users" AS "creator" ON "creator"."id" = "comments"."creator_id" WHERE "comments"."card_id" = ? AND "creator"."role" != ?

SELECT COUNT(*) FROM "reactions" WHERE "reactions"."reactable_id" = ? AND "reactions"."reactable_type" = ?

SELECT COUNT(*) FROM "cards" LEFT OUTER JOIN "closures" ON "closures"."card_id" = "cards"."id" LEFT OUTER JOIN "card_not_nows" AS "not_now" ON "not_now"."card_id" = "cards"."id" LEFT OUTER JOIN "card_goldnesses" ON "card_goldnesses"."card_id" = "cards"."id" WHERE "cards"."column_id" = ? AND "closures"."id" IS NULL AND "cards"."status" = ? AND "not_now"."id" IS NULL

SELECT COUNT(*) FROM (SELECT 1 AS one FROM "users" WHERE "users"."identity_id" = ? LIMIT ?) AS subquery_for_count

SELECT COUNT(*) FROM (SELECT 1 AS one FROM "accounts" INNER JOIN "users" ON "accounts"."id" = "users"."account_id" WHERE "users"."identity_id" = ? LIMIT ?) AS subquery_for_count.
Expected: 0
  Actual: 8

bin/rails test /tests/verification_test.rb:89

.

Finished in 1.655389s, 4.2286 runs/s, 26.5798 assertions/s.
7 runs, 44 assertions, 1 failures, 0 errors, 0 skips
