Running 1531 tests in parallel using 2 processes
Run options: --seed 62676

# Running:

....................................................................................................................................................................................................................................................................................................................................................................S...........................S..........................................................................................................................................................................................................................................................................................................................................................................................................................................................................................................................................................................................................................................................................................................................................................................................................................................................................................................................................................................................................................................................................................................................................................................................

Finished in 28.850514s, 53.0666 runs/s, 200.4470 assertions/s.
1531 runs, 5783 assertions, 0 failures, 0 errors, 2 skips

You have skipped tests. Run with --verbose for details.
Running 6 tests in a single process (parallelization threshold is 50)
Run options: --seed 62580

# Running:

Capybara starting Puma...
* Version 7.2.1, codename: On The Corner
* Min threads: 0, max threads: 4
* Listening on http://127.0.0.1:46251
2026-09-22 23:26:10 INFO Selenium [:logger_info] Details on how to use and modify Selenium logger:
  https://selenium.dev/documentation/webdriver/troubleshooting/logging

2026-09-22 23:26:10 WARN Selenium [:selenium_manager] Exception managing chrome: error sending request for url (https://googlechromelabs.github.io/chrome-for-testing/known-good-versions-with-downloads.json) 
2026-09-22 23:26:10 WARN Selenium [:selenium_manager] Error sending stats to Plausible: error sending request for url (https://plausible.io/api/event) 
2026-09-22 23:26:18 WARN Selenium [:selenium_manager] Exception managing chrome: error sending request for url (https://googlechromelabs.github.io/chrome-for-testing/known-good-versions-with-downloads.json) 
.2026-09-22 23:26:30 WARN Selenium [:selenium_manager] Exception managing chrome: error sending request for url (https://googlechromelabs.github.io/chrome-for-testing/known-good-versions-with-downloads.json) 
.....

Finished in 47.010049s, 0.1276 runs/s, 0.7445 assertions/s.
6 runs, 35 assertions, 0 failures, 0 errors, 0 skips
