/usr/local/bundle/gems/mini_magick-4.13.2/lib/mini_magick/shell.rb:2: warning: benchmark was loaded from the standard library, but will no longer be part of the default gems starting from Ruby 3.5.0.
You can add benchmark to your Gemfile or gemspec to silence this warning.
DEPRECATION WARNING: `config.active_support.to_time_preserves_timezone` is deprecated and will be removed in Rails 8.2 (called from block in TSort.tsort_each at /usr/local/bundle/gems/tsort-0.2.0/lib/tsort.rb:231)
Running 179 tests in parallel using 2 processes
Run options: --seed 41150

# Running:

.....................................SS............................................................................................................................................

Finished in 15.939741s, 11.2298 runs/s, 34.6932 assertions/s.
179 runs, 553 assertions, 0 failures, 0 errors, 2 skips

You have skipped tests. Run with --verbose for details.
/usr/local/bundle/gems/mini_magick-4.13.2/lib/mini_magick/shell.rb:2: warning: benchmark was loaded from the standard library, but will no longer be part of the default gems starting from Ruby 3.5.0.
You can add benchmark to your Gemfile or gemspec to silence this warning.
DEPRECATION WARNING: `config.active_support.to_time_preserves_timezone` is deprecated and will be removed in Rails 8.2 (called from block in TSort.tsort_each at /usr/local/bundle/gems/tsort-0.2.0/lib/tsort.rb:231)
Running 9 tests in a single process (parallelization threshold is 50)
Run options: --seed 20798

# Running:

...F

Failure:
VerifierTest#test_a_conflicting_roster_reports_the_first_conflicting_grant's_position_and_returns_no_records [/tests/verification_test.rb:65]:
a grant the book already holds, ahead of a level nobody knows.
Expected: 0
  Actual: 1

bin/rails test /tests/verification_test.rb:53

.....

Finished in 0.997096s, 9.0262 runs/s, 31.0903 assertions/s.
9 runs, 31 assertions, 1 failures, 0 errors, 0 skips
