/usr/local/bundle/gems/mini_magick-4.13.2/lib/mini_magick/shell.rb:2: warning: benchmark was loaded from the standard library, but will no longer be part of the default gems starting from Ruby 3.5.0.
You can add benchmark to your Gemfile or gemspec to silence this warning.
DEPRECATION WARNING: `config.active_support.to_time_preserves_timezone` is deprecated and will be removed in Rails 8.2 (called from block in TSort.tsort_each at /usr/local/bundle/gems/tsort-0.2.0/lib/tsort.rb:231)

Run options: --seed 44501

# Running:

...............................S...........S.......................................................................................................................................

Finished in 24.339803s, 7.3542 runs/s, 22.7200 assertions/s.
179 runs, 553 assertions, 0 failures, 0 errors, 2 skips

You have skipped tests. Run with --verbose for details.
/usr/local/bundle/gems/mini_magick-4.13.2/lib/mini_magick/shell.rb:2: warning: benchmark was loaded from the standard library, but will no longer be part of the default gems starting from Ruby 3.5.0.
You can add benchmark to your Gemfile or gemspec to silence this warning.
DEPRECATION WARNING: `config.active_support.to_time_preserves_timezone` is deprecated and will be removed in Rails 8.2 (called from block in TSort.tsort_each at /usr/local/bundle/gems/tsort-0.2.0/lib/tsort.rb:231)

Run options: --seed 25120

# Running:

....F

Failure:
VerifierTest#test_a_stored_copy_is_still_found_by_the_key_Active_Storage_computes_for_it [/tests/verify.rb:65]:
--- expected
+++ actual
@@ -1,3 +1,3 @@
 # encoding: US-ASCII
 #    valid: true
-"+25fzC0RTkrh/LYHrpo5xWPB9nc="
+"kY5ZU80bfIo6i95B0MyLDGUwIJM="


bin/rails test /tests/verify.rb:64



Finished in 4.048857s, 1.2349 runs/s, 5.1866 assertions/s.
5 runs, 21 assertions, 1 failures, 0 errors, 0 skips
