Running 1541 tests in parallel using 2 processes
Run options: --seed 44964

# Running:

........................................................................................................................................................................................................................................................................................................................................................................................................................................................................................................................................................S.........................................................................................................................S...............................F

Failure:
Card::EntropicTest#test_auto_postpone_all_due_works_properly_cross-account [test/models/card/entropic_test.rb:78]:
Expected false to be truthy.

bin/rails test test/models/card/entropic_test.rb:72

F

Failure:
Card::EntropicTest#test_auto_postpone_all_due_using_the_default_account_entropy [test/models/card/entropic_test.rb:41]:
`Card.postponed.count` didn't change by 1, but by 0.
Expected: 1
  Actual: 0

bin/rails test test/models/card/entropic_test.rb:35

....................................................................................................................F

Failure:
Card::EntropicTest#test_auto_postpone_all_due_using_entropy_defined_at_the_board_level [test/models/card/entropic_test.rb:54]:
`Card.postponed.count` didn't change by 1, but by 0.
Expected: 1
  Actual: 0

bin/rails test test/models/card/entropic_test.rb:50

...............................................................................................................................................................................................................................................................................................................................................F

Failure:
Card::StallableTest#test_a_card_with_an_old_activity_spike_is_not_stalled_after_being_postponed [test/models/card/stallable_test.rb:65]:
Expected true to be nil or false

bin/rails test test/models/card/stallable_test.rb:51

............................................................................................................................................................................................................................................................................................................................................................................................................

Finished in 29.901059s, 51.5366 runs/s, 194.3409 assertions/s.
1541 runs, 5811 assertions, 4 failures, 0 errors, 2 skips

You have skipped tests. Run with --verbose for details.
