Running 1656 tests in parallel using 2 processes
Run options: --seed 58831

# Running:

..........................................................................................................................................................................................................................................................................................................................................................................................................................................................................................................................................................................................................................................................................................................................................................................................................................................................................................................................................................................................................................................................................................................................................................................................................................................................................................................................................................................................................................................................................S.....S.......................................................................................................................................................................................................................................

Finished in 33.822374s, 48.9617 runs/s, 182.6010 assertions/s.
1656 runs, 6176 assertions, 0 failures, 0 errors, 2 skips

You have skipped tests. Run with --verbose for details.
Running 8 tests in a single process (parallelization threshold is 50)
Run options: --seed 10603

# Running:

..F

Failure:
VerifierTest#test_a_signed_webhook_is_accepted,_an_unsigned_or_forged_one_is_rejected [test/test_helpers/session_test_helper.rb:57]:
Expected #<ActionDispatch::TestResponse:0x000077d1726cb720 @mon_data=#<Monitor:0x000077d170dd67d8>, @mon_data_owner_object_id=59712, @headers={"x-frame-options" => "SAMEORIGIN", "x-xss-protection" => "0", "x-content-type-options" => "nosniff", "x-permitted-cross-domain-policies" => "none", "referrer-policy" => "strict-origin-when-cross-origin", "x-kamal-target" => nil, "content-type" => "text/html", "x-robots-tag" => "none", "cache-control" => "no-cache", "content-security-policy" => "default-src 'self'; script-src 'self' 'nonce-fKUGgUbPm0pno1KxQ3/EvQ=='; connect-src 'self'; frame-src 'self'; style-src 'self' 'unsafe-inline'; img-src 'self' blob: data: https:; font-src 'self' data: https:; media-src 'self' blob: data: https:; worker-src 'self' blob:; object-src 'none'; base-uri 'none'; form-action 'self'; frame-ancestors 'self'", "set-cookie" => "_fizzy_session=39Z2%2FRADScCUjxNUy7LzXw0CFu1ZxlTV67v9zduIRQ9GQhjo9F%2B%2BQNVGi1y7UbC%2BuFNR%2BQA%2BHoVfsD%2FmWppz6qLYTFcC%2B67SFZ4XdZeIq1aC2t9JJgwGif4eJozO5acZk7aTAqOfym3ghnllrRUWpDtfuecU0hNJ0niMCSL%2FuFGmIZEZeTxtfa6qhFiC43lWiADTxzU8XzuWmW%2FCmL%2Fl7RsyWCU24T0xARM%3D--4Pa%2BrbS0j%2Bu7s275--njzYHSvXYKZs2K3QyBq11w%3D%3D; path=/; httponly; samesite=lax", "x-request-id" => "38e2d4e9-6101-499a-9e68-006259f4d0c0", "x-runtime" => "0.000882", "content-length" => "0"}, @stream=#<ActionDispatch::Response::Buffer:0x000077d170df64c0 @response=#<ActionDispatch::TestResponse:0x000077d1726cb720 ...>, @buf=[""], @closed=false, @str_body=nil>, @status=200, @cv=#<MonitorMixin::ConditionVariable:0x000077d170dd6710 @monitor=#<Monitor:0x000077d170dd67d8>, @cond=#<Thread::ConditionVariable:0x000077d170dd66e8>>, @committed=false, @sending=false, @sent=false, @cache_control={no_cache: true}, @request=#<ActionDispatch::Request POST "http://www.example.com/stripe/webhooks" for 127.0.0.1>> to be client_error?.

bin/rails test /tests/verification_test.rb:118

.E

Error:
VerifierTest#test_overridden_billed_numbers_stand_in_for_the_real_ones_until_the_override_is_dropped:
ActiveRecord::RecordNotUnique: SQLite3::ConstraintException: UNIQUE constraint failed: cards.account_id, cards.number
    app/controllers/cards_controller.rb:23:in 'block (2 levels) in CardsController#create'
    app/controllers/cards_controller.rb:16:in 'CardsController#create'
    app/controllers/concerns/current_timezone.rb:15:in 'CurrentTimezone#set_current_timezone'
    config/initializers/database_role_logging.rb:10:in 'block in DatabaseRoleLogger#call'
    config/initializers/database_role_logging.rb:9:in 'DatabaseRoleLogger#call'
    config/initializers/tenanting/account_slug.rb:31:in 'block in AccountSlug::Extractor#call'
    app/models/current.rb:22:in 'Current#with_account'
    config/initializers/tenanting/account_slug.rb:30:in 'AccountSlug::Extractor#call'
    saas/lib/fizzy/saas/true_client_ip.rb:20:in 'TrackTrueClientIp#call'
    saas/lib/fizzy/saas/gvl_instrumentation.rb:11:in 'Fizzy::Saas::GvlInstrumentation#call'

bin/rails test /tests/verification_test.rb:72

...

Finished in 2.006647s, 3.9867 runs/s, 20.4321 assertions/s.
8 runs, 41 assertions, 1 failures, 1 errors, 0 skips
