Running 1542 tests in parallel using 2 processes
Run options: --seed 10584

# Running:

..............................................................................................................................................................................................................................................................................................................................................................................................................................................................................................................................................................................................S........S..............................................................................................................................................................................................................................................................................................................................................................................................................................................................................................................................................................................................................................................................................................................................................................................................................................................................................................................................................................................................

Finished in 30.256619s, 50.9641 runs/s, 192.6521 assertions/s.
1542 runs, 5829 assertions, 0 failures, 0 errors, 2 skips

You have skipped tests. Run with --verbose for details.
Running 8 tests in a single process (parallelization threshold is 50)
Run options: --seed 18054

# Running:

F

Failure:
VerifierTest#test_secrets_resolve_from_the_deployer's_environment,_and_to_nothing_without_it [/tests/verification_test.rb:66]:
RAILS_MASTER_KEY.
Expected "" to be present?.

bin/rails test /tests/verification_test.rb:65

F

Failure:
VerifierTest#test_no_secret_value_is_in_the_repo [/tests/verification_test.rb:62]:
Expected ["RAILS_MASTER_KEY"] to be empty.

bin/rails test /tests/verification_test.rb:57

......

Finished in 5.310176s, 1.5065 runs/s, 6.5911 assertions/s.
8 runs, 35 assertions, 2 failures, 0 errors, 0 skips
