Running 1542 tests in parallel using 2 processes
Run options: --seed 1192

# Running:

....................................................................................................................................................................................................................................................................................................................................................................................................................................................................................................................................................................................................................................................................................................................................................................................................................................................................................................................................................................................................................................................................................................................................................................................................................................................................................................................................................................................................................................................................SS................................................................................................................................

Finished in 30.984270s, 49.7672 runs/s, 188.1277 assertions/s.
1542 runs, 5829 assertions, 0 failures, 0 errors, 2 skips

You have skipped tests. Run with --verbose for details.
Running 7 tests in a single process (parallelization threshold is 50)
Run options: --seed 6260

# Running:

.Dropped database 'tmp/legacy.sqlite3'
== 20260710000000 AddAccountIdToAllAccountTables: migrating ===================
-- execute("UPDATE boards SET account_id = (SELECT users.account_id FROM users WHERE users.id = boards.creator_id) WHERE account_id IS NULL")
   -> 0.0003s
-- execute("DELETE FROM boards WHERE account_id IS NULL")
   -> 0.0001s
-- change_column_null("boards", :account_id, false)
   -> 0.0053s
-- index_exists?("boards", :account_id)
   -> 0.0001s
-- add_index("boards", :account_id)
   -> 0.0002s
-- execute("UPDATE cards SET account_id = (SELECT boards.account_id FROM boards WHERE boards.id = cards.board_id) WHERE account_id IS NULL")
   -> 0.0001s
-- execute("DELETE FROM cards WHERE account_id IS NULL")
   -> 0.0001s
-- change_column_null("cards", :account_id, false)
   -> 0.0103s
-- index_exists?("cards", :account_id)
   -> 0.0005s
-- add_index("cards", :account_id)
   -> 0.0002s
-- execute("UPDATE columns SET account_id = (SELECT boards.account_id FROM boards WHERE boards.id = columns.board_id) WHERE account_id IS NULL")
   -> 0.0001s
-- execute("DELETE FROM columns WHERE account_id IS NULL")
   -> 0.0001s
-- change_column_null("columns", :account_id, false)
   -> 0.0056s
-- index_exists?("columns", :account_id)
   -> 0.0002s
-- add_index("columns", :account_id)
   -> 0.0001s
-- execute("UPDATE comments SET account_id = (SELECT cards.account_id FROM cards WHERE cards.id = comments.card_id) WHERE account_id IS NULL")
   -> 0.0001s
-- execute("DELETE FROM comments WHERE account_id IS NULL")
   -> 0.0001s
-- change_column_null("comments", :account_id, false)
   -> 0.0040s
-- index_exists?("comments", :account_id)
   -> 0.0002s
-- add_index("comments", :account_id)
   -> 0.0002s
-- execute("UPDATE steps SET account_id = (SELECT cards.account_id FROM cards WHERE cards.id = steps.card_id) WHERE account_id IS NULL")
   -> 0.0001s
-- execute("DELETE FROM steps WHERE account_id IS NULL")
   -> 0.0001s
-- change_column_null("steps", :account_id, false)
   -> 0.0053s
-- index_exists?("steps", :account_id)
   -> 0.0002s
-- add_index("steps", :account_id)
   -> 0.0002s
-- execute("UPDATE events SET account_id = (SELECT boards.account_id FROM boards WHERE boards.id = events.board_id) WHERE account_id IS NULL")
   -> 0.0001s
-- execute("DELETE FROM events WHERE account_id IS NULL")
   -> 0.0001s
-- change_column_null("events", :account_id, false)
   -> 0.0099s
-- index_exists?("events", :account_id)
   -> 0.0005s
-- add_index("events", :account_id)
   -> 0.0002s
-- execute("UPDATE filters SET account_id = (SELECT users.account_id FROM users WHERE users.id = filters.creator_id) WHERE account_id IS NULL")
   -> 0.0001s
-- execute("DELETE FROM filters WHERE account_id IS NULL")
   -> 0.0001s
-- change_column_null("filters", :account_id, false)
   -> 0.0042s
-- index_exists?("filters", :account_id)
   -> 0.0001s
-- add_index("filters", :account_id)
   -> 0.0001s
-- execute("UPDATE notifications SET account_id = (SELECT users.account_id FROM users WHERE users.id = notifications.user_id) WHERE account_id IS NULL")
   -> 0.0001s
-- execute("DELETE FROM notifications WHERE account_id IS NULL")
   -> 0.0001s
-- change_column_null("notifications", :account_id, false)
   -> 0.0100s
-- index_exists?("notifications", :account_id)
   -> 0.0005s
-- add_index("notifications", :account_id)
   -> 0.0002s
-- execute("UPDATE notification_bundles SET account_id = (SELECT users.account_id FROM users WHERE users.id = notification_bundles.user_id) WHERE account_id IS NULL")
   -> 0.0001s
-- execute("DELETE FROM notification_bundles WHERE account_id IS NULL")
   -> 0.0001s
-- change_column_null("notification_bundles", :account_id, false)
   -> 0.0065s
-- index_exists?("notification_bundles", :account_id)
   -> 0.0003s
-- add_index("notification_bundles", :account_id)
   -> 0.0002s
-- execute("UPDATE push_subscriptions SET account_id = (SELECT users.account_id FROM users WHERE users.id = push_subscriptions.user_id) WHERE account_id IS NULL")
   -> 0.0001s
-- execute("DELETE FROM push_subscriptions WHERE account_id IS NULL")
   -> 0.0001s
-- change_column_null("push_subscriptions", :account_id, false)
   -> 0.0047s
-- index_exists?("push_subscriptions", :account_id)
   -> 0.0001s
-- add_index("push_subscriptions", :account_id)
   -> 0.0002s
-- execute("UPDATE webhooks SET account_id = (SELECT boards.account_id FROM boards WHERE boards.id = webhooks.board_id) WHERE account_id IS NULL")
   -> 0.0001s
-- execute("DELETE FROM webhooks WHERE account_id IS NULL")
   -> 0.0001s
-- change_column_null("webhooks", :account_id, false)
   -> 0.0050s
-- index_exists?("webhooks", :account_id)
   -> 0.0001s
-- add_index("webhooks", :account_id)
   -> 0.0001s
-- execute("UPDATE tags SET account_id = (SELECT cards.account_id FROM taggings INNER JOIN cards ON cards.id = taggings.card_id WHERE taggings.tag_id = tags.id LIMIT 1) WHERE account_id IS NULL")
   -> 0.0002s
-- execute("DELETE FROM tags WHERE account_id IS NULL")
   -> 0.0001s
-- change_column_null("tags", :account_id, false)
   -> 0.0041s
-- index_exists?("tags", :account_id)
   -> 0.0001s
-- add_index("tags", :account_id)
   -> 0.0002s
-- execute("DELETE FROM account_join_codes WHERE account_id IS NULL")
   -> 0.0001s
-- change_column_null("account_join_codes", :account_id, false)
   -> 0.0046s
-- index_exists?("account_join_codes", :account_id)
   -> 0.0001s
-- add_index("account_join_codes", :account_id)
   -> 0.0002s
-- execute("DELETE FROM account_imports WHERE account_id IS NULL")
   -> 0.0001s
-- change_column_null("account_imports", :account_id, false)
   -> 0.0059s
-- index_exists?("account_imports", :account_id)
   -> 0.0003s
-- execute("DELETE FROM users WHERE account_id IS NULL")
   -> 0.0001s
-- change_column_null("users", :account_id, false)
   -> 0.0070s
-- index_exists?("users", :account_id)
   -> 0.0003s
-- add_index("users", :account_id)
   -> 0.0002s
-- add_column("accesses", :account_id, :uuid)
   -> 0.0008s
-- execute("UPDATE accesses SET account_id = (SELECT boards.account_id FROM boards WHERE boards.id = accesses.board_id)")
   -> 0.0001s
-- execute("DELETE FROM accesses WHERE account_id IS NULL")
   -> 0.0001s
-- change_column_null("accesses", :account_id, false)
   -> 0.0078s
-- add_index("accesses", :account_id)
   -> 0.0002s
-- add_column("assignments", :account_id, :uuid)
   -> 0.0007s
-- execute("UPDATE assignments SET account_id = (SELECT cards.account_id FROM cards WHERE cards.id = assignments.card_id)")
   -> 0.0001s
-- execute("DELETE FROM assignments WHERE account_id IS NULL")
   -> 0.0001s
-- change_column_null("assignments", :account_id, false)
   -> 0.0054s
-- add_index("assignments", :account_id)
   -> 0.0001s
-- add_column("board_publications", :account_id, :uuid)
   -> 0.0007s
-- execute("UPDATE board_publications SET account_id = (SELECT boards.account_id FROM boards WHERE boards.id = board_publications.board_id)")
   -> 0.0001s
-- execute("DELETE FROM board_publications WHERE account_id IS NULL")
   -> 0.0001s
-- change_column_null("board_publications", :account_id, false)
   -> 0.0058s
-- add_index("board_publications", :account_id)
   -> 0.0002s
-- add_column("card_activity_spikes", :account_id, :uuid)
   -> 0.0007s
-- execute("UPDATE card_activity_spikes SET account_id = (SELECT cards.account_id FROM cards WHERE cards.id = card_activity_spikes.card_id)")
   -> 0.0001s
-- execute("DELETE FROM card_activity_spikes WHERE account_id IS NULL")
   -> 0.0001s
-- change_column_null("card_activity_spikes", :account_id, false)
   -> 0.0040s
-- add_index("card_activity_spikes", :account_id)
   -> 0.0001s
-- add_column("card_goldnesses", :account_id, :uuid)
   -> 0.0006s
-- execute("UPDATE card_goldnesses SET account_id = (SELECT cards.account_id FROM cards WHERE cards.id = card_goldnesses.card_id)")
   -> 0.0001s
-- execute("DELETE FROM card_goldnesses WHERE account_id IS NULL")
   -> 0.0001s
-- change_column_null("card_goldnesses", :account_id, false)
   -> 0.0039s
-- add_index("card_goldnesses", :account_id)
   -> 0.0001s
-- add_column("card_not_nows", :account_id, :uuid)
   -> 0.0007s
-- execute("UPDATE card_not_nows SET account_id = (SELECT cards.account_id FROM cards WHERE cards.id = card_not_nows.card_id)")
   -> 0.0001s
-- execute("DELETE FROM card_not_nows WHERE account_id IS NULL")
   -> 0.0001s
-- change_column_null("card_not_nows", :account_id, false)
   -> 0.0346s
-- add_index("card_not_nows", :account_id)
   -> 0.0002s
-- add_column("closures", :account_id, :uuid)
   -> 0.0008s
-- execute("UPDATE closures SET account_id = (SELECT cards.account_id FROM cards WHERE cards.id = closures.card_id)")
   -> 0.0001s
-- execute("DELETE FROM closures WHERE account_id IS NULL")
   -> 0.0001s
-- change_column_null("closures", :account_id, false)
   -> 0.0075s
-- add_index("closures", :account_id)
   -> 0.0002s
-- add_column("pins", :account_id, :uuid)
   -> 0.0007s
-- execute("UPDATE pins SET account_id = (SELECT cards.account_id FROM cards WHERE cards.id = pins.card_id)")
   -> 0.0001s
-- execute("DELETE FROM pins WHERE account_id IS NULL")
   -> 0.0001s
-- change_column_null("pins", :account_id, false)
   -> 0.0075s
-- add_index("pins", :account_id)
   -> 0.0002s
-- add_column("taggings", :account_id, :uuid)
   -> 0.0008s
-- execute("UPDATE taggings SET account_id = (SELECT cards.account_id FROM cards WHERE cards.id = taggings.card_id)")
   -> 0.0001s
-- execute("DELETE FROM taggings WHERE account_id IS NULL")
   -> 0.0001s
-- change_column_null("taggings", :account_id, false)
   -> 0.0063s
-- add_index("taggings", :account_id)
   -> 0.0002s
-- add_column("watches", :account_id, :uuid)
   -> 0.0007s
-- execute("UPDATE watches SET account_id = (SELECT cards.account_id FROM cards WHERE cards.id = watches.card_id)")
   -> 0.0001s
-- execute("DELETE FROM watches WHERE account_id IS NULL")
   -> 0.0001s
-- change_column_null("watches", :account_id, false)
   -> 0.0065s
-- add_index("watches", :account_id)
   -> 0.0001s
-- add_column("user_settings", :account_id, :uuid)
   -> 0.0007s
-- execute("UPDATE user_settings SET account_id = (SELECT users.account_id FROM users WHERE users.id = user_settings.user_id)")
   -> 0.0001s
-- execute("DELETE FROM user_settings WHERE account_id IS NULL")
   -> 0.0001s
-- change_column_null("user_settings", :account_id, false)
   -> 0.0061s
-- add_index("user_settings", :account_id)
   -> 0.0001s
-- add_column("webhook_delinquency_trackers", :account_id, :uuid)
   -> 0.0007s
-- execute("UPDATE webhook_delinquency_trackers SET account_id = (SELECT webhooks.account_id FROM webhooks WHERE webhooks.id = webhook_delinquency_trackers.webhook_id)")
   -> 0.0001s
-- execute("DELETE FROM webhook_delinquency_trackers WHERE account_id IS NULL")
   -> 0.0001s
-- change_column_null("webhook_delinquency_trackers", :account_id, false)
   -> 0.0044s
-- add_index("webhook_delinquency_trackers", :account_id)
   -> 0.0001s
-- add_column("webhook_deliveries", :account_id, :uuid)
   -> 0.0007s
-- execute("UPDATE webhook_deliveries SET account_id = (SELECT webhooks.account_id FROM webhooks WHERE webhooks.id = webhook_deliveries.webhook_id)")
   -> 0.0001s
-- execute("DELETE FROM webhook_deliveries WHERE account_id IS NULL")
   -> 0.0001s
-- change_column_null("webhook_deliveries", :account_id, false)
   -> 0.0074s
-- add_index("webhook_deliveries", :account_id)
   -> 0.0002s
-- add_column("search_queries", :account_id, :uuid)
   -> 0.0008s
-- execute("UPDATE search_queries SET account_id = (SELECT users.account_id FROM users WHERE users.id = search_queries.user_id)")
   -> 0.0001s
-- execute("DELETE FROM search_queries WHERE account_id IS NULL")
   -> 0.0001s
-- change_column_null("search_queries", :account_id, false)
   -> 0.0061s
-- add_index("search_queries", :account_id)
   -> 0.0002s
-- add_column("storage_totals", :account_id, :uuid)
   -> 0.0007s
-- execute("UPDATE storage_totals SET account_id = (SELECT CASE storage_totals.owner_type WHEN 'Account' THEN storage_totals.owner_id WHEN 'Board' THEN (SELECT boards.account_id FROM boards WHERE boards.id = storage_totals.owner_id) END)")
   -> 0.0001s
-- execute("DELETE FROM storage_totals WHERE account_id IS NULL")
   -> 0.0001s
-- change_column_null("storage_totals", :account_id, false)
   -> 0.0046s
-- add_index("storage_totals", :account_id)
   -> 0.0002s
-- add_column("entropies", :account_id, :uuid)
   -> 0.0007s
-- execute("UPDATE entropies SET account_id = (SELECT CASE entropies.container_type WHEN 'Account' THEN entropies.container_id WHEN 'Board' THEN (SELECT boards.account_id FROM boards WHERE boards.id = entropies.container_id) WHEN 'Card' THEN (SELECT cards.account_id FROM cards WHERE cards.id = entropies.container_id) END)")
   -> 0.0001s
-- execute("DELETE FROM entropies WHERE account_id IS NULL")
   -> 0.0001s
-- change_column_null("entropies", :account_id, false)
   -> 0.0055s
-- add_index("entropies", :account_id)
   -> 0.0001s
-- add_column("mentions", :account_id, :uuid)
   -> 0.0007s
-- execute("UPDATE mentions SET account_id = (SELECT CASE mentions.source_type WHEN 'Card' THEN (SELECT cards.account_id FROM cards WHERE cards.id = mentions.source_id) WHEN 'Comment' THEN (SELECT comments.account_id FROM comments WHERE comments.id = mentions.source_id) END)")
   -> 0.0001s
-- execute("DELETE FROM mentions WHERE account_id IS NULL")
   -> 0.0001s
-- change_column_null("mentions", :account_id, false)
   -> 0.0064s
-- add_index("mentions", :account_id)
   -> 0.0002s
-- add_column("reactions", :account_id, :uuid)
   -> 0.0007s
-- execute("UPDATE reactions SET account_id = (SELECT CASE reactions.reactable_type WHEN 'Card' THEN (SELECT cards.account_id FROM cards WHERE cards.id = reactions.reactable_id) WHEN 'Comment' THEN (SELECT comments.account_id FROM comments WHERE comments.id = reactions.reactable_id) END)")
   -> 0.0001s
-- execute("DELETE FROM reactions WHERE account_id IS NULL")
   -> 0.0001s
-- change_column_null("reactions", :account_id, false)
   -> 0.0058s
-- add_index("reactions", :account_id)
   -> 0.0002s
-- add_column("action_text_rich_texts", :account_id, :uuid)
   -> 0.0008s
-- add_column("active_storage_variant_records", :account_id, :uuid)
   -> 0.0007s
-- add_column("active_storage_attachments", :account_id, :uuid)
   -> 0.0007s
-- add_column("active_storage_blobs", :account_id, :uuid)
   -> 0.0006s
-- execute("UPDATE action_text_rich_texts SET account_id = ( SELECT CASE action_text_rich_texts.record_type WHEN 'Card' THEN (SELECT cards.account_id FROM cards WHERE cards.id = action_text_rich_texts.record_id) WHEN 'Comment' THEN (SELECT comments.account_id FROM comments WHERE comments.id = action_text_rich_texts.record_id) WHEN 'Board' THEN (SELECT boards.account_id FROM boards WHERE boards.id = action_text_rich_texts.record_id) END )")
   -> 0.0001s
-- execute("UPDATE active_storage_attachments SET account_id = ( SELECT CASE active_storage_attachments.record_type WHEN 'Card' THEN (SELECT cards.account_id FROM cards WHERE cards.id = active_storage_attachments.record_id) WHEN 'Comment' THEN (SELECT comments.account_id FROM comments WHERE comments.id = active_storage_attachments.record_id) WHEN 'Board' THEN (SELECT boards.account_id FROM boards WHERE boards.id = active_storage_attachments.record_id) WHEN 'User' THEN (SELECT users.account_id FROM users WHERE users.id = active_storage_attachments.record_id) WHEN 'ActionText::RichText' THEN (SELECT action_text_rich_texts.account_id FROM action_text_rich_texts WHERE action_text_rich_texts.id = active_storage_attachments.record_id) WHEN 'Account::Export' THEN (SELECT exports.account_id FROM exports WHERE exports.id = active_storage_attachments.record_id) WHEN 'Account::Import' THEN (SELECT account_imports.account_id FROM account_imports WHERE account_imports.id = active_storage_attachments.record_id) END ) WHERE account_id IS NULL")
   -> 0.0001s
-- execute("UPDATE active_storage_blobs SET account_id = ( SELECT CASE attachments.record_type WHEN 'Card' THEN (SELECT cards.account_id FROM cards WHERE cards.id = attachments.record_id) WHEN 'Comment' THEN (SELECT comments.account_id FROM comments WHERE comments.id = attachments.record_id) WHEN 'Board' THEN (SELECT boards.account_id FROM boards WHERE boards.id = attachments.record_id) WHEN 'User' THEN (SELECT users.account_id FROM users WHERE users.id = attachments.record_id) WHEN 'ActionText::RichText' THEN (SELECT action_text_rich_texts.account_id FROM action_text_rich_texts WHERE action_text_rich_texts.id = attachments.record_id) WHEN 'Account::Export' THEN (SELECT exports.account_id FROM exports WHERE exports.id = attachments.record_id) WHEN 'Account::Import' THEN (SELECT account_imports.account_id FROM account_imports WHERE account_imports.id = attachments.record_id) WHEN 'ActiveStorage::VariantRecord' THEN (SELECT active_storage_variant_records.account_id FROM active_storage_variant_records WHERE active_storage_variant_records.id = attachments.record_id) END FROM active_storage_attachments attachments WHERE attachments.blob_id = active_storage_blobs.id LIMIT 1 )")
   -> 0.0002s
-- execute("UPDATE active_storage_variant_records SET account_id = (SELECT active_storage_blobs.account_id FROM active_storage_blobs WHERE active_storage_blobs.id = active_storage_variant_records.blob_id)")
   -> 0.0001s
-- execute("UPDATE active_storage_attachments SET account_id = ( SELECT CASE active_storage_attachments.record_type WHEN 'Card' THEN (SELECT cards.account_id FROM cards WHERE cards.id = active_storage_attachments.record_id) WHEN 'Comment' THEN (SELECT comments.account_id FROM comments WHERE comments.id = active_storage_attachments.record_id) WHEN 'Board' THEN (SELECT boards.account_id FROM boards WHERE boards.id = active_storage_attachments.record_id) WHEN 'User' THEN (SELECT users.account_id FROM users WHERE users.id = active_storage_attachments.record_id) WHEN 'ActionText::RichText' THEN (SELECT action_text_rich_texts.account_id FROM action_text_rich_texts WHERE action_text_rich_texts.id = active_storage_attachments.record_id) WHEN 'Account::Export' THEN (SELECT exports.account_id FROM exports WHERE exports.id = active_storage_attachments.record_id) WHEN 'Account::Import' THEN (SELECT account_imports.account_id FROM account_imports WHERE account_imports.id = active_storage_attachments.record_id) WHEN 'ActiveStorage::VariantRecord' THEN ( SELECT active_storage_variant_records.account_id FROM active_storage_variant_records WHERE active_storage_variant_records.id = active_storage_attachments.record_id ) END ) WHERE account_id IS NULL")
   -> 0.0001s
-- execute("UPDATE active_storage_blobs SET account_id = ( SELECT CASE attachments.record_type WHEN 'Card' THEN (SELECT cards.account_id FROM cards WHERE cards.id = attachments.record_id) WHEN 'Comment' THEN (SELECT comments.account_id FROM comments WHERE comments.id = attachments.record_id) WHEN 'Board' THEN (SELECT boards.account_id FROM boards WHERE boards.id = attachments.record_id) WHEN 'User' THEN (SELECT users.account_id FROM users WHERE users.id = attachments.record_id) WHEN 'ActionText::RichText' THEN (SELECT action_text_rich_texts.account_id FROM action_text_rich_texts WHERE action_text_rich_texts.id = attachments.record_id) WHEN 'Account::Export' THEN (SELECT exports.account_id FROM exports WHERE exports.id = attachments.record_id) WHEN 'Account::Import' THEN (SELECT account_imports.account_id FROM account_imports WHERE account_imports.id = attachments.record_id) WHEN 'ActiveStorage::VariantRecord' THEN (SELECT active_storage_variant_records.account_id FROM active_storage_variant_records WHERE active_storage_variant_records.id = attachments.record_id) END FROM active_storage_attachments attachments WHERE attachments.blob_id = active_storage_blobs.id LIMIT 1 )")
   -> 0.0001s
-- execute("DELETE FROM action_text_rich_texts WHERE account_id IS NULL")
   -> 0.0001s
-- change_column_null("action_text_rich_texts", :account_id, false)
   -> 0.0046s
-- add_index("action_text_rich_texts", :account_id)
   -> 0.0002s
-- execute("DELETE FROM active_storage_variant_records WHERE account_id IS NULL")
   -> 0.0001s
-- change_column_null("active_storage_variant_records", :account_id, false)
   -> 0.0039s
-- add_index("active_storage_variant_records", :account_id)
   -> 0.0002s
-- execute("DELETE FROM active_storage_attachments WHERE account_id IS NULL")
   -> 0.0001s
-- change_column_null("active_storage_attachments", :account_id, false)
   -> 0.0053s
-- add_index("active_storage_attachments", :account_id)
   -> 0.0002s
-- execute("DELETE FROM active_storage_blobs WHERE account_id IS NULL")
   -> 0.0001s
-- change_column_null("active_storage_blobs", :account_id, false)
   -> 0.0050s
-- add_index("active_storage_blobs", :account_id)
   -> 0.0002s
-- index_exists?(:tags, :title)
   -> 0.0002s
-- remove_index(:tags, {name: "index_tags_on_title"})
   -> 0.0001s
-- add_index(:tags, [:account_id, :title], {unique: true, name: "index_tags_on_account_id_and_title"})
   -> 0.0002s
== 20260710000000 AddAccountIdToAllAccountTables: migrated (0.2818s) ==========

== 20260710000000 AddAccountIdToAllAccountTables: reverting ===================
-- remove_index(:tags, {name: "index_tags_on_account_id_and_title"})
   -> 0.0004s
-- add_index(:tags, :title, {unique: true, name: "index_tags_on_title"})
   -> 0.0002s
-- index_exists?("action_text_rich_texts", :account_id)
   -> 0.0003s
-- remove_index("action_text_rich_texts", :account_id)
   -> 0.0004s
-- remove_column("action_text_rich_texts", :account_id)
   -> 0.0054s
-- index_exists?("active_storage_variant_records", :account_id)
   -> 0.0002s
-- remove_index("active_storage_variant_records", :account_id)
   -> 0.0004s
-- remove_column("active_storage_variant_records", :account_id)
   -> 0.0039s
-- index_exists?("active_storage_attachments", :account_id)
   -> 0.0004s
-- remove_index("active_storage_attachments", :account_id)
   -> 0.0004s
-- remove_column("active_storage_attachments", :account_id)
   -> 0.0056s
-- index_exists?("active_storage_blobs", :account_id)
   -> 0.0002s
-- remove_index("active_storage_blobs", :account_id)
   -> 0.0003s
-- remove_column("active_storage_blobs", :account_id)
   -> 0.0355s
-- index_exists?("accesses", :account_id)
   -> 0.0005s
-- remove_index("accesses", :account_id)
   -> 0.0006s
-- remove_column("accesses", :account_id)
   -> 0.0102s
-- index_exists?("assignments", :account_id)
   -> 0.0011s
-- remove_index("assignments", :account_id)
   -> 0.0006s
-- remove_column("assignments", :account_id)
   -> 0.0077s
-- index_exists?("board_publications", :account_id)
   -> 0.0004s
-- remove_index("board_publications", :account_id)
   -> 0.0012s
-- remove_column("board_publications", :account_id)
   -> 0.0053s
-- index_exists?("card_activity_spikes", :account_id)
   -> 0.0003s
-- remove_index("card_activity_spikes", :account_id)
   -> 0.0003s
-- remove_column("card_activity_spikes", :account_id)
   -> 0.0044s
-- index_exists?("card_goldnesses", :account_id)
   -> 0.0003s
-- remove_index("card_goldnesses", :account_id)
   -> 0.0004s
-- remove_column("card_goldnesses", :account_id)
   -> 0.0103s
-- index_exists?("card_not_nows", :account_id)
   -> 0.0013s
-- remove_index("card_not_nows", :account_id)
   -> 0.0034s
-- remove_column("card_not_nows", :account_id)
   -> 0.0243s
-- index_exists?("closures", :account_id)
   -> 0.0017s
-- remove_index("closures", :account_id)
   -> 0.0038s
-- remove_column("closures", :account_id)
   -> 0.0352s
-- index_exists?("pins", :account_id)
   -> 0.0016s
-- remove_index("pins", :account_id)
   -> 0.0015s
-- remove_column("pins", :account_id)
   -> 0.0233s
-- index_exists?("taggings", :account_id)
   -> 0.0003s
-- remove_index("taggings", :account_id)
   -> 0.0004s
-- remove_column("taggings", :account_id)
   -> 0.0064s
-- index_exists?("watches", :account_id)
   -> 0.0004s
-- remove_index("watches", :account_id)
   -> 0.0005s
-- remove_column("watches", :account_id)
   -> 0.0092s
-- index_exists?("user_settings", :account_id)
   -> 0.0003s
-- remove_index("user_settings", :account_id)
   -> 0.0004s
-- remove_column("user_settings", :account_id)
   -> 0.0061s
-- index_exists?("webhook_delinquency_trackers", :account_id)
   -> 0.0002s
-- remove_index("webhook_delinquency_trackers", :account_id)
   -> 0.0003s
-- remove_column("webhook_delinquency_trackers", :account_id)
   -> 0.0051s
-- index_exists?("webhook_deliveries", :account_id)
   -> 0.0005s
-- remove_index("webhook_deliveries", :account_id)
   -> 0.0005s
-- remove_column("webhook_deliveries", :account_id)
   -> 0.0077s
-- index_exists?("search_queries", :account_id)
   -> 0.0004s
-- remove_index("search_queries", :account_id)
   -> 0.0006s
-- remove_column("search_queries", :account_id)
   -> 0.0065s
-- index_exists?("storage_totals", :account_id)
   -> 0.0003s
-- remove_index("storage_totals", :account_id)
   -> 0.0003s
-- remove_column("storage_totals", :account_id)
   -> 0.0043s
-- index_exists?("entropies", :account_id)
   -> 0.0004s
-- remove_index("entropies", :account_id)
   -> 0.0006s
-- remove_column("entropies", :account_id)
   -> 0.0051s
-- index_exists?("mentions", :account_id)
   -> 0.0004s
-- remove_index("mentions", :account_id)
   -> 0.0004s
-- remove_column("mentions", :account_id)
   -> 0.0064s
-- index_exists?("reactions", :account_id)
   -> 0.0003s
-- remove_index("reactions", :account_id)
   -> 0.0006s
-- remove_column("reactions", :account_id)
   -> 0.0055s
-- index_exists?("boards", :account_id)
   -> 0.0002s
-- remove_index("boards", :account_id)
   -> 0.0003s
-- change_column_null("boards", :account_id, true)
   -> 0.0043s
-- index_exists?("cards", :account_id)
   -> 0.0006s
-- remove_index("cards", :account_id)
   -> 0.0006s
-- change_column_null("cards", :account_id, true)
   -> 0.0103s
-- index_exists?("columns", :account_id)
   -> 0.0003s
-- remove_index("columns", :account_id)
   -> 0.0004s
-- change_column_null("columns", :account_id, true)
   -> 0.0056s
-- index_exists?("comments", :account_id)
   -> 0.0002s
-- remove_index("comments", :account_id)
   -> 0.0003s
-- change_column_null("comments", :account_id, true)
   -> 0.0044s
-- index_exists?("steps", :account_id)
   -> 0.0004s
-- remove_index("steps", :account_id)
   -> 0.0005s
-- change_column_null("steps", :account_id, true)
   -> 0.0064s
-- index_exists?("events", :account_id)
   -> 0.0006s
-- remove_index("events", :account_id)
   -> 0.0007s
-- change_column_null("events", :account_id, true)
   -> 0.0112s
-- index_exists?("filters", :account_id)
   -> 0.0003s
-- remove_index("filters", :account_id)
   -> 0.0006s
-- change_column_null("filters", :account_id, true)
   -> 0.0064s
-- index_exists?("notifications", :account_id)
   -> 0.0010s
-- remove_index("notifications", :account_id)
   -> 0.0010s
-- change_column_null("notifications", :account_id, true)
   -> 0.0328s
-- index_exists?("notification_bundles", :account_id)
   -> 0.0004s
-- remove_index("notification_bundles", :account_id)
   -> 0.0005s
-- change_column_null("notification_bundles", :account_id, true)
   -> 0.0073s
-- index_exists?("push_subscriptions", :account_id)
   -> 0.0002s
-- remove_index("push_subscriptions", :account_id)
   -> 0.0003s
-- change_column_null("push_subscriptions", :account_id, true)
   -> 0.0056s
-- index_exists?("webhooks", :account_id)
   -> 0.0002s
-- remove_index("webhooks", :account_id)
   -> 0.0003s
-- change_column_null("webhooks", :account_id, true)
   -> 0.0051s
-- index_exists?("tags", :account_id)
   -> 0.0002s
-- remove_index("tags", :account_id)
   -> 0.0003s
-- change_column_null("tags", :account_id, true)
   -> 0.0038s
-- index_exists?("account_join_codes", :account_id)
   -> 0.0002s
-- remove_index("account_join_codes", :account_id)
   -> 0.0003s
-- change_column_null("account_join_codes", :account_id, true)
   -> 0.0041s
-- index_exists?("account_imports", :account_id)
   -> 0.0002s
-- remove_index("account_imports", :account_id)
   -> 0.0003s
-- change_column_null("account_imports", :account_id, true)
   -> 0.0044s
-- index_exists?("users", :account_id)
   -> 0.0006s
-- remove_index("users", :account_id)
   -> 0.0004s
-- change_column_null("users", :account_id, true)
   -> 0.0068s
== 20260710000000 AddAccountIdToAllAccountTables: reverted (0.3962s) ==========

== 20260710000000 AddAccountIdToAllAccountTables: migrating ===================
-- execute("UPDATE boards SET account_id = (SELECT users.account_id FROM users WHERE users.id = boards.creator_id) WHERE account_id IS NULL")
   -> 0.0003s
-- execute("DELETE FROM boards WHERE account_id IS NULL")
   -> 0.0001s
-- change_column_null("boards", :account_id, false)
   -> 0.0058s
-- index_exists?("boards", :account_id)
   -> 0.0002s
-- add_index("boards", :account_id)
   -> 0.0002s
-- execute("UPDATE cards SET account_id = (SELECT boards.account_id FROM boards WHERE boards.id = cards.board_id) WHERE account_id IS NULL")
   -> 0.0001s
-- execute("DELETE FROM cards WHERE account_id IS NULL")
   -> 0.0001s
-- change_column_null("cards", :account_id, false)
   -> 0.0099s
-- index_exists?("cards", :account_id)
   -> 0.0004s
-- add_index("cards", :account_id)
   -> 0.0002s
-- execute("UPDATE columns SET account_id = (SELECT boards.account_id FROM boards WHERE boards.id = columns.board_id) WHERE account_id IS NULL")
   -> 0.0001s
-- execute("DELETE FROM columns WHERE account_id IS NULL")
   -> 0.0001s
-- change_column_null("columns", :account_id, false)
   -> 0.0052s
-- index_exists?("columns", :account_id)
   -> 0.0002s
-- add_index("columns", :account_id)
   -> 0.0001s
-- execute("UPDATE comments SET account_id = (SELECT cards.account_id FROM cards WHERE cards.id = comments.card_id) WHERE account_id IS NULL")
   -> 0.0001s
-- execute("DELETE FROM comments WHERE account_id IS NULL")
   -> 0.0001s
-- change_column_null("comments", :account_id, false)
   -> 0.0037s
-- index_exists?("comments", :account_id)
   -> 0.0001s
-- add_index("comments", :account_id)
   -> 0.0002s
-- execute("UPDATE steps SET account_id = (SELECT cards.account_id FROM cards WHERE cards.id = steps.card_id) WHERE account_id IS NULL")
   -> 0.0001s
-- execute("DELETE FROM steps WHERE account_id IS NULL")
   -> 0.0001s
-- change_column_null("steps", :account_id, false)
   -> 0.0050s
-- index_exists?("steps", :account_id)
   -> 0.0002s
-- add_index("steps", :account_id)
   -> 0.0002s
-- execute("UPDATE events SET account_id = (SELECT boards.account_id FROM boards WHERE boards.id = events.board_id) WHERE account_id IS NULL")
   -> 0.0001s
-- execute("DELETE FROM events WHERE account_id IS NULL")
   -> 0.0001s
-- change_column_null("events", :account_id, false)
   -> 0.0097s
-- index_exists?("events", :account_id)
   -> 0.0005s
-- add_index("events", :account_id)
   -> 0.0002s
-- execute("UPDATE filters SET account_id = (SELECT users.account_id FROM users WHERE users.id = filters.creator_id) WHERE account_id IS NULL")
   -> 0.0001s
-- execute("DELETE FROM filters WHERE account_id IS NULL")
   -> 0.0001s
-- change_column_null("filters", :account_id, false)
   -> 0.0041s
-- index_exists?("filters", :account_id)
   -> 0.0001s
-- add_index("filters", :account_id)
   -> 0.0002s
-- execute("UPDATE notifications SET account_id = (SELECT users.account_id FROM users WHERE users.id = notifications.user_id) WHERE account_id IS NULL")
   -> 0.0001s
-- execute("DELETE FROM notifications WHERE account_id IS NULL")
   -> 0.0001s
-- change_column_null("notifications", :account_id, false)
   -> 0.0121s
-- index_exists?("notifications", :account_id)
   -> 0.0005s
-- add_index("notifications", :account_id)
   -> 0.0002s
-- execute("UPDATE notification_bundles SET account_id = (SELECT users.account_id FROM users WHERE users.id = notification_bundles.user_id) WHERE account_id IS NULL")
   -> 0.0001s
-- execute("DELETE FROM notification_bundles WHERE account_id IS NULL")
   -> 0.0001s
-- change_column_null("notification_bundles", :account_id, false)
   -> 0.0067s
-- index_exists?("notification_bundles", :account_id)
   -> 0.0003s
-- add_index("notification_bundles", :account_id)
   -> 0.0002s
-- execute("UPDATE push_subscriptions SET account_id = (SELECT users.account_id FROM users WHERE users.id = push_subscriptions.user_id) WHERE account_id IS NULL")
   -> 0.0001s
-- execute("DELETE FROM push_subscriptions WHERE account_id IS NULL")
   -> 0.0001s
-- change_column_null("push_subscriptions", :account_id, false)
   -> 0.0048s
-- index_exists?("push_subscriptions", :account_id)
   -> 0.0001s
-- add_index("push_subscriptions", :account_id)
   -> 0.0001s
-- execute("UPDATE webhooks SET account_id = (SELECT boards.account_id FROM boards WHERE boards.id = webhooks.board_id) WHERE account_id IS NULL")
   -> 0.0001s
-- execute("DELETE FROM webhooks WHERE account_id IS NULL")
   -> 0.0001s
-- change_column_null("webhooks", :account_id, false)
   -> 0.0050s
-- index_exists?("webhooks", :account_id)
   -> 0.0001s
-- add_index("webhooks", :account_id)
   -> 0.0001s
-- execute("UPDATE tags SET account_id = (SELECT cards.account_id FROM taggings INNER JOIN cards ON cards.id = taggings.card_id WHERE taggings.tag_id = tags.id LIMIT 1) WHERE account_id IS NULL")
   -> 0.0001s
-- execute("DELETE FROM tags WHERE account_id IS NULL")
   -> 0.0001s
-- change_column_null("tags", :account_id, false)
   -> 0.0040s
-- index_exists?("tags", :account_id)
   -> 0.0001s
-- add_index("tags", :account_id)
   -> 0.0001s
-- execute("DELETE FROM account_join_codes WHERE account_id IS NULL")
   -> 0.0001s
-- change_column_null("account_join_codes", :account_id, false)
   -> 0.0043s
-- index_exists?("account_join_codes", :account_id)
   -> 0.0001s
-- add_index("account_join_codes", :account_id)
   -> 0.0002s
-- execute("DELETE FROM account_imports WHERE account_id IS NULL")
   -> 0.0001s
-- change_column_null("account_imports", :account_id, false)
   -> 0.0334s
-- index_exists?("account_imports", :account_id)
   -> 0.0002s
-- add_index("account_imports", :account_id)
   -> 0.0003s
-- execute("DELETE FROM users WHERE account_id IS NULL")
   -> 0.0001s
-- change_column_null("users", :account_id, false)
   -> 0.0106s
-- index_exists?("users", :account_id)
   -> 0.0004s
-- add_index("users", :account_id)
   -> 0.0003s
-- add_column("accesses", :account_id, :uuid)
   -> 0.0009s
-- execute("UPDATE accesses SET account_id = (SELECT boards.account_id FROM boards WHERE boards.id = accesses.board_id)")
   -> 0.0001s
-- execute("DELETE FROM accesses WHERE account_id IS NULL")
   -> 0.0001s
-- change_column_null("accesses", :account_id, false)
   -> 0.0094s
-- add_index("accesses", :account_id)
   -> 0.0002s
-- add_column("assignments", :account_id, :uuid)
   -> 0.0008s
-- execute("UPDATE assignments SET account_id = (SELECT cards.account_id FROM cards WHERE cards.id = assignments.card_id)")
   -> 0.0001s
-- execute("DELETE FROM assignments WHERE account_id IS NULL")
   -> 0.0001s
-- change_column_null("assignments", :account_id, false)
   -> 0.0057s
-- add_index("assignments", :account_id)
   -> 0.0007s
-- add_column("board_publications", :account_id, :uuid)
   -> 0.0008s
-- execute("UPDATE board_publications SET account_id = (SELECT boards.account_id FROM boards WHERE boards.id = board_publications.board_id)")
   -> 0.0001s
-- execute("DELETE FROM board_publications WHERE account_id IS NULL")
   -> 0.0001s
-- change_column_null("board_publications", :account_id, false)
   -> 0.0055s
-- add_index("board_publications", :account_id)
   -> 0.0002s
-- add_column("card_activity_spikes", :account_id, :uuid)
   -> 0.0007s
-- execute("UPDATE card_activity_spikes SET account_id = (SELECT cards.account_id FROM cards WHERE cards.id = card_activity_spikes.card_id)")
   -> 0.0001s
-- execute("DELETE FROM card_activity_spikes WHERE account_id IS NULL")
   -> 0.0001s
-- change_column_null("card_activity_spikes", :account_id, false)
   -> 0.0041s
-- add_index("card_activity_spikes", :account_id)
   -> 0.0002s
-- add_column("card_goldnesses", :account_id, :uuid)
   -> 0.0007s
-- execute("UPDATE card_goldnesses SET account_id = (SELECT cards.account_id FROM cards WHERE cards.id = card_goldnesses.card_id)")
   -> 0.0001s
-- execute("DELETE FROM card_goldnesses WHERE account_id IS NULL")
   -> 0.0001s
-- change_column_null("card_goldnesses", :account_id, false)
   -> 0.0046s
-- add_index("card_goldnesses", :account_id)
   -> 0.0002s
-- add_column("card_not_nows", :account_id, :uuid)
   -> 0.0007s
-- execute("UPDATE card_not_nows SET account_id = (SELECT cards.account_id FROM cards WHERE cards.id = card_not_nows.card_id)")
   -> 0.0001s
-- execute("DELETE FROM card_not_nows WHERE account_id IS NULL")
   -> 0.0001s
-- change_column_null("card_not_nows", :account_id, false)
   -> 0.0051s
-- add_index("card_not_nows", :account_id)
   -> 0.0002s
-- add_column("closures", :account_id, :uuid)
   -> 0.0007s
-- execute("UPDATE closures SET account_id = (SELECT cards.account_id FROM cards WHERE cards.id = closures.card_id)")
   -> 0.0001s
-- execute("DELETE FROM closures WHERE account_id IS NULL")
   -> 0.0001s
-- change_column_null("closures", :account_id, false)
   -> 0.0063s
-- add_index("closures", :account_id)
   -> 0.0002s
-- add_column("pins", :account_id, :uuid)
   -> 0.0007s
-- execute("UPDATE pins SET account_id = (SELECT cards.account_id FROM cards WHERE cards.id = pins.card_id)")
   -> 0.0001s
-- execute("DELETE FROM pins WHERE account_id IS NULL")
   -> 0.0001s
-- change_column_null("pins", :account_id, false)
   -> 0.0060s
-- add_index("pins", :account_id)
   -> 0.0004s
-- add_column("taggings", :account_id, :uuid)
   -> 0.0007s
-- execute("UPDATE taggings SET account_id = (SELECT cards.account_id FROM cards WHERE cards.id = taggings.card_id)")
   -> 0.0001s
-- execute("DELETE FROM taggings WHERE account_id IS NULL")
   -> 0.0001s
-- change_column_null("taggings", :account_id, false)
   -> 0.0050s
-- add_index("taggings", :account_id)
   -> 0.0002s
-- add_column("watches", :account_id, :uuid)
   -> 0.0009s
-- execute("UPDATE watches SET account_id = (SELECT cards.account_id FROM cards WHERE cards.id = watches.card_id)")
   -> 0.0001s
-- execute("DELETE FROM watches WHERE account_id IS NULL")
   -> 0.0001s
-- change_column_null("watches", :account_id, false)
   -> 0.0095s
-- add_index("watches", :account_id)
   -> 0.0002s
-- add_column("user_settings", :account_id, :uuid)
   -> 0.0008s
-- execute("UPDATE user_settings SET account_id = (SELECT users.account_id FROM users WHERE users.id = user_settings.user_id)")
   -> 0.0001s
-- execute("DELETE FROM user_settings WHERE account_id IS NULL")
   -> 0.0001s
-- change_column_null("user_settings", :account_id, false)
   -> 0.0053s
-- add_index("user_settings", :account_id)
   -> 0.0002s
-- add_column("webhook_delinquency_trackers", :account_id, :uuid)
   -> 0.0008s
-- execute("UPDATE webhook_delinquency_trackers SET account_id = (SELECT webhooks.account_id FROM webhooks WHERE webhooks.id = webhook_delinquency_trackers.webhook_id)")
   -> 0.0001s
-- execute("DELETE FROM webhook_delinquency_trackers WHERE account_id IS NULL")
   -> 0.0001s
-- change_column_null("webhook_delinquency_trackers", :account_id, false)
   -> 0.0042s
-- add_index("webhook_delinquency_trackers", :account_id)
   -> 0.0002s
-- add_column("webhook_deliveries", :account_id, :uuid)
   -> 0.0007s
-- execute("UPDATE webhook_deliveries SET account_id = (SELECT webhooks.account_id FROM webhooks WHERE webhooks.id = webhook_deliveries.webhook_id)")
   -> 0.0001s
-- execute("DELETE FROM webhook_deliveries WHERE account_id IS NULL")
   -> 0.0001s
-- change_column_null("webhook_deliveries", :account_id, false)
   -> 0.0065s
-- add_index("webhook_deliveries", :account_id)
   -> 0.0002s
-- add_column("search_queries", :account_id, :uuid)
   -> 0.0008s
-- execute("UPDATE search_queries SET account_id = (SELECT users.account_id FROM users WHERE users.id = search_queries.user_id)")
   -> 0.0001s
-- execute("DELETE FROM search_queries WHERE account_id IS NULL")
   -> 0.0001s
-- change_column_null("search_queries", :account_id, false)
   -> 0.0058s
-- add_index("search_queries", :account_id)
   -> 0.0002s
-- add_column("storage_totals", :account_id, :uuid)
   -> 0.0012s
-- execute("UPDATE storage_totals SET account_id = (SELECT CASE storage_totals.owner_type WHEN 'Account' THEN storage_totals.owner_id WHEN 'Board' THEN (SELECT boards.account_id FROM boards WHERE boards.id = storage_totals.owner_id) END)")
   -> 0.0001s
-- execute("DELETE FROM storage_totals WHERE account_id IS NULL")
   -> 0.0001s
-- change_column_null("storage_totals", :account_id, false)
   -> 0.0043s
-- add_index("storage_totals", :account_id)
   -> 0.0002s
-- add_column("entropies", :account_id, :uuid)
   -> 0.0007s
-- execute("UPDATE entropies SET account_id = (SELECT CASE entropies.container_type WHEN 'Account' THEN entropies.container_id WHEN 'Board' THEN (SELECT boards.account_id FROM boards WHERE boards.id = entropies.container_id) WHEN 'Card' THEN (SELECT cards.account_id FROM cards WHERE cards.id = entropies.container_id) END)")
   -> 0.0001s
-- execute("DELETE FROM entropies WHERE account_id IS NULL")
   -> 0.0001s
-- change_column_null("entropies", :account_id, false)
   -> 0.0266s
-- add_index("entropies", :account_id)
   -> 0.0002s
-- add_column("mentions", :account_id, :uuid)
   -> 0.0009s
-- execute("UPDATE mentions SET account_id = (SELECT CASE mentions.source_type WHEN 'Card' THEN (SELECT cards.account_id FROM cards WHERE cards.id = mentions.source_id) WHEN 'Comment' THEN (SELECT comments.account_id FROM comments WHERE comments.id = mentions.source_id) END)")
   -> 0.0001s
-- execute("DELETE FROM mentions WHERE account_id IS NULL")
   -> 0.0001s
-- change_column_null("mentions", :account_id, false)
   -> 0.0083s
-- add_index("mentions", :account_id)
   -> 0.0002s
-- add_column("reactions", :account_id, :uuid)
   -> 0.0008s
-- execute("UPDATE reactions SET account_id = (SELECT CASE reactions.reactable_type WHEN 'Card' THEN (SELECT cards.account_id FROM cards WHERE cards.id = reactions.reactable_id) WHEN 'Comment' THEN (SELECT comments.account_id FROM comments WHERE comments.id = reactions.reactable_id) END)")
   -> 0.0001s
-- execute("DELETE FROM reactions WHERE account_id IS NULL")
   -> 0.0001s
-- change_column_null("reactions", :account_id, false)
   -> 0.0070s
-- add_index("reactions", :account_id)
   -> 0.0002s
-- add_column("action_text_rich_texts", :account_id, :uuid)
   -> 0.0008s
-- add_column("active_storage_variant_records", :account_id, :uuid)
   -> 0.0007s
-- add_column("active_storage_attachments", :account_id, :uuid)
   -> 0.0007s
-- add_column("active_storage_blobs", :account_id, :uuid)
   -> 0.0007s
-- execute("UPDATE action_text_rich_texts SET account_id = ( SELECT CASE action_text_rich_texts.record_type WHEN 'Card' THEN (SELECT cards.account_id FROM cards WHERE cards.id = action_text_rich_texts.record_id) WHEN 'Comment' THEN (SELECT comments.account_id FROM comments WHERE comments.id = action_text_rich_texts.record_id) WHEN 'Board' THEN (SELECT boards.account_id FROM boards WHERE boards.id = action_text_rich_texts.record_id) END )")
   -> 0.0001s
-- execute("UPDATE active_storage_attachments SET account_id = ( SELECT CASE active_storage_attachments.record_type WHEN 'Card' THEN (SELECT cards.account_id FROM cards WHERE cards.id = active_storage_attachments.record_id) WHEN 'Comment' THEN (SELECT comments.account_id FROM comments WHERE comments.id = active_storage_attachments.record_id) WHEN 'Board' THEN (SELECT boards.account_id FROM boards WHERE boards.id = active_storage_attachments.record_id) WHEN 'User' THEN (SELECT users.account_id FROM users WHERE users.id = active_storage_attachments.record_id) WHEN 'ActionText::RichText' THEN (SELECT action_text_rich_texts.account_id FROM action_text_rich_texts WHERE action_text_rich_texts.id = active_storage_attachments.record_id) WHEN 'Account::Export' THEN (SELECT exports.account_id FROM exports WHERE exports.id = active_storage_attachments.record_id) WHEN 'Account::Import' THEN (SELECT account_imports.account_id FROM account_imports WHERE account_imports.id = active_storage_attachments.record_id) END ) WHERE account_id IS NULL")
   -> 0.0002s
-- execute("UPDATE active_storage_blobs SET account_id = ( SELECT CASE attachments.record_type WHEN 'Card' THEN (SELECT cards.account_id FROM cards WHERE cards.id = attachments.record_id) WHEN 'Comment' THEN (SELECT comments.account_id FROM comments WHERE comments.id = attachments.record_id) WHEN 'Board' THEN (SELECT boards.account_id FROM boards WHERE boards.id = attachments.record_id) WHEN 'User' THEN (SELECT users.account_id FROM users WHERE users.id = attachments.record_id) WHEN 'ActionText::RichText' THEN (SELECT action_text_rich_texts.account_id FROM action_text_rich_texts WHERE action_text_rich_texts.id = attachments.record_id) WHEN 'Account::Export' THEN (SELECT exports.account_id FROM exports WHERE exports.id = attachments.record_id) WHEN 'Account::Import' THEN (SELECT account_imports.account_id FROM account_imports WHERE account_imports.id = attachments.record_id) WHEN 'ActiveStorage::VariantRecord' THEN (SELECT active_storage_variant_records.account_id FROM active_storage_variant_records WHERE active_storage_variant_records.id = attachments.record_id) END FROM active_storage_attachments attachments WHERE attachments.blob_id = active_storage_blobs.id LIMIT 1 )")
   -> 0.0002s
-- execute("UPDATE active_storage_variant_records SET account_id = (SELECT active_storage_blobs.account_id FROM active_storage_blobs WHERE active_storage_blobs.id = active_storage_variant_records.blob_id)")
   -> 0.0001s
-- execute("UPDATE active_storage_attachments SET account_id = ( SELECT CASE active_storage_attachments.record_type WHEN 'Card' THEN (SELECT cards.account_id FROM cards WHERE cards.id = active_storage_attachments.record_id) WHEN 'Comment' THEN (SELECT comments.account_id FROM comments WHERE comments.id = active_storage_attachments.record_id) WHEN 'Board' THEN (SELECT boards.account_id FROM boards WHERE boards.id = active_storage_attachments.record_id) WHEN 'User' THEN (SELECT users.account_id FROM users WHERE users.id = active_storage_attachments.record_id) WHEN 'ActionText::RichText' THEN (SELECT action_text_rich_texts.account_id FROM action_text_rich_texts WHERE action_text_rich_texts.id = active_storage_attachments.record_id) WHEN 'Account::Export' THEN (SELECT exports.account_id FROM exports WHERE exports.id = active_storage_attachments.record_id) WHEN 'Account::Import' THEN (SELECT account_imports.account_id FROM account_imports WHERE account_imports.id = active_storage_attachments.record_id) WHEN 'ActiveStorage::VariantRecord' THEN ( SELECT active_storage_variant_records.account_id FROM active_storage_variant_records WHERE active_storage_variant_records.id = active_storage_attachments.record_id ) END ) WHERE account_id IS NULL")
   -> 0.0001s
-- execute("UPDATE active_storage_blobs SET account_id = ( SELECT CASE attachments.record_type WHEN 'Card' THEN (SELECT cards.account_id FROM cards WHERE cards.id = attachments.record_id) WHEN 'Comment' THEN (SELECT comments.account_id FROM comments WHERE comments.id = attachments.record_id) WHEN 'Board' THEN (SELECT boards.account_id FROM boards WHERE boards.id = attachments.record_id) WHEN 'User' THEN (SELECT users.account_id FROM users WHERE users.id = attachments.record_id) WHEN 'ActionText::RichText' THEN (SELECT action_text_rich_texts.account_id FROM action_text_rich_texts WHERE action_text_rich_texts.id = attachments.record_id) WHEN 'Account::Export' THEN (SELECT exports.account_id FROM exports WHERE exports.id = attachments.record_id) WHEN 'Account::Import' THEN (SELECT account_imports.account_id FROM account_imports WHERE account_imports.id = attachments.record_id) WHEN 'ActiveStorage::VariantRecord' THEN (SELECT active_storage_variant_records.account_id FROM active_storage_variant_records WHERE active_storage_variant_records.id = attachments.record_id) END FROM active_storage_attachments attachments WHERE attachments.blob_id = active_storage_blobs.id LIMIT 1 )")
   -> 0.0001s
-- execute("DELETE FROM action_text_rich_texts WHERE account_id IS NULL")
   -> 0.0001s
-- change_column_null("action_text_rich_texts", :account_id, false)
   -> 0.0053s
-- add_index("action_text_rich_texts", :account_id)
   -> 0.0002s
-- execute("DELETE FROM active_storage_variant_records WHERE account_id IS NULL")
   -> 0.0001s
-- change_column_null("active_storage_variant_records", :account_id, false)
   -> 0.0044s
-- add_index("active_storage_variant_records", :account_id)
   -> 0.0002s
-- execute("DELETE FROM active_storage_attachments WHERE account_id IS NULL")
   -> 0.0001s
-- change_column_null("active_storage_attachments", :account_id, false)
   -> 0.0064s
-- add_index("active_storage_attachments", :account_id)
   -> 0.0002s
-- execute("DELETE FROM active_storage_blobs WHERE account_id IS NULL")
   -> 0.0001s
-- change_column_null("active_storage_blobs", :account_id, false)
   -> 0.0053s
-- add_index("active_storage_blobs", :account_id)
   -> 0.0002s
-- index_exists?(:tags, :title)
   -> 0.0003s
-- remove_index(:tags, {name: "index_tags_on_title"})
   -> 0.0001s
-- add_index(:tags, [:account_id, :title], {unique: true, name: "index_tags_on_account_id_and_title"})
   -> 0.0002s
== 20260710000000 AddAccountIdToAllAccountTables: migrated (0.3143s) ==========

......

Finished in 8.933191s, 0.7836 runs/s, 1.2314 assertions/s.
7 runs, 11 assertions, 0 failures, 0 errors, 0 skips
