Running 1538 tests in parallel using 2 processes
Run options: --seed 54428

# Running:

.........................................................................................................................................................................................................................................................................................................................................................................................................................................................................................................................................................................................................................................................................................................................................................................................................................................................................................................................................................................................................................................................................................................................................................................................................................................................................................................................................................................................................................................................S.S......................................................................................................................................

Finished in 31.382089s, 49.0088 runs/s, 184.8825 assertions/s.
1538 runs, 5802 assertions, 0 failures, 0 errors, 2 skips

You have skipped tests. Run with --verbose for details.
Running 5 tests in a single process (parallelization threshold is 50)
Run options: --seed 65355

# Running:

Capybara starting Puma...
* Version 7.2.1, codename: On The Corner
* Min threads: 0, max threads: 4
* Listening on http://127.0.0.1:40645
2026-09-11 13:23:16 INFO Selenium [:logger_info] Details on how to use and modify Selenium logger:
  https://selenium.dev/documentation/webdriver/troubleshooting/logging

2026-09-11 13:23:16 WARN Selenium [:selenium_manager] Exception managing chrome: error sending request for url (https://googlechromelabs.github.io/chrome-for-testing/known-good-versions-with-downloads.json) 
.....

Finished in 18.361564s, 0.2723 runs/s, 1.9606 assertions/s.
5 runs, 36 assertions, 0 failures, 0 errors, 0 skips
