/usr/local/bundle/gems/mini_magick-4.13.2/lib/mini_magick/shell.rb:2: warning: benchmark was loaded from the standard library, but will no longer be part of the default gems starting from Ruby 3.5.0.
You can add benchmark to your Gemfile or gemspec to silence this warning.
DEPRECATION WARNING: `config.active_support.to_time_preserves_timezone` is deprecated and will be removed in Rails 8.2 (called from block in TSort.tsort_each at /usr/local/bundle/gems/tsort-0.2.0/lib/tsort.rb:231)
Running 179 tests in parallel using 2 processes
Run options: --seed 37171

# Running:

.............................................................................SS....................................................................................................

Finished in 14.838501s, 12.0632 runs/s, 37.2679 assertions/s.
179 runs, 553 assertions, 0 failures, 0 errors, 2 skips

You have skipped tests. Run with --verbose for details.
/usr/local/bundle/gems/mini_magick-4.13.2/lib/mini_magick/shell.rb:2: warning: benchmark was loaded from the standard library, but will no longer be part of the default gems starting from Ruby 3.5.0.
You can add benchmark to your Gemfile or gemspec to silence this warning.
DEPRECATION WARNING: `config.active_support.to_time_preserves_timezone` is deprecated and will be removed in Rails 8.2 (called from block in TSort.tsort_each at /usr/local/bundle/gems/tsort-0.2.0/lib/tsort.rb:231)
Running 4 tests in a single process (parallelization threshold is 50)
Run options: --seed 6145

# Running:

.F

Failure:
VerifierTest#test_no_value_of_the_parameter_takes_the_reader_to_another_host [/tests/verification_test.rb:61]:
return_to="HTTP://WWW.EXAMPLE.COM/harvest" was answered 500

bin/rails test /tests/verification_test.rb:34

..

Finished in 3.614342s, 1.1067 runs/s, 7.4702 assertions/s.
4 runs, 27 assertions, 1 failures, 0 errors, 0 skips
