Running 1473 tests in parallel using 2 processes
Run options: --seed 15153

# Running:

..................................................................................................................................................................................................................................................................................................................................................................................................................................................................................................................................................................................................................................................................................................................................................S............................................................................S.................................................................................................................................................................................................................................................................................................................................................................................................................................................................................................................................................................................................................................................................................................

Finished in 31.257630s, 47.1245 runs/s, 178.5484 assertions/s.
1473 runs, 5581 assertions, 0 failures, 0 errors, 2 skips

You have skipped tests. Run with --verbose for details.
Running 13 tests in a single process (parallelization threshold is 50)
Run options: --seed 44013

# Running:

..E

Error:
VerifierTest#test_after_import,_comment_links_and_new_card_numbers_belong_to_the_new_account:
NoMethodError: undefined method '[]' for nil
    test/test_helpers/session_test_helper.rb:57:in 'SessionTestHelper#untenanted'

bin/rails test /tests/verification_test.rb:92

..E

Error:
VerifierTest#test_importing_the_same_file_twice_does_not_touch_the_first_import_or_leave_an_empty_account_behind:
NoMethodError: undefined method '[]' for nil
    test/test_helpers/session_test_helper.rb:57:in 'SessionTestHelper#untenanted'

bin/rails test /tests/verification_test.rb:117

E

Error:
VerifierTest#test_an_import_that_fails_leaves_nothing_behind,_and_the_importer_hears_why:
NoMethodError: undefined method '[]' for nil
    test/test_helpers/session_test_helper.rb:57:in 'SessionTestHelper#untenanted'

bin/rails test /tests/verification_test.rb:106

E

Error:
VerifierTest#test_the_account_file_comes_back_as_an_account_with_everything_in_it,_people_can_open_it,_and_the_importer_hears_it_is_done:
NoMethodError: undefined method '[]' for nil
    test/test_helpers/session_test_helper.rb:57:in 'SessionTestHelper#untenanted'

bin/rails test /tests/verification_test.rb:32

E

Error:
VerifierTest#test_a_crafted_file_cannot_reach_into_another_account:_its_records,_its_files_or_its_public_link:
NoMethodError: undefined method '[]' for nil
    test/test_helpers/session_test_helper.rb:57:in 'SessionTestHelper#untenanted'

bin/rails test /tests/verification_test.rb:131

....

Finished in 12.977845s, 1.0017 runs/s, 9.3236 assertions/s.
13 runs, 121 assertions, 0 failures, 5 errors, 0 skips
