/usr/local/bundle/gems/mini_magick-4.13.2/lib/mini_magick/shell.rb:2: warning: benchmark was loaded from the standard library, but will no longer be part of the default gems starting from Ruby 3.5.0.
You can add benchmark to your Gemfile or gemspec to silence this warning.
DEPRECATION WARNING: `config.active_support.to_time_preserves_timezone` is deprecated and will be removed in Rails 8.2 (called from block in TSort.tsort_each at /usr/local/bundle/gems/tsort-0.2.0/lib/tsort.rb:231)
Running 179 tests in parallel using 2 processes
Run options: --seed 11769

# Running:

..........................................SS.......................................................................................................................................

Finished in 14.628778s, 12.2362 runs/s, 37.8022 assertions/s.
179 runs, 553 assertions, 0 failures, 0 errors, 2 skips

You have skipped tests. Run with --verbose for details.
/usr/local/bundle/gems/mini_magick-4.13.2/lib/mini_magick/shell.rb:2: warning: benchmark was loaded from the standard library, but will no longer be part of the default gems starting from Ruby 3.5.0.
You can add benchmark to your Gemfile or gemspec to silence this warning.
DEPRECATION WARNING: `config.active_support.to_time_preserves_timezone` is deprecated and will be removed in Rails 8.2 (called from block in TSort.tsort_each at /usr/local/bundle/gems/tsort-0.2.0/lib/tsort.rb:231)
Running 4 tests in a single process (parallelization threshold is 50)
Run options: --seed 49743

# Running:

F

Failure:
VerifierTest#test_no_value_of_the_parameter_takes_the_reader_to_another_host [/tests/verification_test.rb:38]:
return_to=https://evil.example/harvest.
Expected: "www.example.com"
  Actual: "evil.example"

bin/rails test /tests/verification_test.rb:34

...

Finished in 2.024282s, 1.9760 runs/s, 6.9160 assertions/s.
4 runs, 14 assertions, 1 failures, 0 errors, 0 skips
