Running 1509 tests in parallel using 2 processes
Run options: --seed 25097

# Running:

.............................................................................................................................................................................................................................................................................................................................................................................................................................................................................F

Failure:
JoinCodesControllerTest#test_create_for_signed-in_identity_without_a_user_in_the_account_redirects_to_verification [test/controllers/join_codes_controller_test.rb:54]:
`User.count` didn't change by 1, but by 0.
Expected: 8
  Actual: 7

bin/rails test test/controllers/join_codes_controller_test.rb:47

..................................................F

Failure:
JoinCodesControllerTest#test_create_for_existing_identity [test/controllers/join_codes_controller_test.rb:44]:
Expected response to be a redirect to <http://www.example.com/897362094/landing> but was a redirect to <http://www.example.com/897362094/join/37S0-5678-9XYZ/email_code>.
Expected "http://www.example.com/897362094/landing" to be === "http://www.example.com/897362094/join/37S0-5678-9XYZ/email_code".

bin/rails test test/controllers/join_codes_controller_test.rb:31

..................................................................................................................................................................................................................................................................................................................................................................S....S............................................................................................................................................................................................................................................................................................................................................................................................................................................................................................................................................................................................................................................................

Finished in 28.169981s, 53.5677 runs/s, 201.1716 assertions/s.
1509 runs, 5667 assertions, 2 failures, 0 errors, 2 skips

You have skipped tests. Run with --verbose for details.
