/usr/local/bundle/gems/mini_magick-4.13.2/lib/mini_magick/shell.rb:2: warning: benchmark was loaded from the standard library, but will no longer be part of the default gems starting from Ruby 3.5.0.
You can add benchmark to your Gemfile or gemspec to silence this warning.
DEPRECATION WARNING: `config.active_support.to_time_preserves_timezone` is deprecated and will be removed in Rails 8.2 (called from block in TSort.tsort_each at /usr/local/bundle/gems/tsort-0.2.0/lib/tsort.rb:231)
Running 182 tests in parallel using 2 processes
Run options: --seed 28196

# Running:

.........F

Failure:
BookAbsenceTest#test_an_unpublished_book_reads_as_absent,_not_as_forbidden [test/integration/book_absence_test.rb:6]:
ActiveRecord::RecordNotFound expected but nothing was raised.

bin/rails test test/integration/book_absence_test.rb:4

...............................................................S....................S...................................................................................F

Failure:
WithRaisedExceptionsTest#test_raises_controller_errors_inside_its_block_and_renders_error_pages_outside_of_it [test/integration/with_raised_exceptions_test.rb:10]:
ActiveRecord::RecordNotFound expected but nothing was raised.

bin/rails test test/integration/with_raised_exceptions_test.rb:8

.F

Failure:
WithRaisedExceptionsTest#test_keeps_rendering_error_pages_for_requests_made_after_its_block [test/integration/with_raised_exceptions_test.rb:34]:
ActiveRecord::RecordNotFound expected but nothing was raised.

bin/rails test test/integration/with_raised_exceptions_test.rb:29

.

Finished in 13.828307s, 13.1614 runs/s, 40.4243 assertions/s.
182 runs, 559 assertions, 3 failures, 0 errors, 2 skips

You have skipped tests. Run with --verbose for details.
