Running 1516 tests in parallel using 2 processes
Run options: --seed 31287

# Running:

......................................................................................................................................................................................................................................................................................................................................................................................................................................................................................................................................................................................................................................................................................................................................................................................................................................................................................................................................................SS....................................................................................................................................................................................................................................................................................................................................................................................................................................................................................................................................................................................................................

Finished in 30.830165s, 49.1726 runs/s, 186.6354 assertions/s.
1516 runs, 5754 assertions, 0 failures, 0 errors, 2 skips

You have skipped tests. Run with --verbose for details.
Running 9 tests in a single process (parallelization threshold is 50)
Run options: --seed 22584

# Running:

...F

Failure:
VerifierTest#test_a_worker_restart_in_the_middle_of_sending_does_not_deliver_the_event_twice,_or_not_at_all [/tests/verification_test.rb:89]:
Expected: 1
  Actual: 0

bin/rails test /tests/verification_test.rb:75

F

Failure:
VerifierTest#test_ten_failures_in_a_row_switch_a_receiver_off_only_once_they_span_more_than_an_hour [/tests/verification_test.rb:97]:
Expected #<Webhook id: "03gtyiitiomzzydbswv87oy0p", account_id: "03ayaunetv3z4n681d58wdysd", active: false, board_id: "03ayv6mp60xg3aqes0m9sa68w", created_at: "2026-09-08 15:57:06.783264000 +0000", name: "https://hooks.example.test/dead", signing_secret: "jVQpLzpdWGCmwxGba9iphvxx", subscribed_actions: ["card_closed"], updated_at: "2026-09-08 16:01:36.000000000 +0000", url: "https://hooks.example.test/dead"> to be active?.

bin/rails test /tests/verification_test.rb:92

F

Failure:
VerifierTest#test_a_webhook_cannot_reach_our_own_network [/tests/verification_test.rb:111]:
Expected [#<WebMock::RequestSignature:0x000073a71f4c64b0 @method=:post, @uri=#<Addressable::URI:0x13180 URI:https://intranet.example.test:443/intranet>, @body="{\"id\":\"03gtyiivtrucbhw2bhez104sw\",\"action\":\"card_closed\",\"created_at\":\"2026-09-08T15:57:07Z\",\"creator\":{\"id\":\"03axmdh9z1hcfmcedk3ir6znh\",\"name\":\"Kevin\"},\"board\":{\"id\":\"03ayv6mp60xg3aqes0m9sa68w\",\"name\":\"Writebook\"},\"eventable\":{\"type\":\"Card\",\"id\":\"03aynn8k9d92o7771nd3ofmxx\",\"url\":\"http://example.com/897362094/cards/1\",\"number\":1,\"title\":\"The logo isn't big enough\",\"status\":\"published\"}}", @headers={"User-Agent" => "fizzy/1.0.0 Webhook", "Content-Type" => "application/json", "X-Webhook-Signature" => "2c838d250050fae9d2ed937438c6ea079c7c222a3c2db92d60f824b61d99f1f2", "X-Webhook-Timestamp" => "2026-09-08T15:57:07Z", "Accept-Encoding" => "gzip;q=1.0,deflate;q=0.6,identity;q=0.3", "Accept" => "*/*"}, @ipaddr=nil>] to be empty.

bin/rails test /tests/verification_test.rb:103

...

Finished in 2.517617s, 3.5748 runs/s, 18.2712 assertions/s.
9 runs, 46 assertions, 3 failures, 0 errors, 0 skips
