Running 1656 tests in parallel using 2 processes
Run options: --seed 42545

# Running:

...................................................................................................................................................................................................................................................................................................................................................................................................................................................................................S...S................................................................................................................................................................................................................................................................................................................................................................................................................................................................................................................................................................................................................................................................................................................................................................................................................................................................................................................................................................................................................................................................................................................................................................................................................................

Finished in 32.179386s, 51.4615 runs/s, 191.9241 assertions/s.
1656 runs, 6176 assertions, 0 failures, 0 errors, 2 skips

You have skipped tests. Run with --verbose for details.
Running 8 tests in a single process (parallelization threshold is 50)
Run options: --seed 59589

# Running:

..F

Failure:
VerifierTest#test_a_signed_webhook_is_accepted,_an_unsigned_or_forged_one_is_rejected [test/test_helpers/session_test_helper.rb:57]:
Expected #<ActionDispatch::TestResponse:0x00007aede20a6400 @mon_data=#<Monitor:0x00007aede2df2bb8>, @mon_data_owner_object_id=59208, @headers={"x-frame-options" => "SAMEORIGIN", "x-xss-protection" => "0", "x-content-type-options" => "nosniff", "x-permitted-cross-domain-policies" => "none", "referrer-policy" => "strict-origin-when-cross-origin", "x-kamal-target" => nil, "content-type" => "text/html", "x-robots-tag" => "none", "cache-control" => "no-cache", "content-security-policy" => "default-src 'self'; script-src 'self' 'nonce-qOy21LWHwkcZnfe5gBBTLA=='; connect-src 'self'; frame-src 'self'; style-src 'self' 'unsafe-inline'; img-src 'self' blob: data: https:; font-src 'self' data: https:; media-src 'self' blob: data: https:; worker-src 'self' blob:; object-src 'none'; base-uri 'none'; form-action 'self'; frame-ancestors 'self'", "set-cookie" => "_fizzy_session=hNYV9iUQtnXWHNPuWNoutyXmbY7cJfP7om9v4sHhhMoc3OLsvhu7i97M43zWt68Agc1sOPw5PP1%2FUT5Qk7l%2FGFUaSf%2Bzv%2BeCZBNhDHwbc%2BEElm2pSFdB1bDc5ow6mYJXDpyoY1szj2eS%2BTP3w7Oe9fMj%2BKDHadjKn7J1iyiKVLw0NAes73zqXIeZ%2FXtFaSQ3x9fiOfT5rcfGJCm2bZMzAx2jTDc1ZuxTG2Y%3D--G2iqXpunhM7OBwVC--6QFrvTfCjk%2FFYNoB9ZSd%2Bw%3D%3D; path=/; httponly; samesite=lax", "x-request-id" => "90d32d39-27a9-4921-8c5d-a55a2c7c6de1", "x-runtime" => "0.001364", "content-length" => "0"}, @stream=#<ActionDispatch::Response::Buffer:0x00007aede1ba7490 @response=#<ActionDispatch::TestResponse:0x00007aede20a6400 ...>, @buf=[""], @closed=false, @str_body=nil>, @status=200, @cv=#<MonitorMixin::ConditionVariable:0x00007aede2df2730 @monitor=#<Monitor:0x00007aede2df2bb8>, @cond=#<Thread::ConditionVariable:0x00007aede2df2708>>, @committed=false, @sending=false, @sent=false, @cache_control={no_cache: true}, @request=#<ActionDispatch::Request POST "http://www.example.com/stripe/webhooks" for 127.0.0.1>> to be client_error?.

bin/rails test /tests/verification_test.rb:118

..E

Error:
VerifierTest#test_overridden_billed_numbers_stand_in_for_the_real_ones_until_the_override_is_dropped:
ActiveRecord::RecordNotUnique: SQLite3::ConstraintException: UNIQUE constraint failed: cards.account_id, cards.number
    app/controllers/cards_controller.rb:23:in 'block (2 levels) in CardsController#create'
    app/controllers/cards_controller.rb:16:in 'CardsController#create'
    app/controllers/concerns/current_timezone.rb:15:in 'CurrentTimezone#set_current_timezone'
    config/initializers/database_role_logging.rb:10:in 'block in DatabaseRoleLogger#call'
    config/initializers/database_role_logging.rb:9:in 'DatabaseRoleLogger#call'
    config/initializers/tenanting/account_slug.rb:31:in 'block in AccountSlug::Extractor#call'
    app/models/current.rb:22:in 'Current#with_account'
    config/initializers/tenanting/account_slug.rb:30:in 'AccountSlug::Extractor#call'
    saas/lib/fizzy/saas/true_client_ip.rb:20:in 'TrackTrueClientIp#call'
    saas/lib/fizzy/saas/gvl_instrumentation.rb:11:in 'Fizzy::Saas::GvlInstrumentation#call'

bin/rails test /tests/verification_test.rb:72

..

Finished in 2.112466s, 3.7870 runs/s, 19.4086 assertions/s.
8 runs, 41 assertions, 1 failures, 1 errors, 0 skips
