Running 1458 tests in parallel using 2 processes
Run options: --seed 27620

# Running:

E

Error:
Board::StorageUsageTest#test_replacing_a_card_image_updates_usage:
ActiveRecord::RecordNotSaved: Failed to save the new associated image_attachment.
    test/models/board/storage_usage_test.rb:159:in 'Board::StorageUsageTest#attach_image'
    test/models/board/storage_usage_test.rb:107:in 'block (2 levels) in <class:StorageUsageTest>'
    test/models/board/storage_usage_test.rb:172:in 'block in Board::StorageUsageTest#perform_and_return'
    test/test_helper.rb:61:in 'ActiveSupport::TestCase#perform_enqueued_jobs'
    test/models/board/storage_usage_test.rb:172:in 'Board::StorageUsageTest#perform_and_return'
    test/models/board/storage_usage_test.rb:107:in 'block in <class:StorageUsageTest>'

bin/rails test test/models/board/storage_usage_test.rb:106

E

Error:
Board::StorageUsageTest#test_unrelated_attachments_do_not_count_towards_usage:
ActiveRecord::RecordNotSaved: Failed to save the new associated avatar_attachment.
    test/models/board/storage_usage_test.rb:75:in 'block (2 levels) in <class:StorageUsageTest>'
    test/models/board/storage_usage_test.rb:172:in 'block in Board::StorageUsageTest#perform_and_return'
    test/test_helper.rb:61:in 'ActiveSupport::TestCase#perform_enqueued_jobs'
    test/models/board/storage_usage_test.rb:172:in 'Board::StorageUsageTest#perform_and_return'
    test/models/board/storage_usage_test.rb:74:in 'block in <class:StorageUsageTest>'

bin/rails test test/models/board/storage_usage_test.rb:73

E

Error:
Board::StorageUsageTest#test_files_embedded_in_board_descriptions_count_towards_usage:
ActiveRecord::RecordInvalid: Validation failed: Account must exist
    test/models/board/storage_usage_test.rb:164:in 'Board::StorageUsageTest#embed_file'
    test/models/board/storage_usage_test.rb:35:in 'block (2 levels) in <class:StorageUsageTest>'
    test/models/board/storage_usage_test.rb:172:in 'block in Board::StorageUsageTest#perform_and_return'
    test/test_helper.rb:61:in 'ActiveSupport::TestCase#perform_enqueued_jobs'
    test/models/board/storage_usage_test.rb:172:in 'Board::StorageUsageTest#perform_and_return'
    test/models/board/storage_usage_test.rb:35:in 'block in <class:StorageUsageTest>'

bin/rails test test/models/board/storage_usage_test.rb:34

E

Error:
Board::StorageUsageTest#test_destroying_a_comment_removes_its_usage:
ActiveRecord::RecordInvalid: Validation failed: Account must exist
    test/models/board/storage_usage_test.rb:164:in 'Board::StorageUsageTest#embed_file'
    test/models/board/storage_usage_test.rb:119:in 'block (2 levels) in <class:StorageUsageTest>'
    test/models/board/storage_usage_test.rb:172:in 'block in Board::StorageUsageTest#perform_and_return'
    test/test_helper.rb:61:in 'ActiveSupport::TestCase#perform_enqueued_jobs'
    test/models/board/storage_usage_test.rb:172:in 'Board::StorageUsageTest#perform_and_return'
    test/models/board/storage_usage_test.rb:119:in 'block in <class:StorageUsageTest>'

bin/rails test test/models/board/storage_usage_test.rb:117

.E

Error:
Board::StorageUsageTest#test_files_embedded_in_card_descriptions_count_towards_usage:
ActiveRecord::RecordInvalid: Validation failed: Account must exist
    test/models/board/storage_usage_test.rb:164:in 'Board::StorageUsageTest#embed_file'
    test/models/board/storage_usage_test.rb:27:in 'block (2 levels) in <class:StorageUsageTest>'
    test/models/board/storage_usage_test.rb:172:in 'block in Board::StorageUsageTest#perform_and_return'
    test/test_helper.rb:61:in 'ActiveSupport::TestCase#perform_enqueued_jobs'
    test/models/board/storage_usage_test.rb:172:in 'Board::StorageUsageTest#perform_and_return'
    test/models/board/storage_usage_test.rb:27:in 'block in <class:StorageUsageTest>'

bin/rails test test/models/board/storage_usage_test.rb:26

E

Error:
Board::StorageUsageTest#test_usage_is_scoped_to_the_board:
ActiveRecord::RecordNotSaved: Failed to save the new associated image_attachment.
    test/models/board/storage_usage_test.rb:159:in 'Board::StorageUsageTest#attach_image'
    test/models/board/storage_usage_test.rb:65:in 'block (2 levels) in <class:StorageUsageTest>'
    test/models/board/storage_usage_test.rb:172:in 'block in Board::StorageUsageTest#perform_and_return'
    test/test_helper.rb:61:in 'ActiveSupport::TestCase#perform_enqueued_jobs'
    test/models/board/storage_usage_test.rb:172:in 'Board::StorageUsageTest#perform_and_return'
    test/models/board/storage_usage_test.rb:65:in 'block in <class:StorageUsageTest>'

bin/rails test test/models/board/storage_usage_test.rb:64

E

Error:
Board::StorageUsageTest#test_removing_an_embedded_file_from_a_description_updates_usage:
ActiveRecord::RecordInvalid: Validation failed: Account must exist
    test/models/board/storage_usage_test.rb:164:in 'Board::StorageUsageTest#embed_file'
    test/models/board/storage_usage_test.rb:85:in 'block (2 levels) in <class:StorageUsageTest>'
    test/models/board/storage_usage_test.rb:172:in 'block in Board::StorageUsageTest#perform_and_return'
    test/test_helper.rb:61:in 'ActiveSupport::TestCase#perform_enqueued_jobs'
    test/models/board/storage_usage_test.rb:172:in 'Board::StorageUsageTest#perform_and_return'
    test/models/board/storage_usage_test.rb:85:in 'block in <class:StorageUsageTest>'

bin/rails test test/models/board/storage_usage_test.rb:84

E

Error:
Board::StorageUsageTest#test_purging_a_card_image_updates_usage:
ActiveRecord::RecordNotSaved: Failed to save the new associated image_attachment.
    test/models/board/storage_usage_test.rb:159:in 'Board::StorageUsageTest#attach_image'
    test/models/board/storage_usage_test.rb:96:in 'block (2 levels) in <class:StorageUsageTest>'
    test/models/board/storage_usage_test.rb:172:in 'block in Board::StorageUsageTest#perform_and_return'
    test/test_helper.rb:61:in 'ActiveSupport::TestCase#perform_enqueued_jobs'
    test/models/board/storage_usage_test.rb:172:in 'Board::StorageUsageTest#perform_and_return'
    test/models/board/storage_usage_test.rb:96:in 'block in <class:StorageUsageTest>'

bin/rails test test/models/board/storage_usage_test.rb:95

E

Error:
Board::StorageUsageTest#test_files_embedded_in_comments_count_towards_usage:
ActiveRecord::RecordInvalid: Validation failed: Account must exist
    test/models/board/storage_usage_test.rb:164:in 'Board::StorageUsageTest#embed_file'
    test/models/board/storage_usage_test.rb:44:in 'block (2 levels) in <class:StorageUsageTest>'
    test/models/board/storage_usage_test.rb:172:in 'block in Board::StorageUsageTest#perform_and_return'
    test/test_helper.rb:61:in 'ActiveSupport::TestCase#perform_enqueued_jobs'
    test/models/board/storage_usage_test.rb:172:in 'Board::StorageUsageTest#perform_and_return'
    test/models/board/storage_usage_test.rb:44:in 'block in <class:StorageUsageTest>'

bin/rails test test/models/board/storage_usage_test.rb:42

E

Error:
Board::StorageUsageTest#test_usage_is_the_sum_of_all_countable_attachments_on_the_board_and_its_cards:
ActiveRecord::RecordNotSaved: Failed to save the new associated image_attachment.
    test/models/board/storage_usage_test.rb:159:in 'Board::StorageUsageTest#attach_image'
    test/models/board/storage_usage_test.rb:55:in 'block (2 levels) in <class:StorageUsageTest>'
    test/models/board/storage_usage_test.rb:172:in 'block in Board::StorageUsageTest#perform_and_return'
    test/test_helper.rb:61:in 'ActiveSupport::TestCase#perform_enqueued_jobs'
    test/models/board/storage_usage_test.rb:172:in 'Board::StorageUsageTest#perform_and_return'
    test/models/board/storage_usage_test.rb:54:in 'block in <class:StorageUsageTest>'

bin/rails test test/models/board/storage_usage_test.rb:51

.E

Error:
Board::StorageUsageTest#test_usage_moves_with_the_card_to_another_board:
ActiveRecord::RecordNotSaved: Failed to save the new associated image_attachment.
    test/models/board/storage_usage_test.rb:159:in 'Board::StorageUsageTest#attach_image'
    test/models/board/storage_usage_test.rb:146:in 'block (2 levels) in <class:StorageUsageTest>'
    test/models/board/storage_usage_test.rb:172:in 'block in Board::StorageUsageTest#perform_and_return'
    test/test_helper.rb:61:in 'ActiveSupport::TestCase#perform_enqueued_jobs'
    test/models/board/storage_usage_test.rb:172:in 'Board::StorageUsageTest#perform_and_return'
    test/models/board/storage_usage_test.rb:146:in 'block in <class:StorageUsageTest>'

bin/rails test test/models/board/storage_usage_test.rb:145

..E

Error:
Board::StorageUsageTest#test_destroying_a_card_removes_its_usage:
ActiveRecord::RecordNotSaved: Failed to save the new associated image_attachment.
    test/models/board/storage_usage_test.rb:159:in 'Board::StorageUsageTest#attach_image'
    test/models/board/storage_usage_test.rb:132:in 'block (2 levels) in <class:StorageUsageTest>'
    test/models/board/storage_usage_test.rb:172:in 'block in Board::StorageUsageTest#perform_and_return'
    test/test_helper.rb:61:in 'ActiveSupport::TestCase#perform_enqueued_jobs'
    test/models/board/storage_usage_test.rb:172:in 'Board::StorageUsageTest#perform_and_return'
    test/models/board/storage_usage_test.rb:131:in 'block in <class:StorageUsageTest>'

bin/rails test test/models/board/storage_usage_test.rb:129

.....................................................................................................................................................................................................................................................................................................................................................................................................................................................................................................................................................................................................................................................................................................................................................................................................................................................................................................................................................................................S.....S......................................................................................................................................................................................................................................................................................................................................................................................................................................................................................................

Finished in 29.131064s, 50.0497 runs/s, 191.8570 assertions/s.
1458 runs, 5589 assertions, 0 failures, 12 errors, 2 skips

You have skipped tests. Run with --verbose for details.
