Running 1542 tests in parallel using 2 processes
Run options: --seed 35057

# Running:

..................................................................................................................................................................................................................................................................................................................................................................................................................................................................................................................................................................................................S.......S...........................................................................................................................................................................................................................................................................................................................................................................................................................................................................................................................................................................................................................................................................................................................................................................................................................................................................................................................................................................................

Finished in 29.468209s, 52.3276 runs/s, 197.8064 assertions/s.
1542 runs, 5829 assertions, 0 failures, 0 errors, 2 skips

You have skipped tests. Run with --verbose for details.
Running 7 tests in a single process (parallelization threshold is 50)
Run options: --seed 37730

# Running:

Dropped database 'tmp/legacy.sqlite3'
== 20260710120000 AddAccountIdToAllAccountData: migrating =====================
-- column_exists?("account_cancellations", :account_id)
   -> 0.0014s
-- column_exists?("account_imports", :account_id)
   -> 0.0019s
-- column_exists?("account_join_codes", :account_id)
   -> 0.0010s
-- column_exists?("action_text_rich_texts", :account_id)
   -> 0.0023s
-- add_column("action_text_rich_texts", :account_id, :uuid)
   -> 0.0018s
-- column_exists?("active_storage_attachments", :account_id)
   -> 0.0010s
-- add_column("active_storage_attachments", :account_id, :uuid)
   -> 0.0007s
-- column_exists?("active_storage_blobs", :account_id)
   -> 0.0016s
-- add_column("active_storage_blobs", :account_id, :uuid)
   -> 0.0007s
-- column_exists?("active_storage_variant_records", :account_id)
   -> 0.0008s
-- add_column("active_storage_variant_records", :account_id, :uuid)
   -> 0.0007s
-- column_exists?("accesses", :account_id)
   -> 0.0009s
-- add_column("accesses", :account_id, :uuid)
   -> 0.0021s
-- column_exists?("assignments", :account_id)
   -> 0.0004s
-- add_column("assignments", :account_id, :uuid)
   -> 0.0007s
-- column_exists?("board_publications", :account_id)
   -> 0.0006s
-- add_column("board_publications", :account_id, :uuid)
   -> 0.0008s
-- column_exists?("boards", :account_id)
   -> 0.0015s
-- column_exists?("boards_filters", :account_id)
   -> 0.0009s
-- add_column("boards_filters", :account_id, :uuid)
   -> 0.0007s
-- column_exists?("card_activity_spikes", :account_id)
   -> 0.0010s
-- add_column("card_activity_spikes", :account_id, :uuid)
   -> 0.0013s
-- column_exists?("card_goldnesses", :account_id)
   -> 0.0002s
-- add_column("card_goldnesses", :account_id, :uuid)
   -> 0.0011s
-- column_exists?("card_not_nows", :account_id)
   -> 0.0008s
-- add_column("card_not_nows", :account_id, :uuid)
   -> 0.0013s
-- column_exists?("cards", :account_id)
   -> 0.0010s
-- column_exists?("closers_filters", :account_id)
   -> 0.0002s
-- add_column("closers_filters", :account_id, :uuid)
   -> 0.0007s
-- column_exists?("closures", :account_id)
   -> 0.0009s
-- add_column("closures", :account_id, :uuid)
   -> 0.0010s
-- column_exists?("columns", :account_id)
   -> 0.0021s
-- column_exists?("comments", :account_id)
   -> 0.0014s
-- column_exists?("creators_filters", :account_id)
   -> 0.0002s
-- add_column("creators_filters", :account_id, :uuid)
   -> 0.0014s
-- column_exists?("entropies", :account_id)
   -> 0.0016s
-- add_column("entropies", :account_id, :uuid)
   -> 0.0007s
-- column_exists?("events", :account_id)
   -> 0.0017s
-- column_exists?("exports", :account_id)
   -> 0.0018s
-- column_exists?("filters", :account_id)
   -> 0.0022s
-- column_exists?("filters_tags", :account_id)
   -> 0.0013s
-- add_column("filters_tags", :account_id, :uuid)
   -> 0.0011s
-- column_exists?("notification_bundles", :account_id)
   -> 0.0021s
-- column_exists?("notifications", :account_id)
   -> 0.0017s
-- column_exists?("pins", :account_id)
   -> 0.0003s
-- add_column("pins", :account_id, :uuid)
   -> 0.0009s
-- column_exists?("push_subscriptions", :account_id)
   -> 0.0016s
-- column_exists?("mentions", :account_id)
   -> 0.0016s
-- add_column("mentions", :account_id, :uuid)
   -> 0.0007s
-- column_exists?("reactions", :account_id)
   -> 0.0006s
-- add_column("reactions", :account_id, :uuid)
   -> 0.0009s
-- column_exists?("search_queries", :account_id)
   -> 0.0003s
-- add_column("search_queries", :account_id, :uuid)
   -> 0.0011s
-- column_exists?("steps", :account_id)
   -> 0.0007s
-- column_exists?("tags", :account_id)
   -> 0.0003s
-- column_exists?("taggings", :account_id)
   -> 0.0009s
-- add_column("taggings", :account_id, :uuid)
   -> 0.0007s
-- column_exists?("user_settings", :account_id)
   -> 0.0005s
-- add_column("user_settings", :account_id, :uuid)
   -> 0.0010s
-- column_exists?("users", :account_id)
   -> 0.0008s
-- column_exists?("watches", :account_id)
   -> 0.0007s
-- add_column("watches", :account_id, :uuid)
   -> 0.0011s
-- column_exists?("webhook_deliveries", :account_id)
   -> 0.0009s
-- add_column("webhook_deliveries", :account_id, :uuid)
   -> 0.0007s
-- column_exists?("webhook_delinquency_trackers", :account_id)
   -> 0.0007s
-- add_column("webhook_delinquency_trackers", :account_id, :uuid)
   -> 0.0007s
-- column_exists?("webhooks", :account_id)
   -> 0.0012s
-- column_exists?("storage_entries", :account_id)
   -> 0.0023s
-- column_exists?("storage_totals", :account_id)
   -> 0.0003s
-- add_column("storage_totals", :account_id, :uuid)
   -> 0.0007s
-- column_exists?("assignees_filters", :account_id)
   -> 0.0002s
-- add_column("assignees_filters", :account_id, :uuid)
   -> 0.0013s
-- column_exists?("assigners_filters", :account_id)
   -> 0.0009s
-- add_column("assigners_filters", :account_id, :uuid)
   -> 0.0015s
-- execute("UPDATE action_text_rich_texts SET account_id = CASE action_text_rich_texts.record_type WHEN 'Board' THEN (SELECT boards.account_id FROM boards WHERE boards.id = action_text_rich_texts.record_id) WHEN 'Card' THEN (SELECT cards.account_id FROM cards WHERE cards.id = action_text_rich_texts.record_id) WHEN 'Comment' THEN (SELECT comments.account_id FROM comments WHERE comments.id = action_text_rich_texts.record_id) END")
   -> 0.0002s
-- execute("UPDATE active_storage_attachments SET account_id = (SELECT active_storage_blobs.account_id FROM active_storage_blobs WHERE active_storage_blobs.id = active_storage_attachments.blob_id)")
   -> 0.0001s
-- execute("UPDATE active_storage_blobs SET account_id = (SELECT active_storage_attachments.account_id FROM active_storage_attachments WHERE active_storage_attachments.blob_id = active_storage_blobs.id ORDER BY active_storage_attachments.id LIMIT 1)")
   -> 0.0001s
-- execute("UPDATE active_storage_variant_records SET account_id = (SELECT active_storage_blobs.account_id FROM active_storage_blobs WHERE active_storage_blobs.id = active_storage_variant_records.blob_id)")
   -> 0.0009s
-- execute("UPDATE boards SET account_id = (SELECT users.account_id FROM users WHERE users.id = boards.creator_id)")
   -> 0.0001s
-- execute("UPDATE accesses SET account_id = (SELECT boards.account_id FROM boards WHERE boards.id = accesses.board_id)")
   -> 0.0001s
-- execute("UPDATE cards SET account_id = (SELECT boards.account_id FROM boards WHERE boards.id = cards.board_id)")
   -> 0.0008s
-- execute("UPDATE columns SET account_id = (SELECT boards.account_id FROM boards WHERE boards.id = columns.board_id)")
   -> 0.0001s
-- execute("UPDATE comments SET account_id = (SELECT cards.account_id FROM cards WHERE cards.id = comments.card_id)")
   -> 0.0001s
-- execute("UPDATE events SET account_id = (SELECT boards.account_id FROM boards WHERE boards.id = events.board_id)")
   -> 0.0001s
-- execute("UPDATE filters SET account_id = (SELECT users.account_id FROM users WHERE users.id = filters.creator_id)")
   -> 0.0001s
-- execute("UPDATE steps SET account_id = (SELECT cards.account_id FROM cards WHERE cards.id = steps.card_id)")
   -> 0.0006s
-- execute("UPDATE webhooks SET account_id = (SELECT boards.account_id FROM boards WHERE boards.id = webhooks.board_id)")
   -> 0.0001s
-- execute("UPDATE assignments SET account_id = (SELECT cards.account_id FROM cards WHERE cards.id = assignments.card_id)")
   -> 0.0001s
-- execute("UPDATE board_publications SET account_id = (SELECT boards.account_id FROM boards WHERE boards.id = board_publications.board_id)")
   -> 0.0001s
-- execute("UPDATE boards_filters SET account_id = (SELECT filters.account_id FROM filters WHERE filters.id = boards_filters.filter_id)")
   -> 0.0001s
-- execute("UPDATE card_activity_spikes SET account_id = (SELECT cards.account_id FROM cards WHERE cards.id = card_activity_spikes.card_id)")
   -> 0.0007s
-- execute("UPDATE card_goldnesses SET account_id = (SELECT cards.account_id FROM cards WHERE cards.id = card_goldnesses.card_id)")
   -> 0.0001s
-- execute("UPDATE card_not_nows SET account_id = (SELECT cards.account_id FROM cards WHERE cards.id = card_not_nows.card_id)")
   -> 0.0004s
-- execute("UPDATE closers_filters SET account_id = (SELECT filters.account_id FROM filters WHERE filters.id = closers_filters.filter_id)")
   -> 0.0001s
-- execute("UPDATE closures SET account_id = (SELECT cards.account_id FROM cards WHERE cards.id = closures.card_id)")
   -> 0.0001s
-- execute("UPDATE creators_filters SET account_id = (SELECT filters.account_id FROM filters WHERE filters.id = creators_filters.filter_id)")
   -> 0.0003s
-- execute("UPDATE entropies SET account_id = CASE entropies.container_type WHEN 'Account' THEN (SELECT accounts.id FROM accounts WHERE accounts.id = entropies.container_id) WHEN 'Board' THEN (SELECT boards.account_id FROM boards WHERE boards.id = entropies.container_id) END")
   -> 0.0001s
-- execute("UPDATE filters_tags SET account_id = (SELECT filters.account_id FROM filters WHERE filters.id = filters_tags.filter_id)")
   -> 0.0001s
-- execute("UPDATE mentions SET account_id = (SELECT users.account_id FROM users WHERE users.id = mentions.mentionee_id)")
   -> 0.0001s
-- execute("UPDATE pins SET account_id = (SELECT cards.account_id FROM cards WHERE cards.id = pins.card_id)")
   -> 0.0003s
-- execute("UPDATE reactions SET account_id = (SELECT users.account_id FROM users WHERE users.id = reactions.reacter_id)")
   -> 0.0001s
-- execute("UPDATE search_queries SET account_id = (SELECT users.account_id FROM users WHERE users.id = search_queries.user_id)")
   -> 0.0001s
-- execute("UPDATE storage_totals SET account_id = CASE storage_totals.owner_type WHEN 'Account' THEN (SELECT accounts.id FROM accounts WHERE accounts.id = storage_totals.owner_id) WHEN 'Board' THEN (SELECT boards.account_id FROM boards WHERE boards.id = storage_totals.owner_id) END")
   -> 0.0001s
-- execute("UPDATE taggings SET account_id = (SELECT cards.account_id FROM cards WHERE cards.id = taggings.card_id)")
   -> 0.0001s
-- execute("UPDATE user_settings SET account_id = (SELECT users.account_id FROM users WHERE users.id = user_settings.user_id)")
   -> 0.0005s
-- execute("UPDATE watches SET account_id = (SELECT cards.account_id FROM cards WHERE cards.id = watches.card_id)")
   -> 0.0001s
-- execute("UPDATE webhook_deliveries SET account_id = (SELECT webhooks.account_id FROM webhooks WHERE webhooks.id = webhook_deliveries.webhook_id)")
   -> 0.0001s
-- execute("UPDATE webhook_delinquency_trackers SET account_id = (SELECT webhooks.account_id FROM webhooks WHERE webhooks.id = webhook_delinquency_trackers.webhook_id)")
   -> 0.0001s
-- execute("UPDATE assignees_filters SET account_id = (SELECT filters.account_id FROM filters WHERE filters.id = assignees_filters.filter_id)")
   -> 0.0001s
-- execute("UPDATE assigners_filters SET account_id = (SELECT filters.account_id FROM filters WHERE filters.id = assigners_filters.filter_id)")
   -> 0.0001s
-- execute("UPDATE action_text_rich_texts\nSET account_id = CASE action_text_rich_texts.record_type\n  WHEN 'Board' THEN (SELECT boards.account_id FROM boards WHERE boards.id = action_text_rich_texts.record_id)\n  WHEN 'Card' THEN (SELECT cards.account_id FROM cards WHERE cards.id = action_text_rich_texts.record_id)\n  WHEN 'Comment' THEN (SELECT comments.account_id FROM comments WHERE comments.id = action_text_rich_texts.record_id)\nEND\n")
   -> 0.0001s
-- execute("UPDATE active_storage_attachments\nSET account_id = CASE active_storage_attachments.record_type\n  WHEN 'Account::Import' THEN (SELECT account_imports.account_id FROM account_imports WHERE account_imports.id = active_storage_attachments.record_id)\n  WHEN 'ActionText::RichText' THEN (SELECT action_text_rich_texts.account_id FROM action_text_rich_texts WHERE action_text_rich_texts.id = active_storage_attachments.record_id)\n  WHEN 'Board' THEN (SELECT boards.account_id FROM boards WHERE boards.id = active_storage_attachments.record_id)\n  WHEN 'Card' THEN (SELECT cards.account_id FROM cards WHERE cards.id = active_storage_attachments.record_id)\n  WHEN 'Comment' THEN (SELECT comments.account_id FROM comments WHERE comments.id = active_storage_attachments.record_id)\n  WHEN 'Export' THEN (SELECT exports.account_id FROM exports WHERE exports.id = active_storage_attachments.record_id)\n  WHEN 'Identity' THEN (SELECT users.account_id FROM users WHERE users.identity_id = active_storage_attachments.record_id ORDER BY users.id LIMIT 1)\n  WHEN 'User' THEN (SELECT users.account_id FROM users WHERE users.id = active_storage_attachments.record_id)\nEND\n")
   -> 0.0002s
-- execute("UPDATE active_storage_blobs\nSET account_id = (SELECT active_storage_attachments.account_id FROM active_storage_attachments\n  WHERE active_storage_attachments.blob_id = active_storage_blobs.id\n    AND active_storage_attachments.account_id IS NOT NULL\n  ORDER BY active_storage_attachments.id LIMIT 1)\n")
   -> 0.0001s
-- execute("UPDATE active_storage_variant_records SET account_id =\n  (SELECT active_storage_blobs.account_id FROM active_storage_blobs WHERE active_storage_blobs.id = active_storage_variant_records.blob_id)\n")
   -> 0.0001s
-- execute("UPDATE mentions\nSET account_id = CASE mentions.source_type\n  WHEN 'Card' THEN (SELECT cards.account_id FROM cards WHERE cards.id = mentions.source_id)\n  WHEN 'Comment' THEN (SELECT comments.account_id FROM comments WHERE comments.id = mentions.source_id)\nEND\nWHERE mentions.source_type IN ('Card', 'Comment')\n")
   -> 0.0003s
-- execute("UPDATE reactions\nSET account_id = CASE reactions.reactable_type\n  WHEN 'Card' THEN (SELECT cards.account_id FROM cards WHERE cards.id = reactions.reactable_id)\n  WHEN 'Comment' THEN (SELECT comments.account_id FROM comments WHERE comments.id = reactions.reactable_id)\nEND\nWHERE reactions.reactable_type IN ('Card', 'Comment')\n")
   -> 0.0001s
-- execute("UPDATE storage_totals\nSET account_id = (SELECT users.account_id FROM users WHERE users.id = storage_totals.owner_id)\nWHERE storage_totals.owner_type = 'User'\n")
   -> 0.0001s
-- execute("UPDATE notification_bundles\nSET account_id = (SELECT users.account_id FROM users WHERE users.id = notification_bundles.user_id)\n")
   -> 0.0001s
-- execute("UPDATE notifications\nSET account_id = (SELECT users.account_id FROM users WHERE users.id = notifications.user_id)\n")
   -> 0.0001s
-- execute("UPDATE push_subscriptions\nSET account_id = (SELECT users.account_id FROM users WHERE users.id = push_subscriptions.user_id)\n")
   -> 0.0017s
-- execute("DELETE FROM active_storage_attachments WHERE NOT EXISTS (\n  SELECT 1 FROM active_storage_blobs WHERE active_storage_blobs.id = active_storage_attachments.blob_id\n    AND active_storage_blobs.account_id = active_storage_attachments.account_id\n)\n")
   -> 0.0002s
-- execute("DELETE FROM accesses WHERE account_id IS NULL OR NOT EXISTS (\n  SELECT 1 FROM users WHERE users.id = accesses.user_id AND users.account_id = accesses.account_id\n)\n")
   -> 0.0001s
-- execute("DELETE FROM boards WHERE NOT EXISTS (\n  SELECT 1 FROM users WHERE users.id = boards.creator_id AND users.account_id = boards.account_id\n)\n")
   -> 0.0001s
-- execute("DELETE FROM cards WHERE NOT EXISTS (\n  SELECT 1 FROM boards WHERE boards.id = cards.board_id AND boards.account_id = cards.account_id\n) OR NOT EXISTS (\n  SELECT 1 FROM users WHERE users.id = cards.creator_id AND users.account_id = cards.account_id\n) OR (cards.column_id IS NOT NULL AND NOT EXISTS (\n  SELECT 1 FROM columns WHERE columns.id = cards.column_id AND columns.account_id = cards.account_id\n))\n")
   -> 0.0001s
-- execute("DELETE FROM columns WHERE NOT EXISTS (\n  SELECT 1 FROM boards WHERE boards.id = columns.board_id AND boards.account_id = columns.account_id\n)\n")
   -> 0.0001s
-- execute("DELETE FROM comments WHERE NOT EXISTS (\n  SELECT 1 FROM cards WHERE cards.id = comments.card_id AND cards.account_id = comments.account_id\n) OR NOT EXISTS (\n  SELECT 1 FROM users WHERE users.id = comments.creator_id AND users.account_id = comments.account_id\n)\n")
   -> 0.0001s
-- execute("DELETE FROM events WHERE NOT EXISTS (\n  SELECT 1 FROM boards WHERE boards.id = events.board_id AND boards.account_id = events.account_id\n) OR NOT EXISTS (\n  SELECT 1 FROM users WHERE users.id = events.creator_id AND users.account_id = events.account_id\n)\n")
   -> 0.0001s
-- execute("DELETE FROM filters WHERE NOT EXISTS (\n  SELECT 1 FROM users WHERE users.id = filters.creator_id AND users.account_id = filters.account_id\n)\n")
   -> 0.0001s
-- execute("DELETE FROM webhooks WHERE NOT EXISTS (\n  SELECT 1 FROM boards WHERE boards.id = webhooks.board_id AND boards.account_id = webhooks.account_id\n)\n")
   -> 0.0001s
-- execute("DELETE FROM account_imports WHERE NOT EXISTS (\n  SELECT 1 FROM identities WHERE identities.id = account_imports.identity_id\n)\n")
   -> 0.0001s
-- execute("DELETE FROM account_cancellations WHERE NOT EXISTS (\n  SELECT 1 FROM users WHERE users.id = account_cancellations.initiated_by_id AND users.account_id = account_cancellations.account_id\n)\n")
   -> 0.0001s
-- execute("DELETE FROM exports WHERE NOT EXISTS (\n  SELECT 1 FROM users WHERE users.id = exports.user_id AND users.account_id = exports.account_id\n)\n")
   -> 0.0001s
-- execute("DELETE FROM notification_bundles WHERE NOT EXISTS (\n  SELECT 1 FROM users WHERE users.id = notification_bundles.user_id AND users.account_id = notification_bundles.account_id\n)\n")
   -> 0.0001s
-- execute("DELETE FROM notifications WHERE NOT EXISTS (\n  SELECT 1 FROM users WHERE users.id = notifications.creator_id AND users.account_id = notifications.account_id\n) OR NOT EXISTS (\n  SELECT 1 FROM cards WHERE cards.id = notifications.card_id AND cards.account_id = notifications.account_id\n)\n")
   -> 0.0001s
-- execute("DELETE FROM push_subscriptions WHERE NOT EXISTS (\n  SELECT 1 FROM users WHERE users.id = push_subscriptions.user_id AND users.account_id = push_subscriptions.account_id\n)\n")
   -> 0.0001s
-- execute("DELETE FROM closures WHERE user_id IS NOT NULL AND NOT EXISTS (\n  SELECT 1 FROM users WHERE users.id = closures.user_id AND users.account_id = closures.account_id\n)\n")
   -> 0.0001s
-- execute("DELETE FROM card_not_nows WHERE user_id IS NOT NULL AND NOT EXISTS (\n  SELECT 1 FROM users WHERE users.id = card_not_nows.user_id AND users.account_id = card_not_nows.account_id\n)\n")
   -> 0.0001s
-- execute("DELETE FROM assignments WHERE account_id IS NULL OR NOT EXISTS (\n  SELECT 1 FROM users WHERE users.id = assignments.assignee_id AND users.account_id = assignments.account_id\n) OR NOT EXISTS (\n  SELECT 1 FROM users WHERE users.id = assignments.assigner_id AND users.account_id = assignments.account_id\n)\n")
   -> 0.0001s
-- execute("DELETE FROM boards_filters WHERE account_id IS NULL OR NOT EXISTS (\n  SELECT 1 FROM boards WHERE boards.id = boards_filters.board_id AND boards.account_id = boards_filters.account_id\n)\n")
   -> 0.0001s
-- execute("DELETE FROM assignees_filters WHERE account_id IS NULL OR NOT EXISTS (\n  SELECT 1 FROM users WHERE users.id = assignees_filters.assignee_id AND users.account_id = assignees_filters.account_id\n)\n")
   -> 0.0001s
-- execute("DELETE FROM assigners_filters WHERE account_id IS NULL OR NOT EXISTS (\n  SELECT 1 FROM users WHERE users.id = assigners_filters.assigner_id AND users.account_id = assigners_filters.account_id\n)\n")
   -> 0.0001s
-- execute("DELETE FROM closers_filters WHERE account_id IS NULL OR NOT EXISTS (\n  SELECT 1 FROM users WHERE users.id = closers_filters.closer_id AND users.account_id = closers_filters.account_id\n)\n")
   -> 0.0001s
-- execute("DELETE FROM creators_filters WHERE account_id IS NULL OR NOT EXISTS (\n  SELECT 1 FROM users WHERE users.id = creators_filters.creator_id AND users.account_id = creators_filters.account_id\n)\n")
   -> 0.0001s
-- execute("DELETE FROM filters_tags WHERE account_id IS NULL OR NOT EXISTS (\n  SELECT 1 FROM tags WHERE tags.id = filters_tags.tag_id AND tags.account_id = filters_tags.account_id\n)\n")
   -> 0.0001s
-- execute("DELETE FROM taggings WHERE account_id IS NULL OR NOT EXISTS (\n  SELECT 1 FROM tags WHERE tags.id = taggings.tag_id AND tags.account_id = taggings.account_id\n)\n")
   -> 0.0001s
-- execute("DELETE FROM mentions WHERE account_id IS NULL OR NOT EXISTS (\n  SELECT 1 FROM users WHERE users.id = mentions.mentioner_id AND users.account_id = mentions.account_id\n)\n")
   -> 0.0001s
-- execute("DELETE FROM reactions WHERE account_id IS NULL OR NOT EXISTS (\n  SELECT 1 FROM users WHERE users.id = reactions.reacter_id AND users.account_id = reactions.account_id\n)\n")
   -> 0.0001s
-- execute("DELETE FROM mentions WHERE NOT (\n  (mentions.source_type = 'Card' AND EXISTS (\n    SELECT 1 FROM cards WHERE cards.id = mentions.source_id AND cards.account_id = mentions.account_id\n  )) OR (mentions.source_type = 'Comment' AND EXISTS (\n    SELECT 1 FROM comments WHERE comments.id = mentions.source_id AND comments.account_id = mentions.account_id\n  ))\n)\n")
   -> 0.0001s
-- execute("DELETE FROM reactions WHERE NOT (\n  (reactions.reactable_type = 'Card' AND EXISTS (\n    SELECT 1 FROM cards WHERE cards.id = reactions.reactable_id AND cards.account_id = reactions.account_id\n  )) OR (reactions.reactable_type = 'Comment' AND EXISTS (\n    SELECT 1 FROM comments WHERE comments.id = reactions.reactable_id AND comments.account_id = reactions.account_id\n  ))\n)\n")
   -> 0.0001s
-- execute("DELETE FROM watches WHERE NOT EXISTS (\n  SELECT 1 FROM users WHERE users.id = watches.user_id AND users.account_id = watches.account_id\n)\n")
   -> 0.0001s
-- execute("DELETE FROM pins WHERE NOT EXISTS (\n  SELECT 1 FROM users WHERE users.id = pins.user_id AND users.account_id = pins.account_id\n)\n")
   -> 0.0001s
-- execute("DELETE FROM webhook_deliveries WHERE NOT EXISTS (\n  SELECT 1 FROM events WHERE events.id = webhook_deliveries.event_id AND events.account_id = webhook_deliveries.account_id\n)\n")
   -> 0.0001s
-- execute("DELETE FROM storage_entries WHERE board_id IS NOT NULL AND NOT EXISTS (\n  SELECT 1 FROM boards WHERE boards.id = storage_entries.board_id AND boards.account_id = storage_entries.account_id\n)\n")
   -> 0.0001s
-- execute("DELETE FROM account_cancellations\nWHERE account_id IS NULL OR NOT EXISTS (SELECT 1 FROM accounts WHERE accounts.id = account_cancellations.account_id)\n")
   -> 0.0001s
-- execute("DELETE FROM account_imports\nWHERE account_id IS NULL OR NOT EXISTS (SELECT 1 FROM accounts WHERE accounts.id = account_imports.account_id)\n")
   -> 0.0001s
-- execute("DELETE FROM account_join_codes\nWHERE account_id IS NULL OR NOT EXISTS (SELECT 1 FROM accounts WHERE accounts.id = account_join_codes.account_id)\n")
   -> 0.0001s
-- execute("DELETE FROM action_text_rich_texts\nWHERE account_id IS NULL OR NOT EXISTS (SELECT 1 FROM accounts WHERE accounts.id = action_text_rich_texts.account_id)\n")
   -> 0.0001s
-- execute("DELETE FROM active_storage_attachments\nWHERE account_id IS NULL OR NOT EXISTS (SELECT 1 FROM accounts WHERE accounts.id = active_storage_attachments.account_id)\n")
   -> 0.0001s
-- execute("DELETE FROM active_storage_blobs\nWHERE account_id IS NULL OR NOT EXISTS (SELECT 1 FROM accounts WHERE accounts.id = active_storage_blobs.account_id)\n")
   -> 0.0001s
-- execute("DELETE FROM active_storage_variant_records\nWHERE account_id IS NULL OR NOT EXISTS (SELECT 1 FROM accounts WHERE accounts.id = active_storage_variant_records.account_id)\n")
   -> 0.0001s
-- execute("DELETE FROM accesses\nWHERE account_id IS NULL OR NOT EXISTS (SELECT 1 FROM accounts WHERE accounts.id = accesses.account_id)\n")
   -> 0.0001s
-- execute("DELETE FROM assignments\nWHERE account_id IS NULL OR NOT EXISTS (SELECT 1 FROM accounts WHERE accounts.id = assignments.account_id)\n")
   -> 0.0001s
-- execute("DELETE FROM board_publications\nWHERE account_id IS NULL OR NOT EXISTS (SELECT 1 FROM accounts WHERE accounts.id = board_publications.account_id)\n")
   -> 0.0001s
-- execute("DELETE FROM boards\nWHERE account_id IS NULL OR NOT EXISTS (SELECT 1 FROM accounts WHERE accounts.id = boards.account_id)\n")
   -> 0.0001s
-- execute("DELETE FROM boards_filters\nWHERE account_id IS NULL OR NOT EXISTS (SELECT 1 FROM accounts WHERE accounts.id = boards_filters.account_id)\n")
   -> 0.0001s
-- execute("DELETE FROM card_activity_spikes\nWHERE account_id IS NULL OR NOT EXISTS (SELECT 1 FROM accounts WHERE accounts.id = card_activity_spikes.account_id)\n")
   -> 0.0001s
-- execute("DELETE FROM card_goldnesses\nWHERE account_id IS NULL OR NOT EXISTS (SELECT 1 FROM accounts WHERE accounts.id = card_goldnesses.account_id)\n")
   -> 0.0001s
-- execute("DELETE FROM card_not_nows\nWHERE account_id IS NULL OR NOT EXISTS (SELECT 1 FROM accounts WHERE accounts.id = card_not_nows.account_id)\n")
   -> 0.0001s
-- execute("DELETE FROM cards\nWHERE account_id IS NULL OR NOT EXISTS (SELECT 1 FROM accounts WHERE accounts.id = cards.account_id)\n")
   -> 0.0001s
-- execute("DELETE FROM closers_filters\nWHERE account_id IS NULL OR NOT EXISTS (SELECT 1 FROM accounts WHERE accounts.id = closers_filters.account_id)\n")
   -> 0.0001s
-- execute("DELETE FROM closures\nWHERE account_id IS NULL OR NOT EXISTS (SELECT 1 FROM accounts WHERE accounts.id = closures.account_id)\n")
   -> 0.0001s
-- execute("DELETE FROM columns\nWHERE account_id IS NULL OR NOT EXISTS (SELECT 1 FROM accounts WHERE accounts.id = columns.account_id)\n")
   -> 0.0001s
-- execute("DELETE FROM comments\nWHERE account_id IS NULL OR NOT EXISTS (SELECT 1 FROM accounts WHERE accounts.id = comments.account_id)\n")
   -> 0.0001s
-- execute("DELETE FROM creators_filters\nWHERE account_id IS NULL OR NOT EXISTS (SELECT 1 FROM accounts WHERE accounts.id = creators_filters.account_id)\n")
   -> 0.0001s
-- execute("DELETE FROM entropies\nWHERE account_id IS NULL OR NOT EXISTS (SELECT 1 FROM accounts WHERE accounts.id = entropies.account_id)\n")
   -> 0.0001s
-- execute("DELETE FROM events\nWHERE account_id IS NULL OR NOT EXISTS (SELECT 1 FROM accounts WHERE accounts.id = events.account_id)\n")
   -> 0.0001s
-- execute("DELETE FROM exports\nWHERE account_id IS NULL OR NOT EXISTS (SELECT 1 FROM accounts WHERE accounts.id = exports.account_id)\n")
   -> 0.0001s
-- execute("DELETE FROM filters\nWHERE account_id IS NULL OR NOT EXISTS (SELECT 1 FROM accounts WHERE accounts.id = filters.account_id)\n")
   -> 0.0001s
-- execute("DELETE FROM filters_tags\nWHERE account_id IS NULL OR NOT EXISTS (SELECT 1 FROM accounts WHERE accounts.id = filters_tags.account_id)\n")
   -> 0.0001s
-- execute("DELETE FROM notification_bundles\nWHERE account_id IS NULL OR NOT EXISTS (SELECT 1 FROM accounts WHERE accounts.id = notification_bundles.account_id)\n")
   -> 0.0001s
-- execute("DELETE FROM notifications\nWHERE account_id IS NULL OR NOT EXISTS (SELECT 1 FROM accounts WHERE accounts.id = notifications.account_id)\n")
   -> 0.0001s
-- execute("DELETE FROM pins\nWHERE account_id IS NULL OR NOT EXISTS (SELECT 1 FROM accounts WHERE accounts.id = pins.account_id)\n")
   -> 0.0001s
-- execute("DELETE FROM push_subscriptions\nWHERE account_id IS NULL OR NOT EXISTS (SELECT 1 FROM accounts WHERE accounts.id = push_subscriptions.account_id)\n")
   -> 0.0001s
-- execute("DELETE FROM mentions\nWHERE account_id IS NULL OR NOT EXISTS (SELECT 1 FROM accounts WHERE accounts.id = mentions.account_id)\n")
   -> 0.0001s
-- execute("DELETE FROM reactions\nWHERE account_id IS NULL OR NOT EXISTS (SELECT 1 FROM accounts WHERE accounts.id = reactions.account_id)\n")
   -> 0.0001s
-- execute("DELETE FROM search_queries\nWHERE account_id IS NULL OR NOT EXISTS (SELECT 1 FROM accounts WHERE accounts.id = search_queries.account_id)\n")
   -> 0.0001s
-- execute("DELETE FROM steps\nWHERE account_id IS NULL OR NOT EXISTS (SELECT 1 FROM accounts WHERE accounts.id = steps.account_id)\n")
   -> 0.0001s
-- execute("DELETE FROM tags\nWHERE account_id IS NULL OR NOT EXISTS (SELECT 1 FROM accounts WHERE accounts.id = tags.account_id)\n")
   -> 0.0001s
-- execute("DELETE FROM taggings\nWHERE account_id IS NULL OR NOT EXISTS (SELECT 1 FROM accounts WHERE accounts.id = taggings.account_id)\n")
   -> 0.0001s
-- execute("DELETE FROM user_settings\nWHERE account_id IS NULL OR NOT EXISTS (SELECT 1 FROM accounts WHERE accounts.id = user_settings.account_id)\n")
   -> 0.0001s
-- execute("DELETE FROM users\nWHERE account_id IS NULL OR NOT EXISTS (SELECT 1 FROM accounts WHERE accounts.id = users.account_id)\n")
   -> 0.0001s
-- execute("DELETE FROM watches\nWHERE account_id IS NULL OR NOT EXISTS (SELECT 1 FROM accounts WHERE accounts.id = watches.account_id)\n")
   -> 0.0001s
-- execute("DELETE FROM webhook_deliveries\nWHERE account_id IS NULL OR NOT EXISTS (SELECT 1 FROM accounts WHERE accounts.id = webhook_deliveries.account_id)\n")
   -> 0.0001s
-- execute("DELETE FROM webhook_delinquency_trackers\nWHERE account_id IS NULL OR NOT EXISTS (SELECT 1 FROM accounts WHERE accounts.id = webhook_delinquency_trackers.account_id)\n")
   -> 0.0001s
-- execute("DELETE FROM webhooks\nWHERE account_id IS NULL OR NOT EXISTS (SELECT 1 FROM accounts WHERE accounts.id = webhooks.account_id)\n")
   -> 0.0001s
-- execute("DELETE FROM storage_entries\nWHERE account_id IS NULL OR NOT EXISTS (SELECT 1 FROM accounts WHERE accounts.id = storage_entries.account_id)\n")
   -> 0.0001s
-- execute("DELETE FROM storage_totals\nWHERE account_id IS NULL OR NOT EXISTS (SELECT 1 FROM accounts WHERE accounts.id = storage_totals.account_id)\n")
   -> 0.0001s
-- execute("DELETE FROM assignees_filters\nWHERE account_id IS NULL OR NOT EXISTS (SELECT 1 FROM accounts WHERE accounts.id = assignees_filters.account_id)\n")
   -> 0.0008s
-- execute("DELETE FROM assigners_filters\nWHERE account_id IS NULL OR NOT EXISTS (SELECT 1 FROM accounts WHERE accounts.id = assigners_filters.account_id)\n")
   -> 0.0001s
-- change_column_null("account_cancellations", :account_id, false)
   -> 0.0051s
-- index_exists?("account_cancellations", :account_id)
   -> 0.0002s
-- change_column_null("account_imports", :account_id, false)
   -> 0.0062s
-- index_exists?("account_imports", :account_id)
   -> 0.0002s
-- change_column_null("account_join_codes", :account_id, false)
   -> 0.0049s
-- index_exists?("account_join_codes", :account_id)
   -> 0.0002s
-- add_index("account_join_codes", :account_id)
   -> 0.0002s
-- change_column_null("action_text_rich_texts", :account_id, false)
   -> 0.0048s
-- index_exists?("action_text_rich_texts", :account_id)
   -> 0.0002s
-- add_index("action_text_rich_texts", :account_id)
   -> 0.0002s
-- change_column_null("active_storage_attachments", :account_id, false)
   -> 0.0058s
-- index_exists?("active_storage_attachments", :account_id)
   -> 0.0002s
-- add_index("active_storage_attachments", :account_id)
   -> 0.0002s
-- change_column_null("active_storage_blobs", :account_id, false)
   -> 0.0051s
-- index_exists?("active_storage_blobs", :account_id)
   -> 0.0002s
-- add_index("active_storage_blobs", :account_id)
   -> 0.0002s
-- change_column_null("active_storage_variant_records", :account_id, false)
   -> 0.0041s
-- index_exists?("active_storage_variant_records", :account_id)
   -> 0.0001s
-- add_index("active_storage_variant_records", :account_id)
   -> 0.0002s
-- change_column_null("accesses", :account_id, false)
   -> 0.0114s
-- index_exists?("accesses", :account_id)
   -> 0.0005s
-- add_index("accesses", :account_id)
   -> 0.0002s
-- change_column_null("assignments", :account_id, false)
   -> 0.0075s
-- index_exists?("assignments", :account_id)
   -> 0.0004s
-- add_index("assignments", :account_id)
   -> 0.0002s
-- change_column_null("board_publications", :account_id, false)
   -> 0.0057s
-- index_exists?("board_publications", :account_id)
   -> 0.0002s
-- add_index("board_publications", :account_id)
   -> 0.0002s
-- change_column_null("boards", :account_id, false)
   -> 0.0047s
-- index_exists?("boards", :account_id)
   -> 0.0001s
-- add_index("boards", :account_id)
   -> 0.0002s
-- change_column_null("boards_filters", :account_id, false)
   -> 0.0049s
-- index_exists?("boards_filters", :account_id)
   -> 0.0002s
-- add_index("boards_filters", :account_id)
   -> 0.0002s
-- change_column_null("card_activity_spikes", :account_id, false)
   -> 0.0041s
-- index_exists?("card_activity_spikes", :account_id)
   -> 0.0002s
-- add_index("card_activity_spikes", :account_id)
   -> 0.0002s
-- change_column_null("card_goldnesses", :account_id, false)
   -> 0.0041s
-- index_exists?("card_goldnesses", :account_id)
   -> 0.0002s
-- add_index("card_goldnesses", :account_id)
   -> 0.0002s
-- change_column_null("card_not_nows", :account_id, false)
   -> 0.0058s
-- index_exists?("card_not_nows", :account_id)
   -> 0.0002s
-- add_index("card_not_nows", :account_id)
   -> 0.0002s
-- change_column_null("cards", :account_id, false)
   -> 0.0109s
-- index_exists?("cards", :account_id)
   -> 0.0005s
-- add_index("cards", :account_id)
   -> 0.0002s
-- change_column_null("closers_filters", :account_id, false)
   -> 0.0047s
-- index_exists?("closers_filters", :account_id)
   -> 0.0002s
-- add_index("closers_filters", :account_id)
   -> 0.0002s
-- change_column_null("closures", :account_id, false)
   -> 0.0080s
-- index_exists?("closures", :account_id)
   -> 0.0004s
-- add_index("closures", :account_id)
   -> 0.0002s
-- change_column_null("columns", :account_id, false)
   -> 0.0073s
-- index_exists?("columns", :account_id)
   -> 0.0003s
-- add_index("columns", :account_id)
   -> 0.0002s
-- change_column_null("comments", :account_id, false)
   -> 0.0044s
-- index_exists?("comments", :account_id)
   -> 0.0001s
-- add_index("comments", :account_id)
   -> 0.0002s
-- change_column_null("creators_filters", :account_id, false)
   -> 0.0049s
-- index_exists?("creators_filters", :account_id)
   -> 0.0002s
-- add_index("creators_filters", :account_id)
   -> 0.0002s
-- change_column_null("entropies", :account_id, false)
   -> 0.0062s
-- index_exists?("entropies", :account_id)
   -> 0.0003s
-- add_index("entropies", :account_id)
   -> 0.0002s
-- change_column_null("events", :account_id, false)
   -> 0.0105s
-- index_exists?("events", :account_id)
   -> 0.0005s
-- add_index("events", :account_id)
   -> 0.0002s
-- change_column_null("exports", :account_id, false)
   -> 0.0360s
-- index_exists?("exports", :account_id)
   -> 0.0003s
-- change_column_null("filters", :account_id, false)
   -> 0.0051s
-- index_exists?("filters", :account_id)
   -> 0.0002s
-- add_index("filters", :account_id)
   -> 0.0002s
-- change_column_null("filters_tags", :account_id, false)
   -> 0.0085s
-- index_exists?("filters_tags", :account_id)
   -> 0.0003s
-- add_index("filters_tags", :account_id)
   -> 0.0002s
-- change_column_null("notification_bundles", :account_id, false)
   -> 0.0081s
-- index_exists?("notification_bundles", :account_id)
   -> 0.0004s
-- add_index("notification_bundles", :account_id)
   -> 0.0002s
-- change_column_null("notifications", :account_id, false)
   -> 0.0106s
-- index_exists?("notifications", :account_id)
   -> 0.0005s
-- add_index("notifications", :account_id)
   -> 0.0002s
-- change_column_null("pins", :account_id, false)
   -> 0.0066s
-- index_exists?("pins", :account_id)
   -> 0.0003s
-- add_index("pins", :account_id)
   -> 0.0002s
-- change_column_null("push_subscriptions", :account_id, false)
   -> 0.0049s
-- index_exists?("push_subscriptions", :account_id)
   -> 0.0002s
-- add_index("push_subscriptions", :account_id)
   -> 0.0002s
-- change_column_null("mentions", :account_id, false)
   -> 0.0075s
-- index_exists?("mentions", :account_id)
   -> 0.0003s
-- add_index("mentions", :account_id)
   -> 0.0002s
-- change_column_null("reactions", :account_id, false)
   -> 0.0066s
-- index_exists?("reactions", :account_id)
   -> 0.0002s
-- add_index("reactions", :account_id)
   -> 0.0002s
-- change_column_null("search_queries", :account_id, false)
   -> 0.0065s
-- index_exists?("search_queries", :account_id)
   -> 0.0003s
-- add_index("search_queries", :account_id)
   -> 0.0002s
-- change_column_null("steps", :account_id, false)
   -> 0.0057s
-- index_exists?("steps", :account_id)
   -> 0.0002s
-- add_index("steps", :account_id)
   -> 0.0002s
-- change_column_null("tags", :account_id, false)
   -> 0.0043s
-- index_exists?("tags", :account_id)
   -> 0.0001s
-- add_index("tags", :account_id)
   -> 0.0002s
-- change_column_null("taggings", :account_id, false)
   -> 0.0053s
-- index_exists?("taggings", :account_id)
   -> 0.0004s
-- add_index("taggings", :account_id)
   -> 0.0002s
-- change_column_null("user_settings", :account_id, false)
   -> 0.0060s
-- index_exists?("user_settings", :account_id)
   -> 0.0003s
-- add_index("user_settings", :account_id)
   -> 0.0002s
-- change_column_null("users", :account_id, false)
   -> 0.0072s
-- index_exists?("users", :account_id)
   -> 0.0003s
-- add_index("users", :account_id)
   -> 0.0002s
-- change_column_null("watches", :account_id, false)
   -> 0.0064s
-- index_exists?("watches", :account_id)
   -> 0.0003s
-- add_index("watches", :account_id)
   -> 0.0002s
-- change_column_null("webhook_deliveries", :account_id, false)
   -> 0.0080s
-- index_exists?("webhook_deliveries", :account_id)
   -> 0.0005s
-- add_index("webhook_deliveries", :account_id)
   -> 0.0002s
-- change_column_null("webhook_delinquency_trackers", :account_id, false)
   -> 0.0067s
-- index_exists?("webhook_delinquency_trackers", :account_id)
   -> 0.0002s
-- add_index("webhook_delinquency_trackers", :account_id)
   -> 0.0003s
-- change_column_null("webhooks", :account_id, false)
   -> 0.0068s
-- index_exists?("webhooks", :account_id)
   -> 0.0002s
-- add_index("webhooks", :account_id)
   -> 0.0002s
-- change_column_null("storage_entries", :account_id, false)
   -> 0.0143s
-- index_exists?("storage_entries", :account_id)
   -> 0.0006s
-- change_column_null("storage_totals", :account_id, false)
   -> 0.0211s
-- index_exists?("storage_totals", :account_id)
   -> 0.0002s
-- add_index("storage_totals", :account_id)
   -> 0.0002s
-- change_column_null("assignees_filters", :account_id, false)
   -> 0.0052s
-- index_exists?("assignees_filters", :account_id)
   -> 0.0002s
-- add_index("assignees_filters", :account_id)
   -> 0.0002s
-- change_column_null("assigners_filters", :account_id, false)
   -> 0.0056s
-- index_exists?("assigners_filters", :account_id)
   -> 0.0002s
-- add_index("assigners_filters", :account_id)
   -> 0.0002s
-- remove_index(:tags, :title)
   -> 0.0004s
-- add_index(:tags, [:account_id, :title], {unique: true})
   -> 0.0002s
== 20260710120000 AddAccountIdToAllAccountData: migrated (0.4670s) ============

== 20260710120000 AddAccountIdToAllAccountData: reverting =====================
-- index_exists?(:tags, [:account_id, :title])
   -> 0.0011s
-- remove_index(:tags, {column: [:account_id, :title]})
   -> 0.0013s
-- index_exists?(:tags, :title)
   -> 0.0002s
-- add_index(:tags, :title, {unique: true})
   -> 0.0006s
-- change_column_null("account_cancellations", :account_id, true)
   -> 0.0141s
-- index_exists?("account_cancellations", :account_id)
   -> 0.0002s
-- change_column_null("account_imports", :account_id, true)
   -> 0.0144s
-- index_exists?("account_imports", :account_id)
   -> 0.0006s
-- change_column_null("account_join_codes", :account_id, true)
   -> 0.0179s
-- index_exists?("account_join_codes", :account_id)
   -> 0.0024s
-- remove_index("account_join_codes", :account_id)
   -> 0.0005s
-- column_exists?("action_text_rich_texts", :account_id)
   -> 0.0004s
-- remove_column("action_text_rich_texts", :account_id)
   -> 0.0061s
-- column_exists?("active_storage_attachments", :account_id)
   -> 0.0003s
-- remove_column("active_storage_attachments", :account_id)
   -> 0.0076s
-- column_exists?("active_storage_blobs", :account_id)
   -> 0.0004s
-- remove_column("active_storage_blobs", :account_id)
   -> 0.0068s
-- column_exists?("active_storage_variant_records", :account_id)
   -> 0.0002s
-- remove_column("active_storage_variant_records", :account_id)
   -> 0.0049s
-- column_exists?("accesses", :account_id)
   -> 0.0003s
-- remove_column("accesses", :account_id)
   -> 0.0090s
-- column_exists?("assignments", :account_id)
   -> 0.0003s
-- remove_column("assignments", :account_id)
   -> 0.0074s
-- column_exists?("board_publications", :account_id)
   -> 0.0003s
-- remove_column("board_publications", :account_id)
   -> 0.0084s
-- change_column_null("boards", :account_id, true)
   -> 0.0056s
-- index_exists?("boards", :account_id)
   -> 0.0002s
-- remove_index("boards", :account_id)
   -> 0.0003s
-- column_exists?("boards_filters", :account_id)
   -> 0.0002s
-- remove_column("boards_filters", :account_id)
   -> 0.0052s
-- column_exists?("card_activity_spikes", :account_id)
   -> 0.0002s
-- remove_column("card_activity_spikes", :account_id)
   -> 0.0048s
-- column_exists?("card_goldnesses", :account_id)
   -> 0.0002s
-- remove_column("card_goldnesses", :account_id)
   -> 0.0047s
-- column_exists?("card_not_nows", :account_id)
   -> 0.0003s
-- remove_column("card_not_nows", :account_id)
   -> 0.0068s
-- change_column_null("cards", :account_id, true)
   -> 0.0121s
-- index_exists?("cards", :account_id)
   -> 0.0006s
-- remove_index("cards", :account_id)
   -> 0.0006s
-- column_exists?("closers_filters", :account_id)
   -> 0.0002s
-- remove_column("closers_filters", :account_id)
   -> 0.0057s
-- column_exists?("closures", :account_id)
   -> 0.0003s
-- remove_column("closures", :account_id)
   -> 0.0077s
-- change_column_null("columns", :account_id, true)
   -> 0.0071s
-- index_exists?("columns", :account_id)
   -> 0.0003s
-- remove_index("columns", :account_id)
   -> 0.0004s
-- change_column_null("comments", :account_id, true)
   -> 0.0059s
-- index_exists?("comments", :account_id)
   -> 0.0003s
-- remove_index("comments", :account_id)
   -> 0.0004s
-- column_exists?("creators_filters", :account_id)
   -> 0.0003s
-- remove_column("creators_filters", :account_id)
   -> 0.0064s
-- column_exists?("entropies", :account_id)
   -> 0.0003s
-- remove_column("entropies", :account_id)
   -> 0.0075s
-- change_column_null("events", :account_id, true)
   -> 0.0361s
-- index_exists?("events", :account_id)
   -> 0.0009s
-- remove_index("events", :account_id)
   -> 0.0010s
-- change_column_null("exports", :account_id, true)
   -> 0.0107s
-- index_exists?("exports", :account_id)
   -> 0.0004s
-- change_column_null("filters", :account_id, true)
   -> 0.0066s
-- index_exists?("filters", :account_id)
   -> 0.0002s
-- remove_index("filters", :account_id)
   -> 0.0010s
-- column_exists?("filters_tags", :account_id)
   -> 0.0002s
-- remove_column("filters_tags", :account_id)
   -> 0.0059s
-- change_column_null("notification_bundles", :account_id, true)
   -> 0.0097s
-- index_exists?("notification_bundles", :account_id)
   -> 0.0005s
-- remove_index("notification_bundles", :account_id)
   -> 0.0006s
-- change_column_null("notifications", :account_id, true)
   -> 0.0134s
-- index_exists?("notifications", :account_id)
   -> 0.0006s
-- remove_index("notifications", :account_id)
   -> 0.0008s
-- column_exists?("pins", :account_id)
   -> 0.0006s
-- remove_column("pins", :account_id)
   -> 0.0071s
-- change_column_null("push_subscriptions", :account_id, true)
   -> 0.0064s
-- index_exists?("push_subscriptions", :account_id)
   -> 0.0006s
-- remove_index("push_subscriptions", :account_id)
   -> 0.0004s
-- column_exists?("mentions", :account_id)
   -> 0.0004s
-- remove_column("mentions", :account_id)
   -> 0.0098s
-- column_exists?("reactions", :account_id)
   -> 0.0005s
-- remove_column("reactions", :account_id)
   -> 0.0106s
-- column_exists?("search_queries", :account_id)
   -> 0.0005s
-- remove_column("search_queries", :account_id)
   -> 0.0109s
-- change_column_null("steps", :account_id, true)
   -> 0.0066s
-- index_exists?("steps", :account_id)
   -> 0.0005s
-- remove_index("steps", :account_id)
   -> 0.0004s
-- change_column_null("tags", :account_id, true)
   -> 0.0051s
-- index_exists?("tags", :account_id)
   -> 0.0002s
-- remove_index("tags", :account_id)
   -> 0.0003s
-- column_exists?("taggings", :account_id)
   -> 0.0003s
-- remove_column("taggings", :account_id)
   -> 0.0057s
-- column_exists?("user_settings", :account_id)
   -> 0.0003s
-- remove_column("user_settings", :account_id)
   -> 0.0065s
-- change_column_null("users", :account_id, true)
   -> 0.0084s
-- index_exists?("users", :account_id)
   -> 0.0004s
-- remove_index("users", :account_id)
   -> 0.0005s
-- column_exists?("watches", :account_id)
   -> 0.0003s
-- remove_column("watches", :account_id)
   -> 0.0073s
-- column_exists?("webhook_deliveries", :account_id)
   -> 0.0004s
-- remove_column("webhook_deliveries", :account_id)
   -> 0.0078s
-- column_exists?("webhook_delinquency_trackers", :account_id)
   -> 0.0003s
-- remove_column("webhook_delinquency_trackers", :account_id)
   -> 0.0053s
-- change_column_null("webhooks", :account_id, true)
   -> 0.0224s
-- index_exists?("webhooks", :account_id)
   -> 0.0003s
-- remove_index("webhooks", :account_id)
   -> 0.0012s
-- change_column_null("storage_entries", :account_id, true)
   -> 0.0127s
-- index_exists?("storage_entries", :account_id)
   -> 0.0005s
-- column_exists?("storage_totals", :account_id)
   -> 0.0003s
-- remove_column("storage_totals", :account_id)
   -> 0.0062s
-- column_exists?("assignees_filters", :account_id)
   -> 0.0002s
-- remove_column("assignees_filters", :account_id)
   -> 0.0058s
-- column_exists?("assigners_filters", :account_id)
   -> 0.0002s
-- remove_column("assigners_filters", :account_id)
   -> 0.0051s
== 20260710120000 AddAccountIdToAllAccountData: reverted (0.4413s) ============

== 20260710120000 AddAccountIdToAllAccountData: migrating =====================
-- column_exists?("account_cancellations", :account_id)
   -> 0.0006s
-- column_exists?("account_imports", :account_id)
   -> 0.0004s
-- column_exists?("account_join_codes", :account_id)
   -> 0.0003s
-- column_exists?("action_text_rich_texts", :account_id)
   -> 0.0003s
-- add_column("action_text_rich_texts", :account_id, :uuid)
   -> 0.0010s
-- column_exists?("active_storage_attachments", :account_id)
   -> 0.0003s
-- add_column("active_storage_attachments", :account_id, :uuid)
   -> 0.0007s
-- column_exists?("active_storage_blobs", :account_id)
   -> 0.0004s
-- add_column("active_storage_blobs", :account_id, :uuid)
   -> 0.0007s
-- column_exists?("active_storage_variant_records", :account_id)
   -> 0.0002s
-- add_column("active_storage_variant_records", :account_id, :uuid)
   -> 0.0006s
-- column_exists?("accesses", :account_id)
   -> 0.0004s
-- add_column("accesses", :account_id, :uuid)
   -> 0.0006s
-- column_exists?("assignments", :account_id)
   -> 0.0003s
-- add_column("assignments", :account_id, :uuid)
   -> 0.0006s
-- column_exists?("board_publications", :account_id)
   -> 0.0003s
-- add_column("board_publications", :account_id, :uuid)
   -> 0.0006s
-- column_exists?("boards", :account_id)
   -> 0.0003s
-- column_exists?("boards_filters", :account_id)
   -> 0.0002s
-- add_column("boards_filters", :account_id, :uuid)
   -> 0.0007s
-- column_exists?("card_activity_spikes", :account_id)
   -> 0.0002s
-- add_column("card_activity_spikes", :account_id, :uuid)
   -> 0.0006s
-- column_exists?("card_goldnesses", :account_id)
   -> 0.0002s
-- add_column("card_goldnesses", :account_id, :uuid)
   -> 0.0006s
-- column_exists?("card_not_nows", :account_id)
   -> 0.0003s
-- add_column("card_not_nows", :account_id, :uuid)
   -> 0.0006s
-- column_exists?("cards", :account_id)
   -> 0.0004s
-- column_exists?("closers_filters", :account_id)
   -> 0.0002s
-- add_column("closers_filters", :account_id, :uuid)
   -> 0.0007s
-- column_exists?("closures", :account_id)
   -> 0.0003s
-- add_column("closures", :account_id, :uuid)
   -> 0.0006s
-- column_exists?("columns", :account_id)
   -> 0.0004s
-- column_exists?("comments", :account_id)
   -> 0.0003s
-- column_exists?("creators_filters", :account_id)
   -> 0.0002s
-- add_column("creators_filters", :account_id, :uuid)
   -> 0.0006s
-- column_exists?("entropies", :account_id)
   -> 0.0003s
-- add_column("entropies", :account_id, :uuid)
   -> 0.0007s
-- column_exists?("events", :account_id)
   -> 0.0004s
-- column_exists?("exports", :account_id)
   -> 0.0003s
-- column_exists?("filters", :account_id)
   -> 0.0003s
-- column_exists?("filters_tags", :account_id)
   -> 0.0002s
-- add_column("filters_tags", :account_id, :uuid)
   -> 0.0007s
-- column_exists?("notification_bundles", :account_id)
   -> 0.0003s
-- column_exists?("notifications", :account_id)
   -> 0.0003s
-- column_exists?("pins", :account_id)
   -> 0.0003s
-- add_column("pins", :account_id, :uuid)
   -> 0.0007s
-- column_exists?("push_subscriptions", :account_id)
   -> 0.0003s
-- column_exists?("mentions", :account_id)
   -> 0.0003s
-- add_column("mentions", :account_id, :uuid)
   -> 0.0007s
-- column_exists?("reactions", :account_id)
   -> 0.0007s
-- add_column("reactions", :account_id, :uuid)
   -> 0.0007s
-- column_exists?("search_queries", :account_id)
   -> 0.0003s
-- add_column("search_queries", :account_id, :uuid)
   -> 0.0006s
-- column_exists?("steps", :account_id)
   -> 0.0003s
-- column_exists?("tags", :account_id)
   -> 0.0002s
-- column_exists?("taggings", :account_id)
   -> 0.0002s
-- add_column("taggings", :account_id, :uuid)
   -> 0.0006s
-- column_exists?("user_settings", :account_id)
   -> 0.0003s
-- add_column("user_settings", :account_id, :uuid)
   -> 0.0006s
-- column_exists?("users", :account_id)
   -> 0.0004s
-- column_exists?("watches", :account_id)
   -> 0.0003s
-- add_column("watches", :account_id, :uuid)
   -> 0.0006s
-- column_exists?("webhook_deliveries", :account_id)
   -> 0.0003s
-- add_column("webhook_deliveries", :account_id, :uuid)
   -> 0.0007s
-- column_exists?("webhook_delinquency_trackers", :account_id)
   -> 0.0003s
-- add_column("webhook_delinquency_trackers", :account_id, :uuid)
   -> 0.0006s
-- column_exists?("webhooks", :account_id)
   -> 0.0004s
-- column_exists?("storage_entries", :account_id)
   -> 0.0004s
-- column_exists?("storage_totals", :account_id)
   -> 0.0003s
-- add_column("storage_totals", :account_id, :uuid)
   -> 0.0007s
-- column_exists?("assignees_filters", :account_id)
   -> 0.0002s
-- add_column("assignees_filters", :account_id, :uuid)
   -> 0.0006s
-- column_exists?("assigners_filters", :account_id)
   -> 0.0002s
-- add_column("assigners_filters", :account_id, :uuid)
   -> 0.0006s
-- execute("UPDATE action_text_rich_texts SET account_id = CASE action_text_rich_texts.record_type WHEN 'Board' THEN (SELECT boards.account_id FROM boards WHERE boards.id = action_text_rich_texts.record_id) WHEN 'Card' THEN (SELECT cards.account_id FROM cards WHERE cards.id = action_text_rich_texts.record_id) WHEN 'Comment' THEN (SELECT comments.account_id FROM comments WHERE comments.id = action_text_rich_texts.record_id) END")
   -> 0.0001s
-- execute("UPDATE active_storage_attachments SET account_id = (SELECT active_storage_blobs.account_id FROM active_storage_blobs WHERE active_storage_blobs.id = active_storage_attachments.blob_id)")
   -> 0.0001s
-- execute("UPDATE active_storage_blobs SET account_id = (SELECT active_storage_attachments.account_id FROM active_storage_attachments WHERE active_storage_attachments.blob_id = active_storage_blobs.id ORDER BY active_storage_attachments.id LIMIT 1)")
   -> 0.0002s
-- execute("UPDATE active_storage_variant_records SET account_id = (SELECT active_storage_blobs.account_id FROM active_storage_blobs WHERE active_storage_blobs.id = active_storage_variant_records.blob_id)")
   -> 0.0001s
-- execute("UPDATE boards SET account_id = (SELECT users.account_id FROM users WHERE users.id = boards.creator_id)")
   -> 0.0001s
-- execute("UPDATE accesses SET account_id = (SELECT boards.account_id FROM boards WHERE boards.id = accesses.board_id)")
   -> 0.0001s
-- execute("UPDATE cards SET account_id = (SELECT boards.account_id FROM boards WHERE boards.id = cards.board_id)")
   -> 0.0001s
-- execute("UPDATE columns SET account_id = (SELECT boards.account_id FROM boards WHERE boards.id = columns.board_id)")
   -> 0.0001s
-- execute("UPDATE comments SET account_id = (SELECT cards.account_id FROM cards WHERE cards.id = comments.card_id)")
   -> 0.0001s
-- execute("UPDATE events SET account_id = (SELECT boards.account_id FROM boards WHERE boards.id = events.board_id)")
   -> 0.0001s
-- execute("UPDATE filters SET account_id = (SELECT users.account_id FROM users WHERE users.id = filters.creator_id)")
   -> 0.0001s
-- execute("UPDATE steps SET account_id = (SELECT cards.account_id FROM cards WHERE cards.id = steps.card_id)")
   -> 0.0001s
-- execute("UPDATE webhooks SET account_id = (SELECT boards.account_id FROM boards WHERE boards.id = webhooks.board_id)")
   -> 0.0001s
-- execute("UPDATE assignments SET account_id = (SELECT cards.account_id FROM cards WHERE cards.id = assignments.card_id)")
   -> 0.0001s
-- execute("UPDATE board_publications SET account_id = (SELECT boards.account_id FROM boards WHERE boards.id = board_publications.board_id)")
   -> 0.0001s
-- execute("UPDATE boards_filters SET account_id = (SELECT filters.account_id FROM filters WHERE filters.id = boards_filters.filter_id)")
   -> 0.0001s
-- execute("UPDATE card_activity_spikes SET account_id = (SELECT cards.account_id FROM cards WHERE cards.id = card_activity_spikes.card_id)")
   -> 0.0001s
-- execute("UPDATE card_goldnesses SET account_id = (SELECT cards.account_id FROM cards WHERE cards.id = card_goldnesses.card_id)")
   -> 0.0001s
-- execute("UPDATE card_not_nows SET account_id = (SELECT cards.account_id FROM cards WHERE cards.id = card_not_nows.card_id)")
   -> 0.0001s
-- execute("UPDATE closers_filters SET account_id = (SELECT filters.account_id FROM filters WHERE filters.id = closers_filters.filter_id)")
   -> 0.0001s
-- execute("UPDATE closures SET account_id = (SELECT cards.account_id FROM cards WHERE cards.id = closures.card_id)")
   -> 0.0001s
-- execute("UPDATE creators_filters SET account_id = (SELECT filters.account_id FROM filters WHERE filters.id = creators_filters.filter_id)")
   -> 0.0002s
-- execute("UPDATE entropies SET account_id = CASE entropies.container_type WHEN 'Account' THEN (SELECT accounts.id FROM accounts WHERE accounts.id = entropies.container_id) WHEN 'Board' THEN (SELECT boards.account_id FROM boards WHERE boards.id = entropies.container_id) END")
   -> 0.0002s
-- execute("UPDATE filters_tags SET account_id = (SELECT filters.account_id FROM filters WHERE filters.id = filters_tags.filter_id)")
   -> 0.0001s
-- execute("UPDATE mentions SET account_id = (SELECT users.account_id FROM users WHERE users.id = mentions.mentionee_id)")
   -> 0.0001s
-- execute("UPDATE pins SET account_id = (SELECT cards.account_id FROM cards WHERE cards.id = pins.card_id)")
   -> 0.0001s
-- execute("UPDATE reactions SET account_id = (SELECT users.account_id FROM users WHERE users.id = reactions.reacter_id)")
   -> 0.0001s
-- execute("UPDATE search_queries SET account_id = (SELECT users.account_id FROM users WHERE users.id = search_queries.user_id)")
   -> 0.0001s
-- execute("UPDATE storage_totals SET account_id = CASE storage_totals.owner_type WHEN 'Account' THEN (SELECT accounts.id FROM accounts WHERE accounts.id = storage_totals.owner_id) WHEN 'Board' THEN (SELECT boards.account_id FROM boards WHERE boards.id = storage_totals.owner_id) END")
   -> 0.0001s
-- execute("UPDATE taggings SET account_id = (SELECT cards.account_id FROM cards WHERE cards.id = taggings.card_id)")
   -> 0.0001s
-- execute("UPDATE user_settings SET account_id = (SELECT users.account_id FROM users WHERE users.id = user_settings.user_id)")
   -> 0.0001s
-- execute("UPDATE watches SET account_id = (SELECT cards.account_id FROM cards WHERE cards.id = watches.card_id)")
   -> 0.0001s
-- execute("UPDATE webhook_deliveries SET account_id = (SELECT webhooks.account_id FROM webhooks WHERE webhooks.id = webhook_deliveries.webhook_id)")
   -> 0.0001s
-- execute("UPDATE webhook_delinquency_trackers SET account_id = (SELECT webhooks.account_id FROM webhooks WHERE webhooks.id = webhook_delinquency_trackers.webhook_id)")
   -> 0.0001s
-- execute("UPDATE assignees_filters SET account_id = (SELECT filters.account_id FROM filters WHERE filters.id = assignees_filters.filter_id)")
   -> 0.0001s
-- execute("UPDATE assigners_filters SET account_id = (SELECT filters.account_id FROM filters WHERE filters.id = assigners_filters.filter_id)")
   -> 0.0001s
-- execute("UPDATE action_text_rich_texts\nSET account_id = CASE action_text_rich_texts.record_type\n  WHEN 'Board' THEN (SELECT boards.account_id FROM boards WHERE boards.id = action_text_rich_texts.record_id)\n  WHEN 'Card' THEN (SELECT cards.account_id FROM cards WHERE cards.id = action_text_rich_texts.record_id)\n  WHEN 'Comment' THEN (SELECT comments.account_id FROM comments WHERE comments.id = action_text_rich_texts.record_id)\nEND\n")
   -> 0.0001s
-- execute("UPDATE active_storage_attachments\nSET account_id = CASE active_storage_attachments.record_type\n  WHEN 'Account::Import' THEN (SELECT account_imports.account_id FROM account_imports WHERE account_imports.id = active_storage_attachments.record_id)\n  WHEN 'ActionText::RichText' THEN (SELECT action_text_rich_texts.account_id FROM action_text_rich_texts WHERE action_text_rich_texts.id = active_storage_attachments.record_id)\n  WHEN 'Board' THEN (SELECT boards.account_id FROM boards WHERE boards.id = active_storage_attachments.record_id)\n  WHEN 'Card' THEN (SELECT cards.account_id FROM cards WHERE cards.id = active_storage_attachments.record_id)\n  WHEN 'Comment' THEN (SELECT comments.account_id FROM comments WHERE comments.id = active_storage_attachments.record_id)\n  WHEN 'Export' THEN (SELECT exports.account_id FROM exports WHERE exports.id = active_storage_attachments.record_id)\n  WHEN 'Identity' THEN (SELECT users.account_id FROM users WHERE users.identity_id = active_storage_attachments.record_id ORDER BY users.id LIMIT 1)\n  WHEN 'User' THEN (SELECT users.account_id FROM users WHERE users.id = active_storage_attachments.record_id)\nEND\n")
   -> 0.0002s
-- execute("UPDATE active_storage_blobs\nSET account_id = (SELECT active_storage_attachments.account_id FROM active_storage_attachments\n  WHERE active_storage_attachments.blob_id = active_storage_blobs.id\n    AND active_storage_attachments.account_id IS NOT NULL\n  ORDER BY active_storage_attachments.id LIMIT 1)\n")
   -> 0.0001s
-- execute("UPDATE active_storage_variant_records SET account_id =\n  (SELECT active_storage_blobs.account_id FROM active_storage_blobs WHERE active_storage_blobs.id = active_storage_variant_records.blob_id)\n")
   -> 0.0001s
-- execute("UPDATE mentions\nSET account_id = CASE mentions.source_type\n  WHEN 'Card' THEN (SELECT cards.account_id FROM cards WHERE cards.id = mentions.source_id)\n  WHEN 'Comment' THEN (SELECT comments.account_id FROM comments WHERE comments.id = mentions.source_id)\nEND\nWHERE mentions.source_type IN ('Card', 'Comment')\n")
   -> 0.0002s
-- execute("UPDATE reactions\nSET account_id = CASE reactions.reactable_type\n  WHEN 'Card' THEN (SELECT cards.account_id FROM cards WHERE cards.id = reactions.reactable_id)\n  WHEN 'Comment' THEN (SELECT comments.account_id FROM comments WHERE comments.id = reactions.reactable_id)\nEND\nWHERE reactions.reactable_type IN ('Card', 'Comment')\n")
   -> 0.0001s
-- execute("UPDATE storage_totals\nSET account_id = (SELECT users.account_id FROM users WHERE users.id = storage_totals.owner_id)\nWHERE storage_totals.owner_type = 'User'\n")
   -> 0.0001s
-- execute("UPDATE notification_bundles\nSET account_id = (SELECT users.account_id FROM users WHERE users.id = notification_bundles.user_id)\n")
   -> 0.0001s
-- execute("UPDATE notifications\nSET account_id = (SELECT users.account_id FROM users WHERE users.id = notifications.user_id)\n")
   -> 0.0001s
-- execute("UPDATE push_subscriptions\nSET account_id = (SELECT users.account_id FROM users WHERE users.id = push_subscriptions.user_id)\n")
   -> 0.0001s
-- execute("DELETE FROM active_storage_attachments WHERE NOT EXISTS (\n  SELECT 1 FROM active_storage_blobs WHERE active_storage_blobs.id = active_storage_attachments.blob_id\n    AND active_storage_blobs.account_id = active_storage_attachments.account_id\n)\n")
   -> 0.0001s
-- execute("DELETE FROM accesses WHERE account_id IS NULL OR NOT EXISTS (\n  SELECT 1 FROM users WHERE users.id = accesses.user_id AND users.account_id = accesses.account_id\n)\n")
   -> 0.0001s
-- execute("DELETE FROM boards WHERE NOT EXISTS (\n  SELECT 1 FROM users WHERE users.id = boards.creator_id AND users.account_id = boards.account_id\n)\n")
   -> 0.0001s
-- execute("DELETE FROM cards WHERE NOT EXISTS (\n  SELECT 1 FROM boards WHERE boards.id = cards.board_id AND boards.account_id = cards.account_id\n) OR NOT EXISTS (\n  SELECT 1 FROM users WHERE users.id = cards.creator_id AND users.account_id = cards.account_id\n) OR (cards.column_id IS NOT NULL AND NOT EXISTS (\n  SELECT 1 FROM columns WHERE columns.id = cards.column_id AND columns.account_id = cards.account_id\n))\n")
   -> 0.0001s
-- execute("DELETE FROM columns WHERE NOT EXISTS (\n  SELECT 1 FROM boards WHERE boards.id = columns.board_id AND boards.account_id = columns.account_id\n)\n")
   -> 0.0279s
-- execute("DELETE FROM comments WHERE NOT EXISTS (\n  SELECT 1 FROM cards WHERE cards.id = comments.card_id AND cards.account_id = comments.account_id\n) OR NOT EXISTS (\n  SELECT 1 FROM users WHERE users.id = comments.creator_id AND users.account_id = comments.account_id\n)\n")
   -> 0.0003s
-- execute("DELETE FROM events WHERE NOT EXISTS (\n  SELECT 1 FROM boards WHERE boards.id = events.board_id AND boards.account_id = events.account_id\n) OR NOT EXISTS (\n  SELECT 1 FROM users WHERE users.id = events.creator_id AND users.account_id = events.account_id\n)\n")
   -> 0.0001s
-- execute("DELETE FROM filters WHERE NOT EXISTS (\n  SELECT 1 FROM users WHERE users.id = filters.creator_id AND users.account_id = filters.account_id\n)\n")
   -> 0.0001s
-- execute("DELETE FROM webhooks WHERE NOT EXISTS (\n  SELECT 1 FROM boards WHERE boards.id = webhooks.board_id AND boards.account_id = webhooks.account_id\n)\n")
   -> 0.0001s
-- execute("DELETE FROM account_imports WHERE NOT EXISTS (\n  SELECT 1 FROM identities WHERE identities.id = account_imports.identity_id\n)\n")
   -> 0.0001s
-- execute("DELETE FROM account_cancellations WHERE NOT EXISTS (\n  SELECT 1 FROM users WHERE users.id = account_cancellations.initiated_by_id AND users.account_id = account_cancellations.account_id\n)\n")
   -> 0.0001s
-- execute("DELETE FROM exports WHERE NOT EXISTS (\n  SELECT 1 FROM users WHERE users.id = exports.user_id AND users.account_id = exports.account_id\n)\n")
   -> 0.0001s
-- execute("DELETE FROM notification_bundles WHERE NOT EXISTS (\n  SELECT 1 FROM users WHERE users.id = notification_bundles.user_id AND users.account_id = notification_bundles.account_id\n)\n")
   -> 0.0001s
-- execute("DELETE FROM notifications WHERE NOT EXISTS (\n  SELECT 1 FROM users WHERE users.id = notifications.creator_id AND users.account_id = notifications.account_id\n) OR NOT EXISTS (\n  SELECT 1 FROM cards WHERE cards.id = notifications.card_id AND cards.account_id = notifications.account_id\n)\n")
   -> 0.0001s
-- execute("DELETE FROM push_subscriptions WHERE NOT EXISTS (\n  SELECT 1 FROM users WHERE users.id = push_subscriptions.user_id AND users.account_id = push_subscriptions.account_id\n)\n")
   -> 0.0001s
-- execute("DELETE FROM closures WHERE user_id IS NOT NULL AND NOT EXISTS (\n  SELECT 1 FROM users WHERE users.id = closures.user_id AND users.account_id = closures.account_id\n)\n")
   -> 0.0001s
-- execute("DELETE FROM card_not_nows WHERE user_id IS NOT NULL AND NOT EXISTS (\n  SELECT 1 FROM users WHERE users.id = card_not_nows.user_id AND users.account_id = card_not_nows.account_id\n)\n")
   -> 0.0001s
-- execute("DELETE FROM assignments WHERE account_id IS NULL OR NOT EXISTS (\n  SELECT 1 FROM users WHERE users.id = assignments.assignee_id AND users.account_id = assignments.account_id\n) OR NOT EXISTS (\n  SELECT 1 FROM users WHERE users.id = assignments.assigner_id AND users.account_id = assignments.account_id\n)\n")
   -> 0.0001s
-- execute("DELETE FROM boards_filters WHERE account_id IS NULL OR NOT EXISTS (\n  SELECT 1 FROM boards WHERE boards.id = boards_filters.board_id AND boards.account_id = boards_filters.account_id\n)\n")
   -> 0.0001s
-- execute("DELETE FROM assignees_filters WHERE account_id IS NULL OR NOT EXISTS (\n  SELECT 1 FROM users WHERE users.id = assignees_filters.assignee_id AND users.account_id = assignees_filters.account_id\n)\n")
   -> 0.0001s
-- execute("DELETE FROM assigners_filters WHERE account_id IS NULL OR NOT EXISTS (\n  SELECT 1 FROM users WHERE users.id = assigners_filters.assigner_id AND users.account_id = assigners_filters.account_id\n)\n")
   -> 0.0001s
-- execute("DELETE FROM closers_filters WHERE account_id IS NULL OR NOT EXISTS (\n  SELECT 1 FROM users WHERE users.id = closers_filters.closer_id AND users.account_id = closers_filters.account_id\n)\n")
   -> 0.0001s
-- execute("DELETE FROM creators_filters WHERE account_id IS NULL OR NOT EXISTS (\n  SELECT 1 FROM users WHERE users.id = creators_filters.creator_id AND users.account_id = creators_filters.account_id\n)\n")
   -> 0.0001s
-- execute("DELETE FROM filters_tags WHERE account_id IS NULL OR NOT EXISTS (\n  SELECT 1 FROM tags WHERE tags.id = filters_tags.tag_id AND tags.account_id = filters_tags.account_id\n)\n")
   -> 0.0001s
-- execute("DELETE FROM taggings WHERE account_id IS NULL OR NOT EXISTS (\n  SELECT 1 FROM tags WHERE tags.id = taggings.tag_id AND tags.account_id = taggings.account_id\n)\n")
   -> 0.0001s
-- execute("DELETE FROM mentions WHERE account_id IS NULL OR NOT EXISTS (\n  SELECT 1 FROM users WHERE users.id = mentions.mentioner_id AND users.account_id = mentions.account_id\n)\n")
   -> 0.0001s
-- execute("DELETE FROM reactions WHERE account_id IS NULL OR NOT EXISTS (\n  SELECT 1 FROM users WHERE users.id = reactions.reacter_id AND users.account_id = reactions.account_id\n)\n")
   -> 0.0001s
-- execute("DELETE FROM mentions WHERE NOT (\n  (mentions.source_type = 'Card' AND EXISTS (\n    SELECT 1 FROM cards WHERE cards.id = mentions.source_id AND cards.account_id = mentions.account_id\n  )) OR (mentions.source_type = 'Comment' AND EXISTS (\n    SELECT 1 FROM comments WHERE comments.id = mentions.source_id AND comments.account_id = mentions.account_id\n  ))\n)\n")
   -> 0.0001s
-- execute("DELETE FROM reactions WHERE NOT (\n  (reactions.reactable_type = 'Card' AND EXISTS (\n    SELECT 1 FROM cards WHERE cards.id = reactions.reactable_id AND cards.account_id = reactions.account_id\n  )) OR (reactions.reactable_type = 'Comment' AND EXISTS (\n    SELECT 1 FROM comments WHERE comments.id = reactions.reactable_id AND comments.account_id = reactions.account_id\n  ))\n)\n")
   -> 0.0001s
-- execute("DELETE FROM watches WHERE NOT EXISTS (\n  SELECT 1 FROM users WHERE users.id = watches.user_id AND users.account_id = watches.account_id\n)\n")
   -> 0.0001s
-- execute("DELETE FROM pins WHERE NOT EXISTS (\n  SELECT 1 FROM users WHERE users.id = pins.user_id AND users.account_id = pins.account_id\n)\n")
   -> 0.0001s
-- execute("DELETE FROM webhook_deliveries WHERE NOT EXISTS (\n  SELECT 1 FROM events WHERE events.id = webhook_deliveries.event_id AND events.account_id = webhook_deliveries.account_id\n)\n")
   -> 0.0001s
-- execute("DELETE FROM storage_entries WHERE board_id IS NOT NULL AND NOT EXISTS (\n  SELECT 1 FROM boards WHERE boards.id = storage_entries.board_id AND boards.account_id = storage_entries.account_id\n)\n")
   -> 0.0001s
-- execute("DELETE FROM account_cancellations\nWHERE account_id IS NULL OR NOT EXISTS (SELECT 1 FROM accounts WHERE accounts.id = account_cancellations.account_id)\n")
   -> 0.0001s
-- execute("DELETE FROM account_imports\nWHERE account_id IS NULL OR NOT EXISTS (SELECT 1 FROM accounts WHERE accounts.id = account_imports.account_id)\n")
   -> 0.0001s
-- execute("DELETE FROM account_join_codes\nWHERE account_id IS NULL OR NOT EXISTS (SELECT 1 FROM accounts WHERE accounts.id = account_join_codes.account_id)\n")
   -> 0.0001s
-- execute("DELETE FROM action_text_rich_texts\nWHERE account_id IS NULL OR NOT EXISTS (SELECT 1 FROM accounts WHERE accounts.id = action_text_rich_texts.account_id)\n")
   -> 0.0001s
-- execute("DELETE FROM active_storage_attachments\nWHERE account_id IS NULL OR NOT EXISTS (SELECT 1 FROM accounts WHERE accounts.id = active_storage_attachments.account_id)\n")
   -> 0.0001s
-- execute("DELETE FROM active_storage_blobs\nWHERE account_id IS NULL OR NOT EXISTS (SELECT 1 FROM accounts WHERE accounts.id = active_storage_blobs.account_id)\n")
   -> 0.0002s
-- execute("DELETE FROM active_storage_variant_records\nWHERE account_id IS NULL OR NOT EXISTS (SELECT 1 FROM accounts WHERE accounts.id = active_storage_variant_records.account_id)\n")
   -> 0.0001s
-- execute("DELETE FROM accesses\nWHERE account_id IS NULL OR NOT EXISTS (SELECT 1 FROM accounts WHERE accounts.id = accesses.account_id)\n")
   -> 0.0001s
-- execute("DELETE FROM assignments\nWHERE account_id IS NULL OR NOT EXISTS (SELECT 1 FROM accounts WHERE accounts.id = assignments.account_id)\n")
   -> 0.0001s
-- execute("DELETE FROM board_publications\nWHERE account_id IS NULL OR NOT EXISTS (SELECT 1 FROM accounts WHERE accounts.id = board_publications.account_id)\n")
   -> 0.0001s
-- execute("DELETE FROM boards\nWHERE account_id IS NULL OR NOT EXISTS (SELECT 1 FROM accounts WHERE accounts.id = boards.account_id)\n")
   -> 0.0001s
-- execute("DELETE FROM boards_filters\nWHERE account_id IS NULL OR NOT EXISTS (SELECT 1 FROM accounts WHERE accounts.id = boards_filters.account_id)\n")
   -> 0.0001s
-- execute("DELETE FROM card_activity_spikes\nWHERE account_id IS NULL OR NOT EXISTS (SELECT 1 FROM accounts WHERE accounts.id = card_activity_spikes.account_id)\n")
   -> 0.0001s
-- execute("DELETE FROM card_goldnesses\nWHERE account_id IS NULL OR NOT EXISTS (SELECT 1 FROM accounts WHERE accounts.id = card_goldnesses.account_id)\n")
   -> 0.0001s
-- execute("DELETE FROM card_not_nows\nWHERE account_id IS NULL OR NOT EXISTS (SELECT 1 FROM accounts WHERE accounts.id = card_not_nows.account_id)\n")
   -> 0.0001s
-- execute("DELETE FROM cards\nWHERE account_id IS NULL OR NOT EXISTS (SELECT 1 FROM accounts WHERE accounts.id = cards.account_id)\n")
   -> 0.0002s
-- execute("DELETE FROM closers_filters\nWHERE account_id IS NULL OR NOT EXISTS (SELECT 1 FROM accounts WHERE accounts.id = closers_filters.account_id)\n")
   -> 0.0001s
-- execute("DELETE FROM closures\nWHERE account_id IS NULL OR NOT EXISTS (SELECT 1 FROM accounts WHERE accounts.id = closures.account_id)\n")
   -> 0.0001s
-- execute("DELETE FROM columns\nWHERE account_id IS NULL OR NOT EXISTS (SELECT 1 FROM accounts WHERE accounts.id = columns.account_id)\n")
   -> 0.0001s
-- execute("DELETE FROM comments\nWHERE account_id IS NULL OR NOT EXISTS (SELECT 1 FROM accounts WHERE accounts.id = comments.account_id)\n")
   -> 0.0001s
-- execute("DELETE FROM creators_filters\nWHERE account_id IS NULL OR NOT EXISTS (SELECT 1 FROM accounts WHERE accounts.id = creators_filters.account_id)\n")
   -> 0.0001s
-- execute("DELETE FROM entropies\nWHERE account_id IS NULL OR NOT EXISTS (SELECT 1 FROM accounts WHERE accounts.id = entropies.account_id)\n")
   -> 0.0001s
-- execute("DELETE FROM events\nWHERE account_id IS NULL OR NOT EXISTS (SELECT 1 FROM accounts WHERE accounts.id = events.account_id)\n")
   -> 0.0001s
-- execute("DELETE FROM exports\nWHERE account_id IS NULL OR NOT EXISTS (SELECT 1 FROM accounts WHERE accounts.id = exports.account_id)\n")
   -> 0.0001s
-- execute("DELETE FROM filters\nWHERE account_id IS NULL OR NOT EXISTS (SELECT 1 FROM accounts WHERE accounts.id = filters.account_id)\n")
   -> 0.0001s
-- execute("DELETE FROM filters_tags\nWHERE account_id IS NULL OR NOT EXISTS (SELECT 1 FROM accounts WHERE accounts.id = filters_tags.account_id)\n")
   -> 0.0001s
-- execute("DELETE FROM notification_bundles\nWHERE account_id IS NULL OR NOT EXISTS (SELECT 1 FROM accounts WHERE accounts.id = notification_bundles.account_id)\n")
   -> 0.0001s
-- execute("DELETE FROM notifications\nWHERE account_id IS NULL OR NOT EXISTS (SELECT 1 FROM accounts WHERE accounts.id = notifications.account_id)\n")
   -> 0.0001s
-- execute("DELETE FROM pins\nWHERE account_id IS NULL OR NOT EXISTS (SELECT 1 FROM accounts WHERE accounts.id = pins.account_id)\n")
   -> 0.0001s
-- execute("DELETE FROM push_subscriptions\nWHERE account_id IS NULL OR NOT EXISTS (SELECT 1 FROM accounts WHERE accounts.id = push_subscriptions.account_id)\n")
   -> 0.0001s
-- execute("DELETE FROM mentions\nWHERE account_id IS NULL OR NOT EXISTS (SELECT 1 FROM accounts WHERE accounts.id = mentions.account_id)\n")
   -> 0.0001s
-- execute("DELETE FROM reactions\nWHERE account_id IS NULL OR NOT EXISTS (SELECT 1 FROM accounts WHERE accounts.id = reactions.account_id)\n")
   -> 0.0001s
-- execute("DELETE FROM search_queries\nWHERE account_id IS NULL OR NOT EXISTS (SELECT 1 FROM accounts WHERE accounts.id = search_queries.account_id)\n")
   -> 0.0001s
-- execute("DELETE FROM steps\nWHERE account_id IS NULL OR NOT EXISTS (SELECT 1 FROM accounts WHERE accounts.id = steps.account_id)\n")
   -> 0.0001s
-- execute("DELETE FROM tags\nWHERE account_id IS NULL OR NOT EXISTS (SELECT 1 FROM accounts WHERE accounts.id = tags.account_id)\n")
   -> 0.0001s
-- execute("DELETE FROM taggings\nWHERE account_id IS NULL OR NOT EXISTS (SELECT 1 FROM accounts WHERE accounts.id = taggings.account_id)\n")
   -> 0.0001s
-- execute("DELETE FROM user_settings\nWHERE account_id IS NULL OR NOT EXISTS (SELECT 1 FROM accounts WHERE accounts.id = user_settings.account_id)\n")
   -> 0.0001s
-- execute("DELETE FROM users\nWHERE account_id IS NULL OR NOT EXISTS (SELECT 1 FROM accounts WHERE accounts.id = users.account_id)\n")
   -> 0.0001s
-- execute("DELETE FROM watches\nWHERE account_id IS NULL OR NOT EXISTS (SELECT 1 FROM accounts WHERE accounts.id = watches.account_id)\n")
   -> 0.0001s
-- execute("DELETE FROM webhook_deliveries\nWHERE account_id IS NULL OR NOT EXISTS (SELECT 1 FROM accounts WHERE accounts.id = webhook_deliveries.account_id)\n")
   -> 0.0001s
-- execute("DELETE FROM webhook_delinquency_trackers\nWHERE account_id IS NULL OR NOT EXISTS (SELECT 1 FROM accounts WHERE accounts.id = webhook_delinquency_trackers.account_id)\n")
   -> 0.0001s
-- execute("DELETE FROM webhooks\nWHERE account_id IS NULL OR NOT EXISTS (SELECT 1 FROM accounts WHERE accounts.id = webhooks.account_id)\n")
   -> 0.0001s
-- execute("DELETE FROM storage_entries\nWHERE account_id IS NULL OR NOT EXISTS (SELECT 1 FROM accounts WHERE accounts.id = storage_entries.account_id)\n")
   -> 0.0001s
-- execute("DELETE FROM storage_totals\nWHERE account_id IS NULL OR NOT EXISTS (SELECT 1 FROM accounts WHERE accounts.id = storage_totals.account_id)\n")
   -> 0.0001s
-- execute("DELETE FROM assignees_filters\nWHERE account_id IS NULL OR NOT EXISTS (SELECT 1 FROM accounts WHERE accounts.id = assignees_filters.account_id)\n")
   -> 0.0001s
-- execute("DELETE FROM assigners_filters\nWHERE account_id IS NULL OR NOT EXISTS (SELECT 1 FROM accounts WHERE accounts.id = assigners_filters.account_id)\n")
   -> 0.0001s
-- change_column_null("account_cancellations", :account_id, false)
   -> 0.0061s
-- index_exists?("account_cancellations", :account_id)
   -> 0.0002s
-- change_column_null("account_imports", :account_id, false)
   -> 0.0064s
-- index_exists?("account_imports", :account_id)
   -> 0.0002s
-- change_column_null("account_join_codes", :account_id, false)
   -> 0.0048s
-- index_exists?("account_join_codes", :account_id)
   -> 0.0002s
-- add_index("account_join_codes", :account_id)
   -> 0.0002s
-- change_column_null("action_text_rich_texts", :account_id, false)
   -> 0.0052s
-- index_exists?("action_text_rich_texts", :account_id)
   -> 0.0002s
-- add_index("action_text_rich_texts", :account_id)
   -> 0.0002s
-- change_column_null("active_storage_attachments", :account_id, false)
   -> 0.0057s
-- index_exists?("active_storage_attachments", :account_id)
   -> 0.0002s
-- add_index("active_storage_attachments", :account_id)
   -> 0.0002s
-- change_column_null("active_storage_blobs", :account_id, false)
   -> 0.0100s
-- index_exists?("active_storage_blobs", :account_id)
   -> 0.0002s
-- add_index("active_storage_blobs", :account_id)
   -> 0.0008s
-- change_column_null("active_storage_variant_records", :account_id, false)
   -> 0.0132s
-- index_exists?("active_storage_variant_records", :account_id)
   -> 0.0002s
-- add_index("active_storage_variant_records", :account_id)
   -> 0.0009s
-- change_column_null("accesses", :account_id, false)
   -> 0.0404s
-- index_exists?("accesses", :account_id)
   -> 0.0009s
-- add_index("accesses", :account_id)
   -> 0.0023s
-- change_column_null("assignments", :account_id, false)
   -> 0.0175s
-- index_exists?("assignments", :account_id)
   -> 0.0003s
-- add_index("assignments", :account_id)
   -> 0.0002s
-- change_column_null("board_publications", :account_id, false)
   -> 0.0060s
-- index_exists?("board_publications", :account_id)
   -> 0.0002s
-- add_index("board_publications", :account_id)
   -> 0.0002s
-- change_column_null("boards", :account_id, false)
   -> 0.0047s
-- index_exists?("boards", :account_id)
   -> 0.0001s
-- add_index("boards", :account_id)
   -> 0.0002s
-- change_column_null("boards_filters", :account_id, false)
   -> 0.0050s
-- index_exists?("boards_filters", :account_id)
   -> 0.0002s
-- add_index("boards_filters", :account_id)
   -> 0.0002s
-- change_column_null("card_activity_spikes", :account_id, false)
   -> 0.0040s
-- index_exists?("card_activity_spikes", :account_id)
   -> 0.0002s
-- add_index("card_activity_spikes", :account_id)
   -> 0.0002s
-- change_column_null("card_goldnesses", :account_id, false)
   -> 0.0050s
-- index_exists?("card_goldnesses", :account_id)
   -> 0.0002s
-- add_index("card_goldnesses", :account_id)
   -> 0.0002s
-- change_column_null("card_not_nows", :account_id, false)
   -> 0.0057s
-- index_exists?("card_not_nows", :account_id)
   -> 0.0002s
-- add_index("card_not_nows", :account_id)
   -> 0.0002s
-- change_column_null("cards", :account_id, false)
   -> 0.0123s
-- index_exists?("cards", :account_id)
   -> 0.0005s
-- add_index("cards", :account_id)
   -> 0.0002s
-- change_column_null("closers_filters", :account_id, false)
   -> 0.0054s
-- index_exists?("closers_filters", :account_id)
   -> 0.0003s
-- add_index("closers_filters", :account_id)
   -> 0.0002s
-- change_column_null("closures", :account_id, false)
   -> 0.0061s
-- index_exists?("closures", :account_id)
   -> 0.0003s
-- add_index("closures", :account_id)
   -> 0.0002s
-- change_column_null("columns", :account_id, false)
   -> 0.0058s
-- index_exists?("columns", :account_id)
   -> 0.0002s
-- add_index("columns", :account_id)
   -> 0.0002s
-- change_column_null("comments", :account_id, false)
   -> 0.0044s
-- index_exists?("comments", :account_id)
   -> 0.0002s
-- add_index("comments", :account_id)
   -> 0.0002s
-- change_column_null("creators_filters", :account_id, false)
   -> 0.0046s
-- index_exists?("creators_filters", :account_id)
   -> 0.0003s
-- add_index("creators_filters", :account_id)
   -> 0.0002s
-- change_column_null("entropies", :account_id, false)
   -> 0.0058s
-- index_exists?("entropies", :account_id)
   -> 0.0002s
-- add_index("entropies", :account_id)
   -> 0.0002s
-- change_column_null("events", :account_id, false)
   -> 0.0111s
-- index_exists?("events", :account_id)
   -> 0.0005s
-- add_index("events", :account_id)
   -> 0.0002s
-- change_column_null("exports", :account_id, false)
   -> 0.0070s
-- index_exists?("exports", :account_id)
   -> 0.0003s
-- change_column_null("filters", :account_id, false)
   -> 0.0046s
-- index_exists?("filters", :account_id)
   -> 0.0001s
-- add_index("filters", :account_id)
   -> 0.0002s
-- change_column_null("filters_tags", :account_id, false)
   -> 0.0046s
-- index_exists?("filters_tags", :account_id)
   -> 0.0002s
-- add_index("filters_tags", :account_id)
   -> 0.0002s
-- change_column_null("notification_bundles", :account_id, false)
   -> 0.0071s
-- index_exists?("notification_bundles", :account_id)
   -> 0.0003s
-- add_index("notification_bundles", :account_id)
   -> 0.0002s
-- change_column_null("notifications", :account_id, false)
   -> 0.0112s
-- index_exists?("notifications", :account_id)
   -> 0.0007s
-- add_index("notifications", :account_id)
   -> 0.0003s
-- change_column_null("pins", :account_id, false)
   -> 0.0244s
-- index_exists?("pins", :account_id)
   -> 0.0006s
-- add_index("pins", :account_id)
   -> 0.0002s
-- change_column_null("push_subscriptions", :account_id, false)
   -> 0.0076s
-- index_exists?("push_subscriptions", :account_id)
   -> 0.0002s
-- add_index("push_subscriptions", :account_id)
   -> 0.0002s
-- change_column_null("mentions", :account_id, false)
   -> 0.0083s
-- index_exists?("mentions", :account_id)
   -> 0.0004s
-- add_index("mentions", :account_id)
   -> 0.0002s
-- change_column_null("reactions", :account_id, false)
   -> 0.0074s
-- index_exists?("reactions", :account_id)
   -> 0.0003s
-- add_index("reactions", :account_id)
   -> 0.0002s
-- change_column_null("search_queries", :account_id, false)
   -> 0.0077s
-- index_exists?("search_queries", :account_id)
   -> 0.0004s
-- add_index("search_queries", :account_id)
   -> 0.0002s
-- change_column_null("steps", :account_id, false)
   -> 0.0078s
-- index_exists?("steps", :account_id)
   -> 0.0004s
-- add_index("steps", :account_id)
   -> 0.0002s
-- change_column_null("tags", :account_id, false)
   -> 0.0058s
-- index_exists?("tags", :account_id)
   -> 0.0002s
-- add_index("tags", :account_id)
   -> 0.0002s
-- change_column_null("taggings", :account_id, false)
   -> 0.0069s
-- index_exists?("taggings", :account_id)
   -> 0.0003s
-- add_index("taggings", :account_id)
   -> 0.0002s
-- change_column_null("user_settings", :account_id, false)
   -> 0.0073s
-- index_exists?("user_settings", :account_id)
   -> 0.0003s
-- add_index("user_settings", :account_id)
   -> 0.0002s
-- change_column_null("users", :account_id, false)
   -> 0.0093s
-- index_exists?("users", :account_id)
   -> 0.0006s
-- add_index("users", :account_id)
   -> 0.0002s
-- change_column_null("watches", :account_id, false)
   -> 0.0086s
-- index_exists?("watches", :account_id)
   -> 0.0005s
-- add_index("watches", :account_id)
   -> 0.0002s
-- change_column_null("webhook_deliveries", :account_id, false)
   -> 0.0095s
-- index_exists?("webhook_deliveries", :account_id)
   -> 0.0005s
-- add_index("webhook_deliveries", :account_id)
   -> 0.0002s
-- change_column_null("webhook_delinquency_trackers", :account_id, false)
   -> 0.0059s
-- index_exists?("webhook_delinquency_trackers", :account_id)
   -> 0.0002s
-- add_index("webhook_delinquency_trackers", :account_id)
   -> 0.0002s
-- change_column_null("webhooks", :account_id, false)
   -> 0.0061s
-- index_exists?("webhooks", :account_id)
   -> 0.0002s
-- add_index("webhooks", :account_id)
   -> 0.0002s
-- change_column_null("storage_entries", :account_id, false)
   -> 0.0141s
-- index_exists?("storage_entries", :account_id)
   -> 0.0008s
-- change_column_null("storage_totals", :account_id, false)
   -> 0.0058s
-- index_exists?("storage_totals", :account_id)
   -> 0.0002s
-- add_index("storage_totals", :account_id)
   -> 0.0002s
-- change_column_null("assignees_filters", :account_id, false)
   -> 0.0051s
-- index_exists?("assignees_filters", :account_id)
   -> 0.0002s
-- add_index("assignees_filters", :account_id)
   -> 0.0002s
-- change_column_null("assigners_filters", :account_id, false)
   -> 0.0044s
-- index_exists?("assigners_filters", :account_id)
   -> 0.0002s
-- add_index("assigners_filters", :account_id)
   -> 0.0002s
-- remove_index(:tags, :title)
   -> 0.0004s
-- add_index(:tags, [:account_id, :title], {unique: true})
   -> 0.0002s
== 20260710120000 AddAccountIdToAllAccountData: migrated (0.4848s) ============

F

Failure:
VerifierTest#test_every_row_gets_its_account_when_the_rollout_runs_on_a_live_database,_and_keeps_it_through_a_rollback [/tests/verification_test.rb:81]:
Expected ["active_storage_blobs 03gx2cl8cm1zzbcksexz7mzw0: gone, expected 03gx2cl85hbmm42afgcum5b8u", "active_storage_attachments 03gx2cl8cm1nbl1i5g2u44afi: gone, expected 03gx2cl85hbmm42afgcum5b8u", "active_storage_blobs 03gx2cl8gvdvm6cb2lxcql3gx: gone, expected 03gx2cl8ddl3vatmujgyobdhw", "active_storage_attachments 03gx2cl8h0x8nx58sh5djgn94: gone, expected 03gx2cl8ddl3vatmujgyobdhw"] to be empty.

bin/rails test /tests/verification_test.rb:63

......

Finished in 9.239611s, 0.7576 runs/s, 1.1905 assertions/s.
7 runs, 11 assertions, 1 failures, 0 errors, 0 skips
