Running 1687 tests in parallel using 2 processes
Run options: --seed 40395

# Running:

..............................................................................................................................................................................................................................................................................................................................................................................................................................................................................................................................................................................................................................................................................................................................................................................................................................................................................................................................................................................................................................................................................................................................................................................................................................................................................................................................................................................................................................................................................................................S.....................................................................................................................................................S..................................................................................

Finished in 36.031771s, 46.8198 runs/s, 177.3712 assertions/s.
1687 runs, 6391 assertions, 0 failures, 0 errors, 2 skips

You have skipped tests. Run with --verbose for details.
Running 8 tests in a single process (parallelization threshold is 50)
Run options: --seed 36526

# Running:

.F

Failure:
VerifierTest#test_a_signed_webhook_is_accepted,_an_unsigned_or_forged_one_is_rejected [test/test_helpers/session_test_helper.rb:57]:
Expected #<ActionDispatch::TestResponse:0x00007d5728a10de0 @mon_data=#<Monitor:0x00007d57289fce58>, @mon_data_owner_object_id=60320, @headers={"x-frame-options" => "SAMEORIGIN", "x-xss-protection" => "0", "x-content-type-options" => "nosniff", "x-permitted-cross-domain-policies" => "none", "referrer-policy" => "strict-origin-when-cross-origin", "x-kamal-target" => nil, "content-type" => "text/html", "x-robots-tag" => "none", "cache-control" => "no-cache", "content-security-policy" => "default-src 'self'; script-src 'self' 'nonce-h0MfvidzRijcsPDXQ9ufrQ=='; connect-src 'self'; frame-src 'self'; style-src 'self' 'unsafe-inline'; img-src 'self' blob: data: https:; font-src 'self' data: https:; media-src 'self' blob: data: https:; worker-src 'self' blob:; object-src 'none'; base-uri 'none'; form-action 'self'; frame-ancestors 'self'", "set-cookie" => "_fizzy_session=7NhqArBdR1Cz%2Bf5%2BdCCq8kFTWxw2GzupcR%2FBe0HxV%2FDI8jub9SKDL2P6fVFLhu7KKNTtvhAjvRZrMLm56sh5XlaGVQXj6VwYOObdmEldRu80nF1LO9U02A48yrrB%2FNFOdmuF6S7npMUrNIFGosm8siDpiEWZ4DkcXYKc6ricGiBhD0%2BOGs4hn8VzSFq8Hw%2BdNwlN5K3%2Fzvi9K44eSnJjdmhgR2yJX7W6jsA%3D--%2B2vhT8gVtrsU%2FcOJ--b1xt%2FxsYK0wq39wzbrMvvg%3D%3D; path=/; httponly; samesite=lax", "x-request-id" => "c53d7ffd-5281-4236-ae69-dc5e2dc49d4e", "x-runtime" => "0.001015", "content-length" => "0"}, @stream=#<ActionDispatch::Response::Buffer:0x00007d5728a295c0 @response=#<ActionDispatch::TestResponse:0x00007d5728a10de0 ...>, @buf=[""], @closed=false, @str_body=nil>, @status=200, @cv=#<MonitorMixin::ConditionVariable:0x00007d57289fcd90 @monitor=#<Monitor:0x00007d57289fce58>, @cond=#<Thread::ConditionVariable:0x00007d57289fcd68>>, @committed=false, @sending=false, @sent=false, @cache_control={no_cache: true}, @request=#<ActionDispatch::Request POST "http://www.example.com/stripe/webhooks" for 127.0.0.1>> to be client_error?.

bin/rails test /tests/verification_test.rb:118

.....F

Failure:
VerifierTest#test_overridden_billed_numbers_stand_in_for_the_real_ones_until_the_override_is_dropped [/tests/verification_test.rb:80]:
`Card.count` didn't change by 1, but by 0.
Expected: 1007
  Actual: 1006

bin/rails test /tests/verification_test.rb:72



Finished in 2.115111s, 3.7823 runs/s, 20.3299 assertions/s.
8 runs, 43 assertions, 2 failures, 0 errors, 0 skips
