Running 1541 tests in parallel using 2 processes
Run options: --seed 33351

# Running:

.............................................................................................................................................E

Error:
Card::EntropicTest#test_auto_postpone_all_due_using_entropy_defined_at_the_board_level:
ActiveRecord::RecordNotFound: Couldn't find User with [WHERE "users"."account_id" = ? AND "users"."role" = ?]
    app/models/account.rb:41:in 'Account#system_user'
    app/models/card/entropic.rb:42:in 'Card::Entropic::ClassMethods#auto_postpone_due_cards'
    app/models/card/entropic.rb:29:in 'block in Card::Entropic::ClassMethods#auto_postpone_all_due'
    app/models/card/entropic.rb:28:in 'Card::Entropic::ClassMethods#auto_postpone_all_due'
    test/models/card/entropic_test.rb:55:in 'block (2 levels) in <class:EntropicTest>'
    test/models/card/entropic_test.rb:54:in 'block in <class:EntropicTest>'

bin/rails test test/models/card/entropic_test.rb:50

....E

Error:
Card::EntropicTest#test_auto_postpone_all_due_works_properly_cross-account:
ActiveRecord::RecordNotFound: Couldn't find User with [WHERE "users"."account_id" = ? AND "users"."role" = ?]
    app/models/account.rb:41:in 'Account#system_user'
    app/models/card/entropic.rb:42:in 'Card::Entropic::ClassMethods#auto_postpone_due_cards'
    app/models/card/entropic.rb:29:in 'block in Card::Entropic::ClassMethods#auto_postpone_all_due'
    app/models/card/entropic.rb:28:in 'Card::Entropic::ClassMethods#auto_postpone_all_due'
    test/models/card/entropic_test.rb:76:in 'block in <class:EntropicTest>'

bin/rails test test/models/card/entropic_test.rb:72

E

Error:
Card::EntropicTest#test_auto_postpone_all_due_using_the_default_account_entropy:
ActiveRecord::RecordNotFound: Couldn't find User with [WHERE "users"."account_id" = ? AND "users"."role" = ?]
    app/models/account.rb:41:in 'Account#system_user'
    app/models/card/entropic.rb:42:in 'Card::Entropic::ClassMethods#auto_postpone_due_cards'
    app/models/card/entropic.rb:29:in 'block in Card::Entropic::ClassMethods#auto_postpone_all_due'
    app/models/card/entropic.rb:28:in 'Card::Entropic::ClassMethods#auto_postpone_all_due'
    test/models/card/entropic_test.rb:42:in 'block (2 levels) in <class:EntropicTest>'
    test/models/card/entropic_test.rb:41:in 'block in <class:EntropicTest>'

bin/rails test test/models/card/entropic_test.rb:35

..............................................................................................................................................................................................................................................................................................................................................................................................E

Error:
Card::StallableTest#test_a_card_with_an_old_activity_spike_is_not_stalled_after_being_postponed:
ActiveRecord::RecordNotFound: Couldn't find User with [WHERE "users"."account_id" = ? AND "users"."role" = ?]
    app/models/account.rb:41:in 'Account#system_user'
    app/models/card/entropic.rb:42:in 'Card::Entropic::ClassMethods#auto_postpone_due_cards'
    app/models/card/entropic.rb:29:in 'block in Card::Entropic::ClassMethods#auto_postpone_all_due'
    app/models/card/entropic.rb:28:in 'Card::Entropic::ClassMethods#auto_postpone_all_due'
    test/models/card/stallable_test.rb:63:in 'block in <class:StallableTest>'

bin/rails test test/models/card/stallable_test.rb:51

...........................................................................................................................................................................................................................................................................................S.......S..............................................................................................................................................................................................................................................................................................................................................................................................................................................................................................................................................................................................................................................................................................................................................

Finished in 30.299855s, 50.8583 runs/s, 191.5851 assertions/s.
1541 runs, 5805 assertions, 0 failures, 4 errors, 2 skips

You have skipped tests. Run with --verbose for details.
