Running 1538 tests in parallel using 2 processes
Run options: --seed 58335

# Running:

....................................................................................................................................................................................................................................................................................................................................................................................................................................................................................................................................................................................................................................................................................................................................................................................................................................................................................................................................................................................................................................................................................................................................................................................................................................................................................................................................................................................................................................................................................................................................S........................................S....................

Finished in 40.831282s, 37.6672 runs/s, 142.0969 assertions/s.
1538 runs, 5802 assertions, 0 failures, 0 errors, 2 skips

You have skipped tests. Run with --verbose for details.
Running 5 tests in a single process (parallelization threshold is 50)
Run options: --seed 43660

# Running:

Capybara starting Puma...
* Version 7.2.1, codename: On The Corner
* Min threads: 0, max threads: 4
* Listening on http://127.0.0.1:40319
2026-09-11 12:48:10 INFO Selenium [:logger_info] Details on how to use and modify Selenium logger:
  https://selenium.dev/documentation/webdriver/troubleshooting/logging

2026-09-11 12:48:10 WARN Selenium [:selenium_manager] Exception managing chrome: error sending request for url (https://googlechromelabs.github.io/chrome-for-testing/known-good-versions-with-downloads.json) 
.....

Finished in 18.897397s, 0.2646 runs/s, 1.9050 assertions/s.
5 runs, 36 assertions, 0 failures, 0 errors, 0 skips
