Running 1656 tests in parallel using 2 processes
Run options: --seed 28963

# Running:

.....................................................................................................................................................................................................................................................................................................................................................................................................................................................................................................................................................................................................................................................................................................................................................................................................................................................S....S.............................................................................................................................................................................................................................................................................................................................................................................................................................................................................................................................................................................................................................................................................................................................................................................................................................................................

Finished in 33.691489s, 49.1519 runs/s, 183.3104 assertions/s.
1656 runs, 6176 assertions, 0 failures, 0 errors, 2 skips

You have skipped tests. Run with --verbose for details.
Running 8 tests in a single process (parallelization threshold is 50)
Run options: --seed 4654

# Running:

......F

Failure:
VerifierTest#test_overridden_billed_numbers_stand_in_for_the_real_ones_until_the_override_is_dropped [/tests/verification_test.rb:80]:
`Card.count` didn't change by 1, but by 0.
Expected: 1007
  Actual: 1006

bin/rails test /tests/verification_test.rb:72

.

Finished in 2.150986s, 3.7192 runs/s, 20.9206 assertions/s.
8 runs, 45 assertions, 1 failures, 0 errors, 0 skips
