/usr/local/bundle/gems/mini_magick-4.13.2/lib/mini_magick/shell.rb:2: warning: benchmark was loaded from the standard library, but will no longer be part of the default gems starting from Ruby 3.5.0.
You can add benchmark to your Gemfile or gemspec to silence this warning.
DEPRECATION WARNING: `config.active_support.to_time_preserves_timezone` is deprecated and will be removed in Rails 8.2 (called from block in TSort.tsort_each at /usr/local/bundle/gems/tsort-0.2.0/lib/tsort.rb:231)
Running 179 tests in parallel using 2 processes
Run options: --seed 16878

# Running:

...........................................................................................................S.....................S.................................................

Finished in 15.129055s, 11.8315 runs/s, 36.5522 assertions/s.
179 runs, 553 assertions, 0 failures, 0 errors, 2 skips

You have skipped tests. Run with --verbose for details.
/usr/local/bundle/gems/mini_magick-4.13.2/lib/mini_magick/shell.rb:2: warning: benchmark was loaded from the standard library, but will no longer be part of the default gems starting from Ruby 3.5.0.
You can add benchmark to your Gemfile or gemspec to silence this warning.
DEPRECATION WARNING: `config.active_support.to_time_preserves_timezone` is deprecated and will be removed in Rails 8.2 (called from block in TSort.tsort_each at /usr/local/bundle/gems/tsort-0.2.0/lib/tsort.rb:231)
Running 10 tests in a single process (parallelization threshold is 50)
Run options: --seed 12672

# Running:

........== 20240617075643 InitialSchema: migrating ====================================
-- create_table("accesses", {force: :cascade})
   -> 0.0011s
-- create_table("accounts", {force: :cascade})
   -> 0.0004s
-- create_table("action_text_markdowns", {force: :cascade})
   -> 0.0006s
-- create_table("active_storage_attachments", {force: :cascade})
   -> 0.0006s
-- create_table("active_storage_blobs", {force: :cascade})
   -> 0.0004s
-- create_table("active_storage_variant_records", {force: :cascade})
   -> 0.0009s
-- create_table("books", {force: :cascade})
   -> 0.0004s
-- create_table("edits", {force: :cascade})
   -> 0.0006s
-- create_table("leaves", {force: :cascade})
   -> 0.0007s
-- create_table("pages", {force: :cascade})
   -> 0.0003s
-- create_table("pictures", {force: :cascade})
   -> 0.0003s
-- create_table("sections", {force: :cascade})
   -> 0.0003s
-- create_table("sessions", {force: :cascade})
   -> 0.0005s
-- create_table("users", {force: :cascade})
   -> 0.0072s
-- add_foreign_key("accesses", "books")
   -> 0.0216s
-- add_foreign_key("accesses", "users")
   -> 0.0088s
-- add_foreign_key("active_storage_attachments", "active_storage_blobs", {column: "blob_id"})
   -> 0.0118s
-- add_foreign_key("active_storage_variant_records", "active_storage_blobs", {column: "blob_id"})
   -> 0.0036s
-- add_foreign_key("edits", "leaves")
   -> 0.0061s
-- add_foreign_key("leaves", "books")
   -> 0.0064s
-- add_foreign_key("sessions", "users")
   -> 0.0053s
== 20240617075643 InitialSchema: migrated (0.0785s) ===========================

== 20240625084002 AddBodyToSections: migrating ================================
-- change_table(:sections)
   -> 0.0054s
-- execute("update sections set body = l.title from leaves l where l.leafable_id = sections.id and l.leafable_type = 'Section'")
   -> 0.0001s
== 20240625084002 AddBodyToSections: migrated (0.0056s) =======================

-- change_table(:books)
   -> 0.0007s
== 20240625202351 AddThemeToBook: migrating ===================================
== 20240625202351 AddThemeToBook: migrated (0.0000s) ==========================

== 20240625224312 AddCustomStylesToAccount: migrating =========================
-- add_column(:accounts, :custom_styles, :text)
   -> 0.0004s
== 20240625224312 AddCustomStylesToAccount: migrated (0.0004s) ================

== 20240928005927 CreateLeafSearchIndexTable: migrating =======================
-- create_virtual_table("leaf_search_index", "fts5", ["title", "content", "tokenize='porter'"])
   -> 0.0008s
== 20240928005927 CreateLeafSearchIndexTable: migrated (0.0026s) ==============

== 20260821152022 CreateTenants: migrating ====================================
-- create_table("tenants", {force: :cascade})
   -> 0.0031s
-- add_column("users", "tenant_id", :integer)
   -> 0.0003s
-- add_index("users", "tenant_id")
   -> 0.0003s
-- add_column("books", "tenant_id", :integer)
   -> 0.0003s
-- add_index("books", "tenant_id")
   -> 0.0001s
-- select_value("SELECT id FROM tenants ORDER BY id LIMIT 1")
   -> 0.0003s
-- quote(2026-08-21 16:05:29.653800016 UTC +00:00)
   -> 0.0000s
-- quote("Writebook")
   -> 0.0000s
-- execute("INSERT INTO tenants (name, created_at, updated_at)\nVALUES ('Writebook', '2026-08-21 16:05:29 UTC', '2026-08-21 16:05:29 UTC')\n")
   -> 0.0001s
-- select_value("SELECT id FROM tenants ORDER BY id DESC LIMIT 1")
   -> 0.0002s
   -> 1 rows
-- update("UPDATE users SET tenant_id = 1 WHERE tenant_id IS NULL")
   -> 0.0002s
   -> 1 rows
-- update("UPDATE books SET tenant_id = 1 WHERE tenant_id IS NULL")
   -> 0.0008s
   -> 1 rows
== 20260821152022 CreateTenants: migrated (0.0060s) ===========================

..

Finished in 9.583590s, 1.0435 runs/s, 6.8868 assertions/s.
10 runs, 66 assertions, 0 failures, 0 errors, 0 skips
