/usr/local/bundle/gems/mini_magick-4.13.2/lib/mini_magick/shell.rb:2: warning: benchmark was loaded from the standard library, but will no longer be part of the default gems starting from Ruby 3.5.0.
You can add benchmark to your Gemfile or gemspec to silence this warning.
DEPRECATION WARNING: `config.active_support.to_time_preserves_timezone` is deprecated and will be removed in Rails 8.2 (called from block in TSort.tsort_each at /usr/local/bundle/gems/tsort-0.2.0/lib/tsort.rb:231)
Running 179 tests in parallel using 2 processes
Run options: --seed 1192

# Running:

.........................................................................................SS........................................................................................

Finished in 13.526687s, 13.2331 runs/s, 40.8821 assertions/s.
179 runs, 553 assertions, 0 failures, 0 errors, 2 skips

You have skipped tests. Run with --verbose for details.
/usr/local/bundle/gems/mini_magick-4.13.2/lib/mini_magick/shell.rb:2: warning: benchmark was loaded from the standard library, but will no longer be part of the default gems starting from Ruby 3.5.0.
You can add benchmark to your Gemfile or gemspec to silence this warning.
DEPRECATION WARNING: `config.active_support.to_time_preserves_timezone` is deprecated and will be removed in Rails 8.2 (called from block in TSort.tsort_each at /usr/local/bundle/gems/tsort-0.2.0/lib/tsort.rb:231)
/usr/local/bundle/gems/marcel-1.1.0/lib/marcel/magic.rb:120: warning: literal string will be frozen in the future (run with --debug-frozen-string-literal for more information)
Running 8 tests in a single process (parallelization threshold is 50)
Run options: --seed 57628

# Running:

.../usr/local/bundle/gems/marcel-1.1.0/lib/marcel/magic.rb:120: warning: literal string will be frozen in the future (run with --debug-frozen-string-literal for more information)
./usr/local/bundle/gems/marcel-1.1.0/lib/marcel/magic.rb:120: warning: literal string will be frozen in the future (run with --debug-frozen-string-literal for more information)
..F

Failure:
VerifierTest#test_an_import_that_lands_still_does_the_same_work_for_every_book_in_the_batch [/tests/verification_test.rb:107]:
Expected response to be a <3XX: redirect>, but was a <204: No Content>
Response body: 

bin/rails test /tests/verification_test.rb:101

.

Finished in 3.183803s, 2.5127 runs/s, 8.4804 assertions/s.
8 runs, 27 assertions, 1 failures, 0 errors, 0 skips
