Running 1509 tests in parallel using 2 processes
Run options: --seed 43069

# Running:

.....................................................................................................................................................................................................................................................S...........................................................................................................................S...................................................................................................................................................................................................................................................................................................................................................................................................................................................................................................................................................................................................................................................................................................................................................................................................................................................................................................................................................................................................................................................................................................................................................................................

Finished in 27.308727s, 55.2571 runs/s, 207.5527 assertions/s.
1509 runs, 5668 assertions, 0 failures, 0 errors, 2 skips

You have skipped tests. Run with --verbose for details.
Running 7 tests in a single process (parallelization threshold is 50)
Run options: --seed 7496

# Running:

Capybara starting Puma...
* Version 7.2.1, codename: On The Corner
* Min threads: 0, max threads: 4
* Listening on http://127.0.0.1:36977
2026-09-11 14:01:15 INFO Selenium [:logger_info] Details on how to use and modify Selenium logger:
  https://selenium.dev/documentation/webdriver/troubleshooting/logging

2026-09-11 14:01:15 WARN Selenium [:selenium_manager] Exception managing chrome: error sending request for url (https://googlechromelabs.github.io/chrome-for-testing/known-good-versions-with-downloads.json) 
2026-09-11 14:01:15 WARN Selenium [:selenium_manager] Error sending stats to Plausible: error sending request for url (https://plausible.io/api/event) 
.2026-09-11 14:01:24 WARN Selenium [:selenium_manager] Exception managing chrome: error sending request for url (https://googlechromelabs.github.io/chrome-for-testing/known-good-versions-with-downloads.json) 
2026-09-11 14:01:31 WARN Selenium [:selenium_manager] Exception managing chrome: error sending request for url (https://googlechromelabs.github.io/chrome-for-testing/known-good-versions-with-downloads.json) 
2026-09-11 14:01:33 +0000 Rack app ("PUT /897362094/my/timezone" - (127.0.0.1)): #<NoMethodError: undefined method 'update!' for nil>
2026-09-11 14:01:39 WARN Selenium [:selenium_manager] Exception managing chrome: error sending request for url (https://googlechromelabs.github.io/chrome-for-testing/known-good-versions-with-downloads.json) 
[Screenshot Image]: /app/tmp/screenshots/failures_test_a_code_is_only_good_on_the_device_that_asked_for_it.png 
F

Failure:
VerifierTest#test_a_code_is_only_good_on_the_device_that_asked_for_it:
Expected "0000000000000000149087659" to not be equal to # encoding: US-ASCII
#    valid: true
"0000000000000000149087659".

Error:
VerifierTest#test_a_code_is_only_good_on_the_device_that_asked_for_it:
NoMethodError: undefined method 'update!' for nil
    app/controllers/my/timezones_controller.rb:3:in 'My::TimezonesController#update'
    app/controllers/concerns/current_timezone.rb:15:in 'CurrentTimezone#set_current_timezone'
    config/initializers/tenanting/account_slug.rb:31:in 'block in AccountSlug::Extractor#call'
    app/models/current.rb:22:in 'Current#with_account'
    config/initializers/tenanting/account_slug.rb:30:in 'AccountSlug::Extractor#call'

bin/rails test /tests/verification_test.rb:48

.2026-09-11 14:01:46 WARN Selenium [:selenium_manager] Exception managing chrome: error sending request for url (https://googlechromelabs.github.io/chrome-for-testing/known-good-versions-with-downloads.json) 
2026-09-11 14:01:54 WARN Selenium [:selenium_manager] Exception managing chrome: error sending request for url (https://googlechromelabs.github.io/chrome-for-testing/known-good-versions-with-downloads.json) 
....

Finished in 52.825574s, 0.1325 runs/s, 0.5868 assertions/s.
7 runs, 31 assertions, 1 failures, 0 errors, 0 skips
