Running 1656 tests in parallel using 2 processes
Run options: --seed 52088

# Running:

.............S.....................S....................................................................................................................................................................................................................................................................................................................................................................................................................................................................................................................................................................................................................................................................................................................................................................................................................................................................................................................................................................................................................................................................................................................................................................................................................................................................................................................................................................................................................................................................................................................................................................................................................................................................................

Finished in 33.660880s, 49.1966 runs/s, 183.5365 assertions/s.
1656 runs, 6178 assertions, 0 failures, 0 errors, 2 skips

You have skipped tests. Run with --verbose for details.
Running 8 tests in a single process (parallelization threshold is 50)
Run options: --seed 6236

# Running:

...DEPRECATION WARNING: `verify_authenticity_token` is deprecated and will be removed in a future Rails version. To skip forgery protection, use `skip_forgery_protection` instead of skipping `verify_authenticity_token` as this won't have any effect in a future Rails version. (called from CurrentTimezone#set_current_timezone at /app/app/controllers/concerns/current_timezone.rb:15)
E

Error:
VerifierTest#test_a_signed_webhook_is_accepted,_an_unsigned_or_forged_one_is_rejected:
NoMethodError: undefined method 'dig' for #<Stripe::Event:0x000075732f299b00>
    saascontrollers/stripe_webhooks_controller.rb:51:in 'StripeWebhooksController#handle_event'
    saascontrollers/stripe_webhooks_controller.rb:13:in 'StripeWebhooksController#create'
    app/controllers/concerns/current_timezone.rb:15:in 'CurrentTimezone#set_current_timezone'
    config/initializers/database_role_logging.rb:10:in 'block in DatabaseRoleLogger#call'
    config/initializers/database_role_logging.rb:9:in 'DatabaseRoleLogger#call'
    config/initializers/tenanting/account_slug.rb:35:in 'block in AccountSlug::Extractor#call'
    app/models/current.rb:26:in 'Current#without_account'
    config/initializers/tenanting/account_slug.rb:34:in 'AccountSlug::Extractor#call'
    saas/lib/fizzy/saas/true_client_ip.rb:20:in 'TrackTrueClientIp#call'
    saas/lib/fizzy/saas/gvl_instrumentation.rb:11:in 'Fizzy::Saas::GvlInstrumentation#call'
    test/test_helpers/session_test_helper.rb:57:in 'SessionTestHelper#untenanted'

bin/rails test /tests/verification_test.rb:118

....

Finished in 2.215593s, 3.6108 runs/s, 21.6646 assertions/s.
8 runs, 48 assertions, 0 failures, 1 errors, 0 skips
