Running 1517 tests in parallel using 2 processes
Run options: --seed 22849

# Running:

........................................................................................................................................................................................................................................................................................................................................................................................................................................S.S..................................................................................................................................................................................................................................................................................................................................................................................................................................................................................................................................................................................................................................................................................................................................................................................................................................................................................................................................................................................................................................................................................................................................

Finished in 27.568514s, 55.0265 runs/s, 207.0478 assertions/s.
1517 runs, 5708 assertions, 0 failures, 0 errors, 2 skips

You have skipped tests. Run with --verbose for details.
Running 6 tests in a single process (parallelization threshold is 50)
Run options: --seed 45868

# Running:

Capybara starting Puma...
* Version 7.2.1, codename: On The Corner
* Min threads: 0, max threads: 4
* Listening on http://127.0.0.1:39765
2026-09-11 18:32:47 INFO Selenium [:logger_info] Details on how to use and modify Selenium logger:
  https://selenium.dev/documentation/webdriver/troubleshooting/logging

2026-09-11 18:32:47 WARN Selenium [:selenium_manager] Exception managing chrome: error sending request for url (https://googlechromelabs.github.io/chrome-for-testing/known-good-versions-with-downloads.json) 
2026-09-11 18:32:57 WARN Selenium [:selenium_manager] Exception managing chrome: error sending request for url (https://googlechromelabs.github.io/chrome-for-testing/known-good-versions-with-downloads.json) 
....2026-09-11 18:33:30 WARN Selenium [:selenium_manager] Exception managing chrome: error sending request for url (https://googlechromelabs.github.io/chrome-for-testing/known-good-versions-with-downloads.json) 
[Screenshot Image]: /app/tmp/screenshots/failures_test_people_can_take_back_their_own_reaction-_and_only_their_own.png 
E

Error:
VerifierTest#test_people_can_take_back_their_own_reaction,_and_only_their_own:
Selenium::WebDriver::Error::ElementNotInteractableError: element not interactable: element has zero size
  (Session info: chrome=152.0.7977.82)
    /usr/local/bundle/gems/selenium-webdriver-4.44.0/lib/selenium/webdriver/remote/response.rb:63:in 'Selenium::WebDriver::Remote::Response#add_cause'
    /usr/local/bundle/gems/selenium-webdriver-4.44.0/lib/selenium/webdriver/remote/response.rb:41:in 'Selenium::WebDriver::Remote::Response#error'
    /usr/local/bundle/gems/selenium-webdriver-4.44.0/lib/selenium/webdriver/remote/response.rb:52:in 'Selenium::WebDriver::Remote::Response#assert_ok'
    /usr/local/bundle/gems/selenium-webdriver-4.44.0/lib/selenium/webdriver/remote/response.rb:34:in 'Selenium::WebDriver::Remote::Response#initialize'
    /usr/local/bundle/gems/selenium-webdriver-4.44.0/lib/selenium/webdriver/remote/http/common.rb:135:in 'Class#new'
    /usr/local/bundle/gems/selenium-webdriver-4.44.0/lib/selenium/webdriver/remote/http/common.rb:135:in 'Selenium::WebDriver::Remote::Http::Common#create_response'
    /usr/local/bundle/gems/selenium-webdriver-4.44.0/lib/selenium/webdriver/remote/http/default.rb:103:in 'Selenium::WebDriver::Remote::Http::Default#request'
    /usr/local/bundle/gems/selenium-webdriver-4.44.0/lib/selenium/webdriver/remote/http/common.rb:70:in 'Selenium::WebDriver::Remote::Http::Common#call'
    /usr/local/bundle/gems/selenium-webdriver-4.44.0/lib/selenium/webdriver/remote/bridge.rb:633:in 'Selenium::WebDriver::Remote::Bridge#execute'
    /usr/local/bundle/gems/selenium-webdriver-4.44.0/lib/selenium/webdriver/remote/bridge.rb:373:in 'Selenium::WebDriver::Remote::Bridge#click_element'
    /usr/local/bundle/gems/selenium-webdriver-4.44.0/lib/selenium/webdriver/common/element.rb:77:in 'Selenium::WebDriver::Element#click'
    /usr/local/bundle/gems/capybara-3.40.0/lib/capybara/selenium/node.rb:108:in 'Capybara::Selenium::Node#click'
    /usr/local/bundle/gems/capybara-3.40.0/lib/capybara/selenium/extensions/file_input_click_emulation.rb:6:in 'Capybara::Selenium::Node::FileInputClickEmulation#click'
    /usr/local/bundle/gems/capybara-3.40.0/lib/capybara/selenium/nodes/chrome_node.rb:34:in 'Capybara::Selenium::ChromeNode#click'
    /usr/local/bundle/gems/capybara-3.40.0/lib/capybara/node/element.rb:172:in 'block in Capybara::Node::Element#click'
    /usr/local/bundle/gems/capybara-3.40.0/lib/capybara/node/element.rb:608:in 'block in Capybara::Node::Element#perform_click_action'
    /usr/local/bundle/gems/capybara-3.40.0/lib/capybara/node/base.rb:84:in 'Capybara::Node::Base#synchronize'
    /usr/local/bundle/gems/capybara-3.40.0/lib/capybara/node/element.rb:608:in 'Capybara::Node::Element#perform_click_action'
    /usr/local/bundle/gems/capybara-3.40.0/lib/capybara/node/element.rb:171:in 'Capybara::Node::Element#click'
    /tests/verification_test.rb:38:in 'block in <class:VerifierTest>'

bin/rails test /tests/verification_test.rb:27

.

Finished in 60.022637s, 0.1000 runs/s, 0.5665 assertions/s.
6 runs, 34 assertions, 0 failures, 1 errors, 0 skips
