Running 1542 tests in parallel using 2 processes
Run options: --seed 17311

# Running:

....................................................................................................................................................................................................................................................................................................................................................................................................................................................................................................................................................................................................................................................................................................................................................................................................................................................................S.S...............................................................................................................................................................................................................................................................................................................................................................................................................................................................................................................................................................................................................................................................................................................................

Finished in 30.136346s, 51.1675 runs/s, 193.4209 assertions/s.
1542 runs, 5829 assertions, 0 failures, 0 errors, 2 skips

You have skipped tests. Run with --verbose for details.
Running 8 tests in a single process (parallelization threshold is 50)
Run options: --seed 4117

# Running:

.....F

Failure:
VerifierTest#test_boots_and_builds_assets_with_only_a_secret_key [/tests/verification_test.rb:11]:
bin/rails aborted!
ArgumentError: Missing `secret_key_base` for 'production' environment, set this string with `bin/rails credentials:edit` (ArgumentError)

          raise ArgumentError, "Missing `secret_key_base` for '#{Rails.env}' environment, set this string with `bin/rails credentials:edit`"
                ^^^^^^^^^^^^^^^^^^^^^^^^^^^^^^^^^^^^^^^^^^^^^^^^^^^^^^^^^^^^^^^^^^^^^^^^^^^^^^^^^^^^^^^^^^^^^^^^^^^^^^^^^^^^^^^^^^^^^^^^^^^^
/app/config/environments/production.rb:23:in 'block in <main>'
/app/config/environments/production.rb:3:in '<main>'
/app/config/environment.rb:5:in '<main>'
Tasks: TOP => assets:precompile => environment
(See full trace by running task with --trace)


bin/rails test /tests/verification_test.rb:5

..

Finished in 4.744949s, 1.6860 runs/s, 8.6408 assertions/s.
8 runs, 41 assertions, 1 failures, 0 errors, 0 skips
