/usr/local/bundle/gems/mini_magick-4.13.2/lib/mini_magick/shell.rb:2: warning: benchmark was loaded from the standard library, but will no longer be part of the default gems starting from Ruby 3.5.0.
You can add benchmark to your Gemfile or gemspec to silence this warning.
DEPRECATION WARNING: `config.active_support.to_time_preserves_timezone` is deprecated and will be removed in Rails 8.2 (called from block in TSort.tsort_each at /usr/local/bundle/gems/tsort-0.2.0/lib/tsort.rb:231)
Running 184 tests in parallel using 2 processes
Run options: --seed 64344

# Running:

..S...........S.........................................................................................................................................................................

Finished in 14.130683s, 13.0213 runs/s, 39.9839 assertions/s.
184 runs, 565 assertions, 0 failures, 0 errors, 2 skips

You have skipped tests. Run with --verbose for details.
/usr/local/bundle/gems/mini_magick-4.13.2/lib/mini_magick/shell.rb:2: warning: benchmark was loaded from the standard library, but will no longer be part of the default gems starting from Ruby 3.5.0.
You can add benchmark to your Gemfile or gemspec to silence this warning.
DEPRECATION WARNING: `config.active_support.to_time_preserves_timezone` is deprecated and will be removed in Rails 8.2 (called from block in TSort.tsort_each at /usr/local/bundle/gems/tsort-0.2.0/lib/tsort.rb:231)
Running 10 tests in a single process (parallelization threshold is 50)
Run options: --seed 38606

# Running:

........F

Failure:
VerifierTest#test_a_sitting_that_takes_the_book_live_and_back_down_again_announces_nothing [/tests/verification_test.rb:44]:
0 jobs expected, but 1 were enqueued.
Expected: 0
  Actual: 1

bin/rails test /tests/verification_test.rb:43

.

Finished in 3.304098s, 3.0265 runs/s, 13.6195 assertions/s.
10 runs, 45 assertions, 1 failures, 0 errors, 0 skips
