/usr/local/bundle/gems/mini_magick-4.13.2/lib/mini_magick/shell.rb:2: warning: benchmark was loaded from the standard library, but will no longer be part of the default gems starting from Ruby 3.5.0.
You can add benchmark to your Gemfile or gemspec to silence this warning.
DEPRECATION WARNING: `config.active_support.to_time_preserves_timezone` is deprecated and will be removed in Rails 8.2 (called from block in TSort.tsort_each at /usr/local/bundle/gems/tsort-0.2.0/lib/tsort.rb:231)
Running 185 tests in parallel using 2 processes
Run options: --seed 20410

# Running:

....................................................................................S.....S..............................................................................................

Finished in 15.226160s, 12.1501 runs/s, 39.2745 assertions/s.
185 runs, 598 assertions, 0 failures, 0 errors, 2 skips

You have skipped tests. Run with --verbose for details.
/usr/local/bundle/gems/mini_magick-4.13.2/lib/mini_magick/shell.rb:2: warning: benchmark was loaded from the standard library, but will no longer be part of the default gems starting from Ruby 3.5.0.
You can add benchmark to your Gemfile or gemspec to silence this warning.
DEPRECATION WARNING: `config.active_support.to_time_preserves_timezone` is deprecated and will be removed in Rails 8.2 (called from block in TSort.tsort_each at /usr/local/bundle/gems/tsort-0.2.0/lib/tsort.rb:231)
Running 8 tests in a single process (parallelization threshold is 50)
Run options: --seed 21607

# Running:

.....F

Failure:
VerifierTest#test_the_payload_for_one_page_does_not_land_in_another_page's_editor [/tests/verification_test.rb:57]:
Expected no broadcasts on "Z2lkOi8vd3JpdGVib29rL1VzZXIvNzEyMDY0NTQ4:being_edited", but there were 1

bin/rails test /tests/verification_test.rb:50

..

Finished in 6.804316s, 1.1757 runs/s, 7.4952 assertions/s.
8 runs, 51 assertions, 1 failures, 0 errors, 0 skips
