/usr/local/bundle/gems/mini_magick-4.13.2/lib/mini_magick/shell.rb:2: warning: benchmark was loaded from the standard library, but will no longer be part of the default gems starting from Ruby 3.5.0.
You can add benchmark to your Gemfile or gemspec to silence this warning.
DEPRECATION WARNING: `config.active_support.to_time_preserves_timezone` is deprecated and will be removed in Rails 8.2 (called from block in TSort.tsort_each at /usr/local/bundle/gems/tsort-0.2.0/lib/tsort.rb:231)
Running 182 tests in parallel using 2 processes
Run options: --seed 50608

# Running:

................................................................../usr/local/bundle/gems/marcel-1.1.0/lib/marcel/magic.rb:120: warning: literal string will be frozen in the future (run with --debug-frozen-string-literal for more information)
.................................................S.......S..........................................................

Finished in 13.224299s, 13.7625 runs/s, 43.4049 assertions/s.
182 runs, 574 assertions, 0 failures, 0 errors, 2 skips

You have skipped tests. Run with --verbose for details.
/usr/local/bundle/gems/mini_magick-4.13.2/lib/mini_magick/shell.rb:2: warning: benchmark was loaded from the standard library, but will no longer be part of the default gems starting from Ruby 3.5.0.
You can add benchmark to your Gemfile or gemspec to silence this warning.
DEPRECATION WARNING: `config.active_support.to_time_preserves_timezone` is deprecated and will be removed in Rails 8.2 (called from block in TSort.tsort_each at /usr/local/bundle/gems/tsort-0.2.0/lib/tsort.rb:231)
Running 5 tests in a single process (parallelization threshold is 50)
Run options: --seed 23442

# Running:

F

Failure:
VerifierTest#test_the_book_they_kept_to_themselves_is_gone_whole,_down_to_the_superseded_draft_and_the_search_hits [/tests/verification_test.rb:47]:
Expected true to be nil or false

bin/rails test /tests/verification_test.rb:41

....

Finished in 3.973581s, 1.2583 runs/s, 12.0798 assertions/s.
5 runs, 48 assertions, 1 failures, 0 errors, 0 skips
