Running 1528 tests in parallel using 2 processes
Run options: --seed 42531

# Running:

................................................................................................................................................................................................................................................SS......................................................................................................................................................................................................................................................................................................................................................................................................................................................................................................................................................................................................................................................................................................................................................................................................................................................................................................................................................................................................................................................................................................................................................................................................................................................................................................................................

Finished in 30.886567s, 49.4713 runs/s, 186.4565 assertions/s.
1528 runs, 5759 assertions, 0 failures, 0 errors, 2 skips

You have skipped tests. Run with --verbose for details.
Running 6 tests in a single process (parallelization threshold is 50)
Run options: --seed 28521

# Running:

Capybara starting Puma...
* Version 7.2.1, codename: On The Corner
* Min threads: 0, max threads: 4
* Listening on http://127.0.0.1:34769
2026-09-23 00:10:24 INFO Selenium [:logger_info] Details on how to use and modify Selenium logger:
  https://selenium.dev/documentation/webdriver/troubleshooting/logging

2026-09-23 00:10:24 WARN Selenium [:selenium_manager] Exception managing chrome: error sending request for url (https://googlechromelabs.github.io/chrome-for-testing/known-good-versions-with-downloads.json) 
2026-09-23 00:10:24 WARN Selenium [:selenium_manager] Error sending stats to Plausible: error sending request for url (https://plausible.io/api/event) 
..2026-09-23 00:10:37 WARN Selenium [:selenium_manager] Exception managing chrome: error sending request for url (https://googlechromelabs.github.io/chrome-for-testing/known-good-versions-with-downloads.json) 
..2026-09-23 00:10:57 WARN Selenium [:selenium_manager] Exception managing chrome: error sending request for url (https://googlechromelabs.github.io/chrome-for-testing/known-good-versions-with-downloads.json) 
..

Finished in 46.726908s, 0.1284 runs/s, 0.7490 assertions/s.
6 runs, 35 assertions, 0 failures, 0 errors, 0 skips
