Running 1444 tests in parallel using 2 processes
Run options: --seed 18708

# Running:

...............................................................................................................................................................................................................................................................................................................................................................................................................................................................................................................................................................................................................................................................................................................................................................................................................................................................S.S..................................................................................................................................................................................................................................................................................................................................................................................................................................................................................................................................................................................................................................

Finished in 26.714318s, 54.0534 runs/s, 203.5987 assertions/s.
1444 runs, 5439 assertions, 0 failures, 0 errors, 2 skips

You have skipped tests. Run with --verbose for details.
Running 13 tests in a single process (parallelization threshold is 50)
Run options: --seed 35436

# Running:

IMPORT Account ctx=61144
MAP account 03ayaunetv3z4n681d58wdysd -> 03gtylf451t7dc8bp09levtjl (ctx 61144)
IMPORT Identity ctx=61144
IMPORT User ctx=61144
IMPORT User::Settings ctx=61144
IMPORT Tag ctx=61144
IMPORT Board ctx=61144
IMPORT Column ctx=61144
IMPORT Entropy ctx=61144
ENTROPY ROW {"id" => "03gtylf4a7to4scoik4bqmzld", "account_id" => "03gtylf451t7dc8bp09levtjl", "auto_postpone_period" => 7776000, "container_id" => "03gtylf4a26tqfi4aze8lkxv8", "container_type" => "Board", "created_at" => "2026-09-0
ENTROPY ROW {"id" => "03gtylf4a7yv7ez521q60ccfl", "account_id" => "03gtylf451t7dc8bp09levtjl", "auto_postpone_period" => 2592000, "container_id" => "03gtylf4a7ta9lbrh48msdt3m", "container_type" => "Account", "created_at" => "2026-09
ENTROPY ROW {"id" => "03gtylf4a7noxi32u405k7mob", "account_id" => "03gtylf451t7dc8bp09levtjl", "auto_postpone_period" => 2592000, "container_id" => "03gtylf49x13j0qu06vajcul3", "container_type" => "Board", "created_at" => "2026-09-0
IMPORT Board::Publication ctx=61144
IMPORT Webhook ctx=61144
IMPORT Access ctx=61144
IMPORT Card ctx=61144
IMPORT Comment ctx=61144
IMPORT Step ctx=61144
IMPORT Assignment ctx=61144
IMPORT Tagging ctx=61144
IMPORT Closure ctx=61144
IMPORT Card::Goldness ctx=61144
IMPORT Card::NotNow ctx=61144
IMPORT Card::ActivitySpike ctx=61144
IMPORT Watch ctx=61144
IMPORT Pin ctx=61144
IMPORT Reaction ctx=61144
IMPORT Mention ctx=61144
IMPORT Filter ctx=61144
IMPORT Webhook::DelinquencyTracker ctx=61144
IMPORT Event ctx=61144
IMPORT Notification ctx=61144
IMPORT Notification::Bundle ctx=61144
IMPORT Webhook::Delivery ctx=61144
IMPORT ActiveStorage::Blob ctx=61144
IMPORT ActiveStorage::VariantRecord ctx=61144
IMPORT ActiveStorage::Attachment ctx=61144
IMPORT ActionText::RichText ctx=61144
IMPORT ActiveStorage::Blob ctx=61144
F

Failure:
VerifierTest#test_after_import,_comment_links_and_new_card_numbers_belong_to_the_new_account [/tests/verification_test.rb:99]:
Expected: "/96778815/cards/1"
  Actual: "/897362094/cards/1"

bin/rails test /tests/verification_test.rb:92

IMPORT Account ctx=70072
MAP account 03ayaunetv3z4n681d58wdysd -> 03gtylf6l5g7liii3ckdlzbcs (ctx 70072)
IMPORT Identity ctx=70072
IMPORT User ctx=70072
IMPORT User::Settings ctx=70072
IMPORT Tag ctx=70072
IMPORT Board ctx=70072
IMPORT Column ctx=70072
IMPORT Entropy ctx=70072
ENTROPY ROW {"id" => "03gtylf6per6wskr6vwa0cvo1", "account_id" => "03gtylf6l5g7liii3ckdlzbcs", "auto_postpone_period" => 7776000, "container_id" => "03gtylf6p93ucj9ux5wofrv5y", "container_type" => "Board", "created_at" => "2026-09-0
ENTROPY ROW {"id" => "03gtylf6pepgqgemu2fvu92e4", "account_id" => "03gtylf6l5g7liii3ckdlzbcs", "auto_postpone_period" => 2592000, "container_id" => "03gtylf6peqf8epfh3skbm4ds", "container_type" => "Account", "created_at" => "2026-09
ENTROPY ROW {"id" => "03gtylf6pemficrk18te7ezto", "account_id" => "03gtylf6l5g7liii3ckdlzbcs", "auto_postpone_period" => 2592000, "container_id" => "03gtylf6p967185nwfno9n7wl", "container_type" => "Board", "created_at" => "2026-09-0
IMPORT Board::Publication ctx=70072
.IMPORT Account ctx=77056
MAP account 03ayaunetv3z4n681d58wdysd -> 03gtylf8airal0lag503bm2pc (ctx 77056)
IMPORT Identity ctx=77056
IMPORT User ctx=77056
IMPORT User::Settings ctx=77056
IMPORT Tag ctx=77056
IMPORT Board ctx=77056
IMPORT Column ctx=77056
IMPORT Entropy ctx=77056
ENTROPY ROW {"id" => "03gtylf8excpfdb628icwwu5k", "account_id" => "03gtylf8airal0lag503bm2pc", "auto_postpone_period" => 7776000, "container_id" => "03gtylf8ebefdf4ksq4a1uu8n", "container_type" => "Board", "created_at" => "2026-09-0
ENTROPY ROW {"id" => "03gtylf8exiwme8k8fy0ee5qv", "account_id" => "03gtylf8airal0lag503bm2pc", "auto_postpone_period" => 2592000, "container_id" => "03gtylf8exadej1endro4nzqf", "container_type" => "Account", "created_at" => "2026-09
ENTROPY ROW {"id" => "03gtylf8exb9eoeix2i0uoz7n", "account_id" => "03gtylf8airal0lag503bm2pc", "auto_postpone_period" => 2592000, "container_id" => "03gtylf8ebo74zy52eav1v109", "container_type" => "Board", "created_at" => "2026-09-0
IMPORT Board::Publication ctx=77056
IMPORT Webhook ctx=77056
IMPORT Access ctx=77056
IMPORT Card ctx=77056
IMPORT Comment ctx=77056
IMPORT Step ctx=77056
IMPORT Assignment ctx=77056
IMPORT Tagging ctx=77056
IMPORT Closure ctx=77056
IMPORT Card::Goldness ctx=77056
IMPORT Card::NotNow ctx=77056
IMPORT Card::ActivitySpike ctx=77056
IMPORT Watch ctx=77056
IMPORT Pin ctx=77056
IMPORT Reaction ctx=77056
IMPORT Mention ctx=77056
IMPORT Filter ctx=77056
IMPORT Webhook::DelinquencyTracker ctx=77056
IMPORT Event ctx=77056
IMPORT Notification ctx=77056
IMPORT Notification::Bundle ctx=77056
IMPORT Webhook::Delivery ctx=77056
IMPORT ActiveStorage::Blob ctx=77056
IMPORT ActiveStorage::VariantRecord ctx=77056
IMPORT ActiveStorage::Attachment ctx=77056
IMPORT ActionText::RichText ctx=77056
IMPORT ActiveStorage::Blob ctx=77056
....F

Failure:
VerifierTest#test_the_download_link_works_only_for_the_person_who_asked [/tests/verification_test.rb:79]:
Expected true to be nil or false

bin/rails test /tests/verification_test.rb:74

IMPORT Account ctx=125176
MAP account 03ayaunetv3z4n681d58wdysd -> 03gtylftazjvrukgb3g66to8g (ctx 125176)
IMPORT Identity ctx=125176
IMPORT User ctx=125176
IMPORT User::Settings ctx=125176
IMPORT Tag ctx=125176
IMPORT Board ctx=125176
IMPORT Column ctx=125176
IMPORT Entropy ctx=125176
ENTROPY ROW {"id" => "03gtylftggd5fte8pq3b31rvk", "account_id" => "03gtylftazjvrukgb3g66to8g", "auto_postpone_period" => 7776000, "container_id" => "03gtylftg5c797yi9t24rj2hf", "container_type" => "Board", "created_at" => "2026-09-0
ENTROPY ROW {"id" => "03gtylftggaboq3qxrvtv3rid", "account_id" => "03gtylftazjvrukgb3g66to8g", "auto_postpone_period" => 2592000, "container_id" => "03gtylftggbg7v98pwmvbg6xr", "container_type" => "Account", "created_at" => "2026-09
ENTROPY ROW {"id" => "03gtylftggeuaz0xfz41jnwkk", "account_id" => "03gtylftazjvrukgb3g66to8g", "auto_postpone_period" => 2592000, "container_id" => "03gtylftg5m6stv8f6cf89j3x", "container_type" => "Board", "created_at" => "2026-09-0
IMPORT Board::Publication ctx=125176
IMPORT Webhook ctx=125176
IMPORT Access ctx=125176
IMPORT Card ctx=125176
IMPORT Comment ctx=125176
IMPORT Step ctx=125176
IMPORT Assignment ctx=125176
IMPORT Tagging ctx=125176
IMPORT Closure ctx=125176
IMPORT Card::Goldness ctx=125176
IMPORT Card::NotNow ctx=125176
IMPORT Card::ActivitySpike ctx=125176
IMPORT Watch ctx=125176
IMPORT Pin ctx=125176
IMPORT Reaction ctx=125176
IMPORT Mention ctx=125176
IMPORT Filter ctx=125176
IMPORT Webhook::DelinquencyTracker ctx=125176
IMPORT Event ctx=125176
IMPORT Notification ctx=125176
IMPORT Notification::Bundle ctx=125176
IMPORT Webhook::Delivery ctx=125176
IMPORT ActiveStorage::Blob ctx=125176
IMPORT ActiveStorage::VariantRecord ctx=125176
IMPORT ActiveStorage::Attachment ctx=125176
IMPORT ActionText::RichText ctx=125176
IMPORT ActiveStorage::Blob ctx=125176
IMPORT Account ctx=127320
MAP account 03ayaunetv3z4n681d58wdysd -> 03gtylfu0nk3t3t7hyrjx682u (ctx 127320)
IMPORT Identity ctx=127320
IMPORT User ctx=127320
IMPORT User::Settings ctx=127320
IMPORT Tag ctx=127320
IMPORT Board ctx=127320
IMPORT Column ctx=127320
IMPORT Entropy ctx=127320
ENTROPY ROW {"id" => "03gtylfu529sncvkp7nmwsvhj", "account_id" => "03gtylfu0nk3t3t7hyrjx682u", "auto_postpone_period" => 7776000, "container_id" => "03gtylfu4r99x6pmjexc0yh5t", "container_type" => "Board", "created_at" => "2026-09-0
ENTROPY ROW {"id" => "03gtylfu52bfd49uh19tq8atf", "account_id" => "03gtylfu0nk3t3t7hyrjx682u", "auto_postpone_period" => 2592000, "container_id" => "03gtylfu525wxxcaurhsi1mof", "container_type" => "Account", "created_at" => "2026-09
ENTROPY ROW {"id" => "03gtylfu525tsllkcbi5b9cq7", "account_id" => "03gtylfu0nk3t3t7hyrjx682u", "auto_postpone_period" => 2592000, "container_id" => "03gtylfu4rivnbyw5edvaaxlx", "container_type" => "Board", "created_at" => "2026-09-0
IMPORT Board::Publication ctx=127320
F

Failure:
VerifierTest#test_importing_the_same_file_twice_does_not_touch_the_first_import_or_leave_an_empty_account_behind [/tests/verification_test.rb:256]:
no mail went out; jobs that failed: ActiveRecord::RecordNotUnique: SQLite3::ConstraintException: UNIQUE constraint failed: board_publications.key, ActiveJob::DeserializationError: Error while trying to deserialize arguments: Couldn't find Account with 'id'="03gtylfu0nk3t3t7hyrjx682u".
Expected nil to not be nil.

bin/rails test /tests/verification_test.rb:117

..F

Failure:
VerifierTest#test_an_import_that_fails_leaves_nothing_behind,_and_the_importer_hears_why [/tests/verification_test.rb:256]:
no mail went out; jobs that failed: none.
Expected nil to not be nil.

bin/rails test /tests/verification_test.rb:106

..

Finished in 11.764591s, 1.1050 runs/s, 11.9001 assertions/s.
13 runs, 140 assertions, 4 failures, 0 errors, 0 skips
