Running 1656 tests in parallel using 2 processes
Run options: --seed 22978

# Running:

.............................................................................................................................................................................................................................................................................................................................................................................................................................................................................................................................................................................................................................................................................................................................................................................................................................................................................................................................................................................................................................................................................................................................................................................................................................................................................................................................................................................................................................S..S.......................................................................................................................................................................................................................................................................................

Finished in 29.370446s, 56.3832 runs/s, 210.2794 assertions/s.
1656 runs, 6176 assertions, 0 failures, 0 errors, 2 skips

You have skipped tests. Run with --verbose for details.
Running 8 tests in a single process (parallelization threshold is 50)
Run options: --seed 41377

# Running:

.E

Error:
VerifierTest#test_overridden_billed_numbers_stand_in_for_the_real_ones_until_the_override_is_dropped:
ActiveRecord::RecordNotUnique: SQLite3::ConstraintException: UNIQUE constraint failed: cards.account_id, cards.number
    app/controllers/cards_controller.rb:23:in 'block (2 levels) in CardsController#create'
    app/controllers/cards_controller.rb:16:in 'CardsController#create'
    app/controllers/concerns/current_timezone.rb:15:in 'CurrentTimezone#set_current_timezone'
    config/initializers/database_role_logging.rb:10:in 'block in DatabaseRoleLogger#call'
    config/initializers/database_role_logging.rb:9:in 'DatabaseRoleLogger#call'
    config/initializers/tenanting/account_slug.rb:31:in 'block in AccountSlug::Extractor#call'
    app/models/current.rb:22:in 'Current#with_account'
    config/initializers/tenanting/account_slug.rb:30:in 'AccountSlug::Extractor#call'
    saas/lib/fizzy/saas/true_client_ip.rb:20:in 'TrackTrueClientIp#call'
    saas/lib/fizzy/saas/gvl_instrumentation.rb:11:in 'Fizzy::Saas::GvlInstrumentation#call'

bin/rails test /tests/verification_test.rb:72

.....F

Failure:
VerifierTest#test_a_signed_webhook_is_accepted,_an_unsigned_or_forged_one_is_rejected [test/test_helpers/session_test_helper.rb:57]:
Expected #<ActionDispatch::TestResponse:0x000074a78e075dc8 @mon_data=#<Monitor:0x000074a78c17ff90>, @mon_data_owner_object_id=63944, @headers={"x-frame-options" => "SAMEORIGIN", "x-xss-protection" => "0", "x-content-type-options" => "nosniff", "x-permitted-cross-domain-policies" => "none", "referrer-policy" => "strict-origin-when-cross-origin", "x-kamal-target" => nil, "content-type" => "text/html", "x-robots-tag" => "none", "cache-control" => "no-cache", "content-security-policy" => "default-src 'self'; script-src 'self' 'nonce-2V6WxmSQCo2igaK45ugZ6A=='; connect-src 'self'; frame-src 'self'; style-src 'self' 'unsafe-inline'; img-src 'self' blob: data: https:; font-src 'self' data: https:; media-src 'self' blob: data: https:; worker-src 'self' blob:; object-src 'none'; base-uri 'none'; form-action 'self'; frame-ancestors 'self'", "set-cookie" => "_fizzy_session=XhX0lCKRXG%2BCt8k9JiBB1N3C4myHz8ZMUtHPee%2B3SH%2FjwUwEjr2SK5Umv50KwEZz0ZNhsVTDwrH0O8PKhqGt8qU%2B4htmWNM6b44GL9bxhVWjPRZILSn3QG1TGypCIGLJadxDV6mUj5MMqqG%2FZScuT1Vez3WJAV%2FYYG1AhoLWvAQ1Z3Kas3tg0QsAJ96fnPUv2SFotcHVIKcbW%2BjK5trCHORUNB0QTKLhp7A%3D--4zJPb2nsjx6UZ02J--Ua%2BtwQG7v2dCFudBQD2WTg%3D%3D; path=/; httponly; samesite=lax", "x-request-id" => "f0b846a7-87b3-4c0b-846f-810432655d63", "x-runtime" => "0.000910", "content-length" => "0"}, @stream=#<ActionDispatch::Response::Buffer:0x000074a794738c68 @response=#<ActionDispatch::TestResponse:0x000074a78e075dc8 ...>, @buf=[""], @closed=false, @str_body=nil>, @status=200, @cv=#<MonitorMixin::ConditionVariable:0x000074a78c17fea0 @monitor=#<Monitor:0x000074a78c17ff90>, @cond=#<Thread::ConditionVariable:0x000074a78c17fe78>>, @committed=false, @sending=false, @sent=false, @cache_control={no_cache: true}, @request=#<ActionDispatch::Request POST "http://www.example.com/stripe/webhooks" for 127.0.0.1>> to be client_error?.

bin/rails test /tests/verification_test.rb:118



Finished in 1.827934s, 4.3765 runs/s, 22.4297 assertions/s.
8 runs, 41 assertions, 1 failures, 1 errors, 0 skips
