Running 1509 tests in parallel using 2 processes
Run options: --seed 55409

# Running:

......................................................................................................................................................................................................................................................................................................................................................................................................................................................................................................................................................................................................................................................................................................................................................................................................................................................................................................................................................................................................................................................................................................................................................................S..S...........................................................................................................................................................................................................................................................................................................................................................................................

Finished in 27.797722s, 54.2850 runs/s, 203.9016 assertions/s.
1509 runs, 5668 assertions, 0 failures, 0 errors, 2 skips

You have skipped tests. Run with --verbose for details.
Running 7 tests in a single process (parallelization threshold is 50)
Run options: --seed 65018

# Running:

Capybara starting Puma...
* Version 7.2.1, codename: On The Corner
* Min threads: 0, max threads: 4
* Listening on http://127.0.0.1:33963
2026-09-08 16:31:16 INFO Selenium [:logger_info] Details on how to use and modify Selenium logger:
  https://selenium.dev/documentation/webdriver/troubleshooting/logging

2026-09-08 16:31:16 WARN Selenium [:selenium_manager] Exception managing chrome: error sending request for url (https://googlechromelabs.github.io/chrome-for-testing/known-good-versions-with-downloads.json) 
2026-09-08 16:31:16 WARN Selenium [:selenium_manager] Error sending stats to Plausible: error sending request for url (https://plausible.io/api/event) 
2026-09-08 16:31:23 WARN Selenium [:selenium_manager] Exception managing chrome: error sending request for url (https://googlechromelabs.github.io/chrome-for-testing/known-good-versions-with-downloads.json) 
2026-09-08 16:31:31 WARN Selenium [:selenium_manager] Exception managing chrome: error sending request for url (https://googlechromelabs.github.io/chrome-for-testing/known-good-versions-with-downloads.json) 
.2026-09-08 16:31:38 WARN Selenium [:selenium_manager] Exception managing chrome: error sending request for url (https://googlechromelabs.github.io/chrome-for-testing/known-good-versions-with-downloads.json) 
.2026-09-08 16:31:47 WARN Selenium [:selenium_manager] Exception managing chrome: error sending request for url (https://googlechromelabs.github.io/chrome-for-testing/known-good-versions-with-downloads.json) 
[Screenshot Image]: /app/tmp/screenshots/failures_test_a_new_person_signs_up_with_a_code_and_is_brought_to_finishing_their_sign-up.png 
E

Error:
VerifierTest#test_a_new_person_signs_up_with_a_code_and_is_brought_to_finishing_their_sign-up:
NoMethodError: undefined method 'subject' for nil
    /tests/verification_test.rb:120:in 'VerifierTest#code_sent_to'
    /tests/verification_test.rb:70:in 'block in <class:VerifierTest>'

bin/rails test /tests/verification_test.rb:65

2026-09-08 16:31:53 WARN Selenium [:selenium_manager] Exception managing chrome: error sending request for url (https://googlechromelabs.github.io/chrome-for-testing/known-good-versions-with-downloads.json) 
2026-09-08 16:32:01 WARN Selenium [:selenium_manager] Exception managing chrome: error sending request for url (https://googlechromelabs.github.io/chrome-for-testing/known-good-versions-with-downloads.json) 
...[Screenshot Image]: /app/tmp/screenshots/failures_test_joining_with_a_join_code_gets_you_a_sign-in_code_and_brings_you_into_the_account.png 
E

Error:
VerifierTest#test_joining_with_a_join_code_gets_you_a_sign-in_code_and_brings_you_into_the_account:
ActiveRecord::RecordNotFound: Couldn't find Identity with [WHERE "identities"."email_address" = ?]
    /usr/local/bundle/bundler/gems/rails-d0e506f131fa/activerecord/lib/active_record/relation/finder_methods.rb:419:in 'ActiveRecord::FinderMethods#raise_record_not_found_exception!'
    /usr/local/bundle/bundler/gems/rails-d0e506f131fa/activerecord/lib/active_record/core.rb:332:in 'ActiveRecord::Core::ClassMethods#find_by!'
    /tests/verification_test.rb:83:in 'block in <class:VerifierTest>'

bin/rails test /tests/verification_test.rb:76



Finished in 58.936727s, 0.1188 runs/s, 0.4921 assertions/s.
7 runs, 29 assertions, 0 failures, 2 errors, 0 skips
