Running 1488 tests in parallel using 2 processes
Run options: --seed 51158

# Running:

...........................................................................................................................................................................................................................................................................................................................................................................................................................................................................................................................................................................................................................................................................................................................................................................................................................................................................................................................................................................................................................................................................................................................................................................................................................................................................................................................................................................................................................................................................S.S..................................................................

Finished in 29.429364s, 50.5617 runs/s, 193.2084 assertions/s.
1488 runs, 5686 assertions, 0 failures, 0 errors, 2 skips

You have skipped tests. Run with --verbose for details.
Running 7 tests in a single process (parallelization threshold is 50)
Run options: --seed 35232

# Running:

E

Error:
VerifierTest#test_a_push_says_what_the_tray_says_and_opens_the_card:
NoMethodError: undefined method 'event_notification_title' for #<ActionView::Base:0x000075d828037c28>
    /tests/verification_test.rb:57:in 'block in <class:VerifierTest>'

bin/rails test /tests/verification_test.rb:49

.F

Failure:
VerifierTest#test_a_device_cannot_point_a_push_at_our_own_network [/tests/verification_test.rb:113]:
Expected [#<WebMock::RequestSignature:0x000075d823316778 @method=:post, @uri=#<Addressable::URI:0xe0f8 URI:https://intranet.example.test:443/push/90087613487c75c4>, @body="\xF6\xCB\x9FU0\xE1\xEF\xDE\xF87\x80!$\x9C\xED[\x00\x00\x00\x98A\x04g\xB5\xB9Z\xD9_\x9B*\x863\x1F]\x88\x8E\xEC]\xE8@\x02\xF1\"\x1FA\x13\xB3\xA3\xE3\xF5fE\x03\xAE\xAC*\xFD\xAA\n\xDD\x0E\xEA\e\xFE|\xF1\x95\xFAM\x1F\xCD\xFDq\x1D\x8BCZ\xA3\xCD\xACW\x99\xB3I\x83\x89!\x81\xC7\x06\x96\x9E\xE2\x11\x06\x81\x99\xDFZ\xA7\xA1\xC6\bN\x9D\xEE'C\xC27\x97t0\x02\xBAb\xFE\xBE\xD8\f?D}\x1A=\x86s_\xA2ay%Uj\\\x9D\xF6JE\xF2\xBF&\x91]\b\a\xDC\x80\xFEH\e\x83\xCA\xF5\x9E|\x1A\x98\v\x99\xF1\xDF\xA8{\x12\x9A1\xC0sKI\xF6<_\xEBXHe\xE5\xFD\xF9\x11h\xE8I\x01\x15\x9F\x04\x10\xF2\x1D\xD7\x06\xC2Q\xA5~\xA2\x9B\xC5\xD6\xD5B\x1C9\xBFH\xEA\xD3`L\xF5\xA0\xE0zy{O\x84j\xC8\x89\xC1\xF5\xA1\xCC8\x80\xF2\xB5(\x8F\xB8\xD5\x88a/", @headers={"Content-Type" => "application/octet-stream", "Ttl" => "2419200", "Urgency" => "normal", "Content-Encoding" => "aes128gcm", "Content-Length" => "238", "Authorization" => "vapid t=eyJ0eXAiOiJKV1QiLCJhbGciOiJFUzI1NiJ9.eyJhdWQiOiJodHRwczovL2ludHJhbmV0LmV4YW1wbGUudGVzdCIsImV4cCI6MTc4OTE3MTYwMywic3ViIjoibWFpbHRvOnN1cHBvcnRAZXhhbXBsZS5jb20ifQ.nJiytAJ9DPMKOFzsR6bEYjpaSSRsZrS2ZkMehRng4spwyIbjPlHwp3Q1FkYsobVTUqERHfxT49IUp6gZ6X0hpw,k=BHfb_DasQ2u6FCaAVWubV6nwTq_yXn4lNEu-nofEW7ZL7Qw2glq4uJ_5qDdEOybZaStX06f_8MH3MfCHq68ca9U", "Accept-Encoding" => "gzip;q=1.0,deflate;q=0.6,identity;q=0.3", "Accept" => "*/*", "User-Agent" => "Ruby"}, @ipaddr=nil>] to be empty.

bin/rails test /tests/verification_test.rb:102

....

Finished in 6.771255s, 1.0338 runs/s, 10.4855 assertions/s.
7 runs, 71 assertions, 1 failures, 1 errors, 0 skips
