Running 1551 tests in parallel using 2 processes
Run options: --seed 13772

# Running:

.........................................................................................................................................................................................................................................................................................................................................................................................SS...................................................................................................................................................................................................................................................................................................................................................................................................................................................................................................................................................................................................................................................E

Error:
EntropyHelperTest#test_stalled_bubble_options_for_returns_options_when_card_has_activity_spike:
NoMethodError: undefined method 'copy_text' for an instance of EntropyHelperTest
    app/helpers/entropy_helper.rb:16:in 'EntropyHelper#stalled_bubble_options_for'
    test/helpers/entropy_helper_test.rb:12:in 'block in <class:EntropyHelperTest>'

bin/rails test test/helpers/entropy_helper_test.rb:8

....E

Error:
EntropyHelperTest#test_stalled_bubble_options_for_includes_updatedAt_for_client-side_staleness_check:
NoMethodError: undefined method 'copy_text' for an instance of EntropyHelperTest
    app/helpers/entropy_helper.rb:16:in 'EntropyHelper#stalled_bubble_options_for'
    test/helpers/entropy_helper_test.rb:26:in 'block in <class:EntropyHelperTest>'

bin/rails test test/helpers/entropy_helper_test.rb:17

...........................................................................................................................................................................................................................................................................................................................................................................................................................................................................................................................................................

Finished in 29.776725s, 52.0877 runs/s, 198.3428 assertions/s.
1551 runs, 5906 assertions, 0 failures, 2 errors, 2 skips

You have skipped tests. Run with --verbose for details.
