Running 1509 tests in parallel using 2 processes
Run options: --seed 8151

# Running:

.................................................................................................................................................................................................................................................................................................................................................................................................................................................................................................................................................................................................................................................................................................................................................................................................................................................................................................................................................................................................................................................................................................................................................................................S..S................................................................................................................................................................................................................................................................................................................................................................................

Finished in 28.009079s, 53.8754 runs/s, 202.3630 assertions/s.
1509 runs, 5668 assertions, 0 failures, 0 errors, 2 skips

You have skipped tests. Run with --verbose for details.
Running 7 tests in a single process (parallelization threshold is 50)
Run options: --seed 14476

# Running:

Capybara starting Puma...
* Version 7.2.1, codename: On The Corner
* Min threads: 0, max threads: 4
* Listening on http://127.0.0.1:39769
2026-09-08 16:08:57 INFO Selenium [:logger_info] Details on how to use and modify Selenium logger:
  https://selenium.dev/documentation/webdriver/troubleshooting/logging

2026-09-08 16:08:57 WARN Selenium [:selenium_manager] Exception managing chrome: error sending request for url (https://googlechromelabs.github.io/chrome-for-testing/known-good-versions-with-downloads.json) 
2026-09-08 16:08:57 WARN Selenium [:selenium_manager] Error sending stats to Plausible: error sending request for url (https://plausible.io/api/event) 
.2026-09-08 16:09:05 WARN Selenium [:selenium_manager] Exception managing chrome: error sending request for url (https://googlechromelabs.github.io/chrome-for-testing/known-good-versions-with-downloads.json) 
2026-09-08 16:09:12 WARN Selenium [:selenium_manager] Exception managing chrome: error sending request for url (https://googlechromelabs.github.io/chrome-for-testing/known-good-versions-with-downloads.json) 
2026-09-08 16:09:19 WARN Selenium [:selenium_manager] Exception managing chrome: error sending request for url (https://googlechromelabs.github.io/chrome-for-testing/known-good-versions-with-downloads.json) 
[Screenshot Image]: /app/tmp/screenshots/failures_test_an_address_with_no_account_gets_exactly_the_answer_an_address_with_one_gets.png 
F

Failure:
VerifierTest#test_an_address_with_no_account_gets_exactly_the_answer_an_address_with_one_gets [test/test_helpers/session_test_helper.rb:61]:
--- expected
+++ actual
@@ -1 +1 @@
-["/session/email_code/new", "Check your email Enter the six-character code we sent to EMAIL. Continue Fizzy™ is designed, built, and backed by 37signals™, makers of Basecamp™ and HEY™. Need help? Send us an email."]
+["/session/new", "Get into Fizzy Enter your email and we’ll get you signed in. Let’s go Sign in with a passkey Fizzy™ is designed, built, and backed by 37signals™, makers of Basecamp™ and HEY™. Need help? Send us an email."]


bin/rails test /tests/verification_test.rb:40

..2026-09-08 16:09:28 WARN Selenium [:selenium_manager] Exception managing chrome: error sending request for url (https://googlechromelabs.github.io/chrome-for-testing/known-good-versions-with-downloads.json) 
2026-09-08 16:09:35 WARN Selenium [:selenium_manager] Exception managing chrome: error sending request for url (https://googlechromelabs.github.io/chrome-for-testing/known-good-versions-with-downloads.json) 
2026-09-08 16:09:46 WARN Selenium [:selenium_manager] Exception managing chrome: error sending request for url (https://googlechromelabs.github.io/chrome-for-testing/known-good-versions-with-downloads.json) 
.[Screenshot Image]: /app/tmp/screenshots/failures_test_joining_with_a_join_code_gets_you_a_sign-in_code_and_brings_you_into_the_account.png 
E

Error:
VerifierTest#test_joining_with_a_join_code_gets_you_a_sign-in_code_and_brings_you_into_the_account:
ActiveRecord::RecordNotFound: Couldn't find Identity with [WHERE "identities"."email_address" = ?]
    /usr/local/bundle/bundler/gems/rails-d0e506f131fa/activerecord/lib/active_record/relation/finder_methods.rb:419:in 'ActiveRecord::FinderMethods#raise_record_not_found_exception!'
    /usr/local/bundle/bundler/gems/rails-d0e506f131fa/activerecord/lib/active_record/core.rb:332:in 'ActiveRecord::Core::ClassMethods#find_by!'
    /tests/verification_test.rb:83:in 'block in <class:VerifierTest>'

bin/rails test /tests/verification_test.rb:76

.

Finished in 59.403248s, 0.1178 runs/s, 0.5219 assertions/s.
7 runs, 31 assertions, 1 failures, 1 errors, 0 skips
