Running 1657 tests in parallel using 2 processes
Run options: --seed 47017

# Running:

.......................................................................................................................................................................................................................................................................................................................................................................................................................................................................................................................................................................................................................................................................................................................................................................................................................................................................................................................................................................................................................................S.S...............................................................................................................................................................................................................................................................................................................................................................................................................................................................................................................................................................................................................................................................................

Finished in 25.896416s, 63.9857 runs/s, 238.6044 assertions/s.
1657 runs, 6179 assertions, 0 failures, 0 errors, 2 skips

You have skipped tests. Run with --verbose for details.
Running 8 tests in a single process (parallelization threshold is 50)
Run options: --seed 54329

# Running:

......F

Failure:
VerifierTest#test_overridden_billed_numbers_stand_in_for_the_real_ones_until_the_override_is_dropped [/tests/verification_test.rb:80]:
`Card.count` didn't change by 1, but by 0.
Expected: 1007
  Actual: 1006

bin/rails test /tests/verification_test.rb:72

.

Finished in 1.479954s, 5.4056 runs/s, 30.4064 assertions/s.
8 runs, 45 assertions, 1 failures, 0 errors, 0 skips
