/usr/local/bundle/gems/mini_magick-4.13.2/lib/mini_magick/shell.rb:2: warning: benchmark was loaded from the standard library, but will no longer be part of the default gems starting from Ruby 3.5.0.
You can add benchmark to your Gemfile or gemspec to silence this warning.
DEPRECATION WARNING: `config.active_support.to_time_preserves_timezone` is deprecated and will be removed in Rails 8.2 (called from block in TSort.tsort_each at /usr/local/bundle/gems/tsort-0.2.0/lib/tsort.rb:231)

Run options: --seed 4027

# Running:

...................................................S...S...........................................................................................................................

Finished in 24.698992s, 7.2473 runs/s, 22.3896 assertions/s.
179 runs, 553 assertions, 0 failures, 0 errors, 2 skips

You have skipped tests. Run with --verbose for details.
/usr/local/bundle/gems/mini_magick-4.13.2/lib/mini_magick/shell.rb:2: warning: benchmark was loaded from the standard library, but will no longer be part of the default gems starting from Ruby 3.5.0.
You can add benchmark to your Gemfile or gemspec to silence this warning.
DEPRECATION WARNING: `config.active_support.to_time_preserves_timezone` is deprecated and will be removed in Rails 8.2 (called from block in TSort.tsort_each at /usr/local/bundle/gems/tsort-0.2.0/lib/tsort.rb:231)

Run options: --seed 17492

# Running:

...F

Failure:
VerifierTest#test_exactly_one_derived_copy_is_in_storage_after_the_page_has_been_read [/tests/verify.rb:48]:
Expected: 1
  Actual: 2

bin/rails test /tests/verify.rb:40

F

Failure:
VerifierTest#test_opening_the_book_page_and_fetching_its_picture_does_no_image_processing [/tests/verify.rb:37]:
Expected: 0
  Actual: 1

bin/rails test /tests/verify.rb:27



Finished in 5.337294s, 0.9368 runs/s, 3.7472 assertions/s.
5 runs, 20 assertions, 2 failures, 0 errors, 0 skips
