/usr/local/bundle/gems/mini_magick-4.13.2/lib/mini_magick/shell.rb:2: warning: benchmark was loaded from the standard library, but will no longer be part of the default gems starting from Ruby 3.5.0.
You can add benchmark to your Gemfile or gemspec to silence this warning.
DEPRECATION WARNING: `config.active_support.to_time_preserves_timezone` is deprecated and will be removed in Rails 8.2 (called from block in TSort.tsort_each at /usr/local/bundle/gems/tsort-0.2.0/lib/tsort.rb:231)
/usr/local/bundle/gems/mini_magick-4.13.2/lib/mini_magick/shell.rb:2: warning: benchmark was loaded from the standard library, but will no longer be part of the default gems starting from Ruby 3.5.0.
You can add benchmark to your Gemfile or gemspec to silence this warning.
DEPRECATION WARNING: `config.active_support.to_time_preserves_timezone` is deprecated and will be removed in Rails 8.2 (called from block in TSort.tsort_each at /usr/local/bundle/gems/tsort-0.2.0/lib/tsort.rb:231)

Run options: --seed 28574

# Running:

...........................................................S..S....................................................................................................................

Finished in 25.491406s, 7.0220 runs/s, 21.6936 assertions/s.
179 runs, 553 assertions, 0 failures, 0 errors, 2 skips

You have skipped tests. Run with --verbose for details.
/usr/local/bundle/gems/mini_magick-4.13.2/lib/mini_magick/shell.rb:2: warning: benchmark was loaded from the standard library, but will no longer be part of the default gems starting from Ruby 3.5.0.
You can add benchmark to your Gemfile or gemspec to silence this warning.
DEPRECATION WARNING: `config.active_support.to_time_preserves_timezone` is deprecated and will be removed in Rails 8.2 (called from block in TSort.tsort_each at /usr/local/bundle/gems/tsort-0.2.0/lib/tsort.rb:231)

Run options: --seed 43456

# Running:

== 20240617075643 InitialSchema: migrating ====================================
-- create_table("accesses", {force: :cascade})
   -> 0.0080s
-- create_table("accounts", {force: :cascade})
   -> 0.0005s
-- create_table("action_text_markdowns", {force: :cascade})
   -> 0.0008s
-- create_table("active_storage_attachments", {force: :cascade})
   -> 0.0011s
-- create_table("active_storage_blobs", {force: :cascade})
   -> 0.0006s
-- create_table("active_storage_variant_records", {force: :cascade})
   -> 0.0012s
-- create_table("books", {force: :cascade})
   -> 0.0006s
-- create_table("edits", {force: :cascade})
   -> 0.0011s
-- create_table("leaves", {force: :cascade})
   -> 0.0009s
-- create_table("pages", {force: :cascade})
   -> 0.0003s
-- create_table("pictures", {force: :cascade})
   -> 0.0019s
-- create_table("sections", {force: :cascade})
   -> 0.0003s
-- create_table("sessions", {force: :cascade})
   -> 0.0009s
-- create_table("users", {force: :cascade})
   -> 0.0070s
-- add_foreign_key("accesses", "books")
   -> 0.0189s
-- add_foreign_key("accesses", "users")
   -> 0.0115s
-- add_foreign_key("active_storage_attachments", "active_storage_blobs", {column: "blob_id"})
   -> 0.0106s
-- add_foreign_key("active_storage_variant_records", "active_storage_blobs", {column: "blob_id"})
   -> 0.0031s
-- add_foreign_key("edits", "leaves")
   -> 0.0056s
-- add_foreign_key("leaves", "books")
   -> 0.0054s
-- add_foreign_key("sessions", "users")
   -> 0.0041s
== 20240617075643 InitialSchema: migrated (0.0849s) ===========================

== 20240625084002 AddBodyToSections: migrating ================================
-- change_table(:sections)
   -> 0.0046s
-- execute("update sections set body = l.title from leaves l where l.leafable_id = sections.id and l.leafable_type = 'Section'")
   -> 0.0002s
== 20240625084002 AddBodyToSections: migrated (0.0048s) =======================

-- change_table(:books)
   -> 0.0243s
== 20240625202351 AddThemeToBook: migrating ===================================
== 20240625202351 AddThemeToBook: migrated (0.0000s) ==========================

== 20240625224312 AddCustomStylesToAccount: migrating =========================
-- add_column(:accounts, :custom_styles, :text)
   -> 0.0003s
== 20240625224312 AddCustomStylesToAccount: migrated (0.0004s) ================

== 20240928005927 CreateLeafSearchIndexTable: migrating =======================
-- create_virtual_table("leaf_search_index", "fts5", ["title", "content", "tokenize='porter'"])
   -> 0.0008s
== 20240928005927 CreateLeafSearchIndexTable: migrated (0.0013s) ==============

== 20250901000000 CreateTenants: migrating ====================================
-- create_table(:tenants)
   -> 0.0025s
-- add_reference(:users, :tenant, {foreign_key: true})
   -> 0.0097s
-- add_reference(:books, :tenant, {foreign_key: true})
   -> 0.0122s
-- execute("INSERT INTO tenants (name, created_at, updated_at) VALUES ('Default', CURRENT_TIMESTAMP, CURRENT_TIMESTAMP) RETURNING id")
   -> 0.0006s
-- execute("UPDATE users SET tenant_id = 1")
   -> 0.0001s
-- execute("UPDATE books SET tenant_id = 1")
   -> 0.0001s
== 20250901000000 CreateTenants: migrated (0.0253s) ===========================

..........

Finished in 9.711459s, 1.0297 runs/s, 6.7961 assertions/s.
10 runs, 66 assertions, 0 failures, 0 errors, 0 skips
