Running 1513 tests in parallel using 2 processes
Run options: --seed 48247

# Running:

....................................................................................................................................................................................S.S..................................................................................................................................................................................................................................................................................................................................................................................................................................................................................................................................................................................................................................................................................................................................................................................................................................................................................................................................................................................................................................................................................................................................................................................................................................................................................................................................................................................

Finished in 29.605455s, 51.1054 runs/s, 193.3765 assertions/s.
1513 runs, 5725 assertions, 0 failures, 0 errors, 2 skips

You have skipped tests. Run with --verbose for details.
Running 7 tests in a single process (parallelization threshold is 50)
Run options: --seed 55726

# Running:

F

Failure:
VerifierTest#test_a_late_notification_between_two_windows_lands_in_one_of_them [/tests/verification_test.rb:110]:
Expected: 2
  Actual: 1

bin/rails test /tests/verification_test.rb:100

..F

Failure:
VerifierTest#test_a_daily_person_and_a_four-hourly_person_are_windowed_differently [/tests/verification_test.rb:56]:
Expected: 2
  Actual: 1

bin/rails test /tests/verification_test.rb:45

...

Finished in 1.962217s, 3.5674 runs/s, 24.4621 assertions/s.
7 runs, 48 assertions, 2 failures, 0 errors, 0 skips
