Running 1542 tests in parallel using 2 processes
Run options: --seed 30517

# Running:

...................................................................................................................................................................................................................................................................................................................................................................................................................................................................E

Error:
Account::ImportTest#test_export_and_import_round-trip_preserves_account_data:
Account::DataTransfer::RecordSet::ConflictError: Entropy record references existing container (Board) with ID 03azb82dj045ga4z8cmryhz8v
    app/models/account/data_transfer/record_set.rb:127:in 'Account::DataTransfer::RecordSet#check_association_doesnt_exist'
    app/models/account/data_transfer/record_set.rb:113:in 'block in Account::DataTransfer::RecordSet#check_associations_dont_exist'
    app/models/account/data_transfer/record_set.rb:107:in 'Array#each'
    app/models/account/data_transfer/record_set.rb:107:in 'Account::DataTransfer::RecordSet#check_associations_dont_exist'
    app/models/account/data_transfer/record_set.rb:103:in 'Account::DataTransfer::RecordSet#check_record'
    app/models/account/data_transfer/record_set.rb:46:in 'block (2 levels) in Account::DataTransfer::RecordSet#check'
    app/models/account/data_transfer/record_set.rb:45:in 'Array#each'
    app/models/account/data_transfer/record_set.rb:45:in 'block in Account::DataTransfer::RecordSet#check'
    app/models/account/data_transfer/record_set.rb:58:in 'Account::DataTransfer::RecordSet#with_zip'
    app/models/account/data_transfer/record_set.rb:41:in 'Account::DataTransfer::RecordSet#check'
    app/models/account/import.rb:27:in 'block (2 levels) in Account::Import#check'
    app/models/account/data_transfer/manifest.rb:16:in 'block in Account::DataTransfer::Manifest#each_record_set'
    app/models/account/data_transfer/manifest.rb:14:in 'Array#each'
    app/models/account/data_transfer/manifest.rb:14:in 'Account::DataTransfer::Manifest#each_record_set'
    app/models/account/import.rb:26:in 'block in Account::Import#check'
    app/models/zip_file.rb:25:in 'block in ZipFile.read_from'
    app/models/zip_file.rb:96:in 'block in ZipFile.read_from_disk'
    app/models/zip_file.rb:94:in 'ZipFile.read_from_disk'
    app/models/zip_file.rb:25:in 'ZipFile.read_from'
    app/models/account/import.rb:25:in 'Account::Import#check'
    test/models/account/import_test.rb:53:in 'block in <class:ImportTest>'

bin/rails test test/models/account/import_test.rb:30

......E

Error:
Account::ImportTest#test_export_and_import_round-trip_preserves_blobs_and_attachments:
Account::DataTransfer::RecordSet::ConflictError: Entropy record references existing container (Board) with ID 03azb82dj045ga4z8cmryhz8v
    app/models/account/data_transfer/record_set.rb:127:in 'Account::DataTransfer::RecordSet#check_association_doesnt_exist'
    app/models/account/data_transfer/record_set.rb:113:in 'block in Account::DataTransfer::RecordSet#check_associations_dont_exist'
    app/models/account/data_transfer/record_set.rb:107:in 'Array#each'
    app/models/account/data_transfer/record_set.rb:107:in 'Account::DataTransfer::RecordSet#check_associations_dont_exist'
    app/models/account/data_transfer/record_set.rb:103:in 'Account::DataTransfer::RecordSet#check_record'
    app/models/account/data_transfer/record_set.rb:46:in 'block (2 levels) in Account::DataTransfer::RecordSet#check'
    app/models/account/data_transfer/record_set.rb:45:in 'Array#each'
    app/models/account/data_transfer/record_set.rb:45:in 'block in Account::DataTransfer::RecordSet#check'
    app/models/account/data_transfer/record_set.rb:58:in 'Account::DataTransfer::RecordSet#with_zip'
    app/models/account/data_transfer/record_set.rb:41:in 'Account::DataTransfer::RecordSet#check'
    app/models/account/import.rb:27:in 'block (2 levels) in Account::Import#check'
    app/models/account/data_transfer/manifest.rb:16:in 'block in Account::DataTransfer::Manifest#each_record_set'
    app/models/account/data_transfer/manifest.rb:14:in 'Array#each'
    app/models/account/data_transfer/manifest.rb:14:in 'Account::DataTransfer::Manifest#each_record_set'
    app/models/account/import.rb:26:in 'block in Account::Import#check'
    app/models/zip_file.rb:25:in 'block in ZipFile.read_from'
    app/models/zip_file.rb:96:in 'block in ZipFile.read_from_disk'
    app/models/zip_file.rb:94:in 'ZipFile.read_from_disk'
    app/models/zip_file.rb:25:in 'ZipFile.read_from'
    app/models/account/import.rb:25:in 'Account::Import#check'
    test/models/account/import_test.rb:208:in 'block in <class:ImportTest>'

bin/rails test test/models/account/import_test.rb:177

..........E

Error:
Account::ImportTest#test_import_reconciles_cards_count_so_new_cards_get_correct_numbers:
Account::DataTransfer::RecordSet::ConflictError: Entropy record references existing container (Board) with ID 03azb82dj045ga4z8cmryhz8v
    app/models/account/data_transfer/record_set.rb:127:in 'Account::DataTransfer::RecordSet#check_association_doesnt_exist'
    app/models/account/data_transfer/record_set.rb:113:in 'block in Account::DataTransfer::RecordSet#check_associations_dont_exist'
    app/models/account/data_transfer/record_set.rb:107:in 'Array#each'
    app/models/account/data_transfer/record_set.rb:107:in 'Account::DataTransfer::RecordSet#check_associations_dont_exist'
    app/models/account/data_transfer/record_set.rb:103:in 'Account::DataTransfer::RecordSet#check_record'
    app/models/account/data_transfer/record_set.rb:46:in 'block (2 levels) in Account::DataTransfer::RecordSet#check'
    app/models/account/data_transfer/record_set.rb:45:in 'Array#each'
    app/models/account/data_transfer/record_set.rb:45:in 'block in Account::DataTransfer::RecordSet#check'
    app/models/account/data_transfer/record_set.rb:58:in 'Account::DataTransfer::RecordSet#with_zip'
    app/models/account/data_transfer/record_set.rb:41:in 'Account::DataTransfer::RecordSet#check'
    app/models/account/import.rb:27:in 'block (2 levels) in Account::Import#check'
    app/models/account/data_transfer/manifest.rb:16:in 'block in Account::DataTransfer::Manifest#each_record_set'
    app/models/account/data_transfer/manifest.rb:14:in 'Array#each'
    app/models/account/data_transfer/manifest.rb:14:in 'Account::DataTransfer::Manifest#each_record_set'
    app/models/account/import.rb:26:in 'block in Account::Import#check'
    app/models/zip_file.rb:25:in 'block in ZipFile.read_from'
    app/models/zip_file.rb:96:in 'block in ZipFile.read_from_disk'
    app/models/zip_file.rb:94:in 'ZipFile.read_from_disk'
    app/models/zip_file.rb:25:in 'ZipFile.read_from'
    app/models/account/import.rb:25:in 'Account::Import#check'
    test/models/account/import_test.rb:85:in 'block in <class:ImportTest>'

bin/rails test test/models/account/import_test.rb:65

............................................................................................................................................................................................................................................................................................................................................................SS.................................................................................................................................................................................................................................................................................................................................E

Error:
Account::IncineratableTest#test_incinerate_destroys_account:
NameError: undefined local variable or method 'account' for an instance of Account
    app/models/account/incineratable.rb:14:in 'block (2 levels) in Account::Incineratable#incinerate'
    app/models/storage/entry.rb:12:in 'Storage::Entry.suppressing_recording'
    app/models/account/incineratable.rb:14:in 'block in Account::Incineratable#incinerate'
    app/models/account/incineratable.rb:13:in 'Account::Incineratable#incinerate'
    test/models/account/incineratable_test.rb:11:in 'block (2 levels) in <class:IncineratableTest>'
    test/models/account/incineratable_test.rb:10:in 'block in <class:IncineratableTest>'

bin/rails test test/models/account/incineratable_test.rb:9

...........E

Error:
Account::IncineratableTest#test_incinerate_destroys_all_associated_records:
NameError: undefined local variable or method 'account' for an instance of Account
    app/models/account/incineratable.rb:14:in 'block (2 levels) in Account::Incineratable#incinerate'
    app/models/storage/entry.rb:12:in 'Storage::Entry.suppressing_recording'
    app/models/account/incineratable.rb:14:in 'block in Account::Incineratable#incinerate'
    app/models/account/incineratable.rb:13:in 'Account::Incineratable#incinerate'
    test/models/account/incineratable_test.rb:119:in 'block in <class:IncineratableTest>'

bin/rails test test/models/account/incineratable_test.rb:27

...............................................E

Error:
Account::IncinerateDueJobTest#test_incinerates_each_old_cancelled_account:
NameError: undefined local variable or method 'account' for an instance of Account
    app/models/account/incineratable.rb:14:in 'block (2 levels) in Account::Incineratable#incinerate'
    app/models/storage/entry.rb:12:in 'Storage::Entry.suppressing_recording'
    app/models/account/incineratable.rb:14:in 'block in Account::Incineratable#incinerate'
    app/models/account/incineratable.rb:13:in 'Account::Incineratable#incinerate'
    app/jobs/account/incinerate_due_job.rb:9:in 'block (2 levels) in Account::IncinerateDueJob#perform'
    app/jobs/account/incinerate_due_job.rb:8:in 'block in Account::IncinerateDueJob#perform'
    app/jobs/account/incinerate_due_job.rb:7:in 'Account::IncinerateDueJob#perform'
    app/models/current.rb:22:in 'Current#with_account'
    app/jobs/concerns/account_tenanted.rb:34:in 'AccountTenanted#with_account_context'
    test/jobs/account/incinerate_due_job_test.rb:31:in 'block (2 levels) in <class:IncinerateDueJobTest>'
    test/jobs/account/incinerate_due_job_test.rb:30:in 'block in <class:IncinerateDueJobTest>'

bin/rails test test/jobs/account/incinerate_due_job_test.rb:24

.......E

Error:
Account::IncineratableTest#test_incinerating_an_account_clears_its_own_search_records_but_preserves_others_on_the_same_shard:
NameError: undefined local variable or method 'account' for an instance of Account
    app/models/account/incineratable.rb:14:in 'block (2 levels) in Account::Incineratable#incinerate'
    app/models/storage/entry.rb:12:in 'Storage::Entry.suppressing_recording'
    app/models/account/incineratable.rb:14:in 'block in Account::Incineratable#incinerate'
    app/models/account/incineratable.rb:13:in 'Account::Incineratable#incinerate'
    test/models/account/incineratable_test.rb:213:in 'block in <class:IncineratableTest>'

bin/rails test test/models/account/incineratable_test.rb:180

...................................................................E

Error:
Account::IncinerateDueJobTest#test_handles_cursor_pagination_correctly:
NameError: undefined local variable or method 'account' for an instance of Account
    app/models/account/incineratable.rb:14:in 'block (2 levels) in Account::Incineratable#incinerate'
    app/models/storage/entry.rb:12:in 'Storage::Entry.suppressing_recording'
    app/models/account/incineratable.rb:14:in 'block in Account::Incineratable#incinerate'
    app/models/account/incineratable.rb:13:in 'Account::Incineratable#incinerate'
    app/jobs/account/incinerate_due_job.rb:9:in 'block (2 levels) in Account::IncinerateDueJob#perform'
    app/jobs/account/incinerate_due_job.rb:8:in 'block in Account::IncinerateDueJob#perform'
    app/jobs/account/incinerate_due_job.rb:7:in 'Account::IncinerateDueJob#perform'
    app/models/current.rb:22:in 'Current#with_account'
    app/jobs/concerns/account_tenanted.rb:34:in 'AccountTenanted#with_account_context'
    test/jobs/account/incinerate_due_job_test.rb:51:in 'block (2 levels) in <class:IncinerateDueJobTest>'
    test/jobs/account/incinerate_due_job_test.rb:50:in 'block in <class:IncinerateDueJobTest>'

bin/rails test test/jobs/account/incinerate_due_job_test.rb:44

.................................................F

Failure:
Account::DataImportJobTest#test_performs_import_via_continuable_steps [test/jobs/account/data_import_job_test.rb:25]:
Expected false to be truthy.

bin/rails test test/jobs/account/data_import_job_test.rb:4

......................................................................................................................................................................................................................

Finished in 29.354827s, 52.5297 runs/s, 195.2660 assertions/s.
1542 runs, 5732 assertions, 1 failures, 8 errors, 2 skips

You have skipped tests. Run with --verbose for details.
