Running 1501 tests in parallel using 2 processes
Run options: --seed 36099

# Running:

..................................................................................E

Error:
PushSubscriptionTest#test_deliver_removes_expired_subscriptions:
DRb::DRbRemoteError: key not found: "VAPID_PUBLIC_KEY" (KeyError)
    app/models/push_subscription.rb:14:in 'fetch'
    app/models/push_subscription.rb:14:in 'PushSubscription#deliver'
    test/models/user/push_subscription_test.rb:49:in 'block (2 levels) in <class:PushSubscriptionTest>'
    test/models/user/push_subscription_test.rb:48:in 'block in <class:PushSubscriptionTest>'

bin/rails test test/models/user/push_subscription_test.rb:43

..........................................................E

Error:
PushSubscriptionTest#test_deliver_sends_notification_payload_with_tray_copy_and_account-scoped_card_URL:
KeyError: key not found: "VAPID_PUBLIC_KEY"
    app/models/push_subscription.rb:14:in 'fetch'
    app/models/push_subscription.rb:14:in 'PushSubscription#deliver'
    test/models/user/push_subscription_test.rb:19:in 'block in <class:PushSubscriptionTest>'

bin/rails test test/models/user/push_subscription_test.rb:13

................................................................................................................................................................................................................................................................................................................................................................................................................................................................................................................................................................................................................................................................................................................................................................................................................................................S.......S......................................................................................................................................................................................................................................................................................................................................................................................................................................................................................................................................................

Finished in 30.622251s, 49.0166 runs/s, 187.5107 assertions/s.
1501 runs, 5742 assertions, 0 failures, 2 errors, 2 skips

You have skipped tests. Run with --verbose for details.
