Running 1542 tests in parallel using 2 processes
Run options: --seed 19885

# Running:

...........................................................................................................................................................................F

Failure:
SearchesControllerTest#test_search_preserves_highlight_marks_but_escapes_surrounding_HTML [test/controllers/searches_controller_test.rb:97]:
Expected false to be truthy.

bin/rails test test/controllers/searches_controller_test.rb:86

F

Failure:
SearchesControllerTest#test_search_as_JSON_deduplicates_cards_with_multiple_search_hits [test/controllers/searches_controller_test.rb:75]:
Expected: 1
  Actual: 0

bin/rails test test/controllers/searches_controller_test.rb:69

F

Failure:
SearchesControllerTest#test_search_as_JSON [test/controllers/searches_controller_test.rb:55]:
Expected: 1
  Actual: 0

bin/rails test test/controllers/searches_controller_test.rb:49

.F

Failure:
SearchesControllerTest#test_search [test/controllers/searches_controller_test.rb:24]:
Expected at least 1 element matching "li .search__title", found 0.
Expected 0 to be >= 1.

bin/rails test test/controllers/searches_controller_test.rb:17

...........................................................................................................................................................................................................F

Failure:
Filter::SearchTest#test_multiple_terms_all_match [test/models/filter/search_test.rb:23]:
--- expected
+++ actual
@@ -1 +1 @@
-[#<Card id: "03gtyy5swrm8qbybzmx406cex", account_id: "03gtyy5suxpqxyajsgds1n2ha", board_id: "03gtyy5sw5ln2qi8rp4v5a8uf", column_id: nil, created_at: "2026-09-08 17:17:10.093551000 +0000", creator_id: "03gtyy5svpdt5m8iz2so1xe75", due_on: nil, last_active_at: "2026-09-08 17:17:10.093551000 +0000", number: 1, status: "published", title: "haggis neeps tatties", updated_at: "2026-09-08 17:17:10.093551000 +0000">]
+[]


bin/rails test test/models/filter/search_test.rb:16

....................................F

Failure:
Comment::SearchableTest#test_comment_search [test/models/comment/searchable_test.rb:58]:
Expected #<ActiveRecord::Relation []> to include #<Card id: "03gtyy5wqug56b1jgu0968i4f", account_id: "03gtyy5wihj22mwbmsvskyp04", board_id: "03gtyy5wk03uqyabielgng7hh", column_id: nil, created_at: "2026-09-08 17:17:11.003009000 +0000", creator_id: "03gtyy5wjehgkynk6htr90tn5", due_on: nil, last_active_at: "2026-09-08 17:17:11.019712000 +0000", number: 2, status: "published", title: "Card One", updated_at: "2026-09-08 17:17:11.020976000 +0000">.

bin/rails test test/models/comment/searchable_test.rb:21

..............F

Failure:
Filter::SearchTest#test_deduplicate_multiple_results [test/models/filter/search_test.rb:13]:
--- expected
+++ actual
@@ -1 +1 @@
-[#<Card id: "03gtyy5yc3vhn6jx0yc9b8k15", account_id: "03gtyy5ya4qatewvs6s2prxun", board_id: "03gtyy5ybhv8mtkn2829undug", column_id: nil, created_at: "2026-09-08 17:17:11.381308000 +0000", creator_id: "03gtyy5yb1pkp7tjcs9fyzlyn", due_on: nil, last_active_at: "2026-09-08 17:17:11.416370000 +0000", number: 1, status: "published", title: "Duplicate results test", updated_at: "2026-09-08 17:17:11.416648000 +0000">]
+[]


bin/rails test test/models/filter/search_test.rb:6

.............................................................................................................................................................................................................................................................................................................................................................................................................................................................................................................................F

Failure:
SearchTest#test_search [test/models/search_test.rb:13]:
Expected nil to be truthy.

bin/rails test test/models/search_test.rb:6

......................................................SSF

Failure:
SearchTest#test_search_for_hyphenated_strings [test/models/search_test.rb:43]:
Expected nil to be truthy.

bin/rails test test/models/search_test.rb:39

..................................................................................................................................................................................................................................................................................................................F

Failure:
Card::SearchableTest#test_card_search [test/models/card/searchable_test.rb:20]:
Expected #<ActiveRecord::Relation []> to include #<Card id: "03gtyy7sp76ek68s8jlqkn01f", account_id: "03gtyy7sndhasvj7jljnvng8b", board_id: "03gtyy7soqx7jy5nyhfd9jlt5", column_id: nil, created_at: "2026-09-08 17:17:27.107960000 +0000", creator_id: "03gtyy7so50kbaaxs4t8067lz", due_on: nil, last_active_at: "2026-09-08 17:17:27.107960000 +0000", number: 1, status: "published", title: "layout is broken", updated_at: "2026-09-08 17:17:27.107960000 +0000">.

bin/rails test test/models/card/searchable_test.rb:16

.............................F

Failure:
Card::SearchableTest#test_search_content_is_truncated_to_a_reasonable_limit [test/models/card/searchable_test.rb:56]:
Expected #<ActiveRecord::Relation []> to include #<Card id: "03gtyy7w5ax64r634xhkn79zs", account_id: "03gtyy7w3bsxwczrvqttlsu62", board_id: "03gtyy7w4p0156fomsle8ncg8", column_id: nil, created_at: "2026-09-08 17:17:27.924955000 +0000", creator_id: "03gtyy7w48szc96r0xf6k0odc", due_on: nil, last_active_at: "2026-09-08 17:17:27.924955000 +0000", number: 1, status: "published", title: "Card with long description", updated_at: "2026-09-08 17:17:27.957413000 +0000">.

bin/rails test test/models/card/searchable_test.rb:45

F

Failure:
Card::SearchableTest#test_publishing_a_draft_card_indexes_it [test/models/card/searchable_test.rb:118]:
Expected #<ActiveRecord::Relation []> to include #<Card id: "03gtyy7wog5904zjea331k0zx", account_id: "03gtyy7wmgtkdo3uw9fn8irjm", board_id: "03gtyy7wnzldc95h1k8s6sckf", column_id: nil, created_at: "2026-09-08 17:17:28.055125000 +0000", creator_id: "03gtyy7wndmggvizhjnkx5xkq", due_on: nil, last_active_at: "2026-09-08 17:17:28.051209000 +0000", number: 1, status: "published", title: "Draft to publish", updated_at: "2026-09-08 17:17:28.055371000 +0000">.

bin/rails test test/models/card/searchable_test.rb:106

.............................................................................................................................................................................................................

Finished in 33.598449s, 45.8950 runs/s, 172.2103 assertions/s.
1542 runs, 5786 assertions, 12 failures, 0 errors, 2 skips

You have skipped tests. Run with --verbose for details.
