Running 1444 tests in parallel using 2 processes
Run options: --seed 37064

# Running:

...............................................................................................................................................................................................................................................................................................................................................................................................................................................................................................................S.............................................S......................................................................................................................................................................................................................................................................................................................................................................................................................................................................................................................................................................................................................................................................................................................................................................................................................................................................................................................................

Finished in 27.864636s, 51.8220 runs/s, 200.3615 assertions/s.
1444 runs, 5583 assertions, 0 failures, 0 errors, 2 skips

You have skipped tests. Run with --verbose for details.
Running 15 tests in a single process (parallelization threshold is 50)
Run options: --seed 48714

# Running:

...F

Failure:
VerifierTest#test_a_card_image_counts_once_the_background_work_has_run [/tests/verification_test.rb:17]:
Expected: 0
  Actual: 12794

bin/rails test /tests/verification_test.rb:14

.F

Failure:
VerifierTest#test_replacing_and_removing_a_card_image_settles_on_the_current_image [/tests/verification_test.rb:66]:
Expected: 0
  Actual: 347501

bin/rails test /tests/verification_test.rb:58

...F

Failure:
VerifierTest#test_reading_the_usage_is_a_stored_value,_not_a_calculation [/tests/verification_test.rb:50]:
1 instead of 0 matching queries were executed. Queries:

SELECT SUM("active_storage_blobs"."byte_size") FROM "active_storage_blobs" WHERE "active_storage_blobs"."id" IN (SELECT "active_storage_attachments"."blob_id" FROM "active_storage_attachments" WHERE "active_storage_attachments"."account_id" = ? AND ("active_storage_attachments"."record_type" = ? AND "active_storage_attachments"."name" = ? AND "active_storage_attachments"."record_id" IN (SELECT "cards"."id" FROM "cards" WHERE "cards"."account_id" = ?) OR "active_storage_attachments"."record_type" = ? AND "active_storage_attachments"."name" = ? AND "active_storage_attachments"."record_id" IN (SELECT "action_text_rich_texts"."id" FROM "action_text_rich_texts" WHERE "action_text_rich_texts"."account_id" = ? AND ("action_text_rich_texts"."record_type" = ? AND "action_text_rich_texts"."name" = ? AND "action_text_rich_texts"."record_id" IN (SELECT "boards"."id" FROM "boards" WHERE "boards"."account_id" = ?) OR "action_text_rich_texts"."record_type" = ? AND "action_text_rich_texts"."name" = ? AND "action_text_rich_texts"."record_id" IN (SELECT "cards"."id" FROM "cards" WHERE "cards"."account_id" = ?) OR "action_text_rich_texts"."record_type" = ? AND "action_text_rich_texts"."name" = ? AND "action_text_rich_texts"."record_id" IN (SELECT "comments"."id" FROM "comments" WHERE "comments"."account_id" = ?)))))

SELECT SUM("active_storage_blobs"."byte_size") FROM "active_storage_blobs" WHERE "active_storage_blobs"."id" IN (SELECT "active_storage_attachments"."blob_id" FROM "active_storage_attachments" WHERE "active_storage_attachments"."account_id" = ? AND ("active_storage_attachments"."record_type" = ? AND "active_storage_attachments"."name" = ? AND "active_storage_attachments"."record_id" IN (SELECT "cards"."id" FROM "cards" WHERE "cards"."board_id" = ?) OR "active_storage_attachments"."record_type" = ? AND "active_storage_attachments"."name" = ? AND "active_storage_attachments"."record_id" IN (SELECT "action_text_rich_texts"."id" FROM "action_text_rich_texts" WHERE "action_text_rich_texts"."account_id" = ? AND ("action_text_rich_texts"."record_type" = ? AND "action_text_rich_texts"."name" = ? AND "action_text_rich_texts"."record_id" = ? OR "action_text_rich_texts"."record_type" = ? AND "action_text_rich_texts"."name" = ? AND "action_text_rich_texts"."record_id" IN (SELECT "cards"."id" FROM "cards" WHERE "cards"."board_id" = ?) OR "action_text_rich_texts"."record_type" = ? AND "action_text_rich_texts"."name" = ? AND "action_text_rich_texts"."record_id" IN (SELECT "comments"."id" FROM "comments" WHERE "comments"."card_id" IN (SELECT "cards"."id" FROM "cards" WHERE "cards"."board_id" = ?)))))).
Expected: 0
  Actual: 1

bin/rails test /tests/verification_test.rb:49

.....

Finished in 4.236932s, 3.5403 runs/s, 13.9252 assertions/s.
15 runs, 59 assertions, 3 failures, 0 errors, 0 skips
