Running 1488 tests in parallel using 2 processes
Run options: --seed 45410

# Running:

....................................................................................................................................................................................................................................................................................................................................................................................................................................................................................................................................................................................................................................................................................................................................................................................................................................................................................................................................................................................S............................................S..............................................................................................................................................................................................................................................................................................................................................................................................................................................................................................................

Finished in 27.355061s, 54.3958 runs/s, 207.8592 assertions/s.
1488 runs, 5686 assertions, 0 failures, 0 errors, 2 skips

You have skipped tests. Run with --verbose for details.
Running 7 tests in a single process (parallelization threshold is 50)
Run options: --seed 15408

# Running:

...F

Failure:
VerifierTest#test_a_device_cannot_point_a_push_at_our_own_network [/tests/verification_test.rb:113]:
Expected [#<WebMock::RequestSignature:0x00007d515087f2e8 @method=:post, @uri=#<Addressable::URI:0xec18 URI:https://intranet.example.test:443/push/e3db27220ed57f38>, @body="\xC3\b\xB5Y?c\x82^\x95\xFB+K\xEE*'\xA8\x00\x00\x00\x98A\x04y\x00\x18\xB5\xC6\xB5\x0E+z\xD2]\x1Dh\xD8\xD8Y\xC2\x0F\xA2\bpW\xCF{\xE0\xA9\xBF\x15\xBF\x89H-\xCE\xE4\x8EpAN>\a\xB5\x80\x05,\x9F\xE2B+\x88\x9D\xE5\xC9z,}?@EH\xADF\xA3\xAByn\xE2x\x80\xA5\x9F\xFC\x80T\xE0IIq\xD8\xD8\xBD\x9B\f\xDC-:\"\xD6]\xEE\xDA\xE9v\xADr\x83\x1F!K\x9F\xA0\xBE8/Xd!\xD8\xC6;D^\xE5\xA1b\x1E\x80_\xA9\x1D\xDC\xF3\t\x0F0\x17\xD4\xF8\xB8\x85\xCBm\xA9\xFC\x1F\x91\xA0\xED\xD4\x10i\xE8E\x83\x93`\xDE\x84+\xD8\xC5\xF6\x1C$w\xB3\x9BDd\xA8\xA4\xE7\xF9\x81\x91W2>C\x11\xCCR;Kk\x86\xB8\x86\x00\x9C\x92\xC5\xB1\x1F@\xC7=\xA1\xD1\x02\xD8\xE0\x00\xFB\b\xB6-\xC9\xF3\xA5#\xA5`R<\x13\x05\x18\xC5.z\x8D\xFC\xE6\xED\xF0o", @headers={"Content-Type" => "application/octet-stream", "Ttl" => "2419200", "Urgency" => "normal", "Content-Encoding" => "aes128gcm", "Content-Length" => "238", "Authorization" => "vapid t=eyJ0eXAiOiJKV1QiLCJhbGciOiJFUzI1NiJ9.eyJhdWQiOiJodHRwczovL2ludHJhbmV0LmV4YW1wbGUudGVzdCIsImV4cCI6MTc4OTE3MjU3Miwic3ViIjoibWFpbHRvOnNlbmRlckBleGFtcGxlLmNvbSJ9.TYByB5TQG6JasEc-bLFFh5xFeppdEDsO4B9w-E0NbLJS0lMgPtB4f2ItEHmVSonaXq3DzDKNHThxXYSLNLKaFg,k=BNK5htlEFneqYJkXSfGDLPOu48brSGyySkDSeCcFX-k86Bimh3fwA7Tregpkh1Mns9xLrZylZmPOJL5ycy0r_Bs", "Accept-Encoding" => "gzip;q=1.0,deflate;q=0.6,identity;q=0.3", "Accept" => "*/*", "User-Agent" => "Ruby"}, @ipaddr=nil>] to be empty.

bin/rails test /tests/verification_test.rb:102

.E

Error:
VerifierTest#test_a_push_says_what_the_tray_says_and_opens_the_card:
NoMethodError: undefined method 'event_notification_title' for #<ActionView::Base:0x00007d515060e4f0>
    /tests/verification_test.rb:57:in 'block in <class:VerifierTest>'

bin/rails test /tests/verification_test.rb:49

.

Finished in 6.899144s, 1.0146 runs/s, 10.2911 assertions/s.
7 runs, 71 assertions, 1 failures, 1 errors, 0 skips
