Running 1542 tests in parallel using 2 processes
Run options: --seed 41618

# Running:

......................................................................................................................................................................................................................................................................................................................................................................................................................................................................................................................................................................................................................................................................................................................................................................................................S...................................................................................................................................................................................................................................................................................................................................S...........................................................................................................................................................................................................................................................................................................................................................................................................................................................

Finished in 30.391739s, 50.7375 runs/s, 191.7955 assertions/s.
1542 runs, 5829 assertions, 0 failures, 0 errors, 2 skips

You have skipped tests. Run with --verbose for details.
Running 6 tests in a single process (parallelization threshold is 50)
Run options: --seed 58718

# Running:

Capybara starting Puma...
* Version 7.2.1, codename: On The Corner
* Min threads: 0, max threads: 4
* Listening on http://127.0.0.1:45731
2026-09-08 16:04:50 INFO Selenium [:logger_info] Details on how to use and modify Selenium logger:
  https://selenium.dev/documentation/webdriver/troubleshooting/logging

2026-09-08 16:04:50 WARN Selenium [:selenium_manager] Exception managing chrome: error sending request for url (https://googlechromelabs.github.io/chrome-for-testing/known-good-versions-with-downloads.json) 
2026-09-08 16:04:50 WARN Selenium [:selenium_manager] Error sending stats to Plausible: error sending request for url (https://plausible.io/api/event) 
...[Screenshot Image]: /app/tmp/screenshots/failures_test_a_comment_from_earlier_today_shows_the_clock_in_the_browser-s_zone-_not_the_server-s.png 
F

Failure:
VerifierTest#test_a_comment_from_earlier_today_shows_the_clock_in_the_browser's_zone,_not_the_server's [/tests/verification_test.rb:28]:
expected to find text matching /12:01.?AM/ in "Back to Writebook\nCard number\n6\nWRITEBOOK\nStill warm\nChoose a column for this card\nNOT NOW\nMAYBE?\nTRIAGE\nIN PROGRESS\nON HOLD\nREVIEW\nDONE\nADDED AUG 29\nBY DAVID\nUPDATED 6:05 AM\nNOT ASSIGNED\nEdit\nMark as Done\nMoves to “Not Now” in 3 months if there’s no activity.\nDavid\nYesterday\nEdit this comment\nWritten then\n\nPost\nSUBSCRIBERS\n1 person will be notified when someone comments on this.\nDelete this card\nSEARCH\nPINNED\nCard number\n1\nWRITEBOOK\nDAVID\nSEP 1\n2\nJZ @mentioned you\nI agree."

bin/rails test /tests/verification_test.rb:21

..

Finished in 25.294041s, 0.2372 runs/s, 0.5930 assertions/s.
6 runs, 15 assertions, 1 failures, 0 errors, 0 skips
