Running 1542 tests in parallel using 2 processes
Run options: --seed 50526

# Running:

.......................................................................................................................................................................................................................................................................................................................................................................................................................................................................................................................................................................................................................................................................................................................................................................................................................................................................................................................................................................................................................................................................................................................................................................................................................................S...S..........................................................................................................................................................................................................................................................................................................................................................

Finished in 28.522370s, 54.0628 runs/s, 204.3659 assertions/s.
1542 runs, 5829 assertions, 0 failures, 0 errors, 2 skips

You have skipped tests. Run with --verbose for details.
Running 6 tests in a single process (parallelization threshold is 50)
Run options: --seed 12285

# Running:

Capybara starting Puma...
* Version 7.2.1, codename: On The Corner
* Min threads: 0, max threads: 4
* Listening on http://127.0.0.1:32915
2026-09-11 16:02:01 INFO Selenium [:logger_info] Details on how to use and modify Selenium logger:
  https://selenium.dev/documentation/webdriver/troubleshooting/logging

2026-09-11 16:02:01 WARN Selenium [:selenium_manager] Exception managing chrome: error sending request for url (https://googlechromelabs.github.io/chrome-for-testing/known-good-versions-with-downloads.json) 
......

Finished in 21.493761s, 0.2792 runs/s, 0.6979 assertions/s.
6 runs, 15 assertions, 0 failures, 0 errors, 0 skips
