Running 1509 tests in parallel using 2 processes
Run options: --seed 21415

# Running:

.....................................................................................................................................................................................................................................................................................................................................................................................................................................................................................................................................................................................................................................................................................................................................................................................................................S.................................S.............................................................................................................................................................................................................................................................................................................................................................................................................................................................................................................................................................................................................................................................................................................

Finished in 27.588137s, 54.6974 runs/s, 205.4506 assertions/s.
1509 runs, 5668 assertions, 0 failures, 0 errors, 2 skips

You have skipped tests. Run with --verbose for details.
Running 7 tests in a single process (parallelization threshold is 50)
Run options: --seed 60701

# Running:

Capybara starting Puma...
* Version 7.2.1, codename: On The Corner
* Min threads: 0, max threads: 4
* Listening on http://127.0.0.1:46097
2026-09-08 16:07:14 INFO Selenium [:logger_info] Details on how to use and modify Selenium logger:
  https://selenium.dev/documentation/webdriver/troubleshooting/logging

2026-09-08 16:07:14 WARN Selenium [:selenium_manager] Exception managing chrome: error sending request for url (https://googlechromelabs.github.io/chrome-for-testing/known-good-versions-with-downloads.json) 
2026-09-08 16:07:14 WARN Selenium [:selenium_manager] Error sending stats to Plausible: error sending request for url (https://plausible.io/api/event) 
....2026-09-08 16:07:26 WARN Selenium [:selenium_manager] Exception managing chrome: error sending request for url (https://googlechromelabs.github.io/chrome-for-testing/known-good-versions-with-downloads.json) 
2026-09-08 16:07:33 WARN Selenium [:selenium_manager] Exception managing chrome: error sending request for url (https://googlechromelabs.github.io/chrome-for-testing/known-good-versions-with-downloads.json) 
2026-09-08 16:07:40 WARN Selenium [:selenium_manager] Exception managing chrome: error sending request for url (https://googlechromelabs.github.io/chrome-for-testing/known-good-versions-with-downloads.json) 
[Screenshot Image]: /app/tmp/screenshots/failures_test_an_address_with_no_account_gets_exactly_the_answer_an_address_with_one_gets.png 
F

Failure:
VerifierTest#test_an_address_with_no_account_gets_exactly_the_answer_an_address_with_one_gets [test/test_helpers/session_test_helper.rb:61]:
--- expected
+++ actual
@@ -1 +1 @@
-["/session/magic_link/new", "Check your email We sent a six-character code to EMAIL. Enter it below to sign in. Verify code Psst, here's your code: XDHW8E Fizzy™ is designed, built, and backed by 37signals™, makers of Basecamp™ and HEY™. Need help? Send us an email."]
+["/session/magic_link/new", "Check your email We sent a six-character code to EMAIL. Enter it below to sign in. Verify code Psst, here's your code: XSLUE4 Fizzy™ is designed, built, and backed by 37signals™, makers of Basecamp™ and HEY™. Need help? Send us an email."]


bin/rails test /tests/verification_test.rb:40

2026-09-08 16:07:46 WARN Selenium [:selenium_manager] Exception managing chrome: error sending request for url (https://googlechromelabs.github.io/chrome-for-testing/known-good-versions-with-downloads.json) 
2026-09-08 16:07:53 WARN Selenium [:selenium_manager] Exception managing chrome: error sending request for url (https://googlechromelabs.github.io/chrome-for-testing/known-good-versions-with-downloads.json) 
2026-09-08 16:08:00 WARN Selenium [:selenium_manager] Exception managing chrome: error sending request for url (https://googlechromelabs.github.io/chrome-for-testing/known-good-versions-with-downloads.json) 
..

Finished in 55.701463s, 0.1257 runs/s, 0.5924 assertions/s.
7 runs, 33 assertions, 1 failures, 0 errors, 0 skips
