Running 1543 tests in parallel using 2 processes
Run options: --seed 17193

# Running:

..........................................................................................................................................................................................................................................................................................................................................................................................................................................................................................................................................................................................................................................................................................................................................................................................................................................................................................................................................................................................................................................................................................................................................................................................................................................................................................................................................................S..............................................................................................................................................................S.............................................................................

Finished in 29.161047s, 52.9131 runs/s, 200.1643 assertions/s.
1543 runs, 5837 assertions, 0 failures, 0 errors, 2 skips

You have skipped tests. Run with --verbose for details.
Running 6 tests in a single process (parallelization threshold is 50)
Run options: --seed 51256

# Running:

Capybara starting Puma...
* Version 7.2.1, codename: On The Corner
* Min threads: 0, max threads: 4
* Listening on http://127.0.0.1:43173
2026-09-22 23:02:55 INFO Selenium [:logger_info] Details on how to use and modify Selenium logger:
  https://selenium.dev/documentation/webdriver/troubleshooting/logging

2026-09-22 23:02:55 WARN Selenium [:selenium_manager] Exception managing chrome: error sending request for url (https://googlechromelabs.github.io/chrome-for-testing/known-good-versions-with-downloads.json) 
2026-09-22 23:02:55 WARN Selenium [:selenium_manager] Error sending stats to Plausible: error sending request for url (https://plausible.io/api/event) 
....[Screenshot Image]: /app/tmp/screenshots/failures_test_rendered_times_survive_a_live_page_refresh.png 
F

Failure:
VerifierTest#test_rendered_times_survive_a_live_page_refresh [/tests/verification_test.rb:60]:
expected to find text matching /yesterday/i in "Back to Writebook\nCard number\n6\nWRITEBOOK\nMorphing under you\nChoose a column for this card\nNOT NOW\nMAYBE?\nTRIAGE\nIN PROGRESS\nON HOLD\nREVIEW\nDONE\nADDED\nBY DAVID\nUPDATED\nNOT ASSIGNED\nEdit\nMark as Done\nMoves to “Not Now” Dec 21 if there’s no activity.\nDavid\nEdit this comment\nWritten then\n\nPost\nSUBSCRIBERS\n1 person will be notified when someone comments on this.\nDelete this card\nSEARCH\nPINNED\nCard number\n1\nWRITEBOOK\nDAVID\nSEP 15\n2\nJZ @mentioned you\nI agree."

bin/rails test /tests/verification_test.rb:50

.

Finished in 20.295105s, 0.2956 runs/s, 0.7391 assertions/s.
6 runs, 15 assertions, 1 failures, 0 errors, 0 skips
