Running 1517 tests in parallel using 2 processes
Run options: --seed 44878

# Running:

...................................................................................................................................................................................................................................................................................................................................................................................................................................................................................................................................................................................................................................................................S...........................................................................................................................................................S.............................................................................................................................................................................................................................................................................................................................................................................................................................................................................................................................................................................................................................................................................................................................................

Finished in 35.601213s, 42.6109 runs/s, 160.3316 assertions/s.
1517 runs, 5708 assertions, 0 failures, 0 errors, 2 skips

You have skipped tests. Run with --verbose for details.
Running 6 tests in a single process (parallelization threshold is 50)
Run options: --seed 11178

# Running:

Capybara starting Puma...
* Version 7.2.1, codename: On The Corner
* Min threads: 0, max threads: 4
* Listening on http://127.0.0.1:32843
2026-09-10 19:19:29 INFO Selenium [:logger_info] Details on how to use and modify Selenium logger:
  https://selenium.dev/documentation/webdriver/troubleshooting/logging

2026-09-10 19:19:29 WARN Selenium [:selenium_manager] Exception managing chrome: error sending request for url (https://googlechromelabs.github.io/chrome-for-testing/known-good-versions-with-downloads.json) 
2026-09-10 19:19:39 WARN Selenium [:selenium_manager] Exception managing chrome: error sending request for url (https://googlechromelabs.github.io/chrome-for-testing/known-good-versions-with-downloads.json) 
.2026-09-10 19:19:49 WARN Selenium [:selenium_manager] Exception managing chrome: error sending request for url (https://googlechromelabs.github.io/chrome-for-testing/known-good-versions-with-downloads.json) 
.....

Finished in 47.208704s, 0.1271 runs/s, 0.7414 assertions/s.
6 runs, 35 assertions, 0 failures, 0 errors, 0 skips
