/usr/local/bundle/gems/mini_magick-4.13.2/lib/mini_magick/shell.rb:2: warning: benchmark was loaded from the standard library, but will no longer be part of the default gems starting from Ruby 3.5.0.
You can add benchmark to your Gemfile or gemspec to silence this warning.
DEPRECATION WARNING: `config.active_support.to_time_preserves_timezone` is deprecated and will be removed in Rails 8.2 (called from block in TSort.tsort_each at /usr/local/bundle/gems/tsort-0.2.0/lib/tsort.rb:231)
Running 179 tests in parallel using 2 processes
Run options: --seed 6992

# Running:

.........S............S............................................................................................................................................................

Finished in 13.829580s, 12.9433 runs/s, 39.9868 assertions/s.
179 runs, 553 assertions, 0 failures, 0 errors, 2 skips

You have skipped tests. Run with --verbose for details.
/usr/local/bundle/gems/mini_magick-4.13.2/lib/mini_magick/shell.rb:2: warning: benchmark was loaded from the standard library, but will no longer be part of the default gems starting from Ruby 3.5.0.
You can add benchmark to your Gemfile or gemspec to silence this warning.
DEPRECATION WARNING: `config.active_support.to_time_preserves_timezone` is deprecated and will be removed in Rails 8.2 (called from block in TSort.tsort_each at /usr/local/bundle/gems/tsort-0.2.0/lib/tsort.rb:231)
Running 5 tests in a single process (parallelization threshold is 50)
Run options: --seed 37591

# Running:

..F

Failure:
VerifierTest#test_the_book_they_shared_with_everyone_keeps_working,_bylined_as_nobody [/tests/verification_test.rb:58]:
Expected 127326141 to be nil.

bin/rails test /tests/verification_test.rb:53

..

Finished in 3.927052s, 1.2732 runs/s, 12.2229 assertions/s.
5 runs, 48 assertions, 1 failures, 0 errors, 0 skips
