Running 1509 tests in parallel using 2 processes
Run options: --seed 22081

# Running:

..........SS.........................................................................................................................................................................................................................................................................................................................................................................................................................................................................................................................................................................................................................................................................................................................................................................................................................................................................................................................................................................................................................................................................................................................................................................................................................................................................................................................................................................................................................................................................................................................................................

Finished in 28.155202s, 53.5958 runs/s, 201.3127 assertions/s.
1509 runs, 5668 assertions, 0 failures, 0 errors, 2 skips

You have skipped tests. Run with --verbose for details.
Running 7 tests in a single process (parallelization threshold is 50)
Run options: --seed 56967

# Running:

Capybara starting Puma...
* Version 7.2.1, codename: On The Corner
* Min threads: 0, max threads: 4
* Listening on http://127.0.0.1:43787
2026-09-15 09:59:19 INFO Selenium [:logger_info] Details on how to use and modify Selenium logger:
  https://selenium.dev/documentation/webdriver/troubleshooting/logging

2026-09-15 09:59:19 WARN Selenium [:selenium_manager] Exception managing chrome: error sending request for url (https://googlechromelabs.github.io/chrome-for-testing/known-good-versions-with-downloads.json) 
2026-09-15 09:59:19 WARN Selenium [:selenium_manager] Error sending stats to Plausible: error sending request for url (https://plausible.io/api/event) 
2026-09-15 09:59:26 WARN Selenium [:selenium_manager] Exception managing chrome: error sending request for url (https://googlechromelabs.github.io/chrome-for-testing/known-good-versions-with-downloads.json) 
2026-09-15 09:59:34 WARN Selenium [:selenium_manager] Exception managing chrome: error sending request for url (https://googlechromelabs.github.io/chrome-for-testing/known-good-versions-with-downloads.json) 
.2026-09-15 09:59:41 WARN Selenium [:selenium_manager] Exception managing chrome: error sending request for url (https://googlechromelabs.github.io/chrome-for-testing/known-good-versions-with-downloads.json) 
....2026-09-15 09:59:53 WARN Selenium [:selenium_manager] Exception managing chrome: error sending request for url (https://googlechromelabs.github.io/chrome-for-testing/known-good-versions-with-downloads.json) 
2026-09-15 10:00:00 WARN Selenium [:selenium_manager] Exception managing chrome: error sending request for url (https://googlechromelabs.github.io/chrome-for-testing/known-good-versions-with-downloads.json) 
2026-09-15 10:00:07 WARN Selenium [:selenium_manager] Exception managing chrome: error sending request for url (https://googlechromelabs.github.io/chrome-for-testing/known-good-versions-with-downloads.json) 
[Screenshot Image]: /app/tmp/screenshots/failures_test_an_address_with_no_account_gets_exactly_the_answer_an_address_with_one_gets.png 
F

Failure:
VerifierTest#test_an_address_with_no_account_gets_exactly_the_answer_an_address_with_one_gets [test/test_helpers/session_test_helper.rb:61]:
--- expected
+++ actual
@@ -1 +1 @@
-["/session/magic_link", "Check your email We sent a six-character code to EMAIL. Enter the code below to sign in. The code will expire in 15 minutes. Sign in Psst, here's your code: TLW10T Fizzy™ is designed, built, and backed by 37signals™, makers of Basecamp™ and HEY™. Need help? Send us an email."]
+["/session/magic_link", "Check your email We sent a six-character code to your email address. Enter the code below to sign in. The code will expire in 15 minutes. Sign in Fizzy™ is designed, built, and backed by 37signals™, makers of Basecamp™ and HEY™. Need help? Send us an email."]


bin/rails test /tests/verification_test.rb:40

.

Finished in 56.398191s, 0.1241 runs/s, 0.6029 assertions/s.
7 runs, 34 assertions, 1 failures, 0 errors, 0 skips
