Running 1666 tests in parallel using 2 processes
Run options: --seed 41516

# Running:

............................................................................................................................................................................................................................................................................................................................................................................................................................................................................................................................................................................................................................................................................................................................................................................................................................................................................................................................................................................................................................................................................................................................................................................................................................................................................................................................................................................................................................................................................................................................................................S....................................................................................................................................................S................

Finished in 34.939914s, 47.6819 runs/s, 178.3920 assertions/s.
1666 runs, 6233 assertions, 0 failures, 0 errors, 2 skips

You have skipped tests. Run with --verbose for details.
Running 8 tests in a single process (parallelization threshold is 50)
Run options: --seed 22504

# Running:

...F

Failure:
VerifierTest#test_a_staff_comp_lifts_the_card_and_storage_limits,_and_uncomping_brings_them_back [/tests/verification_test.rb:54]:
`Card.count` didn't change by 1, but by 0.
Expected: 1007
  Actual: 1006

bin/rails test /tests/verification_test.rb:48

....

Finished in 2.297157s, 3.4826 runs/s, 19.5894 assertions/s.
8 runs, 45 assertions, 1 failures, 0 errors, 0 skips
