Running 1528 tests in parallel using 2 processes
Run options: --seed 21869

# Running:

.........................................................................................................................................................................................................................................................................................................................................................................................................................................................................................................................................................................................................................................................................................................................................SS.............................................................................................................................................................................................................................................................................................................................................................................................................................................................................................................................................................................................................................................................................................................................................................................................................................................

Finished in 31.659057s, 48.2642 runs/s, 182.9176 assertions/s.
1528 runs, 5791 assertions, 0 failures, 0 errors, 2 skips

You have skipped tests. Run with --verbose for details.
Running 6 tests in a single process (parallelization threshold is 50)
Run options: --seed 49752

# Running:

Capybara starting Puma...
* Version 7.2.1, codename: On The Corner
* Min threads: 0, max threads: 4
* Listening on http://127.0.0.1:45497
2026-09-22 23:30:09 INFO Selenium [:logger_info] Details on how to use and modify Selenium logger:
  https://selenium.dev/documentation/webdriver/troubleshooting/logging

2026-09-22 23:30:09 WARN Selenium [:selenium_manager] Exception managing chrome: error sending request for url (https://googlechromelabs.github.io/chrome-for-testing/known-good-versions-with-downloads.json) 
2026-09-22 23:30:09 WARN Selenium [:selenium_manager] Error sending stats to Plausible: error sending request for url (https://plausible.io/api/event) 
2026-09-22 23:30:19 WARN Selenium [:selenium_manager] Exception managing chrome: error sending request for url (https://googlechromelabs.github.io/chrome-for-testing/known-good-versions-with-downloads.json) 
.[Screenshot Image]: /app/tmp/screenshots/failures_test_confirming_puts_the_reaction_in_the_strip_and_brings_the_button_back-_empty.png 
F

Failure:
VerifierTest#test_confirming_puts_the_reaction_in_the_strip_and_brings_the_button_back,_empty [/tests/verification_test.rb:21]:
expected not to find visible css ".reaction__input" within #<Capybara::Node::Element tag="div" path="/HTML/BODY[1]/DIV[1]/MAIN[1]/DIV[1]/TURBO-FRAME[1]/TURBO-FRAME[2]/DIV[1]">, found 1 match: ""

bin/rails test /tests/verification_test.rb:17

2026-09-22 23:30:34 WARN Selenium [:selenium_manager] Exception managing chrome: error sending request for url (https://googlechromelabs.github.io/chrome-for-testing/known-good-versions-with-downloads.json) 
....

Finished in 48.401983s, 0.1240 runs/s, 0.7025 assertions/s.
6 runs, 34 assertions, 1 failures, 0 errors, 0 skips
