Running 1488 tests in parallel using 2 processes
Run options: --seed 41518

# Running:

..................................................................................................................................................................................................................................................................................................................................................................................................................................................................................................................................................................................................................................................F

Failure:
PwaControllerTest#test_service_worker_fetches_storage_with_CORS_mode_by_default [test/controllers/pwa_controller_test.rb:12]:
Expected /fetchOptions:\ \{\ mode:\ "cors"\ \}/ to match # encoding: ASCII-8BIT
#    valid: true
"self.addEventListener(\"push\", event => {\n  const data = event.data ? event.data.json() : {}\n  event.waitUntil(self.registration.showNotification(data.title || \"Fizzy\", {\n    body: data.body || \"You have a new notification\",\n    icon: \"/app-icon-192.png\",\n    data: { url: data.url || \"/notifications\" }\n  }))\n})\n\nself.addEventListener(\"notificationclick\", event => {\n  event.notification.close()\n  event.waitUntil(clients.matchAll({ type: \"window\", includeUncontrolled: true }).then(windows => {\n    const existing = windows.find(window => \"focus\" in window)\n    return existing ? existing.focus().then(() => existing.navigate(event.notification.data.url)) : clients.openWindow(event.notification.data.url)\n  }))\n})\n".

bin/rails test test/controllers/pwa_controller_test.rb:8

........................................................................................................................................S........................................................................................................S.........................................................................................................................................................................................................................................................................................................................................................................................................................E

Error:
Account::IncineratableTest#test_incinerate_destroys_all_associated_records:
ActiveJob::DeserializationError::RecordNotFound: Error while trying to deserialize arguments: Couldn't find record for gid://fizzy/Notification/03gtyjk4om4933zbhtynv4eme
    test/test_helper.rb:61:in 'ActiveSupport::TestCase#perform_enqueued_jobs'
    test/models/account/incineratable_test.rb:120:in 'block in <class:IncineratableTest>'

bin/rails test test/models/account/incineratable_test.rb:27

.................................................................................................................................................................................................................

Finished in 30.621091s, 48.5940 runs/s, 183.1744 assertions/s.
1488 runs, 5609 assertions, 1 failures, 1 errors, 2 skips

You have skipped tests. Run with --verbose for details.
