Running 1542 tests in parallel using 2 processes
Run options: --seed 41813

# Running:

........................................................................................................................................................................................................................................................................................................................................................................................................................................................................................................................................................................................................................................................................................................................................................................................................................................................................................................................................................................................................................................................................................................................................................................................................................................................................................................................................................................................................................................................................................................SS............................................................................................

Finished in 37.936471s, 40.6469 runs/s, 153.6516 assertions/s.
1542 runs, 5829 assertions, 0 failures, 0 errors, 2 skips

You have skipped tests. Run with --verbose for details.
Running 7 tests in a single process (parallelization threshold is 50)
Run options: --seed 2053

# Running:

......Dropped database 'tmp/legacy.sqlite3'
== 20260710120000 AddAccountIdToAllAccountTables: migrating ===================
-- add_column("accesses", :account_id, :uuid)
   -> 0.0029s
-- add_column("action_text_rich_texts", :account_id, :uuid)
   -> 0.0007s
-- add_column("active_storage_attachments", :account_id, :uuid)
   -> 0.0007s
-- add_column("active_storage_blobs", :account_id, :uuid)
   -> 0.0006s
-- add_column("active_storage_variant_records", :account_id, :uuid)
   -> 0.0007s
-- add_column("assignments", :account_id, :uuid)
   -> 0.0013s
-- add_column("board_publications", :account_id, :uuid)
   -> 0.0006s
-- add_column("card_activity_spikes", :account_id, :uuid)
   -> 0.0006s
-- add_column("card_goldnesses", :account_id, :uuid)
   -> 0.0013s
-- add_column("card_not_nows", :account_id, :uuid)
   -> 0.0007s
-- add_column("closures", :account_id, :uuid)
   -> 0.0013s
-- add_column("entropies", :account_id, :uuid)
   -> 0.0006s
-- add_column("mentions", :account_id, :uuid)
   -> 0.0012s
-- add_column("pins", :account_id, :uuid)
   -> 0.0012s
-- add_column("reactions", :account_id, :uuid)
   -> 0.0006s
-- add_column("search_queries", :account_id, :uuid)
   -> 0.0006s
-- add_column("storage_totals", :account_id, :uuid)
   -> 0.0011s
-- add_column("taggings", :account_id, :uuid)
   -> 0.0006s
-- add_column("user_settings", :account_id, :uuid)
   -> 0.0006s
-- add_column("watches", :account_id, :uuid)
   -> 0.0013s
-- add_column("webhook_delinquency_trackers", :account_id, :uuid)
   -> 0.0006s
-- add_column("webhook_deliveries", :account_id, :uuid)
   -> 0.0006s
-- execute("UPDATE boards\nSET account_id = (\n  SELECT users.account_id\n  FROM users\n  WHERE users.id = boards.creator_id\n)\nWHERE boards.account_id IS NULL\n")
   -> 0.0001s
-- execute("UPDATE cards\nSET account_id = (\n  SELECT boards.account_id\n  FROM boards\n  WHERE boards.id = cards.board_id\n)\nWHERE cards.account_id IS NULL\n")
   -> 0.0001s
-- execute("UPDATE columns\nSET account_id = (\n  SELECT boards.account_id\n  FROM boards\n  WHERE boards.id = columns.board_id\n)\nWHERE columns.account_id IS NULL\n")
   -> 0.0001s
-- execute("UPDATE comments\nSET account_id = (\n  SELECT cards.account_id\n  FROM cards\n  WHERE cards.id = comments.card_id\n)\nWHERE comments.account_id IS NULL\n")
   -> 0.0001s
-- execute("UPDATE events\nSET account_id = (\n  SELECT boards.account_id\n  FROM boards\n  WHERE boards.id = events.board_id\n)\nWHERE events.account_id IS NULL\n")
   -> 0.0001s
-- execute("UPDATE filters\nSET account_id = (\n  SELECT users.account_id\n  FROM users\n  WHERE users.id = filters.creator_id\n)\nWHERE filters.account_id IS NULL\n")
   -> 0.0001s
-- execute("UPDATE notification_bundles\nSET account_id = (\n  SELECT users.account_id\n  FROM users\n  WHERE users.id = notification_bundles.user_id\n)\nWHERE notification_bundles.account_id IS NULL\n")
   -> 0.0001s
-- execute("UPDATE notifications\nSET account_id = (\n  SELECT users.account_id\n  FROM users\n  WHERE users.id = notifications.user_id\n)\nWHERE notifications.account_id IS NULL\n")
   -> 0.0001s
-- execute("UPDATE push_subscriptions\nSET account_id = (\n  SELECT users.account_id\n  FROM users\n  WHERE users.id = push_subscriptions.user_id\n)\nWHERE push_subscriptions.account_id IS NULL\n")
   -> 0.0001s
-- execute("UPDATE steps\nSET account_id = (\n  SELECT cards.account_id\n  FROM cards\n  WHERE cards.id = steps.card_id\n)\nWHERE steps.account_id IS NULL\n")
   -> 0.0001s
-- execute("UPDATE webhooks\nSET account_id = (\n  SELECT boards.account_id\n  FROM boards\n  WHERE boards.id = webhooks.board_id\n)\nWHERE webhooks.account_id IS NULL\n")
   -> 0.0001s
-- execute("UPDATE accesses\nSET account_id = (\n  SELECT boards.account_id\n  FROM boards\n  WHERE boards.id = accesses.board_id\n)\nWHERE accesses.account_id IS NULL\n")
   -> 0.0007s
-- execute("UPDATE assignments\nSET account_id = (\n  SELECT cards.account_id\n  FROM cards\n  WHERE cards.id = assignments.card_id\n)\nWHERE assignments.account_id IS NULL\n")
   -> 0.0008s
-- execute("UPDATE board_publications\nSET account_id = (\n  SELECT boards.account_id\n  FROM boards\n  WHERE boards.id = board_publications.board_id\n)\nWHERE board_publications.account_id IS NULL\n")
   -> 0.0001s
-- execute("UPDATE card_activity_spikes\nSET account_id = (\n  SELECT cards.account_id\n  FROM cards\n  WHERE cards.id = card_activity_spikes.card_id\n)\nWHERE card_activity_spikes.account_id IS NULL\n")
   -> 0.0007s
-- execute("UPDATE card_goldnesses\nSET account_id = (\n  SELECT cards.account_id\n  FROM cards\n  WHERE cards.id = card_goldnesses.card_id\n)\nWHERE card_goldnesses.account_id IS NULL\n")
   -> 0.0001s
-- execute("UPDATE card_not_nows\nSET account_id = (\n  SELECT cards.account_id\n  FROM cards\n  WHERE cards.id = card_not_nows.card_id\n)\nWHERE card_not_nows.account_id IS NULL\n")
   -> 0.0001s
-- execute("UPDATE closures\nSET account_id = (\n  SELECT cards.account_id\n  FROM cards\n  WHERE cards.id = closures.card_id\n)\nWHERE closures.account_id IS NULL\n")
   -> 0.0001s
-- execute("UPDATE pins\nSET account_id = (\n  SELECT cards.account_id\n  FROM cards\n  WHERE cards.id = pins.card_id\n)\nWHERE pins.account_id IS NULL\n")
   -> 0.0001s
-- execute("UPDATE taggings\nSET account_id = (\n  SELECT cards.account_id\n  FROM cards\n  WHERE cards.id = taggings.card_id\n)\nWHERE taggings.account_id IS NULL\n")
   -> 0.0007s
-- execute("UPDATE watches\nSET account_id = (\n  SELECT cards.account_id\n  FROM cards\n  WHERE cards.id = watches.card_id\n)\nWHERE watches.account_id IS NULL\n")
   -> 0.0001s
-- execute("UPDATE user_settings\nSET account_id = (\n  SELECT users.account_id\n  FROM users\n  WHERE users.id = user_settings.user_id\n)\nWHERE user_settings.account_id IS NULL\n")
   -> 0.0001s
-- execute("UPDATE search_queries\nSET account_id = (\n  SELECT users.account_id\n  FROM users\n  WHERE users.id = search_queries.user_id\n)\nWHERE search_queries.account_id IS NULL\n")
   -> 0.0001s
-- execute("UPDATE webhook_delinquency_trackers\nSET account_id = (\n  SELECT webhooks.account_id\n  FROM webhooks\n  WHERE webhooks.id = webhook_delinquency_trackers.webhook_id\n)\nWHERE webhook_delinquency_trackers.account_id IS NULL\n")
   -> 0.0001s
-- execute("UPDATE webhook_deliveries\nSET account_id = (\n  SELECT webhooks.account_id\n  FROM webhooks\n  WHERE webhooks.id = webhook_deliveries.webhook_id\n)\nWHERE webhook_deliveries.account_id IS NULL\n")
   -> 0.0006s
-- execute("UPDATE mentions\nSET account_id = (\n  SELECT cards.account_id\n  FROM cards\n  WHERE cards.id = mentions.source_id\n)\nWHERE mentions.account_id IS NULL AND mentions.source_type = 'Card'\n")
   -> 0.0001s
-- execute("UPDATE mentions\nSET account_id = (\n  SELECT comments.account_id\n  FROM comments\n  WHERE comments.id = mentions.source_id\n)\nWHERE mentions.account_id IS NULL AND mentions.source_type = 'Comment'\n")
   -> 0.0001s
-- execute("UPDATE reactions\nSET account_id = (\n  SELECT cards.account_id\n  FROM cards\n  WHERE cards.id = reactions.reactable_id\n)\nWHERE reactions.account_id IS NULL AND reactions.reactable_type = 'Card'\n")
   -> 0.0007s
-- execute("UPDATE reactions\nSET account_id = (\n  SELECT comments.account_id\n  FROM comments\n  WHERE comments.id = reactions.reactable_id\n)\nWHERE reactions.account_id IS NULL AND reactions.reactable_type = 'Comment'\n")
   -> 0.0005s
-- execute("UPDATE entropies\nSET account_id = (\n  CASE entropies.container_type\n  WHEN 'Account' THEN entropies.container_id\n  WHEN 'Board' THEN (SELECT boards.account_id FROM boards WHERE boards.id = entropies.container_id)\n  END\n)\nWHERE entropies.account_id IS NULL\n")
   -> 0.0002s
-- execute("UPDATE storage_totals\nSET account_id = (\n  CASE storage_totals.owner_type\n  WHEN 'Account' THEN storage_totals.owner_id\n  WHEN 'Board' THEN (SELECT boards.account_id FROM boards WHERE boards.id = storage_totals.owner_id)\n  END\n)\nWHERE storage_totals.account_id IS NULL\n")
   -> 0.0001s
-- execute("UPDATE action_text_rich_texts\nSET account_id = (\n  SELECT cards.account_id\n  FROM cards\n  WHERE cards.id = action_text_rich_texts.record_id\n)\nWHERE action_text_rich_texts.account_id IS NULL AND action_text_rich_texts.record_type = 'Card'\n")
   -> 0.0001s
-- execute("UPDATE action_text_rich_texts\nSET account_id = (\n  SELECT boards.account_id\n  FROM boards\n  WHERE boards.id = action_text_rich_texts.record_id\n)\nWHERE action_text_rich_texts.account_id IS NULL AND action_text_rich_texts.record_type = 'Board'\n")
   -> 0.0001s
-- execute("UPDATE action_text_rich_texts\nSET account_id = (\n  SELECT comments.account_id\n  FROM comments\n  WHERE comments.id = action_text_rich_texts.record_id\n)\nWHERE action_text_rich_texts.account_id IS NULL AND action_text_rich_texts.record_type = 'Comment'\n")
   -> 0.0001s
-- execute("UPDATE active_storage_attachments\nSET account_id = (\n  SELECT cards.account_id\n  FROM cards\n  WHERE cards.id = active_storage_attachments.record_id\n)\nWHERE active_storage_attachments.account_id IS NULL\n  AND active_storage_attachments.record_type = 'Card'\n")
   -> 0.0001s
-- execute("UPDATE active_storage_attachments\nSET account_id = (\n  SELECT boards.account_id\n  FROM boards\n  WHERE boards.id = active_storage_attachments.record_id\n)\nWHERE active_storage_attachments.account_id IS NULL\n  AND active_storage_attachments.record_type = 'Board'\n")
   -> 0.0001s
-- execute("UPDATE active_storage_attachments\nSET account_id = (\n  SELECT comments.account_id\n  FROM comments\n  WHERE comments.id = active_storage_attachments.record_id\n)\nWHERE active_storage_attachments.account_id IS NULL\n  AND active_storage_attachments.record_type = 'Comment'\n")
   -> 0.0001s
-- execute("UPDATE active_storage_attachments\nSET account_id = (\n  SELECT action_text_rich_texts.account_id\n  FROM action_text_rich_texts\n  WHERE action_text_rich_texts.id = active_storage_attachments.record_id\n)\nWHERE active_storage_attachments.account_id IS NULL\n  AND active_storage_attachments.record_type = 'ActionText::RichText'\n")
   -> 0.0007s
-- execute("UPDATE active_storage_attachments\nSET account_id = (\n  SELECT users.account_id\n  FROM users\n  WHERE users.id = active_storage_attachments.record_id\n)\nWHERE active_storage_attachments.account_id IS NULL\n  AND active_storage_attachments.record_type = 'User'\n")
   -> 0.0001s
-- execute("UPDATE active_storage_attachments\nSET account_id = (\n  SELECT exports.account_id\n  FROM exports\n  WHERE exports.id = active_storage_attachments.record_id\n)\nWHERE active_storage_attachments.account_id IS NULL\n  AND active_storage_attachments.record_type = 'Export'\n")
   -> 0.0001s
-- execute("UPDATE active_storage_attachments\nSET account_id = (\n  SELECT account_imports.account_id\n  FROM account_imports\n  WHERE account_imports.id = active_storage_attachments.record_id\n)\nWHERE active_storage_attachments.account_id IS NULL\n  AND active_storage_attachments.record_type = 'Account::Import'\n")
   -> 0.0001s
-- execute("UPDATE active_storage_blobs\nSET account_id = (\n  SELECT active_storage_attachments.account_id\n  FROM active_storage_attachments\n  WHERE active_storage_attachments.blob_id = active_storage_blobs.id\n    AND active_storage_attachments.account_id IS NOT NULL\n  LIMIT 1\n)\nWHERE active_storage_blobs.account_id IS NULL\n")
   -> 0.0001s
-- execute("UPDATE active_storage_variant_records\nSET account_id = (\n  SELECT active_storage_blobs.account_id\n  FROM active_storage_blobs\n  WHERE active_storage_blobs.id = active_storage_variant_records.blob_id\n)\nWHERE active_storage_variant_records.account_id IS NULL\n")
   -> 0.0006s
-- execute("UPDATE active_storage_attachments\nSET account_id = (\n  SELECT active_storage_variant_records.account_id\n  FROM active_storage_variant_records\n  WHERE active_storage_variant_records.id = active_storage_attachments.record_id\n)\nWHERE active_storage_attachments.account_id IS NULL\n  AND active_storage_attachments.record_type = 'ActiveStorage::VariantRecord'\n")
   -> 0.0009s
-- execute("UPDATE active_storage_blobs\nSET account_id = (\n  SELECT active_storage_attachments.account_id\n  FROM active_storage_attachments\n  WHERE active_storage_attachments.blob_id = active_storage_blobs.id\n    AND active_storage_attachments.account_id IS NOT NULL\n  LIMIT 1\n)\nWHERE active_storage_blobs.account_id IS NULL\n")
   -> 0.0008s
-- execute("UPDATE tags\nSET account_id = (\n  SELECT cards.account_id\n  FROM taggings\n  INNER JOIN cards ON cards.id = taggings.card_id\n  WHERE taggings.tag_id = tags.id AND cards.account_id IS NOT NULL\n  LIMIT 1\n)\nWHERE tags.account_id IS NULL\n")
   -> 0.0001s
-- execute("DELETE FROM account_imports WHERE account_id IS NULL")
   -> 0.0001s
-- execute("DELETE FROM account_join_codes WHERE account_id IS NULL")
   -> 0.0001s
-- execute("DELETE FROM boards WHERE account_id IS NULL")
   -> 0.0001s
-- execute("DELETE FROM cards WHERE account_id IS NULL")
   -> 0.0005s
-- execute("DELETE FROM columns WHERE account_id IS NULL")
   -> 0.0001s
-- execute("DELETE FROM comments WHERE account_id IS NULL")
   -> 0.0001s
-- execute("DELETE FROM events WHERE account_id IS NULL")
   -> 0.0001s
-- execute("DELETE FROM filters WHERE account_id IS NULL")
   -> 0.0001s
-- execute("DELETE FROM notification_bundles WHERE account_id IS NULL")
   -> 0.0006s
-- execute("DELETE FROM notifications WHERE account_id IS NULL")
   -> 0.0001s
-- execute("DELETE FROM push_subscriptions WHERE account_id IS NULL")
   -> 0.0001s
-- execute("DELETE FROM steps WHERE account_id IS NULL")
   -> 0.0001s
-- execute("DELETE FROM tags WHERE account_id IS NULL")
   -> 0.0005s
-- execute("DELETE FROM users WHERE account_id IS NULL")
   -> 0.0001s
-- execute("DELETE FROM webhooks WHERE account_id IS NULL")
   -> 0.0001s
-- execute("DELETE FROM accesses WHERE account_id IS NULL")
   -> 0.0001s
-- execute("DELETE FROM action_text_rich_texts WHERE account_id IS NULL")
   -> 0.0001s
-- execute("DELETE FROM active_storage_attachments WHERE account_id IS NULL")
   -> 0.0007s
-- execute("DELETE FROM active_storage_blobs WHERE account_id IS NULL")
   -> 0.0001s
-- execute("DELETE FROM active_storage_variant_records WHERE account_id IS NULL")
   -> 0.0001s
-- execute("DELETE FROM assignments WHERE account_id IS NULL")
   -> 0.0001s
-- execute("DELETE FROM board_publications WHERE account_id IS NULL")
   -> 0.0008s
-- execute("DELETE FROM card_activity_spikes WHERE account_id IS NULL")
   -> 0.0008s
-- execute("DELETE FROM card_goldnesses WHERE account_id IS NULL")
   -> 0.0001s
-- execute("DELETE FROM card_not_nows WHERE account_id IS NULL")
   -> 0.0001s
-- execute("DELETE FROM closures WHERE account_id IS NULL")
   -> 0.0007s
-- execute("DELETE FROM entropies WHERE account_id IS NULL")
   -> 0.0001s
-- execute("DELETE FROM mentions WHERE account_id IS NULL")
   -> 0.0001s
-- execute("DELETE FROM pins WHERE account_id IS NULL")
   -> 0.0001s
-- execute("DELETE FROM reactions WHERE account_id IS NULL")
   -> 0.0001s
-- execute("DELETE FROM search_queries WHERE account_id IS NULL")
   -> 0.0007s
-- execute("DELETE FROM storage_totals WHERE account_id IS NULL")
   -> 0.0001s
-- execute("DELETE FROM taggings WHERE account_id IS NULL")
   -> 0.0001s
-- execute("DELETE FROM user_settings WHERE account_id IS NULL")
   -> 0.0001s
-- execute("DELETE FROM watches WHERE account_id IS NULL")
   -> 0.0001s
-- execute("DELETE FROM webhook_delinquency_trackers WHERE account_id IS NULL")
   -> 0.0001s
-- execute("DELETE FROM webhook_deliveries WHERE account_id IS NULL")
   -> 0.0007s
-- change_column_null("account_imports", :account_id, false)
   -> 0.0178s
-- change_column_null("account_join_codes", :account_id, false)
   -> 0.0137s
-- change_column_null("boards", :account_id, false)
   -> 0.0080s
-- change_column_null("cards", :account_id, false)
   -> 0.0120s
-- change_column_null("columns", :account_id, false)
   -> 0.0076s
-- change_column_null("comments", :account_id, false)
   -> 0.0057s
-- change_column_null("events", :account_id, false)
   -> 0.0124s
-- change_column_null("filters", :account_id, false)
   -> 0.0054s
-- change_column_null("notification_bundles", :account_id, false)
   -> 0.0099s
-- change_column_null("notifications", :account_id, false)
   -> 0.0112s
-- change_column_null("push_subscriptions", :account_id, false)
   -> 0.0046s
-- change_column_null("steps", :account_id, false)
   -> 0.0054s
-- change_column_null("tags", :account_id, false)
   -> 0.0039s
-- change_column_null("users", :account_id, false)
   -> 0.0069s
-- change_column_null("webhooks", :account_id, false)
   -> 0.0049s
-- change_column_null("accesses", :account_id, false)
   -> 0.0077s
-- change_column_null("action_text_rich_texts", :account_id, false)
   -> 0.0045s
-- change_column_null("active_storage_attachments", :account_id, false)
   -> 0.0053s
-- change_column_null("active_storage_blobs", :account_id, false)
   -> 0.0048s
-- change_column_null("active_storage_variant_records", :account_id, false)
   -> 0.0037s
-- change_column_null("assignments", :account_id, false)
   -> 0.0053s
-- change_column_null("board_publications", :account_id, false)
   -> 0.0053s
-- change_column_null("card_activity_spikes", :account_id, false)
   -> 0.0039s
-- change_column_null("card_goldnesses", :account_id, false)
   -> 0.0038s
-- change_column_null("card_not_nows", :account_id, false)
   -> 0.0054s
-- change_column_null("closures", :account_id, false)
   -> 0.0290s
-- change_column_null("entropies", :account_id, false)
   -> 0.0061s
-- change_column_null("mentions", :account_id, false)
   -> 0.0075s
-- change_column_null("pins", :account_id, false)
   -> 0.0072s
-- change_column_null("reactions", :account_id, false)
   -> 0.0063s
-- change_column_null("search_queries", :account_id, false)
   -> 0.0061s
-- change_column_null("storage_totals", :account_id, false)
   -> 0.0045s
-- change_column_null("taggings", :account_id, false)
   -> 0.0050s
-- change_column_null("user_settings", :account_id, false)
   -> 0.0052s
-- change_column_null("watches", :account_id, false)
   -> 0.0067s
-- change_column_null("webhook_delinquency_trackers", :account_id, false)
   -> 0.0053s
-- change_column_null("webhook_deliveries", :account_id, false)
   -> 0.0081s
-- add_index("accesses", :account_id)
   -> 0.0002s
-- add_index("account_join_codes", :account_id)
   -> 0.0005s
-- add_index("action_text_rich_texts", :account_id)
   -> 0.0002s
-- add_index("active_storage_attachments", :account_id)
   -> 0.0002s
-- add_index("active_storage_blobs", :account_id)
   -> 0.0002s
-- add_index("active_storage_variant_records", :account_id)
   -> 0.0001s
-- add_index("assignments", :account_id)
   -> 0.0002s
-- add_index("board_publications", :account_id)
   -> 0.0001s
-- add_index("boards", :account_id)
   -> 0.0001s
-- add_index("card_activity_spikes", :account_id)
   -> 0.0001s
-- add_index("card_goldnesses", :account_id)
   -> 0.0001s
-- add_index("card_not_nows", :account_id)
   -> 0.0001s
-- add_index("closures", :account_id)
   -> 0.0002s
-- add_index("columns", :account_id)
   -> 0.0002s
-- add_index("comments", :account_id)
   -> 0.0001s
-- add_index("entropies", :account_id)
   -> 0.0001s
-- add_index("events", :account_id)
   -> 0.0001s
-- add_index("filters", :account_id)
   -> 0.0001s
-- add_index("mentions", :account_id)
   -> 0.0002s
-- add_index("notification_bundles", :account_id)
   -> 0.0002s
-- add_index("notifications", :account_id)
   -> 0.0002s
-- add_index("pins", :account_id)
   -> 0.0002s
-- add_index("push_subscriptions", :account_id)
   -> 0.0002s
-- add_index("reactions", :account_id)
   -> 0.0002s
-- add_index("search_queries", :account_id)
   -> 0.0002s
-- add_index("steps", :account_id)
   -> 0.0002s
-- add_index("storage_totals", :account_id)
   -> 0.0002s
-- add_index("taggings", :account_id)
   -> 0.0002s
-- add_index("user_settings", :account_id)
   -> 0.0002s
-- add_index("watches", :account_id)
   -> 0.0002s
-- add_index("webhook_delinquency_trackers", :account_id)
   -> 0.0002s
-- add_index("webhook_deliveries", :account_id)
   -> 0.0002s
-- add_index("webhooks", :account_id)
   -> 0.0002s
-- remove_index(:tags, {name: "index_tags_on_title"})
   -> 0.0002s
-- add_index(:tags, [:account_id, :title], {unique: true, name: "index_tags_on_account_id_and_title"})
   -> 0.0002s
== 20260710120000 AddAccountIdToAllAccountTables: migrated (0.3285s) ==========

== 20260710120000 AddAccountIdToAllAccountTables: reverting ===================
-- index_exists?(:tags, [:account_id, :title])
   -> 0.0004s
-- remove_index(:tags, {name: "index_tags_on_account_id_and_title"})
   -> 0.0010s
-- add_index(:tags, :title, {unique: true})
   -> 0.0008s
-- remove_index("accesses", :account_id)
   -> 0.0015s
-- remove_index("account_join_codes", :account_id)
   -> 0.0004s
-- remove_index("action_text_rich_texts", :account_id)
   -> 0.0011s
-- remove_index("active_storage_attachments", :account_id)
   -> 0.0024s
-- remove_index("active_storage_blobs", :account_id)
   -> 0.0003s
-- remove_index("active_storage_variant_records", :account_id)
   -> 0.0004s
-- remove_index("assignments", :account_id)
   -> 0.0010s
-- remove_index("board_publications", :account_id)
   -> 0.0025s
-- remove_index("boards", :account_id)
   -> 0.0010s
-- remove_index("card_activity_spikes", :account_id)
   -> 0.0011s
-- remove_index("card_goldnesses", :account_id)
   -> 0.0003s
-- remove_index("card_not_nows", :account_id)
   -> 0.0006s
-- remove_index("closures", :account_id)
   -> 0.0018s
-- remove_index("columns", :account_id)
   -> 0.0011s
-- remove_index("comments", :account_id)
   -> 0.0010s
-- remove_index("entropies", :account_id)
   -> 0.0019s
-- remove_index("events", :account_id)
   -> 0.0021s
-- remove_index("filters", :account_id)
   -> 0.0004s
-- remove_index("mentions", :account_id)
   -> 0.0012s
-- remove_index("notification_bundles", :account_id)
   -> 0.0014s
-- remove_index("notifications", :account_id)
   -> 0.0013s
-- remove_index("pins", :account_id)
   -> 0.0007s
-- remove_index("push_subscriptions", :account_id)
   -> 0.0013s
-- remove_index("reactions", :account_id)
   -> 0.0009s
-- remove_index("search_queries", :account_id)
   -> 0.0010s
-- remove_index("steps", :account_id)
   -> 0.0009s
-- remove_index("storage_totals", :account_id)
   -> 0.0010s
-- remove_index("taggings", :account_id)
   -> 0.0006s
-- remove_index("user_settings", :account_id)
   -> 0.0004s
-- remove_index("watches", :account_id)
   -> 0.0013s
-- remove_index("webhook_delinquency_trackers", :account_id)
   -> 0.0019s
-- remove_index("webhook_deliveries", :account_id)
   -> 0.0014s
-- remove_index("webhooks", :account_id)
   -> 0.0004s
-- remove_column("accesses", :account_id)
   -> 0.0278s
-- remove_column("action_text_rich_texts", :account_id)
   -> 0.0055s
-- remove_column("active_storage_attachments", :account_id)
   -> 0.0068s
-- remove_column("active_storage_blobs", :account_id)
   -> 0.0053s
-- remove_column("active_storage_variant_records", :account_id)
   -> 0.0042s
-- remove_column("assignments", :account_id)
   -> 0.0059s
-- remove_column("board_publications", :account_id)
   -> 0.0052s
-- remove_column("card_activity_spikes", :account_id)
   -> 0.0040s
-- remove_column("card_goldnesses", :account_id)
   -> 0.0039s
-- remove_column("card_not_nows", :account_id)
   -> 0.0066s
-- remove_column("closures", :account_id)
   -> 0.0081s
-- remove_column("entropies", :account_id)
   -> 0.0054s
-- remove_column("mentions", :account_id)
   -> 0.0063s
-- remove_column("pins", :account_id)
   -> 0.0061s
-- remove_column("reactions", :account_id)
   -> 0.0056s
-- remove_column("search_queries", :account_id)
   -> 0.0061s
-- remove_column("storage_totals", :account_id)
   -> 0.0046s
-- remove_column("taggings", :account_id)
   -> 0.0052s
-- remove_column("user_settings", :account_id)
   -> 0.0054s
-- remove_column("watches", :account_id)
   -> 0.0066s
-- remove_column("webhook_delinquency_trackers", :account_id)
   -> 0.0045s
-- remove_column("webhook_deliveries", :account_id)
   -> 0.0070s
== 20260710120000 AddAccountIdToAllAccountTables: reverted (0.1871s) ==========

== 20260710120000 AddAccountIdToAllAccountTables: migrating ===================
-- add_column("accesses", :account_id, :uuid)
   -> 0.0025s
-- add_column("action_text_rich_texts", :account_id, :uuid)
   -> 0.0007s
-- add_column("active_storage_attachments", :account_id, :uuid)
   -> 0.0006s
-- add_column("active_storage_blobs", :account_id, :uuid)
   -> 0.0020s
-- add_column("active_storage_variant_records", :account_id, :uuid)
   -> 0.0006s
-- add_column("assignments", :account_id, :uuid)
   -> 0.0006s
-- add_column("board_publications", :account_id, :uuid)
   -> 0.0013s
-- add_column("card_activity_spikes", :account_id, :uuid)
   -> 0.0006s
-- add_column("card_goldnesses", :account_id, :uuid)
   -> 0.0007s
-- add_column("card_not_nows", :account_id, :uuid)
   -> 0.0014s
-- add_column("closures", :account_id, :uuid)
   -> 0.0007s
-- add_column("entropies", :account_id, :uuid)
   -> 0.0006s
-- add_column("mentions", :account_id, :uuid)
   -> 0.0012s
-- add_column("pins", :account_id, :uuid)
   -> 0.0007s
-- add_column("reactions", :account_id, :uuid)
   -> 0.0007s
-- add_column("search_queries", :account_id, :uuid)
   -> 0.0006s
-- add_column("storage_totals", :account_id, :uuid)
   -> 0.0013s
-- add_column("taggings", :account_id, :uuid)
   -> 0.0007s
-- add_column("user_settings", :account_id, :uuid)
   -> 0.0008s
-- add_column("watches", :account_id, :uuid)
   -> 0.0014s
-- add_column("webhook_delinquency_trackers", :account_id, :uuid)
   -> 0.0006s
-- add_column("webhook_deliveries", :account_id, :uuid)
   -> 0.0013s
-- execute("UPDATE boards\nSET account_id = (\n  SELECT users.account_id\n  FROM users\n  WHERE users.id = boards.creator_id\n)\nWHERE boards.account_id IS NULL\n")
   -> 0.0002s
-- execute("UPDATE cards\nSET account_id = (\n  SELECT boards.account_id\n  FROM boards\n  WHERE boards.id = cards.board_id\n)\nWHERE cards.account_id IS NULL\n")
   -> 0.0001s
-- execute("UPDATE columns\nSET account_id = (\n  SELECT boards.account_id\n  FROM boards\n  WHERE boards.id = columns.board_id\n)\nWHERE columns.account_id IS NULL\n")
   -> 0.0008s
-- execute("UPDATE comments\nSET account_id = (\n  SELECT cards.account_id\n  FROM cards\n  WHERE cards.id = comments.card_id\n)\nWHERE comments.account_id IS NULL\n")
   -> 0.0001s
-- execute("UPDATE events\nSET account_id = (\n  SELECT boards.account_id\n  FROM boards\n  WHERE boards.id = events.board_id\n)\nWHERE events.account_id IS NULL\n")
   -> 0.0001s
-- execute("UPDATE filters\nSET account_id = (\n  SELECT users.account_id\n  FROM users\n  WHERE users.id = filters.creator_id\n)\nWHERE filters.account_id IS NULL\n")
   -> 0.0001s
-- execute("UPDATE notification_bundles\nSET account_id = (\n  SELECT users.account_id\n  FROM users\n  WHERE users.id = notification_bundles.user_id\n)\nWHERE notification_bundles.account_id IS NULL\n")
   -> 0.0001s
-- execute("UPDATE notifications\nSET account_id = (\n  SELECT users.account_id\n  FROM users\n  WHERE users.id = notifications.user_id\n)\nWHERE notifications.account_id IS NULL\n")
   -> 0.0001s
-- execute("UPDATE push_subscriptions\nSET account_id = (\n  SELECT users.account_id\n  FROM users\n  WHERE users.id = push_subscriptions.user_id\n)\nWHERE push_subscriptions.account_id IS NULL\n")
   -> 0.0001s
-- execute("UPDATE steps\nSET account_id = (\n  SELECT cards.account_id\n  FROM cards\n  WHERE cards.id = steps.card_id\n)\nWHERE steps.account_id IS NULL\n")
   -> 0.0001s
-- execute("UPDATE webhooks\nSET account_id = (\n  SELECT boards.account_id\n  FROM boards\n  WHERE boards.id = webhooks.board_id\n)\nWHERE webhooks.account_id IS NULL\n")
   -> 0.0001s
-- execute("UPDATE accesses\nSET account_id = (\n  SELECT boards.account_id\n  FROM boards\n  WHERE boards.id = accesses.board_id\n)\nWHERE accesses.account_id IS NULL\n")
   -> 0.0001s
-- execute("UPDATE assignments\nSET account_id = (\n  SELECT cards.account_id\n  FROM cards\n  WHERE cards.id = assignments.card_id\n)\nWHERE assignments.account_id IS NULL\n")
   -> 0.0001s
-- execute("UPDATE board_publications\nSET account_id = (\n  SELECT boards.account_id\n  FROM boards\n  WHERE boards.id = board_publications.board_id\n)\nWHERE board_publications.account_id IS NULL\n")
   -> 0.0001s
-- execute("UPDATE card_activity_spikes\nSET account_id = (\n  SELECT cards.account_id\n  FROM cards\n  WHERE cards.id = card_activity_spikes.card_id\n)\nWHERE card_activity_spikes.account_id IS NULL\n")
   -> 0.0018s
-- execute("UPDATE card_goldnesses\nSET account_id = (\n  SELECT cards.account_id\n  FROM cards\n  WHERE cards.id = card_goldnesses.card_id\n)\nWHERE card_goldnesses.account_id IS NULL\n")
   -> 0.0001s
-- execute("UPDATE card_not_nows\nSET account_id = (\n  SELECT cards.account_id\n  FROM cards\n  WHERE cards.id = card_not_nows.card_id\n)\nWHERE card_not_nows.account_id IS NULL\n")
   -> 0.0001s
-- execute("UPDATE closures\nSET account_id = (\n  SELECT cards.account_id\n  FROM cards\n  WHERE cards.id = closures.card_id\n)\nWHERE closures.account_id IS NULL\n")
   -> 0.0001s
-- execute("UPDATE pins\nSET account_id = (\n  SELECT cards.account_id\n  FROM cards\n  WHERE cards.id = pins.card_id\n)\nWHERE pins.account_id IS NULL\n")
   -> 0.0001s
-- execute("UPDATE taggings\nSET account_id = (\n  SELECT cards.account_id\n  FROM cards\n  WHERE cards.id = taggings.card_id\n)\nWHERE taggings.account_id IS NULL\n")
   -> 0.0001s
-- execute("UPDATE watches\nSET account_id = (\n  SELECT cards.account_id\n  FROM cards\n  WHERE cards.id = watches.card_id\n)\nWHERE watches.account_id IS NULL\n")
   -> 0.0001s
-- execute("UPDATE user_settings\nSET account_id = (\n  SELECT users.account_id\n  FROM users\n  WHERE users.id = user_settings.user_id\n)\nWHERE user_settings.account_id IS NULL\n")
   -> 0.0004s
-- execute("UPDATE search_queries\nSET account_id = (\n  SELECT users.account_id\n  FROM users\n  WHERE users.id = search_queries.user_id\n)\nWHERE search_queries.account_id IS NULL\n")
   -> 0.0001s
-- execute("UPDATE webhook_delinquency_trackers\nSET account_id = (\n  SELECT webhooks.account_id\n  FROM webhooks\n  WHERE webhooks.id = webhook_delinquency_trackers.webhook_id\n)\nWHERE webhook_delinquency_trackers.account_id IS NULL\n")
   -> 0.0001s
-- execute("UPDATE webhook_deliveries\nSET account_id = (\n  SELECT webhooks.account_id\n  FROM webhooks\n  WHERE webhooks.id = webhook_deliveries.webhook_id\n)\nWHERE webhook_deliveries.account_id IS NULL\n")
   -> 0.0001s
-- execute("UPDATE mentions\nSET account_id = (\n  SELECT cards.account_id\n  FROM cards\n  WHERE cards.id = mentions.source_id\n)\nWHERE mentions.account_id IS NULL AND mentions.source_type = 'Card'\n")
   -> 0.0001s
-- execute("UPDATE mentions\nSET account_id = (\n  SELECT comments.account_id\n  FROM comments\n  WHERE comments.id = mentions.source_id\n)\nWHERE mentions.account_id IS NULL AND mentions.source_type = 'Comment'\n")
   -> 0.0008s
-- execute("UPDATE reactions\nSET account_id = (\n  SELECT cards.account_id\n  FROM cards\n  WHERE cards.id = reactions.reactable_id\n)\nWHERE reactions.account_id IS NULL AND reactions.reactable_type = 'Card'\n")
   -> 0.0001s
-- execute("UPDATE reactions\nSET account_id = (\n  SELECT comments.account_id\n  FROM comments\n  WHERE comments.id = reactions.reactable_id\n)\nWHERE reactions.account_id IS NULL AND reactions.reactable_type = 'Comment'\n")
   -> 0.0001s
-- execute("UPDATE entropies\nSET account_id = (\n  CASE entropies.container_type\n  WHEN 'Account' THEN entropies.container_id\n  WHEN 'Board' THEN (SELECT boards.account_id FROM boards WHERE boards.id = entropies.container_id)\n  END\n)\nWHERE entropies.account_id IS NULL\n")
   -> 0.0008s
-- execute("UPDATE storage_totals\nSET account_id = (\n  CASE storage_totals.owner_type\n  WHEN 'Account' THEN storage_totals.owner_id\n  WHEN 'Board' THEN (SELECT boards.account_id FROM boards WHERE boards.id = storage_totals.owner_id)\n  END\n)\nWHERE storage_totals.account_id IS NULL\n")
   -> 0.0001s
-- execute("UPDATE action_text_rich_texts\nSET account_id = (\n  SELECT cards.account_id\n  FROM cards\n  WHERE cards.id = action_text_rich_texts.record_id\n)\nWHERE action_text_rich_texts.account_id IS NULL AND action_text_rich_texts.record_type = 'Card'\n")
   -> 0.0010s
-- execute("UPDATE action_text_rich_texts\nSET account_id = (\n  SELECT boards.account_id\n  FROM boards\n  WHERE boards.id = action_text_rich_texts.record_id\n)\nWHERE action_text_rich_texts.account_id IS NULL AND action_text_rich_texts.record_type = 'Board'\n")
   -> 0.0001s
-- execute("UPDATE action_text_rich_texts\nSET account_id = (\n  SELECT comments.account_id\n  FROM comments\n  WHERE comments.id = action_text_rich_texts.record_id\n)\nWHERE action_text_rich_texts.account_id IS NULL AND action_text_rich_texts.record_type = 'Comment'\n")
   -> 0.0001s
-- execute("UPDATE active_storage_attachments\nSET account_id = (\n  SELECT cards.account_id\n  FROM cards\n  WHERE cards.id = active_storage_attachments.record_id\n)\nWHERE active_storage_attachments.account_id IS NULL\n  AND active_storage_attachments.record_type = 'Card'\n")
   -> 0.0001s
-- execute("UPDATE active_storage_attachments\nSET account_id = (\n  SELECT boards.account_id\n  FROM boards\n  WHERE boards.id = active_storage_attachments.record_id\n)\nWHERE active_storage_attachments.account_id IS NULL\n  AND active_storage_attachments.record_type = 'Board'\n")
   -> 0.0001s
-- execute("UPDATE active_storage_attachments\nSET account_id = (\n  SELECT comments.account_id\n  FROM comments\n  WHERE comments.id = active_storage_attachments.record_id\n)\nWHERE active_storage_attachments.account_id IS NULL\n  AND active_storage_attachments.record_type = 'Comment'\n")
   -> 0.0001s
-- execute("UPDATE active_storage_attachments\nSET account_id = (\n  SELECT action_text_rich_texts.account_id\n  FROM action_text_rich_texts\n  WHERE action_text_rich_texts.id = active_storage_attachments.record_id\n)\nWHERE active_storage_attachments.account_id IS NULL\n  AND active_storage_attachments.record_type = 'ActionText::RichText'\n")
   -> 0.0009s
-- execute("UPDATE active_storage_attachments\nSET account_id = (\n  SELECT users.account_id\n  FROM users\n  WHERE users.id = active_storage_attachments.record_id\n)\nWHERE active_storage_attachments.account_id IS NULL\n  AND active_storage_attachments.record_type = 'User'\n")
   -> 0.0001s
-- execute("UPDATE active_storage_attachments\nSET account_id = (\n  SELECT exports.account_id\n  FROM exports\n  WHERE exports.id = active_storage_attachments.record_id\n)\nWHERE active_storage_attachments.account_id IS NULL\n  AND active_storage_attachments.record_type = 'Export'\n")
   -> 0.0001s
-- execute("UPDATE active_storage_attachments\nSET account_id = (\n  SELECT account_imports.account_id\n  FROM account_imports\n  WHERE account_imports.id = active_storage_attachments.record_id\n)\nWHERE active_storage_attachments.account_id IS NULL\n  AND active_storage_attachments.record_type = 'Account::Import'\n")
   -> 0.0001s
-- execute("UPDATE active_storage_blobs\nSET account_id = (\n  SELECT active_storage_attachments.account_id\n  FROM active_storage_attachments\n  WHERE active_storage_attachments.blob_id = active_storage_blobs.id\n    AND active_storage_attachments.account_id IS NOT NULL\n  LIMIT 1\n)\nWHERE active_storage_blobs.account_id IS NULL\n")
   -> 0.0006s
-- execute("UPDATE active_storage_variant_records\nSET account_id = (\n  SELECT active_storage_blobs.account_id\n  FROM active_storage_blobs\n  WHERE active_storage_blobs.id = active_storage_variant_records.blob_id\n)\nWHERE active_storage_variant_records.account_id IS NULL\n")
   -> 0.0001s
-- execute("UPDATE active_storage_attachments\nSET account_id = (\n  SELECT active_storage_variant_records.account_id\n  FROM active_storage_variant_records\n  WHERE active_storage_variant_records.id = active_storage_attachments.record_id\n)\nWHERE active_storage_attachments.account_id IS NULL\n  AND active_storage_attachments.record_type = 'ActiveStorage::VariantRecord'\n")
   -> 0.0001s
-- execute("UPDATE active_storage_blobs\nSET account_id = (\n  SELECT active_storage_attachments.account_id\n  FROM active_storage_attachments\n  WHERE active_storage_attachments.blob_id = active_storage_blobs.id\n    AND active_storage_attachments.account_id IS NOT NULL\n  LIMIT 1\n)\nWHERE active_storage_blobs.account_id IS NULL\n")
   -> 0.0001s
-- execute("UPDATE tags\nSET account_id = (\n  SELECT cards.account_id\n  FROM taggings\n  INNER JOIN cards ON cards.id = taggings.card_id\n  WHERE taggings.tag_id = tags.id AND cards.account_id IS NOT NULL\n  LIMIT 1\n)\nWHERE tags.account_id IS NULL\n")
   -> 0.0001s
-- execute("DELETE FROM account_imports WHERE account_id IS NULL")
   -> 0.0007s
-- execute("DELETE FROM account_join_codes WHERE account_id IS NULL")
   -> 0.0009s
-- execute("DELETE FROM boards WHERE account_id IS NULL")
   -> 0.0001s
-- execute("DELETE FROM cards WHERE account_id IS NULL")
   -> 0.0008s
-- execute("DELETE FROM columns WHERE account_id IS NULL")
   -> 0.0001s
-- execute("DELETE FROM comments WHERE account_id IS NULL")
   -> 0.0001s
-- execute("DELETE FROM events WHERE account_id IS NULL")
   -> 0.0001s
-- execute("DELETE FROM filters WHERE account_id IS NULL")
   -> 0.0001s
-- execute("DELETE FROM notification_bundles WHERE account_id IS NULL")
   -> 0.0004s
-- execute("DELETE FROM notifications WHERE account_id IS NULL")
   -> 0.0001s
-- execute("DELETE FROM push_subscriptions WHERE account_id IS NULL")
   -> 0.0001s
-- execute("DELETE FROM steps WHERE account_id IS NULL")
   -> 0.0001s
-- execute("DELETE FROM tags WHERE account_id IS NULL")
   -> 0.0001s
-- execute("DELETE FROM users WHERE account_id IS NULL")
   -> 0.0001s
-- execute("DELETE FROM webhooks WHERE account_id IS NULL")
   -> 0.0001s
-- execute("DELETE FROM accesses WHERE account_id IS NULL")
   -> 0.0006s
-- execute("DELETE FROM action_text_rich_texts WHERE account_id IS NULL")
   -> 0.0001s
-- execute("DELETE FROM active_storage_attachments WHERE account_id IS NULL")
   -> 0.0001s
-- execute("DELETE FROM active_storage_blobs WHERE account_id IS NULL")
   -> 0.0001s
-- execute("DELETE FROM active_storage_variant_records WHERE account_id IS NULL")
   -> 0.0001s
-- execute("DELETE FROM assignments WHERE account_id IS NULL")
   -> 0.0008s
-- execute("DELETE FROM board_publications WHERE account_id IS NULL")
   -> 0.0001s
-- execute("DELETE FROM card_activity_spikes WHERE account_id IS NULL")
   -> 0.0007s
-- execute("DELETE FROM card_goldnesses WHERE account_id IS NULL")
   -> 0.0001s
-- execute("DELETE FROM card_not_nows WHERE account_id IS NULL")
   -> 0.0001s
-- execute("DELETE FROM closures WHERE account_id IS NULL")
   -> 0.0001s
-- execute("DELETE FROM entropies WHERE account_id IS NULL")
   -> 0.0001s
-- execute("DELETE FROM mentions WHERE account_id IS NULL")
   -> 0.0009s
-- execute("DELETE FROM pins WHERE account_id IS NULL")
   -> 0.0006s
-- execute("DELETE FROM reactions WHERE account_id IS NULL")
   -> 0.0001s
-- execute("DELETE FROM search_queries WHERE account_id IS NULL")
   -> 0.0001s
-- execute("DELETE FROM storage_totals WHERE account_id IS NULL")
   -> 0.0001s
-- execute("DELETE FROM taggings WHERE account_id IS NULL")
   -> 0.0001s
-- execute("DELETE FROM user_settings WHERE account_id IS NULL")
   -> 0.0009s
-- execute("DELETE FROM watches WHERE account_id IS NULL")
   -> 0.0001s
-- execute("DELETE FROM webhook_delinquency_trackers WHERE account_id IS NULL")
   -> 0.0009s
-- execute("DELETE FROM webhook_deliveries WHERE account_id IS NULL")
   -> 0.0010s
-- change_column_null("account_imports", :account_id, false)
   -> 0.0233s
-- change_column_null("account_join_codes", :account_id, false)
   -> 0.0113s
-- change_column_null("boards", :account_id, false)
   -> 0.0161s
-- change_column_null("cards", :account_id, false)
   -> 0.0142s
-- change_column_null("columns", :account_id, false)
   -> 0.0074s
-- change_column_null("comments", :account_id, false)
   -> 0.0053s
-- change_column_null("events", :account_id, false)
   -> 0.0112s
-- change_column_null("filters", :account_id, false)
   -> 0.0051s
-- change_column_null("notification_bundles", :account_id, false)
   -> 0.0103s
-- change_column_null("notifications", :account_id, false)
   -> 0.0149s
-- change_column_null("push_subscriptions", :account_id, false)
   -> 0.0053s
-- change_column_null("steps", :account_id, false)
   -> 0.0070s
-- change_column_null("tags", :account_id, false)
   -> 0.0055s
-- change_column_null("users", :account_id, false)
   -> 0.0081s
-- change_column_null("webhooks", :account_id, false)
   -> 0.0053s
-- change_column_null("accesses", :account_id, false)
   -> 0.0085s
-- change_column_null("action_text_rich_texts", :account_id, false)
   -> 0.0051s
-- change_column_null("active_storage_attachments", :account_id, false)
   -> 0.0059s
-- change_column_null("active_storage_blobs", :account_id, false)
   -> 0.0080s
-- change_column_null("active_storage_variant_records", :account_id, false)
   -> 0.0062s
-- change_column_null("assignments", :account_id, false)
   -> 0.0086s
-- change_column_null("board_publications", :account_id, false)
   -> 0.0083s
-- change_column_null("card_activity_spikes", :account_id, false)
   -> 0.0063s
-- change_column_null("card_goldnesses", :account_id, false)
   -> 0.0059s
-- change_column_null("card_not_nows", :account_id, false)
   -> 0.0078s
-- change_column_null("closures", :account_id, false)
   -> 0.0067s
-- change_column_null("entropies", :account_id, false)
   -> 0.0356s
-- change_column_null("mentions", :account_id, false)
   -> 0.0084s
-- change_column_null("pins", :account_id, false)
   -> 0.0073s
-- change_column_null("reactions", :account_id, false)
   -> 0.0073s
-- change_column_null("search_queries", :account_id, false)
   -> 0.0068s
-- change_column_null("storage_totals", :account_id, false)
   -> 0.0051s
-- change_column_null("taggings", :account_id, false)
   -> 0.0060s
-- change_column_null("user_settings", :account_id, false)
   -> 0.0060s
-- change_column_null("watches", :account_id, false)
   -> 0.0072s
-- change_column_null("webhook_delinquency_trackers", :account_id, false)
   -> 0.0045s
-- change_column_null("webhook_deliveries", :account_id, false)
   -> 0.0084s
-- add_index("accesses", :account_id)
   -> 0.0002s
-- add_index("account_join_codes", :account_id)
   -> 0.0002s
-- add_index("action_text_rich_texts", :account_id)
   -> 0.0002s
-- add_index("active_storage_attachments", :account_id)
   -> 0.0002s
-- add_index("active_storage_blobs", :account_id)
   -> 0.0002s
-- add_index("active_storage_variant_records", :account_id)
   -> 0.0001s
-- add_index("assignments", :account_id)
   -> 0.0001s
-- add_index("board_publications", :account_id)
   -> 0.0001s
-- add_index("boards", :account_id)
   -> 0.0001s
-- add_index("card_activity_spikes", :account_id)
   -> 0.0002s
-- add_index("card_goldnesses", :account_id)
   -> 0.0002s
-- add_index("card_not_nows", :account_id)
   -> 0.0001s
-- add_index("closures", :account_id)
   -> 0.0001s
-- add_index("columns", :account_id)
   -> 0.0001s
-- add_index("comments", :account_id)
   -> 0.0002s
-- add_index("entropies", :account_id)
   -> 0.0002s
-- add_index("events", :account_id)
   -> 0.0002s
-- add_index("filters", :account_id)
   -> 0.0002s
-- add_index("mentions", :account_id)
   -> 0.0004s
-- add_index("notification_bundles", :account_id)
   -> 0.0002s
-- add_index("notifications", :account_id)
   -> 0.0002s
-- add_index("pins", :account_id)
   -> 0.0001s
-- add_index("push_subscriptions", :account_id)
   -> 0.0001s
-- add_index("reactions", :account_id)
   -> 0.0001s
-- add_index("search_queries", :account_id)
   -> 0.0001s
-- add_index("steps", :account_id)
   -> 0.0001s
-- add_index("storage_totals", :account_id)
   -> 0.0002s
-- add_index("taggings", :account_id)
   -> 0.0001s
-- add_index("user_settings", :account_id)
   -> 0.0001s
-- add_index("watches", :account_id)
   -> 0.0002s
-- add_index("webhook_delinquency_trackers", :account_id)
   -> 0.0002s
-- add_index("webhook_deliveries", :account_id)
   -> 0.0001s
-- add_index("webhooks", :account_id)
   -> 0.0002s
-- remove_index(:tags, {name: "index_tags_on_title"})
   -> 0.0001s
-- add_index(:tags, [:account_id, :title], {unique: true, name: "index_tags_on_account_id_and_title"})
   -> 0.0002s
== 20260710120000 AddAccountIdToAllAccountTables: migrated (0.3872s) ==========

.

Finished in 9.323839s, 0.7508 runs/s, 1.1798 assertions/s.
7 runs, 11 assertions, 0 failures, 0 errors, 0 skips
