Running 1516 tests in parallel using 2 processes
Run options: --seed 41282

# Running:

................................................................................................S................S..........................................................................................................................................................................................................................................................................................................................................................................................................................................................................................................................................................................................................................................................................................................................................................................................................................................................................................................................................................................................................................................................................................................................................................................................................................................................................................................................................................................................................................................................

Finished in 29.961190s, 50.5988 runs/s, 190.1794 assertions/s.
1516 runs, 5698 assertions, 0 failures, 0 errors, 2 skips

You have skipped tests. Run with --verbose for details.
Running 7 tests in a single process (parallelization threshold is 50)
Run options: --seed 8404

# Running:

Capybara starting Puma...
* Version 7.2.1, codename: On The Corner
* Min threads: 0, max threads: 4
* Listening on http://127.0.0.1:33155
2026-09-22 23:12:05 INFO Selenium [:logger_info] Details on how to use and modify Selenium logger:
  https://selenium.dev/documentation/webdriver/troubleshooting/logging

2026-09-22 23:12:05 WARN Selenium [:selenium_manager] Exception managing chrome: error sending request for url (https://googlechromelabs.github.io/chrome-for-testing/known-good-versions-with-downloads.json) 
2026-09-22 23:12:05 WARN Selenium [:selenium_manager] Error sending stats to Plausible: error sending request for url (https://plausible.io/api/event) 
.2026-09-22 23:12:13 WARN Selenium [:selenium_manager] Exception managing chrome: error sending request for url (https://googlechromelabs.github.io/chrome-for-testing/known-good-versions-with-downloads.json) 
2026-09-22 23:12:19 WARN Selenium [:selenium_manager] Exception managing chrome: error sending request for url (https://googlechromelabs.github.io/chrome-for-testing/known-good-versions-with-downloads.json) 
....2026-09-22 23:12:29 WARN Selenium [:selenium_manager] Exception managing chrome: error sending request for url (https://googlechromelabs.github.io/chrome-for-testing/known-good-versions-with-downloads.json) 
2026-09-22 23:12:36 WARN Selenium [:selenium_manager] Exception managing chrome: error sending request for url (https://googlechromelabs.github.io/chrome-for-testing/known-good-versions-with-downloads.json) 
2026-09-22 23:12:43 WARN Selenium [:selenium_manager] Exception managing chrome: error sending request for url (https://googlechromelabs.github.io/chrome-for-testing/known-good-versions-with-downloads.json) 
..

Finished in 47.717102s, 0.1467 runs/s, 0.6916 assertions/s.
7 runs, 33 assertions, 0 failures, 0 errors, 0 skips
