Running 1523 tests in parallel using 2 processes
Run options: --seed 35065

# Running:

..................................................................................................................................................................................................................................................................................................................................................................................................................................................................................................................................................................................................................................................................................................................................................................................................................................................................S.S..............................................................................................................................................................................................................................................................................................................................................................................................................................................................................................................................................................................................................................................................................................................

Finished in 32.246321s, 47.2302 runs/s, 179.1832 assertions/s.
1523 runs, 5778 assertions, 0 failures, 0 errors, 2 skips

You have skipped tests. Run with --verbose for details.
Running 9 tests in a single process (parallelization threshold is 50)
Run options: --seed 16754

# Running:

..F

Failure:
VerifierTest#test_a_worker_restart_in_the_middle_of_sending_does_not_deliver_the_event_twice,_or_not_at_all [/tests/verification_test.rb:89]:
Expected: 1
  Actual: 0

bin/rails test /tests/verification_test.rb:75

.F

Failure:
VerifierTest#test_ten_failures_in_a_row_switch_a_receiver_off_only_once_they_span_more_than_an_hour [/tests/verification_test.rb:97]:
Expected #<Webhook id: "03gx29pci7ax6yv4dv381astb", account_id: "03ayaunetv3z4n681d58wdysd", active: false, board_id: "03ayv6mp60xg3aqes0m9sa68w", created_at: "2026-09-22 23:12:19.361822000 +0000", name: "https://hooks.example.test/dead", signing_secret: "1eYnbngttZkqK78eARJn4SbC", subscribed_actions: ["card_closed"], updated_at: "2026-09-22 23:16:49.000000000 +0000", url: "https://hooks.example.test/dead"> to be active?.

bin/rails test /tests/verification_test.rb:92

F

Failure:
VerifierTest#test_the_JSON_says_what_happened_and_links_to_the_card [/tests/verification_test.rb:50]:
Expected "{\"id\":\"03gx29pfofju8mrtvg3vyfkx1\",\"action\":\"card_closed\",\"created_at\":\"2026-09-22T23:12:20Z\",\"board\":{\"id\":\"03ayv6mp60xg3aqes0m9sa68w\"},\"creator\":{\"id\":\"03axmdh9z1hcfmcedk3ir6znh\"},\"eventable\":{\"type\":\"Card\",\"id\":\"03aynn8k9d92o7771nd3ofmxx\"}}" to include "The logo isn't big enough".

bin/rails test /tests/verification_test.rb:42

...

Finished in 2.869492s, 3.1364 runs/s, 15.6822 assertions/s.
9 runs, 45 assertions, 3 failures, 0 errors, 0 skips
