Running 1723 tests in parallel using 2 processes
Run options: --seed 60035

# Running:

.......................................................................................................................................................................................................................................................................................................................................................................................................................................................................................................................................................................................................................................................................................................................................................................................................................................................................................................................................................................................................................................................................................................................DEPRECATION WARNING: `verify_authenticity_token` is deprecated and will be removed in a future Rails version. To skip forgery protection, use `skip_forgery_protection` instead of skipping `verify_authenticity_token` as this won't have any effect in a future Rails version. (called from CurrentTimezone#set_current_timezone at /app/app/controllers/concerns/current_timezone.rb:15)
..DEPRECATION WARNING: `verify_authenticity_token` is deprecated and will be removed in a future Rails version. To skip forgery protection, use `skip_forgery_protection` instead of skipping `verify_authenticity_token` as this won't have any effect in a future Rails version. (called from CurrentTimezone#set_current_timezone at /app/app/controllers/concerns/current_timezone.rb:15)
.DEPRECATION WARNING: `verify_authenticity_token` is deprecated and will be removed in a future Rails version. To skip forgery protection, use `skip_forgery_protection` instead of skipping `verify_authenticity_token` as this won't have any effect in a future Rails version. (called from CurrentTimezone#set_current_timezone at /app/app/controllers/concerns/current_timezone.rb:15)
.DEPRECATION WARNING: `verify_authenticity_token` is deprecated and will be removed in a future Rails version. To skip forgery protection, use `skip_forgery_protection` instead of skipping `verify_authenticity_token` as this won't have any effect in a future Rails version. (called from CurrentTimezone#set_current_timezone at /app/app/controllers/concerns/current_timezone.rb:15)
..............................................................................DEPRECATION WARNING: `verify_authenticity_token` is deprecated and will be removed in a future Rails version. To skip forgery protection, use `skip_forgery_protection` instead of skipping `verify_authenticity_token` as this won't have any effect in a future Rails version. (called from CurrentTimezone#set_current_timezone at /app/app/controllers/concerns/current_timezone.rb:15)
.DEPRECATION WARNING: `verify_authenticity_token` is deprecated and will be removed in a future Rails version. To skip forgery protection, use `skip_forgery_protection` instead of skipping `verify_authenticity_token` as this won't have any effect in a future Rails version. (called from CurrentTimezone#set_current_timezone at /app/app/controllers/concerns/current_timezone.rb:15)
.DEPRECATION WARNING: `verify_authenticity_token` is deprecated and will be removed in a future Rails version. To skip forgery protection, use `skip_forgery_protection` instead of skipping `verify_authenticity_token` as this won't have any effect in a future Rails version. (called from CurrentTimezone#set_current_timezone at /app/app/controllers/concerns/current_timezone.rb:15)
...........................................................................................................................................................................................................................................................................................................................................................................................SS...................................................................................................................................................................................

Finished in 34.646751s, 49.7305 runs/s, 186.9439 assertions/s.
1723 runs, 6477 assertions, 0 failures, 0 errors, 2 skips

You have skipped tests. Run with --verbose for details.
DEPRECATION WARNING: `verify_authenticity_token` is deprecated and will be removed in a future Rails version. To skip forgery protection, use `skip_forgery_protection` instead of skipping `verify_authenticity_token` as this won't have any effect in a future Rails version. (called from CurrentTimezone#set_current_timezone at /app/app/controllers/concerns/current_timezone.rb:15)
DEPRECATION WARNING: `verify_authenticity_token` is deprecated and will be removed in a future Rails version. To skip forgery protection, use `skip_forgery_protection` instead of skipping `verify_authenticity_token` as this won't have any effect in a future Rails version. (called from CurrentTimezone#set_current_timezone at /app/app/controllers/concerns/current_timezone.rb:15)
DEPRECATION WARNING: `verify_authenticity_token` is deprecated and will be removed in a future Rails version. To skip forgery protection, use `skip_forgery_protection` instead of skipping `verify_authenticity_token` as this won't have any effect in a future Rails version. (called from CurrentTimezone#set_current_timezone at /app/app/controllers/concerns/current_timezone.rb:15)
Running 8 tests in a single process (parallelization threshold is 50)
Run options: --seed 40665

# Running:

........

Finished in 2.093804s, 3.8208 runs/s, 25.3128 assertions/s.
8 runs, 53 assertions, 0 failures, 0 errors, 0 skips
