Running 1547 tests in parallel using 2 processes
Run options: --seed 41863

# Running:

.............................................................................................................................................................................................................................................................................................................................................................................................................................................................S.S...........................................................................................................................................................................................................................................................................................................................................................................................................................................................................................................................................................................................................................................................................................................................................................................................................................................................................................................................................................................................................................................................................................................................................

Finished in 35.576932s, 43.4832 runs/s, 164.9102 assertions/s.
1547 runs, 5867 assertions, 0 failures, 0 errors, 2 skips

You have skipped tests. Run with --verbose for details.
Running 8 tests in a single process (parallelization threshold is 50)
Run options: --seed 23275

# Running:

F

Failure:
VerifierTest#test_secrets_resolve_from_the_deployer's_environment,_and_to_nothing_without_it [/tests/verification_test.rb:70]:
SECRET_KEY_BASE.
Expected "change-me" to be blank?.

bin/rails test /tests/verification_test.rb:65

F

Failure:
VerifierTest#test_no_secret_value_is_in_the_repo [/tests/verification_test.rb:62]:
Expected ["SECRET_KEY_BASE", "SMTP_USERNAME", "SMTP_PASSWORD"] to be empty.

bin/rails test /tests/verification_test.rb:57

......

Finished in 6.156063s, 1.2995 runs/s, 6.6601 assertions/s.
8 runs, 41 assertions, 2 failures, 0 errors, 0 skips
