Running 1444 tests in parallel using 2 processes
Run options: --seed 21282

# Running:

...........................................................................................................................................................................................................................................................................................................................................................................................................................................................................................................................................................................................................................................................................................................................................................................................................................................................................................................................................................S......S.................................................................................................................................................................................................................................................................................................................................................................................................................................................................................................................................

Finished in 31.206012s, 46.2731 runs/s, 178.9078 assertions/s.
1444 runs, 5583 assertions, 0 failures, 0 errors, 2 skips

You have skipped tests. Run with --verbose for details.
Running 15 tests in a single process (parallelization threshold is 50)
Run options: --seed 41265

# Running:

..F

Failure:
VerifierTest#test_an_ordinary_attachment_does_not_recount_every_blob_in_the_account [/tests/verification_test.rb:119]:
1 instead of 0 matching queries were executed. Queries:

SELECT "cards".* FROM "cards" WHERE "cards"."id" = ?

SELECT "users".* FROM "users" WHERE "users"."id" = ?

SELECT "accounts".* FROM "accounts" WHERE "accounts"."id" = ? LIMIT ?

SELECT "action_text_rich_texts".* FROM "action_text_rich_texts" WHERE "action_text_rich_texts"."record_id" = ? AND "action_text_rich_texts"."record_type" = ? AND "action_text_rich_texts"."name" = ? LIMIT ?

SELECT "boards".* FROM "boards" WHERE "boards"."id" = ? LIMIT ?

SELECT "users".* FROM "users" INNER JOIN "accesses" ON "users"."id" = "accesses"."user_id" WHERE "accesses"."board_id" = ?

SELECT "accounts".* FROM "accounts" WHERE "accounts"."id" = ? LIMIT ?

SELECT "events".* FROM "events" WHERE "events"."id" = ?

SELECT "accounts".* FROM "accounts" WHERE "accounts"."id" = ? LIMIT ?

SELECT "cards".* FROM "cards" WHERE "cards"."id" = ? LIMIT ?

SELECT "users".* FROM "users" WHERE "users"."id" = ? LIMIT ?

SELECT "boards".* FROM "boards" WHERE "boards"."id" = ? LIMIT ?

SELECT "action_text_rich_texts".* FROM "action_text_rich_texts" WHERE "action_text_rich_texts"."record_id" = ? AND "action_text_rich_texts"."record_type" = ? AND "action_text_rich_texts"."name" = ? LIMIT ?

SELECT "users".* FROM "users" INNER JOIN "accesses" ON "users"."id" = "accesses"."user_id" WHERE "accesses"."board_id" = ?

SELECT "users".* FROM "users" INNER JOIN "assignments" ON "users"."id" = "assignments"."assignee_id" WHERE "assignments"."card_id" = ?

SELECT "users".* FROM "users" INNER JOIN "accesses" ON "users"."id" = "accesses"."user_id" WHERE "accesses"."board_id" = ? AND "users"."active" = ? AND "users"."role" IN (?, ?, ?) AND "accesses"."involvement" = ? AND "users"."id" != ?

SELECT "events".* FROM "events" WHERE "events"."id" = ?

SELECT "accounts".* FROM "accounts" WHERE "accounts"."id" = ? LIMIT ?

SELECT "boards".* FROM "boards" WHERE "boards"."id" = ? LIMIT ?

SELECT "webhooks".* FROM "webhooks" WHERE "webhooks"."active" = ? AND "webhooks"."board_id" = ? AND (subscribed_actions LIKE ?) ORDER BY "webhooks"."id" ASC LIMIT ?

SELECT "accounts".* FROM "accounts" WHERE "accounts"."id" = ? LIMIT ?

SELECT "accounts".* FROM "accounts" WHERE "accounts"."id" = ? LIMIT ?

SELECT "cards".* FROM "cards" WHERE "cards"."id" = ?

SELECT "users".* FROM "users" WHERE "users"."id" = ?

SELECT "accounts".* FROM "accounts" WHERE "accounts"."id" = ? LIMIT ?

SELECT "action_text_rich_texts".* FROM "action_text_rich_texts" WHERE "action_text_rich_texts"."record_id" = ? AND "action_text_rich_texts"."record_type" = ? AND "action_text_rich_texts"."name" = ? LIMIT ?

SELECT "boards".* FROM "boards" WHERE "boards"."id" = ? LIMIT ?

SELECT "users".* FROM "users" INNER JOIN "accesses" ON "users"."id" = "accesses"."user_id" WHERE "accesses"."board_id" = ?

SELECT "accounts".* FROM "accounts" WHERE "accounts"."id" = ? LIMIT ?

SELECT "accounts".* FROM "accounts" WHERE "accounts"."id" = ? LIMIT ?

SELECT "accounts".* FROM "accounts" WHERE "accounts"."id" = ? LIMIT ?

SELECT "accounts".* FROM "accounts" WHERE "accounts"."id" = ? LIMIT ?

SELECT "accounts".* FROM "accounts" WHERE "accounts"."id" = ? LIMIT ?

SELECT "accounts".* FROM "accounts" WHERE "accounts"."id" = ? LIMIT ?

SELECT "accounts".* FROM "accounts" WHERE "accounts"."id" = ? LIMIT ?

SELECT "boards".* FROM "boards" WHERE "boards"."id" = ? LIMIT ?

SELECT SUM("active_storage_blobs"."byte_size") FROM "active_storage_blobs" INNER JOIN "active_storage_attachments" ON "active_storage_attachments"."blob_id" = "active_storage_blobs"."id" WHERE "active_storage_blobs"."id" IN (SELECT "active_storage_attachments"."blob_id" FROM "active_storage_attachments" WHERE ("active_storage_attachments"."record_type" = ? AND "active_storage_attachments"."record_id" IN (SELECT "cards"."id" FROM "cards" WHERE "cards"."board_id" = ?) AND "active_storage_attachments"."name" = ? OR "active_storage_attachments"."record_type" = ? AND "active_storage_attachments"."record_id" IN (SELECT "action_text_rich_texts"."id" FROM "action_text_rich_texts" WHERE ("action_text_rich_texts"."record_type" = ? AND "action_text_rich_texts"."record_id" = ? AND "action_text_rich_texts"."name" = ? OR "action_text_rich_texts"."record_type" = ? AND "action_text_rich_texts"."record_id" IN (SELECT "cards"."id" FROM "cards" WHERE "cards"."board_id" = ?) AND "action_text_rich_texts"."name" = ? OR "action_text_rich_texts"."record_type" = ? AND "action_text_rich_texts"."record_id" IN (SELECT "comments"."id" FROM "comments" WHERE "comments"."card_id" IN (SELECT "cards"."id" FROM "cards" WHERE "cards"."board_id" = ?)) AND "action_text_rich_texts"."name" = ?)) AND "active_storage_attachments"."name" = ?)) AND ("active_storage_attachments"."record_type" = ? AND "active_storage_attachments"."record_id" IN (SELECT "cards"."id" FROM "cards" WHERE "cards"."board_id" = ?) AND "active_storage_attachments"."name" = ? OR "active_storage_attachments"."record_type" = ? AND "active_storage_attachments"."record_id" IN (SELECT "action_text_rich_texts"."id" FROM "action_text_rich_texts" WHERE ("action_text_rich_texts"."record_type" = ? AND "action_text_rich_texts"."record_id" = ? AND "action_text_rich_texts"."name" = ? OR "action_text_rich_texts"."record_type" = ? AND "action_text_rich_texts"."record_id" IN (SELECT "cards"."id" FROM "cards" WHERE "cards"."board_id" = ?) AND "action_text_rich_texts"."name" = ? OR "action_text_rich_texts"."record_type" = ? AND "action_text_rich_texts"."record_id" IN (SELECT "comments"."id" FROM "comments" WHERE "comments"."card_id" IN (SELECT "cards"."id" FROM "cards" WHERE "cards"."board_id" = ?)) AND "action_text_rich_texts"."name" = ?)) AND "active_storage_attachments"."name" = ?)

SAVEPOINT active_record_1

SELECT "boards".* FROM "boards" WHERE "boards"."id" = ? LIMIT ? 

UPDATE "boards" SET "bytes_used" = ?, "storage_usage_stale" = ? WHERE "boards"."id" = ?

UPDATE "accounts" SET "bytes_used" = COALESCE("accounts"."bytes_used", 0) + ? WHERE "accounts"."id" = ?

RELEASE SAVEPOINT active_record_1.
Expected: 0
  Actual: 1

bin/rails test /tests/verification_test.rb:114

............

Finished in 4.278848s, 3.5056 runs/s, 14.4899 assertions/s.
15 runs, 62 assertions, 1 failures, 0 errors, 0 skips
