Running 1519 tests in parallel using 2 processes
Run options: --seed 7660

# Running:

.........................................................................................................................................................................................................................................................................................................................................................................................................................................................................................................................................................................................................................................................................................................................................................................................................................................................................................................S..................................................................................................S..................................................................................................................................................................................................................................................................................................................................................................................................................................................................................................................................................................

Finished in 30.564169s, 49.6987 runs/s, 187.5399 assertions/s.
1519 runs, 5732 assertions, 0 failures, 0 errors, 2 skips

You have skipped tests. Run with --verbose for details.
Running 7 tests in a single process (parallelization threshold is 50)
Run options: --seed 20591

# Running:

F

Failure:
VerifierTest#test_a_daily_person_and_a_four-hourly_person_are_windowed_differently [/tests/verification_test.rb:56]:
Expected: 2
  Actual: 1

bin/rails test /tests/verification_test.rb:45

..F

Failure:
VerifierTest#test_a_late_notification_between_two_windows_lands_in_one_of_them [/tests/verification_test.rb:110]:
Expected: 2
  Actual: 1

bin/rails test /tests/verification_test.rb:100

..F

Failure:
VerifierTest#test_changing_the_frequency_takes_effect_on_the_notifications_that_follow_it [/tests/verification_test.rb:71]:
Expected: 1
  Actual: 0

bin/rails test /tests/verification_test.rb:60



Finished in 1.841051s, 3.8022 runs/s, 26.0721 assertions/s.
7 runs, 48 assertions, 3 failures, 0 errors, 0 skips
