Running 1546 tests in parallel using 2 processes
Run options: --seed 50760

# Running:

.................................................................................................................................................................................................................................................................................................................................................................................................................................................................................................................................................................................................................................................................................................................................................................................................................................................................................................................................................................................................................................................................................................................................................................................................................................................................................................................................................................................................................................................................................................................................................................................................SS.......

Finished in 35.696317s, 43.3098 runs/s, 163.9105 assertions/s.
1546 runs, 5851 assertions, 0 failures, 0 errors, 2 skips

You have skipped tests. Run with --verbose for details.
Running 6 tests in a single process (parallelization threshold is 50)
Run options: --seed 57183

# Running:

Capybara starting Puma...
* Version 7.2.1, codename: On The Corner
* Min threads: 0, max threads: 4
* Listening on http://127.0.0.1:44153
2026-09-22 23:40:12 INFO Selenium [:logger_info] Details on how to use and modify Selenium logger:
  https://selenium.dev/documentation/webdriver/troubleshooting/logging

2026-09-22 23:40:12 WARN Selenium [:selenium_manager] Exception managing chrome: error sending request for url (https://googlechromelabs.github.io/chrome-for-testing/known-good-versions-with-downloads.json) 
2026-09-22 23:40:12 WARN Selenium [:selenium_manager] Error sending stats to Plausible: error sending request for url (https://plausible.io/api/event) 
......

Finished in 17.721558s, 0.3386 runs/s, 0.8464 assertions/s.
6 runs, 15 assertions, 0 failures, 0 errors, 0 skips
