Running 1542 tests in parallel using 2 processes
Run options: --seed 48047

# Running:

..............S..........S............................................................................................................................................................................................................................................................................................................................................................................................................................................................................................................................................................................................................................................................................................................................................................................................................................................................................................................................................................................................................................................................................................................................................................................................................................................................................................................................................................................................................................................................................................................................................................................

Finished in 27.954660s, 55.1607 runs/s, 208.5162 assertions/s.
1542 runs, 5829 assertions, 0 failures, 0 errors, 2 skips

You have skipped tests. Run with --verbose for details.
Running 7 tests in a single process (parallelization threshold is 50)
Run options: --seed 17132

# Running:

......Dropped database 'tmp/legacy.sqlite3'
== 20260710000000 AddAccountIdToRemainingTenantTables: migrating ==============
-- add_column(:accesses, :account_id, :uuid)
   -> 0.0009s
-- add_column(:assignments, :account_id, :uuid)
   -> 0.0007s
-- add_column(:board_publications, :account_id, :uuid)
   -> 0.0006s
-- add_column(:card_activity_spikes, :account_id, :uuid)
   -> 0.0006s
-- add_column(:card_goldnesses, :account_id, :uuid)
   -> 0.0006s
-- add_column(:card_not_nows, :account_id, :uuid)
   -> 0.0006s
-- add_column(:closures, :account_id, :uuid)
   -> 0.0006s
-- add_column(:pins, :account_id, :uuid)
   -> 0.0006s
-- add_column(:search_queries, :account_id, :uuid)
   -> 0.0006s
-- add_column(:taggings, :account_id, :uuid)
   -> 0.0006s
-- add_column(:user_settings, :account_id, :uuid)
   -> 0.0006s
-- add_column(:watches, :account_id, :uuid)
   -> 0.0006s
-- add_column(:webhook_delinquency_trackers, :account_id, :uuid)
   -> 0.0006s
-- add_column(:webhook_deliveries, :account_id, :uuid)
   -> 0.0006s
-- add_column(:entropies, :account_id, :uuid)
   -> 0.0006s
-- add_column(:mentions, :account_id, :uuid)
   -> 0.0006s
-- add_column(:reactions, :account_id, :uuid)
   -> 0.0006s
-- add_column(:action_text_rich_texts, :account_id, :uuid)
   -> 0.0006s
-- add_column(:active_storage_attachments, :account_id, :uuid)
   -> 0.0006s
-- add_column(:active_storage_blobs, :account_id, :uuid)
   -> 0.0006s
-- add_column(:active_storage_variant_records, :account_id, :uuid)
   -> 0.0006s
-- execute("UPDATE boards\nSET account_id = (\n  SELECT users.account_id FROM users\n  WHERE users.id = boards.creator_id\n)\nWHERE account_id IS NULL\n")
   -> 0.0001s
-- execute("UPDATE cards\nSET account_id = (\n  SELECT boards.account_id FROM boards\n  WHERE boards.id = cards.board_id\n)\nWHERE account_id IS NULL\n")
   -> 0.0001s
-- execute("UPDATE columns\nSET account_id = (\n  SELECT boards.account_id FROM boards\n  WHERE boards.id = columns.board_id\n)\nWHERE account_id IS NULL\n")
   -> 0.0001s
-- execute("UPDATE comments\nSET account_id = (\n  SELECT cards.account_id FROM cards\n  WHERE cards.id = comments.card_id\n)\nWHERE account_id IS NULL\n")
   -> 0.0001s
-- execute("UPDATE events\nSET account_id = (\n  SELECT boards.account_id FROM boards\n  WHERE boards.id = events.board_id\n)\nWHERE account_id IS NULL\n")
   -> 0.0001s
-- execute("UPDATE filters\nSET account_id = (\n  SELECT users.account_id FROM users\n  WHERE users.id = filters.creator_id\n)\nWHERE account_id IS NULL\n")
   -> 0.0001s
-- execute("UPDATE notification_bundles\nSET account_id = (\n  SELECT users.account_id FROM users\n  WHERE users.id = notification_bundles.user_id\n)\nWHERE account_id IS NULL\n")
   -> 0.0001s
-- execute("UPDATE notifications\nSET account_id = (\n  SELECT users.account_id FROM users\n  WHERE users.id = notifications.user_id\n)\nWHERE account_id IS NULL\n")
   -> 0.0001s
-- execute("UPDATE push_subscriptions\nSET account_id = (\n  SELECT users.account_id FROM users\n  WHERE users.id = push_subscriptions.user_id\n)\nWHERE account_id IS NULL\n")
   -> 0.0001s
-- execute("UPDATE steps\nSET account_id = (\n  SELECT cards.account_id FROM cards\n  WHERE cards.id = steps.card_id\n)\nWHERE account_id IS NULL\n")
   -> 0.0001s
-- execute("UPDATE webhooks\nSET account_id = (\n  SELECT boards.account_id FROM boards\n  WHERE boards.id = webhooks.board_id\n)\nWHERE account_id IS NULL\n")
   -> 0.0001s
-- execute("UPDATE accesses\nSET account_id = (\n  SELECT boards.account_id FROM boards\n  WHERE boards.id = accesses.board_id\n)\nWHERE account_id IS NULL\n")
   -> 0.0001s
-- execute("UPDATE assignments\nSET account_id = (\n  SELECT cards.account_id FROM cards\n  WHERE cards.id = assignments.card_id\n)\nWHERE account_id IS NULL\n")
   -> 0.0001s
-- execute("UPDATE board_publications\nSET account_id = (\n  SELECT boards.account_id FROM boards\n  WHERE boards.id = board_publications.board_id\n)\nWHERE account_id IS NULL\n")
   -> 0.0001s
-- execute("UPDATE card_activity_spikes\nSET account_id = (\n  SELECT cards.account_id FROM cards\n  WHERE cards.id = card_activity_spikes.card_id\n)\nWHERE account_id IS NULL\n")
   -> 0.0001s
-- execute("UPDATE card_goldnesses\nSET account_id = (\n  SELECT cards.account_id FROM cards\n  WHERE cards.id = card_goldnesses.card_id\n)\nWHERE account_id IS NULL\n")
   -> 0.0001s
-- execute("UPDATE card_not_nows\nSET account_id = (\n  SELECT cards.account_id FROM cards\n  WHERE cards.id = card_not_nows.card_id\n)\nWHERE account_id IS NULL\n")
   -> 0.0001s
-- execute("UPDATE closures\nSET account_id = (\n  SELECT cards.account_id FROM cards\n  WHERE cards.id = closures.card_id\n)\nWHERE account_id IS NULL\n")
   -> 0.0001s
-- execute("UPDATE pins\nSET account_id = (\n  SELECT cards.account_id FROM cards\n  WHERE cards.id = pins.card_id\n)\nWHERE account_id IS NULL\n")
   -> 0.0001s
-- execute("UPDATE search_queries\nSET account_id = (\n  SELECT users.account_id FROM users\n  WHERE users.id = search_queries.user_id\n)\nWHERE account_id IS NULL\n")
   -> 0.0001s
-- execute("UPDATE taggings\nSET account_id = (\n  SELECT cards.account_id FROM cards\n  WHERE cards.id = taggings.card_id\n)\nWHERE account_id IS NULL\n")
   -> 0.0001s
-- execute("UPDATE user_settings\nSET account_id = (\n  SELECT users.account_id FROM users\n  WHERE users.id = user_settings.user_id\n)\nWHERE account_id IS NULL\n")
   -> 0.0001s
-- execute("UPDATE watches\nSET account_id = (\n  SELECT cards.account_id FROM cards\n  WHERE cards.id = watches.card_id\n)\nWHERE account_id IS NULL\n")
   -> 0.0001s
-- execute("UPDATE webhook_delinquency_trackers\nSET account_id = (\n  SELECT webhooks.account_id FROM webhooks\n  WHERE webhooks.id = webhook_delinquency_trackers.webhook_id\n)\nWHERE account_id IS NULL\n")
   -> 0.0001s
-- execute("UPDATE webhook_deliveries\nSET account_id = (\n  SELECT webhooks.account_id FROM webhooks\n  WHERE webhooks.id = webhook_deliveries.webhook_id\n)\nWHERE account_id IS NULL\n")
   -> 0.0001s
-- execute("UPDATE entropies SET account_id = container_id WHERE account_id IS NULL AND container_type = 'Account'")
   -> 0.0001s
-- execute("UPDATE entropies\nSET account_id = (\n  SELECT boards.account_id FROM boards\n  WHERE boards.id = entropies.container_id\n)\nWHERE account_id IS NULL AND container_type = 'Board'\n")
   -> 0.0001s
-- execute("UPDATE mentions\nSET account_id = (\n  SELECT cards.account_id FROM cards\n  WHERE cards.id = mentions.source_id\n)\nWHERE account_id IS NULL AND source_type = 'Card'\n")
   -> 0.0001s
-- execute("UPDATE mentions\nSET account_id = (\n  SELECT comments.account_id FROM comments\n  WHERE comments.id = mentions.source_id\n)\nWHERE account_id IS NULL AND source_type = 'Comment'\n")
   -> 0.0001s
-- execute("UPDATE reactions\nSET account_id = (\n  SELECT cards.account_id FROM cards\n  WHERE cards.id = reactions.reactable_id\n)\nWHERE account_id IS NULL AND reactable_type = 'Card'\n")
   -> 0.0001s
-- execute("UPDATE reactions\nSET account_id = (\n  SELECT comments.account_id FROM comments\n  WHERE comments.id = reactions.reactable_id\n)\nWHERE account_id IS NULL AND reactable_type = 'Comment'\n")
   -> 0.0001s
-- execute("UPDATE action_text_rich_texts\nSET account_id = (\n  SELECT cards.account_id FROM cards\n  WHERE cards.id = action_text_rich_texts.record_id\n)\nWHERE account_id IS NULL AND record_type = 'Card'\n")
   -> 0.0001s
-- execute("UPDATE action_text_rich_texts\nSET account_id = (\n  SELECT comments.account_id FROM comments\n  WHERE comments.id = action_text_rich_texts.record_id\n)\nWHERE account_id IS NULL AND record_type = 'Comment'\n")
   -> 0.0001s
-- execute("UPDATE action_text_rich_texts\nSET account_id = (\n  SELECT boards.account_id FROM boards\n  WHERE boards.id = action_text_rich_texts.record_id\n)\nWHERE account_id IS NULL AND record_type = 'Board'\n")
   -> 0.0001s
-- execute("UPDATE active_storage_attachments\nSET account_id = (\n  SELECT cards.account_id FROM cards\n  WHERE cards.id = active_storage_attachments.record_id\n)\nWHERE account_id IS NULL AND record_type = 'Card'\n")
   -> 0.0001s
-- execute("UPDATE active_storage_attachments\nSET account_id = (\n  SELECT comments.account_id FROM comments\n  WHERE comments.id = active_storage_attachments.record_id\n)\nWHERE account_id IS NULL AND record_type = 'Comment'\n")
   -> 0.0001s
-- execute("UPDATE active_storage_attachments\nSET account_id = (\n  SELECT boards.account_id FROM boards\n  WHERE boards.id = active_storage_attachments.record_id\n)\nWHERE account_id IS NULL AND record_type = 'Board'\n")
   -> 0.0001s
-- execute("UPDATE active_storage_attachments\nSET account_id = (\n  SELECT users.account_id FROM users\n  WHERE users.id = active_storage_attachments.record_id\n)\nWHERE account_id IS NULL AND record_type = 'User'\n")
   -> 0.0001s
-- execute("UPDATE active_storage_attachments\nSET account_id = (\n  SELECT action_text_rich_texts.account_id FROM action_text_rich_texts\n  WHERE action_text_rich_texts.id = active_storage_attachments.record_id\n)\nWHERE account_id IS NULL AND record_type = 'ActionText::RichText'\n")
   -> 0.0001s
-- execute("UPDATE active_storage_attachments\nSET account_id = (\n  SELECT exports.account_id FROM exports\n  WHERE exports.id = active_storage_attachments.record_id\n)\nWHERE account_id IS NULL AND record_type = 'Export'\n")
   -> 0.0001s
-- execute("UPDATE active_storage_attachments\nSET account_id = (\n  SELECT account_imports.account_id FROM account_imports\n  WHERE account_imports.id = active_storage_attachments.record_id\n)\nWHERE account_id IS NULL AND record_type = 'Account::Import'\n")
   -> 0.0001s
-- execute("UPDATE active_storage_blobs\nSET account_id = (\n  SELECT account_id FROM active_storage_attachments\n  WHERE active_storage_attachments.blob_id = active_storage_blobs.id\n  LIMIT 1\n)\nWHERE account_id IS NULL\n")
   -> 0.0001s
-- execute("UPDATE active_storage_variant_records\nSET account_id = (\n  SELECT active_storage_blobs.account_id FROM active_storage_blobs\n  WHERE active_storage_blobs.id = active_storage_variant_records.blob_id\n)\nWHERE account_id IS NULL\n")
   -> 0.0001s
-- execute("UPDATE active_storage_attachments\nSET account_id = (\n  SELECT active_storage_variant_records.account_id FROM active_storage_variant_records\n  WHERE active_storage_variant_records.id = active_storage_attachments.record_id\n)\nWHERE account_id IS NULL AND record_type = 'ActiveStorage::VariantRecord'\n")
   -> 0.0001s
-- execute("UPDATE active_storage_blobs\nSET account_id = (\n  SELECT account_id FROM active_storage_attachments\n  WHERE active_storage_attachments.blob_id = active_storage_blobs.id\n  LIMIT 1\n)\nWHERE account_id IS NULL\n")
   -> 0.0001s
-- execute("DELETE FROM boards WHERE account_id IS NULL")
   -> 0.0001s
-- execute("DELETE FROM cards WHERE account_id IS NULL")
   -> 0.0001s
-- execute("DELETE FROM columns WHERE account_id IS NULL")
   -> 0.0001s
-- execute("DELETE FROM comments WHERE account_id IS NULL")
   -> 0.0001s
-- execute("DELETE FROM events WHERE account_id IS NULL")
   -> 0.0001s
-- execute("DELETE FROM filters WHERE account_id IS NULL")
   -> 0.0001s
-- execute("DELETE FROM notification_bundles WHERE account_id IS NULL")
   -> 0.0001s
-- execute("DELETE FROM notifications WHERE account_id IS NULL")
   -> 0.0001s
-- execute("DELETE FROM push_subscriptions WHERE account_id IS NULL")
   -> 0.0001s
-- execute("DELETE FROM steps WHERE account_id IS NULL")
   -> 0.0001s
-- execute("DELETE FROM webhooks WHERE account_id IS NULL")
   -> 0.0001s
-- execute("DELETE FROM users WHERE account_id IS NULL")
   -> 0.0001s
-- execute("DELETE FROM account_join_codes WHERE account_id IS NULL")
   -> 0.0001s
-- execute("DELETE FROM account_imports WHERE account_id IS NULL")
   -> 0.0001s
-- execute("DELETE FROM tags WHERE account_id IS NULL")
   -> 0.0001s
-- execute("DELETE FROM accesses WHERE account_id IS NULL")
   -> 0.0001s
-- execute("DELETE FROM assignments WHERE account_id IS NULL")
   -> 0.0001s
-- execute("DELETE FROM board_publications WHERE account_id IS NULL")
   -> 0.0001s
-- execute("DELETE FROM card_activity_spikes WHERE account_id IS NULL")
   -> 0.0001s
-- execute("DELETE FROM card_goldnesses WHERE account_id IS NULL")
   -> 0.0001s
-- execute("DELETE FROM card_not_nows WHERE account_id IS NULL")
   -> 0.0001s
-- execute("DELETE FROM closures WHERE account_id IS NULL")
   -> 0.0001s
-- execute("DELETE FROM pins WHERE account_id IS NULL")
   -> 0.0001s
-- execute("DELETE FROM search_queries WHERE account_id IS NULL")
   -> 0.0001s
-- execute("DELETE FROM taggings WHERE account_id IS NULL")
   -> 0.0001s
-- execute("DELETE FROM user_settings WHERE account_id IS NULL")
   -> 0.0001s
-- execute("DELETE FROM watches WHERE account_id IS NULL")
   -> 0.0001s
-- execute("DELETE FROM webhook_delinquency_trackers WHERE account_id IS NULL")
   -> 0.0001s
-- execute("DELETE FROM webhook_deliveries WHERE account_id IS NULL")
   -> 0.0001s
-- execute("DELETE FROM entropies WHERE account_id IS NULL")
   -> 0.0001s
-- execute("DELETE FROM mentions WHERE account_id IS NULL")
   -> 0.0001s
-- execute("DELETE FROM reactions WHERE account_id IS NULL")
   -> 0.0001s
-- execute("DELETE FROM action_text_rich_texts WHERE account_id IS NULL")
   -> 0.0001s
-- execute("DELETE FROM active_storage_attachments WHERE account_id IS NULL")
   -> 0.0001s
-- execute("DELETE FROM active_storage_blobs WHERE account_id IS NULL")
   -> 0.0001s
-- execute("DELETE FROM active_storage_variant_records WHERE account_id IS NULL")
   -> 0.0001s
-- remove_index(:tags, {column: :title, unique: true})
   -> 0.0005s
-- add_index(:tags, [:account_id, :title], {unique: true})
   -> 0.0002s
-- change_column_null(:boards, :account_id, false)
   -> 0.0049s
-- indexes(:boards)
   -> 0.0001s
-- add_index(:boards, :account_id)
   -> 0.0002s
-- change_column_null(:cards, :account_id, false)
   -> 0.0100s
-- indexes(:cards)
   -> 0.0005s
-- change_column_null(:columns, :account_id, false)
   -> 0.0052s
-- indexes(:columns)
   -> 0.0002s
-- add_index(:columns, :account_id)
   -> 0.0002s
-- change_column_null(:comments, :account_id, false)
   -> 0.0038s
-- indexes(:comments)
   -> 0.0001s
-- add_index(:comments, :account_id)
   -> 0.0001s
-- change_column_null(:events, :account_id, false)
   -> 0.0100s
-- indexes(:events)
   -> 0.0004s
-- add_index(:events, :account_id)
   -> 0.0002s
-- change_column_null(:filters, :account_id, false)
   -> 0.0044s
-- indexes(:filters)
   -> 0.0001s
-- add_index(:filters, :account_id)
   -> 0.0001s
-- change_column_null(:notification_bundles, :account_id, false)
   -> 0.0066s
-- indexes(:notification_bundles)
   -> 0.0003s
-- add_index(:notification_bundles, :account_id)
   -> 0.0001s
-- change_column_null(:notifications, :account_id, false)
   -> 0.0101s
-- indexes(:notifications)
   -> 0.0005s
-- add_index(:notifications, :account_id)
   -> 0.0002s
-- change_column_null(:push_subscriptions, :account_id, false)
   -> 0.0045s
-- indexes(:push_subscriptions)
   -> 0.0002s
-- add_index(:push_subscriptions, :account_id)
   -> 0.0002s
-- change_column_null(:steps, :account_id, false)
   -> 0.0051s
-- indexes(:steps)
   -> 0.0003s
-- add_index(:steps, :account_id)
   -> 0.0001s
-- change_column_null(:webhooks, :account_id, false)
   -> 0.0048s
-- indexes(:webhooks)
   -> 0.0001s
-- add_index(:webhooks, :account_id)
   -> 0.0001s
-- change_column_null(:users, :account_id, false)
   -> 0.0071s
-- indexes(:users)
   -> 0.0003s
-- change_column_null(:account_join_codes, :account_id, false)
   -> 0.0042s
-- indexes(:account_join_codes)
   -> 0.0001s
-- add_index(:account_join_codes, :account_id)
   -> 0.0001s
-- change_column_null(:account_imports, :account_id, false)
   -> 0.0057s
-- indexes(:account_imports)
   -> 0.0002s
-- change_column_null(:tags, :account_id, false)
   -> 0.0039s
-- indexes(:tags)
   -> 0.0001s
-- change_column_null(:accesses, :account_id, false)
   -> 0.0082s
-- indexes(:accesses)
   -> 0.0005s
-- add_index(:accesses, :account_id)
   -> 0.0002s
-- change_column_null(:assignments, :account_id, false)
   -> 0.0054s
-- indexes(:assignments)
   -> 0.0003s
-- add_index(:assignments, :account_id)
   -> 0.0002s
-- change_column_null(:board_publications, :account_id, false)
   -> 0.0052s
-- indexes(:board_publications)
   -> 0.0002s
-- add_index(:board_publications, :account_id)
   -> 0.0002s
-- change_column_null(:card_activity_spikes, :account_id, false)
   -> 0.0039s
-- indexes(:card_activity_spikes)
   -> 0.0001s
-- add_index(:card_activity_spikes, :account_id)
   -> 0.0002s
-- change_column_null(:card_goldnesses, :account_id, false)
   -> 0.0307s
-- indexes(:card_goldnesses)
   -> 0.0001s
-- add_index(:card_goldnesses, :account_id)
   -> 0.0002s
-- change_column_null(:card_not_nows, :account_id, false)
   -> 0.0063s
-- indexes(:card_not_nows)
   -> 0.0002s
-- add_index(:card_not_nows, :account_id)
   -> 0.0002s
-- change_column_null(:closures, :account_id, false)
   -> 0.0068s
-- indexes(:closures)
   -> 0.0003s
-- add_index(:closures, :account_id)
   -> 0.0002s
-- change_column_null(:pins, :account_id, false)
   -> 0.0063s
-- indexes(:pins)
   -> 0.0003s
-- add_index(:pins, :account_id)
   -> 0.0008s
-- change_column_null(:search_queries, :account_id, false)
   -> 0.0062s
-- indexes(:search_queries)
   -> 0.0003s
-- add_index(:search_queries, :account_id)
   -> 0.0002s
-- change_column_null(:taggings, :account_id, false)
   -> 0.0056s
-- indexes(:taggings)
   -> 0.0002s
-- add_index(:taggings, :account_id)
   -> 0.0001s
-- change_column_null(:user_settings, :account_id, false)
   -> 0.0055s
-- indexes(:user_settings)
   -> 0.0002s
-- add_index(:user_settings, :account_id)
   -> 0.0002s
-- change_column_null(:watches, :account_id, false)
   -> 0.0067s
-- indexes(:watches)
   -> 0.0003s
-- add_index(:watches, :account_id)
   -> 0.0002s
-- change_column_null(:webhook_delinquency_trackers, :account_id, false)
   -> 0.0043s
-- indexes(:webhook_delinquency_trackers)
   -> 0.0001s
-- add_index(:webhook_delinquency_trackers, :account_id)
   -> 0.0002s
-- change_column_null(:webhook_deliveries, :account_id, false)
   -> 0.0069s
-- indexes(:webhook_deliveries)
   -> 0.0003s
-- add_index(:webhook_deliveries, :account_id)
   -> 0.0002s
-- change_column_null(:entropies, :account_id, false)
   -> 0.0054s
-- indexes(:entropies)
   -> 0.0002s
-- add_index(:entropies, :account_id)
   -> 0.0002s
-- change_column_null(:mentions, :account_id, false)
   -> 0.0065s
-- indexes(:mentions)
   -> 0.0003s
-- add_index(:mentions, :account_id)
   -> 0.0002s
-- change_column_null(:reactions, :account_id, false)
   -> 0.0070s
-- indexes(:reactions)
   -> 0.0003s
-- add_index(:reactions, :account_id)
   -> 0.0002s
-- change_column_null(:action_text_rich_texts, :account_id, false)
   -> 0.0050s
-- indexes(:action_text_rich_texts)
   -> 0.0001s
-- add_index(:action_text_rich_texts, :account_id)
   -> 0.0002s
-- change_column_null(:active_storage_attachments, :account_id, false)
   -> 0.0054s
-- indexes(:active_storage_attachments)
   -> 0.0002s
-- add_index(:active_storage_attachments, :account_id)
   -> 0.0002s
-- change_column_null(:active_storage_blobs, :account_id, false)
   -> 0.0048s
-- indexes(:active_storage_blobs)
   -> 0.0001s
-- add_index(:active_storage_blobs, :account_id)
   -> 0.0002s
-- change_column_null(:active_storage_variant_records, :account_id, false)
   -> 0.0040s
-- indexes(:active_storage_variant_records)
   -> 0.0002s
-- add_index(:active_storage_variant_records, :account_id)
   -> 0.0002s
== 20260710000000 AddAccountIdToRemainingTenantTables: migrated (0.2728s) =====

== 20260710000000 AddAccountIdToRemainingTenantTables: reverting ==============
-- change_column_null(:active_storage_variant_records, :account_id, true)
   -> 0.0176s
-- change_column_null(:active_storage_blobs, :account_id, true)
   -> 0.0104s
-- change_column_null(:active_storage_attachments, :account_id, true)
   -> 0.0066s
-- change_column_null(:action_text_rich_texts, :account_id, true)
   -> 0.0065s
-- change_column_null(:reactions, :account_id, true)
   -> 0.0071s
-- change_column_null(:mentions, :account_id, true)
   -> 0.0079s
-- change_column_null(:entropies, :account_id, true)
   -> 0.0070s
-- change_column_null(:webhook_deliveries, :account_id, true)
   -> 0.0111s
-- change_column_null(:webhook_delinquency_trackers, :account_id, true)
   -> 0.0051s
-- change_column_null(:watches, :account_id, true)
   -> 0.0071s
-- change_column_null(:user_settings, :account_id, true)
   -> 0.0063s
-- change_column_null(:taggings, :account_id, true)
   -> 0.0060s
-- change_column_null(:search_queries, :account_id, true)
   -> 0.0072s
-- change_column_null(:pins, :account_id, true)
   -> 0.0071s
-- change_column_null(:closures, :account_id, true)
   -> 0.0071s
-- change_column_null(:card_not_nows, :account_id, true)
   -> 0.0061s
-- change_column_null(:card_goldnesses, :account_id, true)
   -> 0.0048s
-- change_column_null(:card_activity_spikes, :account_id, true)
   -> 0.0050s
-- change_column_null(:board_publications, :account_id, true)
   -> 0.0063s
-- change_column_null(:assignments, :account_id, true)
   -> 0.0065s
-- change_column_null(:accesses, :account_id, true)
   -> 0.0092s
-- change_column_null(:tags, :account_id, true)
   -> 0.0287s
-- change_column_null(:account_imports, :account_id, true)
   -> 0.0063s
-- change_column_null(:account_join_codes, :account_id, true)
   -> 0.0062s
-- change_column_null(:users, :account_id, true)
   -> 0.0077s
-- change_column_null(:webhooks, :account_id, true)
   -> 0.0061s
-- change_column_null(:steps, :account_id, true)
   -> 0.0067s
-- change_column_null(:push_subscriptions, :account_id, true)
   -> 0.0057s
-- change_column_null(:notifications, :account_id, true)
   -> 0.0111s
-- change_column_null(:notification_bundles, :account_id, true)
   -> 0.0074s
-- change_column_null(:filters, :account_id, true)
   -> 0.0054s
-- change_column_null(:events, :account_id, true)
   -> 0.0103s
-- change_column_null(:comments, :account_id, true)
   -> 0.0050s
-- change_column_null(:columns, :account_id, true)
   -> 0.0066s
-- change_column_null(:cards, :account_id, true)
   -> 0.0091s
-- change_column_null(:boards, :account_id, true)
   -> 0.0050s
-- remove_index(:tags, [:account_id, :title], {unique: true})
   -> 0.0003s
-- add_index(:tags, :title, {unique: true})
   -> 0.0002s
-- remove_column(:active_storage_variant_records, :account_id, :uuid)
   -> 0.0042s
-- remove_column(:active_storage_blobs, :account_id, :uuid)
   -> 0.0054s
-- remove_column(:active_storage_attachments, :account_id, :uuid)
   -> 0.0057s
-- remove_column(:action_text_rich_texts, :account_id, :uuid)
   -> 0.0050s
-- remove_column(:reactions, :account_id, :uuid)
   -> 0.0060s
-- remove_column(:mentions, :account_id, :uuid)
   -> 0.0230s
-- remove_column(:entropies, :account_id, :uuid)
   -> 0.0068s
-- remove_column(:webhook_deliveries, :account_id, :uuid)
   -> 0.0084s
-- remove_column(:webhook_delinquency_trackers, :account_id, :uuid)
   -> 0.0051s
-- remove_column(:watches, :account_id, :uuid)
   -> 0.0071s
-- remove_column(:user_settings, :account_id, :uuid)
   -> 0.0060s
-- remove_column(:taggings, :account_id, :uuid)
   -> 0.0058s
-- remove_column(:search_queries, :account_id, :uuid)
   -> 0.0063s
-- remove_column(:pins, :account_id, :uuid)
   -> 0.0067s
-- remove_column(:closures, :account_id, :uuid)
   -> 0.0062s
-- remove_column(:card_not_nows, :account_id, :uuid)
   -> 0.0056s
-- remove_column(:card_goldnesses, :account_id, :uuid)
   -> 0.0044s
-- remove_column(:card_activity_spikes, :account_id, :uuid)
   -> 0.0043s
-- remove_column(:board_publications, :account_id, :uuid)
   -> 0.0055s
-- remove_column(:assignments, :account_id, :uuid)
   -> 0.0057s
-- remove_column(:accesses, :account_id, :uuid)
   -> 0.0077s
== 20260710000000 AddAccountIdToRemainingTenantTables: reverted (0.4707s) =====

== 20260710000000 AddAccountIdToRemainingTenantTables: migrating ==============
-- add_column(:accesses, :account_id, :uuid)
   -> 0.0010s
-- add_column(:assignments, :account_id, :uuid)
   -> 0.0006s
-- add_column(:board_publications, :account_id, :uuid)
   -> 0.0006s
-- add_column(:card_activity_spikes, :account_id, :uuid)
   -> 0.0006s
-- add_column(:card_goldnesses, :account_id, :uuid)
   -> 0.0006s
-- add_column(:card_not_nows, :account_id, :uuid)
   -> 0.0006s
-- add_column(:closures, :account_id, :uuid)
   -> 0.0006s
-- add_column(:pins, :account_id, :uuid)
   -> 0.0006s
-- add_column(:search_queries, :account_id, :uuid)
   -> 0.0006s
-- add_column(:taggings, :account_id, :uuid)
   -> 0.0006s
-- add_column(:user_settings, :account_id, :uuid)
   -> 0.0006s
-- add_column(:watches, :account_id, :uuid)
   -> 0.0006s
-- add_column(:webhook_delinquency_trackers, :account_id, :uuid)
   -> 0.0006s
-- add_column(:webhook_deliveries, :account_id, :uuid)
   -> 0.0006s
-- add_column(:entropies, :account_id, :uuid)
   -> 0.0006s
-- add_column(:mentions, :account_id, :uuid)
   -> 0.0006s
-- add_column(:reactions, :account_id, :uuid)
   -> 0.0006s
-- add_column(:action_text_rich_texts, :account_id, :uuid)
   -> 0.0006s
-- add_column(:active_storage_attachments, :account_id, :uuid)
   -> 0.0006s
-- add_column(:active_storage_blobs, :account_id, :uuid)
   -> 0.0006s
-- add_column(:active_storage_variant_records, :account_id, :uuid)
   -> 0.0006s
-- execute("UPDATE boards\nSET account_id = (\n  SELECT users.account_id FROM users\n  WHERE users.id = boards.creator_id\n)\nWHERE account_id IS NULL\n")
   -> 0.0001s
-- execute("UPDATE cards\nSET account_id = (\n  SELECT boards.account_id FROM boards\n  WHERE boards.id = cards.board_id\n)\nWHERE account_id IS NULL\n")
   -> 0.0001s
-- execute("UPDATE columns\nSET account_id = (\n  SELECT boards.account_id FROM boards\n  WHERE boards.id = columns.board_id\n)\nWHERE account_id IS NULL\n")
   -> 0.0001s
-- execute("UPDATE comments\nSET account_id = (\n  SELECT cards.account_id FROM cards\n  WHERE cards.id = comments.card_id\n)\nWHERE account_id IS NULL\n")
   -> 0.0001s
-- execute("UPDATE events\nSET account_id = (\n  SELECT boards.account_id FROM boards\n  WHERE boards.id = events.board_id\n)\nWHERE account_id IS NULL\n")
   -> 0.0001s
-- execute("UPDATE filters\nSET account_id = (\n  SELECT users.account_id FROM users\n  WHERE users.id = filters.creator_id\n)\nWHERE account_id IS NULL\n")
   -> 0.0001s
-- execute("UPDATE notification_bundles\nSET account_id = (\n  SELECT users.account_id FROM users\n  WHERE users.id = notification_bundles.user_id\n)\nWHERE account_id IS NULL\n")
   -> 0.0001s
-- execute("UPDATE notifications\nSET account_id = (\n  SELECT users.account_id FROM users\n  WHERE users.id = notifications.user_id\n)\nWHERE account_id IS NULL\n")
   -> 0.0001s
-- execute("UPDATE push_subscriptions\nSET account_id = (\n  SELECT users.account_id FROM users\n  WHERE users.id = push_subscriptions.user_id\n)\nWHERE account_id IS NULL\n")
   -> 0.0001s
-- execute("UPDATE steps\nSET account_id = (\n  SELECT cards.account_id FROM cards\n  WHERE cards.id = steps.card_id\n)\nWHERE account_id IS NULL\n")
   -> 0.0001s
-- execute("UPDATE webhooks\nSET account_id = (\n  SELECT boards.account_id FROM boards\n  WHERE boards.id = webhooks.board_id\n)\nWHERE account_id IS NULL\n")
   -> 0.0001s
-- execute("UPDATE accesses\nSET account_id = (\n  SELECT boards.account_id FROM boards\n  WHERE boards.id = accesses.board_id\n)\nWHERE account_id IS NULL\n")
   -> 0.0001s
-- execute("UPDATE assignments\nSET account_id = (\n  SELECT cards.account_id FROM cards\n  WHERE cards.id = assignments.card_id\n)\nWHERE account_id IS NULL\n")
   -> 0.0001s
-- execute("UPDATE board_publications\nSET account_id = (\n  SELECT boards.account_id FROM boards\n  WHERE boards.id = board_publications.board_id\n)\nWHERE account_id IS NULL\n")
   -> 0.0001s
-- execute("UPDATE card_activity_spikes\nSET account_id = (\n  SELECT cards.account_id FROM cards\n  WHERE cards.id = card_activity_spikes.card_id\n)\nWHERE account_id IS NULL\n")
   -> 0.0001s
-- execute("UPDATE card_goldnesses\nSET account_id = (\n  SELECT cards.account_id FROM cards\n  WHERE cards.id = card_goldnesses.card_id\n)\nWHERE account_id IS NULL\n")
   -> 0.0001s
-- execute("UPDATE card_not_nows\nSET account_id = (\n  SELECT cards.account_id FROM cards\n  WHERE cards.id = card_not_nows.card_id\n)\nWHERE account_id IS NULL\n")
   -> 0.0001s
-- execute("UPDATE closures\nSET account_id = (\n  SELECT cards.account_id FROM cards\n  WHERE cards.id = closures.card_id\n)\nWHERE account_id IS NULL\n")
   -> 0.0001s
-- execute("UPDATE pins\nSET account_id = (\n  SELECT cards.account_id FROM cards\n  WHERE cards.id = pins.card_id\n)\nWHERE account_id IS NULL\n")
   -> 0.0001s
-- execute("UPDATE search_queries\nSET account_id = (\n  SELECT users.account_id FROM users\n  WHERE users.id = search_queries.user_id\n)\nWHERE account_id IS NULL\n")
   -> 0.0001s
-- execute("UPDATE taggings\nSET account_id = (\n  SELECT cards.account_id FROM cards\n  WHERE cards.id = taggings.card_id\n)\nWHERE account_id IS NULL\n")
   -> 0.0001s
-- execute("UPDATE user_settings\nSET account_id = (\n  SELECT users.account_id FROM users\n  WHERE users.id = user_settings.user_id\n)\nWHERE account_id IS NULL\n")
   -> 0.0001s
-- execute("UPDATE watches\nSET account_id = (\n  SELECT cards.account_id FROM cards\n  WHERE cards.id = watches.card_id\n)\nWHERE account_id IS NULL\n")
   -> 0.0001s
-- execute("UPDATE webhook_delinquency_trackers\nSET account_id = (\n  SELECT webhooks.account_id FROM webhooks\n  WHERE webhooks.id = webhook_delinquency_trackers.webhook_id\n)\nWHERE account_id IS NULL\n")
   -> 0.0001s
-- execute("UPDATE webhook_deliveries\nSET account_id = (\n  SELECT webhooks.account_id FROM webhooks\n  WHERE webhooks.id = webhook_deliveries.webhook_id\n)\nWHERE account_id IS NULL\n")
   -> 0.0001s
-- execute("UPDATE entropies SET account_id = container_id WHERE account_id IS NULL AND container_type = 'Account'")
   -> 0.0001s
-- execute("UPDATE entropies\nSET account_id = (\n  SELECT boards.account_id FROM boards\n  WHERE boards.id = entropies.container_id\n)\nWHERE account_id IS NULL AND container_type = 'Board'\n")
   -> 0.0001s
-- execute("UPDATE mentions\nSET account_id = (\n  SELECT cards.account_id FROM cards\n  WHERE cards.id = mentions.source_id\n)\nWHERE account_id IS NULL AND source_type = 'Card'\n")
   -> 0.0001s
-- execute("UPDATE mentions\nSET account_id = (\n  SELECT comments.account_id FROM comments\n  WHERE comments.id = mentions.source_id\n)\nWHERE account_id IS NULL AND source_type = 'Comment'\n")
   -> 0.0001s
-- execute("UPDATE reactions\nSET account_id = (\n  SELECT cards.account_id FROM cards\n  WHERE cards.id = reactions.reactable_id\n)\nWHERE account_id IS NULL AND reactable_type = 'Card'\n")
   -> 0.0002s
-- execute("UPDATE reactions\nSET account_id = (\n  SELECT comments.account_id FROM comments\n  WHERE comments.id = reactions.reactable_id\n)\nWHERE account_id IS NULL AND reactable_type = 'Comment'\n")
   -> 0.0001s
-- execute("UPDATE action_text_rich_texts\nSET account_id = (\n  SELECT cards.account_id FROM cards\n  WHERE cards.id = action_text_rich_texts.record_id\n)\nWHERE account_id IS NULL AND record_type = 'Card'\n")
   -> 0.0001s
-- execute("UPDATE action_text_rich_texts\nSET account_id = (\n  SELECT comments.account_id FROM comments\n  WHERE comments.id = action_text_rich_texts.record_id\n)\nWHERE account_id IS NULL AND record_type = 'Comment'\n")
   -> 0.0001s
-- execute("UPDATE action_text_rich_texts\nSET account_id = (\n  SELECT boards.account_id FROM boards\n  WHERE boards.id = action_text_rich_texts.record_id\n)\nWHERE account_id IS NULL AND record_type = 'Board'\n")
   -> 0.0001s
-- execute("UPDATE active_storage_attachments\nSET account_id = (\n  SELECT cards.account_id FROM cards\n  WHERE cards.id = active_storage_attachments.record_id\n)\nWHERE account_id IS NULL AND record_type = 'Card'\n")
   -> 0.0001s
-- execute("UPDATE active_storage_attachments\nSET account_id = (\n  SELECT comments.account_id FROM comments\n  WHERE comments.id = active_storage_attachments.record_id\n)\nWHERE account_id IS NULL AND record_type = 'Comment'\n")
   -> 0.0001s
-- execute("UPDATE active_storage_attachments\nSET account_id = (\n  SELECT boards.account_id FROM boards\n  WHERE boards.id = active_storage_attachments.record_id\n)\nWHERE account_id IS NULL AND record_type = 'Board'\n")
   -> 0.0001s
-- execute("UPDATE active_storage_attachments\nSET account_id = (\n  SELECT users.account_id FROM users\n  WHERE users.id = active_storage_attachments.record_id\n)\nWHERE account_id IS NULL AND record_type = 'User'\n")
   -> 0.0001s
-- execute("UPDATE active_storage_attachments\nSET account_id = (\n  SELECT action_text_rich_texts.account_id FROM action_text_rich_texts\n  WHERE action_text_rich_texts.id = active_storage_attachments.record_id\n)\nWHERE account_id IS NULL AND record_type = 'ActionText::RichText'\n")
   -> 0.0001s
-- execute("UPDATE active_storage_attachments\nSET account_id = (\n  SELECT exports.account_id FROM exports\n  WHERE exports.id = active_storage_attachments.record_id\n)\nWHERE account_id IS NULL AND record_type = 'Export'\n")
   -> 0.0001s
-- execute("UPDATE active_storage_attachments\nSET account_id = (\n  SELECT account_imports.account_id FROM account_imports\n  WHERE account_imports.id = active_storage_attachments.record_id\n)\nWHERE account_id IS NULL AND record_type = 'Account::Import'\n")
   -> 0.0001s
-- execute("UPDATE active_storage_blobs\nSET account_id = (\n  SELECT account_id FROM active_storage_attachments\n  WHERE active_storage_attachments.blob_id = active_storage_blobs.id\n  LIMIT 1\n)\nWHERE account_id IS NULL\n")
   -> 0.0001s
-- execute("UPDATE active_storage_variant_records\nSET account_id = (\n  SELECT active_storage_blobs.account_id FROM active_storage_blobs\n  WHERE active_storage_blobs.id = active_storage_variant_records.blob_id\n)\nWHERE account_id IS NULL\n")
   -> 0.0001s
-- execute("UPDATE active_storage_attachments\nSET account_id = (\n  SELECT active_storage_variant_records.account_id FROM active_storage_variant_records\n  WHERE active_storage_variant_records.id = active_storage_attachments.record_id\n)\nWHERE account_id IS NULL AND record_type = 'ActiveStorage::VariantRecord'\n")
   -> 0.0001s
-- execute("UPDATE active_storage_blobs\nSET account_id = (\n  SELECT account_id FROM active_storage_attachments\n  WHERE active_storage_attachments.blob_id = active_storage_blobs.id\n  LIMIT 1\n)\nWHERE account_id IS NULL\n")
   -> 0.0001s
-- execute("DELETE FROM boards WHERE account_id IS NULL")
   -> 0.0001s
-- execute("DELETE FROM cards WHERE account_id IS NULL")
   -> 0.0001s
-- execute("DELETE FROM columns WHERE account_id IS NULL")
   -> 0.0001s
-- execute("DELETE FROM comments WHERE account_id IS NULL")
   -> 0.0001s
-- execute("DELETE FROM events WHERE account_id IS NULL")
   -> 0.0001s
-- execute("DELETE FROM filters WHERE account_id IS NULL")
   -> 0.0001s
-- execute("DELETE FROM notification_bundles WHERE account_id IS NULL")
   -> 0.0001s
-- execute("DELETE FROM notifications WHERE account_id IS NULL")
   -> 0.0001s
-- execute("DELETE FROM push_subscriptions WHERE account_id IS NULL")
   -> 0.0001s
-- execute("DELETE FROM steps WHERE account_id IS NULL")
   -> 0.0001s
-- execute("DELETE FROM webhooks WHERE account_id IS NULL")
   -> 0.0001s
-- execute("DELETE FROM users WHERE account_id IS NULL")
   -> 0.0001s
-- execute("DELETE FROM account_join_codes WHERE account_id IS NULL")
   -> 0.0001s
-- execute("DELETE FROM account_imports WHERE account_id IS NULL")
   -> 0.0001s
-- execute("DELETE FROM tags WHERE account_id IS NULL")
   -> 0.0001s
-- execute("DELETE FROM accesses WHERE account_id IS NULL")
   -> 0.0001s
-- execute("DELETE FROM assignments WHERE account_id IS NULL")
   -> 0.0001s
-- execute("DELETE FROM board_publications WHERE account_id IS NULL")
   -> 0.0001s
-- execute("DELETE FROM card_activity_spikes WHERE account_id IS NULL")
   -> 0.0001s
-- execute("DELETE FROM card_goldnesses WHERE account_id IS NULL")
   -> 0.0001s
-- execute("DELETE FROM card_not_nows WHERE account_id IS NULL")
   -> 0.0001s
-- execute("DELETE FROM closures WHERE account_id IS NULL")
   -> 0.0001s
-- execute("DELETE FROM pins WHERE account_id IS NULL")
   -> 0.0001s
-- execute("DELETE FROM search_queries WHERE account_id IS NULL")
   -> 0.0001s
-- execute("DELETE FROM taggings WHERE account_id IS NULL")
   -> 0.0001s
-- execute("DELETE FROM user_settings WHERE account_id IS NULL")
   -> 0.0001s
-- execute("DELETE FROM watches WHERE account_id IS NULL")
   -> 0.0001s
-- execute("DELETE FROM webhook_delinquency_trackers WHERE account_id IS NULL")
   -> 0.0001s
-- execute("DELETE FROM webhook_deliveries WHERE account_id IS NULL")
   -> 0.0001s
-- execute("DELETE FROM entropies WHERE account_id IS NULL")
   -> 0.0001s
-- execute("DELETE FROM mentions WHERE account_id IS NULL")
   -> 0.0001s
-- execute("DELETE FROM reactions WHERE account_id IS NULL")
   -> 0.0001s
-- execute("DELETE FROM action_text_rich_texts WHERE account_id IS NULL")
   -> 0.0001s
-- execute("DELETE FROM active_storage_attachments WHERE account_id IS NULL")
   -> 0.0001s
-- execute("DELETE FROM active_storage_blobs WHERE account_id IS NULL")
   -> 0.0001s
-- execute("DELETE FROM active_storage_variant_records WHERE account_id IS NULL")
   -> 0.0001s
-- remove_index(:tags, {column: :title, unique: true})
   -> 0.0005s
-- add_index(:tags, [:account_id, :title], {unique: true})
   -> 0.0002s
-- change_column_null(:boards, :account_id, false)
   -> 0.0318s
-- indexes(:boards)
   -> 0.0002s
-- change_column_null(:cards, :account_id, false)
   -> 0.0118s
-- indexes(:cards)
   -> 0.0004s
-- change_column_null(:columns, :account_id, false)
   -> 0.0074s
-- indexes(:columns)
   -> 0.0003s
-- change_column_null(:comments, :account_id, false)
   -> 0.0055s
-- indexes(:comments)
   -> 0.0002s
-- change_column_null(:events, :account_id, false)
   -> 0.0396s
-- indexes(:events)
   -> 0.0044s
-- change_column_null(:filters, :account_id, false)
   -> 0.0299s
-- indexes(:filters)
   -> 0.0010s
-- change_column_null(:notification_bundles, :account_id, false)
   -> 0.0116s
-- indexes(:notification_bundles)
   -> 0.0004s
-- change_column_null(:notifications, :account_id, false)
   -> 0.0116s
-- indexes(:notifications)
   -> 0.0005s
-- change_column_null(:push_subscriptions, :account_id, false)
   -> 0.0055s
-- indexes(:push_subscriptions)
   -> 0.0002s
-- change_column_null(:steps, :account_id, false)
   -> 0.0065s
-- indexes(:steps)
   -> 0.0003s
-- change_column_null(:webhooks, :account_id, false)
   -> 0.0061s
-- indexes(:webhooks)
   -> 0.0002s
-- change_column_null(:users, :account_id, false)
   -> 0.0064s
-- indexes(:users)
   -> 0.0003s
-- change_column_null(:account_join_codes, :account_id, false)
   -> 0.0049s
-- indexes(:account_join_codes)
   -> 0.0002s
-- change_column_null(:account_imports, :account_id, false)
   -> 0.0068s
-- indexes(:account_imports)
   -> 0.0003s
-- change_column_null(:tags, :account_id, false)
   -> 0.0042s
-- indexes(:tags)
   -> 0.0001s
-- change_column_null(:accesses, :account_id, false)
   -> 0.0076s
-- indexes(:accesses)
   -> 0.0003s
-- add_index(:accesses, :account_id)
   -> 0.0002s
-- change_column_null(:assignments, :account_id, false)
   -> 0.0052s
-- indexes(:assignments)
   -> 0.0002s
-- add_index(:assignments, :account_id)
   -> 0.0001s
-- change_column_null(:board_publications, :account_id, false)
   -> 0.0049s
-- indexes(:board_publications)
   -> 0.0003s
-- add_index(:board_publications, :account_id)
   -> 0.0001s
-- change_column_null(:card_activity_spikes, :account_id, false)
   -> 0.0042s
-- indexes(:card_activity_spikes)
   -> 0.0001s
-- add_index(:card_activity_spikes, :account_id)
   -> 0.0002s
-- change_column_null(:card_goldnesses, :account_id, false)
   -> 0.0039s
-- indexes(:card_goldnesses)
   -> 0.0001s
-- add_index(:card_goldnesses, :account_id)
   -> 0.0002s
-- change_column_null(:card_not_nows, :account_id, false)
   -> 0.0051s
-- indexes(:card_not_nows)
   -> 0.0002s
-- add_index(:card_not_nows, :account_id)
   -> 0.0002s
-- change_column_null(:closures, :account_id, false)
   -> 0.0062s
-- indexes(:closures)
   -> 0.0003s
-- add_index(:closures, :account_id)
   -> 0.0002s
-- change_column_null(:pins, :account_id, false)
   -> 0.0062s
-- indexes(:pins)
   -> 0.0003s
-- add_index(:pins, :account_id)
   -> 0.0002s
-- change_column_null(:search_queries, :account_id, false)
   -> 0.0062s
-- indexes(:search_queries)
   -> 0.0003s
-- add_index(:search_queries, :account_id)
   -> 0.0002s
-- change_column_null(:taggings, :account_id, false)
   -> 0.0180s
-- indexes(:taggings)
   -> 0.0002s
-- add_index(:taggings, :account_id)
   -> 0.0002s
-- change_column_null(:user_settings, :account_id, false)
   -> 0.0057s
-- indexes(:user_settings)
   -> 0.0002s
-- add_index(:user_settings, :account_id)
   -> 0.0007s
-- change_column_null(:watches, :account_id, false)
   -> 0.0063s
-- indexes(:watches)
   -> 0.0003s
-- add_index(:watches, :account_id)
   -> 0.0002s
-- change_column_null(:webhook_delinquency_trackers, :account_id, false)
   -> 0.0044s
-- indexes(:webhook_delinquency_trackers)
   -> 0.0001s
-- add_index(:webhook_delinquency_trackers, :account_id)
   -> 0.0002s
-- change_column_null(:webhook_deliveries, :account_id, false)
   -> 0.0066s
-- indexes(:webhook_deliveries)
   -> 0.0003s
-- add_index(:webhook_deliveries, :account_id)
   -> 0.0004s
-- change_column_null(:entropies, :account_id, false)
   -> 0.0052s
-- indexes(:entropies)
   -> 0.0002s
-- add_index(:entropies, :account_id)
   -> 0.0002s
-- change_column_null(:mentions, :account_id, false)
   -> 0.0065s
-- indexes(:mentions)
   -> 0.0003s
-- add_index(:mentions, :account_id)
   -> 0.0002s
-- change_column_null(:reactions, :account_id, false)
   -> 0.0054s
-- indexes(:reactions)
   -> 0.0002s
-- add_index(:reactions, :account_id)
   -> 0.0001s
-- change_column_null(:action_text_rich_texts, :account_id, false)
   -> 0.0045s
-- indexes(:action_text_rich_texts)
   -> 0.0001s
-- add_index(:action_text_rich_texts, :account_id)
   -> 0.0001s
-- change_column_null(:active_storage_attachments, :account_id, false)
   -> 0.0052s
-- indexes(:active_storage_attachments)
   -> 0.0002s
-- add_index(:active_storage_attachments, :account_id)
   -> 0.0002s
-- change_column_null(:active_storage_blobs, :account_id, false)
   -> 0.0047s
-- indexes(:active_storage_blobs)
   -> 0.0001s
-- add_index(:active_storage_blobs, :account_id)
   -> 0.0002s
-- change_column_null(:active_storage_variant_records, :account_id, false)
   -> 0.0037s
-- indexes(:active_storage_variant_records)
   -> 0.0001s
-- add_index(:active_storage_variant_records, :account_id)
   -> 0.0002s
== 20260710000000 AddAccountIdToRemainingTenantTables: migrated (0.3556s) =====

.

Finished in 8.716561s, 0.8031 runs/s, 1.2620 assertions/s.
7 runs, 11 assertions, 0 failures, 0 errors, 0 skips
