Running 1542 tests in parallel using 2 processes
Run options: --seed 25053

# Running:

.....................................................................................................................................................................................................................................................................................................................................................................................................................................................................................................................................................................................................................................................................................................................................................................................................................................................................................................................................................................................................................................................S...................................................................................................................................................S............................................................................................................................................................................................................................................................................................................................................................................................

Finished in 28.100589s, 54.8743 runs/s, 207.4334 assertions/s.
1542 runs, 5829 assertions, 0 failures, 0 errors, 2 skips

You have skipped tests. Run with --verbose for details.
Running 6 tests in a single process (parallelization threshold is 50)
Run options: --seed 32741

# Running:

Capybara starting Puma...
* Version 7.2.1, codename: On The Corner
* Min threads: 0, max threads: 4
* Listening on http://127.0.0.1:36719
2026-09-15 10:27:49 INFO Selenium [:logger_info] Details on how to use and modify Selenium logger:
  https://selenium.dev/documentation/webdriver/troubleshooting/logging

2026-09-15 10:27:49 WARN Selenium [:selenium_manager] Exception managing chrome: error sending request for url (https://googlechromelabs.github.io/chrome-for-testing/known-good-versions-with-downloads.json) 
2026-09-15 10:27:49 WARN Selenium [:selenium_manager] Error sending stats to Plausible: error sending request for url (https://plausible.io/api/event) 
.[Screenshot Image]: /app/tmp/screenshots/failures_test_rendered_times_survive_a_live_page_refresh.png 
F

Failure:
VerifierTest#test_rendered_times_survive_a_live_page_refresh [/tests/verification_test.rb:60]:
expected to find text matching /yesterday/i in "Back to Writebook\nCard number\n6\nWRITEBOOK\nMorphing under you\nChoose a column for this card\nNOT NOW\nMAYBE?\nTRIAGE\nIN PROGRESS\nON HOLD\nREVIEW\nDONE\nADDED 2026-09-05T10:27:53Z\nBY DAVID\nUPDATED 2026-09-15T10:27:53Z\nNOT ASSIGNED\nEdit\nMark as Done\nMoves to “Not Now” Dec 14 if there’s no activity.\nDavid\n2026-09-14T23:59:00Z\nEdit this comment\nWritten then\n\nPost\nSUBSCRIBERS\n1 person will be notified when someone comments on this.\nDelete this card\nSEARCH\nPINNED\nCard number\n1\nWRITEBOOK\nDAVID\nSEP 8\n2\nJZ @mentioned you\nI agree."

bin/rails test /tests/verification_test.rb:50

....

Finished in 22.236330s, 0.2698 runs/s, 0.6746 assertions/s.
6 runs, 15 assertions, 1 failures, 0 errors, 0 skips
