Running 1545 tests in parallel using 2 processes
Run options: --seed 26182

# Running:

...................................................................................................................................................................................................................................................................................................................................................................................................................................................................................................................................................................................E

Error:
Account::IncinerateDueJobTest#test_incinerates_each_old_cancelled_account:
NameError: undefined local variable or method 'account' for an instance of Account
    app/models/account/incineratable.rb:14:in 'block (2 levels) in Account::Incineratable#incinerate'
    app/models/storage/entry.rb:12:in 'Storage::Entry.suppressing_recording'
    app/models/account/incineratable.rb:14:in 'block in Account::Incineratable#incinerate'
    app/models/account/incineratable.rb:13:in 'Account::Incineratable#incinerate'
    app/jobs/account/incinerate_due_job.rb:9:in 'block (2 levels) in Account::IncinerateDueJob#perform'
    app/jobs/account/incinerate_due_job.rb:8:in 'block in Account::IncinerateDueJob#perform'
    app/jobs/account/incinerate_due_job.rb:7:in 'Account::IncinerateDueJob#perform'
    app/models/current.rb:22:in 'Current#with_account'
    app/jobs/concerns/account_tenanted.rb:34:in 'AccountTenanted#with_account_context'
    test/jobs/account/incinerate_due_job_test.rb:31:in 'block (2 levels) in <class:IncinerateDueJobTest>'
    test/jobs/account/incinerate_due_job_test.rb:30:in 'block in <class:IncinerateDueJobTest>'

bin/rails test test/jobs/account/incinerate_due_job_test.rb:24

.E

Error:
Account::IncinerateDueJobTest#test_handles_cursor_pagination_correctly:
NameError: undefined local variable or method 'account' for an instance of Account
    app/models/account/incineratable.rb:14:in 'block (2 levels) in Account::Incineratable#incinerate'
    app/models/storage/entry.rb:12:in 'Storage::Entry.suppressing_recording'
    app/models/account/incineratable.rb:14:in 'block in Account::Incineratable#incinerate'
    app/models/account/incineratable.rb:13:in 'Account::Incineratable#incinerate'
    app/jobs/account/incinerate_due_job.rb:9:in 'block (2 levels) in Account::IncinerateDueJob#perform'
    app/jobs/account/incinerate_due_job.rb:8:in 'block in Account::IncinerateDueJob#perform'
    app/jobs/account/incinerate_due_job.rb:7:in 'Account::IncinerateDueJob#perform'
    app/models/current.rb:22:in 'Current#with_account'
    app/jobs/concerns/account_tenanted.rb:34:in 'AccountTenanted#with_account_context'
    test/jobs/account/incinerate_due_job_test.rb:51:in 'block (2 levels) in <class:IncinerateDueJobTest>'
    test/jobs/account/incinerate_due_job_test.rb:50:in 'block in <class:IncinerateDueJobTest>'

bin/rails test test/jobs/account/incinerate_due_job_test.rb:44

..............E

Error:
Account::IncineratableTest#test_incinerate_destroys_all_associated_records:
NameError: undefined local variable or method 'account' for an instance of Account
    app/models/account/incineratable.rb:14:in 'block (2 levels) in Account::Incineratable#incinerate'
    app/models/storage/entry.rb:12:in 'Storage::Entry.suppressing_recording'
    app/models/account/incineratable.rb:14:in 'block in Account::Incineratable#incinerate'
    app/models/account/incineratable.rb:13:in 'Account::Incineratable#incinerate'
    test/models/account/incineratable_test.rb:119:in 'block in <class:IncineratableTest>'

bin/rails test test/models/account/incineratable_test.rb:27

E

Error:
Account::IncineratableTest#test_incinerate_destroys_account:
NameError: undefined local variable or method 'account' for an instance of Account
    app/models/account/incineratable.rb:14:in 'block (2 levels) in Account::Incineratable#incinerate'
    app/models/storage/entry.rb:12:in 'Storage::Entry.suppressing_recording'
    app/models/account/incineratable.rb:14:in 'block in Account::Incineratable#incinerate'
    app/models/account/incineratable.rb:13:in 'Account::Incineratable#incinerate'
    test/models/account/incineratable_test.rb:11:in 'block (2 levels) in <class:IncineratableTest>'
    test/models/account/incineratable_test.rb:10:in 'block in <class:IncineratableTest>'

bin/rails test test/models/account/incineratable_test.rb:9

................................................................................E

Error:
Account::IncineratableTest#test_incinerating_an_account_clears_its_own_search_records_but_preserves_others_on_the_same_shard:
NameError: undefined local variable or method 'account' for an instance of Account
    app/models/account/incineratable.rb:14:in 'block (2 levels) in Account::Incineratable#incinerate'
    app/models/storage/entry.rb:12:in 'Storage::Entry.suppressing_recording'
    app/models/account/incineratable.rb:14:in 'block in Account::Incineratable#incinerate'
    app/models/account/incineratable.rb:13:in 'Account::Incineratable#incinerate'
    test/models/account/incineratable_test.rb:213:in 'block in <class:IncineratableTest>'

bin/rails test test/models/account/incineratable_test.rb:180

.............................................................................................................................................................................................................................................................................E

Error:
Card::TaggableTest#test_scope_tags_by_account:
DRb::DRbRemoteError: Couldn't find Tag with [WHERE "tags"."account_id" = ? AND "tags"."title" = ?] (ActiveRecord::RecordNotFound)
    app/models/card/taggable.rb:12:in 'Card::Taggable#toggle_tag_with'
    test/models/card/taggable_test.rb:23:in 'block (2 levels) in <class:TaggableTest>'
    test/models/card/taggable_test.rb:21:in 'block in <class:TaggableTest>'

bin/rails test test/models/card/taggable_test.rb:20

......................................................................................................................................................................................................................................................................................................................................................................................................................................................................................................................................................................S.S...........................................................

Finished in 28.038058s, 55.1037 runs/s, 213.8522 assertions/s.
1545 runs, 5996 assertions, 0 failures, 6 errors, 2 skips

You have skipped tests. Run with --verbose for details.
