Running 1542 tests in parallel using 2 processes
Run options: --seed 9905

# Running:

..........................................................................................................................................................................................................................................................................................................................................................................................................................................................................................................................................................................S.....................................................................................S.....................................................................................................................................................................................................................................................................................................................................................................................................................................................................................................................................................................................................................................................................................................................................................................................................................................................................................................................................

Finished in 31.099322s, 49.5831 runs/s, 187.4639 assertions/s.
1542 runs, 5830 assertions, 0 failures, 0 errors, 2 skips

You have skipped tests. Run with --verbose for details.
Running 6 tests in a single process (parallelization threshold is 50)
Run options: --seed 29012

# Running:

Capybara starting Puma...
* Version 7.2.1, codename: On The Corner
* Min threads: 0, max threads: 4
* Listening on http://127.0.0.1:42411
2026-09-15 12:38:34 INFO Selenium [:logger_info] Details on how to use and modify Selenium logger:
  https://selenium.dev/documentation/webdriver/troubleshooting/logging

2026-09-15 12:38:34 WARN Selenium [:selenium_manager] Exception managing chrome: error sending request for url (https://googlechromelabs.github.io/chrome-for-testing/known-good-versions-with-downloads.json) 
2026-09-15 12:38:34 WARN Selenium [:selenium_manager] Error sending stats to Plausible: error sending request for url (https://plausible.io/api/event) 
[Screenshot Image]: /app/tmp/screenshots/failures_test_the_events_grid_follows_the_viewer-s_timezone_even_when_the_day-s_events_are_cached.png 
F

Failure:
VerifierTest#test_the_events_grid_follows_the_viewer's_timezone_even_when_the_day's_events_are_cached [/tests/verification_test.rb:73]:
expected to find css "div.events__time-block[style='grid-area: 22/2'] strong" but there were no matches

bin/rails test /tests/verification_test.rb:63

...[Screenshot Image]: /app/tmp/screenshots/failures_test_rendered_times_survive_a_live_page_refresh.png 
F

Failure:
VerifierTest#test_rendered_times_survive_a_live_page_refresh [/tests/verification_test.rb:60]:
expected to find text matching /yesterday/i in "Back to Writebook\nCard number\n6\nWRITEBOOK\nMorphing under you\nChoose a column for this card\nNOT NOW\nMAYBE?\nTRIAGE\nIN PROGRESS\nON HOLD\nREVIEW\nDONE\nADDED SEP 5\nBY DAVID\nUPDATED SEP 15\nNOT ASSIGNED\nContent missing\nEdit\nMark as Done\nMoves to “Not Now” in 90 days if there’s no activity.\nDavid\nSep 14\nEdit this comment\nWritten then\n\nPost\nSUBSCRIBERS\n1 person will be notified when someone comments on this.\nDelete this card\nSEARCH\nPINNED\nCard number\n1\nWRITEBOOK\nDAVID\nSEP 8\n2\nJZ @mentioned you\nI agree."

bin/rails test /tests/verification_test.rb:50

.

Finished in 23.737631s, 0.2528 runs/s, 0.6319 assertions/s.
6 runs, 15 assertions, 2 failures, 0 errors, 0 skips
