Running 1699 tests in parallel using 2 processes
Run options: --seed 13165

# Running:

.....S..........S..................................................................................................................................................................................................................................................................................................................................................................................................................................................................................................................................................................................................................................................................................................................................................................................................................................................................................................................................................................................................................................................................................................................................................................................................................................................................................................................................................................................................................................................................................................................................................................................................................................................................................................................................................

Finished in 26.147584s, 64.9773 runs/s, 243.3112 assertions/s.
1699 runs, 6362 assertions, 0 failures, 0 errors, 2 skips

You have skipped tests. Run with --verbose for details.
Running 8 tests in a single process (parallelization threshold is 50)
Run options: --seed 49077

# Running:

..F

Failure:
VerifierTest#test_a_signed_webhook_is_accepted,_an_unsigned_or_forged_one_is_rejected [test/test_helpers/session_test_helper.rb:57]:
Expected #<ActionDispatch::TestResponse:0x00007d502cc74c60 @mon_data=#<Monitor:0x00007d502db7f7a0>, @mon_data_owner_object_id=60272, @headers={"x-frame-options" => "SAMEORIGIN", "x-xss-protection" => "0", "x-content-type-options" => "nosniff", "x-permitted-cross-domain-policies" => "none", "referrer-policy" => "strict-origin-when-cross-origin", "x-kamal-target" => nil, "content-type" => "text/html", "x-robots-tag" => "none", "cache-control" => "no-cache", "content-security-policy" => "default-src 'self'; script-src 'self' 'nonce-UY1hiMDxMVO6/5roiUlKgA=='; connect-src 'self'; frame-src 'self'; style-src 'self' 'unsafe-inline'; img-src 'self' blob: data: https:; font-src 'self' data: https:; media-src 'self' blob: data: https:; worker-src 'self' blob:; object-src 'none'; base-uri 'none'; form-action 'self'; frame-ancestors 'self'", "set-cookie" => "_fizzy_session=5A1V%2FewjmCHi5siV715TZ2ikFd4c8AxNUytA4aFHk7k%2FYKS%2BY4TUym7Afvxa5WLOy4%2BH09xhKOVM1%2FcW64eMb%2F8BnxNRstso9ESd1eHUfPhOsD0smQ3Lo2b2kI2QPEYY5KHocclw1s7%2BOxD%2FYp4QAfcUqJmnSO1beNi7hl7pawpDT%2Bmrg%2FhTKBzcJcVlND3lw%2B02pNpUAQGWxzlvLzhCw1pYP6dqKwOSat0%3D--etp2lraryMxwuTNE--w%2FPF3%2BlihjBlUC%2F7PC6wWg%3D%3D; path=/; httponly; samesite=lax", "x-request-id" => "74ac76b9-aeda-44b5-956e-db7cdd6e8f41", "x-runtime" => "0.000694", "content-length" => "0"}, @stream=#<ActionDispatch::Response::Buffer:0x00007d502ca259c8 @response=#<ActionDispatch::TestResponse:0x00007d502cc74c60 ...>, @buf=[""], @closed=false, @str_body=nil>, @status=200, @cv=#<MonitorMixin::ConditionVariable:0x00007d502db7f610 @monitor=#<Monitor:0x00007d502db7f7a0>, @cond=#<Thread::ConditionVariable:0x00007d502db7f5e8>>, @committed=false, @sending=false, @sent=false, @cache_control={no_cache: true}, @request=#<ActionDispatch::Request POST "http://www.example.com/stripe/webhooks" for 127.0.0.1>> to be client_error?.

bin/rails test /tests/verification_test.rb:118

..F

Failure:
VerifierTest#test_a_staff_comp_lifts_the_card_and_storage_limits,_and_uncomping_brings_them_back [/tests/verification_test.rb:54]:
`Card.count` didn't change by 1, but by 0.
Expected: 1007
  Actual: 1006

bin/rails test /tests/verification_test.rb:48

..

Finished in 1.595059s, 5.0155 runs/s, 26.9583 assertions/s.
8 runs, 43 assertions, 2 failures, 0 errors, 0 skips
